INFO: [Common 17-3922] A valid Vivado Design Suite ENTERPRISE license has been detected. Your current license is active and will expire on 07-sep-2026.
#-----------------------------------------------------------
# Vivado v2026.1 (64-bit)
# SW Build 6511674 on Tue Jun 16 11:01:26 MDT 2026
# IP Build 6504888 on Tue Jun 09 09:05:25 MDT 2026
# SharedData Build 6501428 on Mon Jun 08 17:34:18 MDT 2026
# Start of session at: Tue Jul 14 10:32:42 2026
# Process ID         : 8036
# Current directory  : /home/omer-ahin/STAJ/Staj_Projesi
# Command line       : vivado
# Log file           : /home/omer-ahin/STAJ/Staj_Projesi/vivado.log
# Journal file       : /home/omer-ahin/STAJ/Staj_Projesi/vivado.jou
# Running On         : omer-ahin-ASUS
# Platform           : Ubuntu
# Operating System   : Ubuntu 24.04.4 LTS
# Processor Detail   : AMD Ryzen 7 6800H with Radeon Graphics
# CPU Frequency      : 2112.741 MHz
# CPU Physical cores : 8
# CPU Logical cores  : 16
# Host memory        : 32851 MB
# Swap memory        : 8589 MB
# Total Virtual      : 41441 MB
# Available Virtual  : 35676 MB
#-----------------------------------------------------------
start_gui
create_project pwm /home/omer-ahin/STAJ/pwm -part xc7vx485tffg1157-1
INFO: [IP_Flow 19-234] Refreshing IP repositories
INFO: [IP_Flow 19-1704] No user IP repositories specified
INFO: [IP_Flow 19-2313] Loaded Vivado IP repository '/tools/Xilinx/2026.1/data/ip'.
file mkdir /home/omer-ahin/STAJ/pwm/pwm.srcs/sources_1/new
close [ open /home/omer-ahin/STAJ/pwm/pwm.srcs/sources_1/new/pwm_gen.vhd w ]
add_files /home/omer-ahin/STAJ/pwm/pwm.srcs/sources_1/new/pwm_gen.vhd
update_compile_order -fileset sources_1
update_compile_order -fileset sources_1
update_compile_order -fileset sources_1
file mkdir /home/omer-ahin/STAJ/pwm/pwm.srcs/sim_1/new
set_property SOURCE_SET sources_1 [get_filesets sim_1]
close [ open /home/omer-ahin/STAJ/pwm/pwm.srcs/sim_1/new/pwm_test.sv w ]
add_files -fileset sim_1 /home/omer-ahin/STAJ/pwm/pwm.srcs/sim_1/new/pwm_test.sv
update_compile_order -fileset sim_1
WARNING: [filemgmt 56-199] Attempt to get parsing info during refresh. "On-the-fly" syntax checking information may be incorrect. [/home/omer-ahin/STAJ/pwm/pwm.srcs/sources_1/new/pwm_gen.vhd:]
WARNING: [filemgmt 56-199] Attempt to get parsing info during refresh. "On-the-fly" syntax checking information may be incorrect. [/home/omer-ahin/STAJ/pwm/pwm.srcs/sim_1/new/pwm_test.sv:]
WARNING: [filemgmt 56-199] Attempt to get parsing info during refresh. "On-the-fly" syntax checking information may be incorrect. [/home/omer-ahin/STAJ/pwm/pwm.srcs/sources_1/new/pwm_gen.vhd:]
WARNING: [filemgmt 56-199] Attempt to get parsing info during refresh. "On-the-fly" syntax checking information may be incorrect. [/home/omer-ahin/STAJ/pwm/pwm.srcs/sources_1/new/pwm_gen.vhd:]
update_compile_order -fileset sim_1
WARNING: [filemgmt 56-199] Attempt to get parsing info during refresh. "On-the-fly" syntax checking information may be incorrect. [/home/omer-ahin/STAJ/pwm/pwm.srcs/sources_1/new/pwm_gen.vhd:]
WARNING: [filemgmt 56-199] Attempt to get parsing info during refresh. "On-the-fly" syntax checking information may be incorrect. [/home/omer-ahin/STAJ/pwm/pwm.srcs/sim_1/new/pwm_test.sv:]
WARNING: [filemgmt 56-199] Attempt to get parsing info during refresh. "On-the-fly" syntax checking information may be incorrect. [/home/omer-ahin/STAJ/pwm/pwm.srcs/sim_1/new/pwm_test.sv:]
WARNING: [filemgmt 56-199] Attempt to get parsing info during refresh. "On-the-fly" syntax checking information may be incorrect. [/home/omer-ahin/STAJ/pwm/pwm.srcs/sim_1/new/pwm_test.sv:]
WARNING: [filemgmt 56-199] Attempt to get parsing info during refresh. "On-the-fly" syntax checking information may be incorrect. [/home/omer-ahin/STAJ/pwm/pwm.srcs/sources_1/new/pwm_gen.vhd:]
WARNING: [filemgmt 56-199] Attempt to get parsing info during refresh. "On-the-fly" syntax checking information may be incorrect. [/home/omer-ahin/STAJ/pwm/pwm.srcs/sim_1/new/pwm_test.sv:]
WARNING: [filemgmt 56-199] Attempt to get parsing info during refresh. "On-the-fly" syntax checking information may be incorrect. [/home/omer-ahin/STAJ/pwm/pwm.srcs/sources_1/new/pwm_gen.vhd:]
WARNING: [filemgmt 56-199] Attempt to get parsing info during refresh. "On-the-fly" syntax checking information may be incorrect. [/home/omer-ahin/STAJ/pwm/pwm.srcs/sources_1/new/pwm_gen.vhd:]
launch_simulation
Command: launch_simulation  -mode behavioral
INFO: [Vivado 12-25911] Executing simulation for 'XSim' simulator
INFO: [Project 1-5737] Running on host omer-ahin-ASUS (64) - Ubuntu 24.04.4 LTS
INFO: [Vivado 12-28535] Process started - Tue Jul 14 10:56:27 2026

INFO: [Vivado 12-12493] Simulation top is 'pwm_test'
INFO: [Vivado 12-5682] Launching behavioral simulation in '/home/omer-ahin/STAJ/pwm/pwm.sim/sim_1/behav/xsim'
INFO: [SIM-utils-51] Simulation object is 'sim_1'
INFO: [SIM-utils-72] Using boost library from '/tools/Xilinx/2026.1/tps/boost_1_72_0'
INFO: [SIM-utils-54] Inspecting design source files for 'pwm_test' in fileset 'sim_1'...
INFO: [USF-XSim-97] Finding global include files...
INFO: [USF-XSim-98] Fetching design files from 'sim_1'...
INFO: [USF-XSim-2] XSim::Compile design
INFO: [USF-XSim-61] Executing 'COMPILE and ANALYZE' step in '/home/omer-ahin/STAJ/pwm/pwm.sim/sim_1/behav/xsim'
xvlog --incr --relax -L uvm -prj pwm_test_vlog.prj
INFO: [VRFC 10-2263] Analyzing SystemVerilog file "/home/omer-ahin/STAJ/pwm/pwm.srcs/sim_1/new/pwm_test.sv" into library xil_defaultlib
INFO: [VRFC 10-311] analyzing module pwm_test
INFO: [VRFC 10-2263] Analyzing Verilog file "/home/omer-ahin/STAJ/pwm/pwm.sim/sim_1/behav/xsim/glbl.v" into library xil_defaultlib
INFO: [VRFC 10-311] analyzing module glbl
xvhdl --incr --relax -prj pwm_test_vhdl.prj
INFO: [VRFC 10-163] Analyzing VHDL file "/home/omer-ahin/STAJ/pwm/pwm.srcs/sources_1/new/pwm_gen.vhd" into library xil_defaultlib
INFO: [VRFC 10-3107] analyzing entity 'pwm_gen'
Waiting for jobs to finish...
No pending jobs, compilation finished.
INFO: [USF-XSim-69] 'compile' step finished in '2' seconds
INFO: [USF-XSim-3] XSim::Elaborate design
INFO: [USF-XSim-61] Executing 'ELABORATE' step in '/home/omer-ahin/STAJ/pwm/pwm.sim/sim_1/behav/xsim'
xelab --incr --debug typical --relax --mt 8 -L xil_defaultlib -L uvm -L unisims_ver -L unimacro_ver -L secureip --snapshot pwm_test_behav xil_defaultlib.pwm_test xil_defaultlib.glbl -log elaborate.log
Vivado Simulator v2026.1
Copyright 1986-2022 Xilinx, Inc. All Rights Reserved.
Copyright 2022-2026 Advanced Micro Devices, Inc. All Rights Reserved.
Running: /tools/Xilinx/2026.1/Vivado/bin/unwrapped/lnx64.o/xelab --incr --debug typical --relax --mt 8 -L xil_defaultlib -L uvm -L unisims_ver -L unimacro_ver -L secureip --snapshot pwm_test_behav xil_defaultlib.pwm_test xil_defaultlib.glbl -log elaborate.log 
INFO: [XSIM 43-3493] Using 8 slave threads.
WARNING: [XSIM 43-3431] One or more environment variables have been detected which affect the operation of the C compiler. These are typically not set in standard installations and are not tested by AMD, however they may be appropriate for your system, so the flow will attempt to continue.  If errors occur, try running xelab with the "-mt off -v 1" switches to see more information from the C compiler. The following environment variables have been detected:
    LIBRARY_PATH
Starting static elaboration
Pass Through NonSizing Optimizer
ERROR: [VRFC 10-2538] module instantiation should have an instance name [/home/omer-ahin/STAJ/pwm/pwm.srcs/sim_1/new/pwm_test.sv:32]
WARNING: [VRFC 10-8324] VHDL unit instantiation in Verilog should have an instance name [/home/omer-ahin/STAJ/pwm/pwm.srcs/sim_1/new/pwm_test.sv:31]
ERROR: [XSIM 43-3322] Static elaboration of top level Verilog design unit(s) in library work failed.
INFO: [USF-XSim-69] 'elaborate' step finished in '1' seconds
INFO: [USF-XSim-99] Step results log file:'/home/omer-ahin/STAJ/pwm/pwm.sim/sim_1/behav/xsim/elaborate.log'
ERROR: [USF-XSim-62] 'elaborate' step failed with error(s). Please check the Tcl console output or '/home/omer-ahin/STAJ/pwm/pwm.sim/sim_1/behav/xsim/elaborate.log' file for more information.
ERROR: [Vivado 12-4473] Detected error while running simulation. Please correct the issue and retry this operation.
ERROR: [Common 17-39] 'launch_simulation' failed due to earlier errors.
WARNING: [filemgmt 56-199] Attempt to get parsing info during refresh. "On-the-fly" syntax checking information may be incorrect. [/home/omer-ahin/STAJ/pwm/pwm.srcs/sources_1/new/pwm_gen.vhd:]
WARNING: [filemgmt 56-199] Attempt to get parsing info during refresh. "On-the-fly" syntax checking information may be incorrect. [/home/omer-ahin/STAJ/pwm/pwm.srcs/sim_1/new/pwm_test.sv:]
WARNING: [filemgmt 56-199] Attempt to get parsing info during refresh. "On-the-fly" syntax checking information may be incorrect. [/home/omer-ahin/STAJ/pwm/pwm.srcs/sources_1/new/pwm_gen.vhd:]
WARNING: [filemgmt 56-199] Attempt to get parsing info during refresh. "On-the-fly" syntax checking information may be incorrect. [/home/omer-ahin/STAJ/pwm/pwm.srcs/sources_1/new/pwm_gen.vhd:]
launch_simulation
Command: launch_simulation  -mode behavioral
INFO: [Vivado 12-25911] Executing simulation for 'XSim' simulator
INFO: [Project 1-5737] Running on host omer-ahin-ASUS (64) - Ubuntu 24.04.4 LTS
INFO: [Vivado 12-28535] Process started - Tue Jul 14 10:57:40 2026

INFO: [Vivado 12-12493] Simulation top is 'pwm_test'
INFO: [Vivado 12-5682] Launching behavioral simulation in '/home/omer-ahin/STAJ/pwm/pwm.sim/sim_1/behav/xsim'
INFO: [SIM-utils-51] Simulation object is 'sim_1'
INFO: [SIM-utils-72] Using boost library from '/tools/Xilinx/2026.1/tps/boost_1_72_0'
INFO: [SIM-utils-54] Inspecting design source files for 'pwm_test' in fileset 'sim_1'...
INFO: [USF-XSim-97] Finding global include files...
INFO: [USF-XSim-98] Fetching design files from 'sim_1'...
INFO: [USF-XSim-2] XSim::Compile design
INFO: [USF-XSim-61] Executing 'COMPILE and ANALYZE' step in '/home/omer-ahin/STAJ/pwm/pwm.sim/sim_1/behav/xsim'
xvlog --incr --relax -L uvm -prj pwm_test_vlog.prj
INFO: [VRFC 10-2263] Analyzing SystemVerilog file "/home/omer-ahin/STAJ/pwm/pwm.srcs/sim_1/new/pwm_test.sv" into library xil_defaultlib
INFO: [VRFC 10-311] analyzing module pwm_test
xvhdl --incr --relax -prj pwm_test_vhdl.prj
Waiting for jobs to finish...
No pending jobs, compilation finished.
INFO: [USF-XSim-69] 'compile' step finished in '1' seconds
INFO: [USF-XSim-3] XSim::Elaborate design
INFO: [USF-XSim-61] Executing 'ELABORATE' step in '/home/omer-ahin/STAJ/pwm/pwm.sim/sim_1/behav/xsim'
xelab --incr --debug typical --relax --mt 8 -L xil_defaultlib -L uvm -L unisims_ver -L unimacro_ver -L secureip --snapshot pwm_test_behav xil_defaultlib.pwm_test xil_defaultlib.glbl -log elaborate.log
Vivado Simulator v2026.1
Copyright 1986-2022 Xilinx, Inc. All Rights Reserved.
Copyright 2022-2026 Advanced Micro Devices, Inc. All Rights Reserved.
Running: /tools/Xilinx/2026.1/Vivado/bin/unwrapped/lnx64.o/xelab --incr --debug typical --relax --mt 8 -L xil_defaultlib -L uvm -L unisims_ver -L unimacro_ver -L secureip --snapshot pwm_test_behav xil_defaultlib.pwm_test xil_defaultlib.glbl -log elaborate.log 
INFO: [XSIM 43-3493] Using 8 slave threads.
WARNING: [XSIM 43-3431] One or more environment variables have been detected which affect the operation of the C compiler. These are typically not set in standard installations and are not tested by AMD, however they may be appropriate for your system, so the flow will attempt to continue.  If errors occur, try running xelab with the "-mt off -v 1" switches to see more information from the C compiler. The following environment variables have been detected:
    LIBRARY_PATH
Starting static elaboration
Pass Through NonSizing Optimizer
ERROR: [VRFC 10-2538] module instantiation should have an instance name [/home/omer-ahin/STAJ/pwm/pwm.srcs/sim_1/new/pwm_test.sv:32]
WARNING: [VRFC 10-8324] VHDL unit instantiation in Verilog should have an instance name [/home/omer-ahin/STAJ/pwm/pwm.srcs/sim_1/new/pwm_test.sv:31]
ERROR: [XSIM 43-3322] Static elaboration of top level Verilog design unit(s) in library work failed.
INFO: [USF-XSim-69] 'elaborate' step finished in '1' seconds
INFO: [USF-XSim-99] Step results log file:'/home/omer-ahin/STAJ/pwm/pwm.sim/sim_1/behav/xsim/elaborate.log'
ERROR: [USF-XSim-62] 'elaborate' step failed with error(s). Please check the Tcl console output or '/home/omer-ahin/STAJ/pwm/pwm.sim/sim_1/behav/xsim/elaborate.log' file for more information.
ERROR: [Vivado 12-4473] Detected error while running simulation. Please correct the issue and retry this operation.
launch_simulation: Time (s): cpu = 00:00:04 ; elapsed = 00:00:05 . Memory (MB): peak = 10555.496 ; gain = 0.000 ; free physical = 20526 ; free virtual = 33104
ERROR: [Common 17-39] 'launch_simulation' failed due to earlier errors.
cat /home/omer-ahin/STAJ/pwm/pwm.sim/sim_1/behav/xsim/elaborate.log
1
WARNING: [filemgmt 56-199] Attempt to get parsing info during refresh. "On-the-fly" syntax checking information may be incorrect. [/home/omer-ahin/STAJ/pwm/pwm.srcs/sources_1/new/pwm_gen.vhd:]
WARNING: [filemgmt 56-199] Attempt to get parsing info during refresh. "On-the-fly" syntax checking information may be incorrect. [/home/omer-ahin/STAJ/pwm/pwm.srcs/sim_1/new/pwm_test.sv:]
WARNING: [filemgmt 56-199] Attempt to get parsing info during refresh. "On-the-fly" syntax checking information may be incorrect. [/home/omer-ahin/STAJ/pwm/pwm.srcs/sources_1/new/pwm_gen.vhd:]
WARNING: [filemgmt 56-199] Attempt to get parsing info during refresh. "On-the-fly" syntax checking information may be incorrect. [/home/omer-ahin/STAJ/pwm/pwm.srcs/sources_1/new/pwm_gen.vhd:]
launch_simulation
Command: launch_simulation  -mode behavioral
INFO: [Vivado 12-25911] Executing simulation for 'XSim' simulator
INFO: [Project 1-5737] Running on host omer-ahin-ASUS (64) - Ubuntu 24.04.4 LTS
INFO: [Vivado 12-28535] Process started - Tue Jul 14 10:59:41 2026

INFO: [Vivado 12-12493] Simulation top is 'pwm_test'
INFO: [Vivado 12-5682] Launching behavioral simulation in '/home/omer-ahin/STAJ/pwm/pwm.sim/sim_1/behav/xsim'
INFO: [SIM-utils-51] Simulation object is 'sim_1'
INFO: [SIM-utils-72] Using boost library from '/tools/Xilinx/2026.1/tps/boost_1_72_0'
INFO: [SIM-utils-54] Inspecting design source files for 'pwm_test' in fileset 'sim_1'...
INFO: [USF-XSim-97] Finding global include files...
INFO: [USF-XSim-98] Fetching design files from 'sim_1'...
INFO: [USF-XSim-2] XSim::Compile design
INFO: [USF-XSim-61] Executing 'COMPILE and ANALYZE' step in '/home/omer-ahin/STAJ/pwm/pwm.sim/sim_1/behav/xsim'
xvlog --incr --relax -L uvm -prj pwm_test_vlog.prj
INFO: [VRFC 10-2263] Analyzing SystemVerilog file "/home/omer-ahin/STAJ/pwm/pwm.srcs/sim_1/new/pwm_test.sv" into library xil_defaultlib
INFO: [VRFC 10-311] analyzing module pwm_test
xvhdl --incr --relax -prj pwm_test_vhdl.prj
Waiting for jobs to finish...
No pending jobs, compilation finished.
INFO: [USF-XSim-69] 'compile' step finished in '2' seconds
INFO: [USF-XSim-3] XSim::Elaborate design
INFO: [USF-XSim-61] Executing 'ELABORATE' step in '/home/omer-ahin/STAJ/pwm/pwm.sim/sim_1/behav/xsim'
xelab --incr --debug typical --relax --mt 8 -L xil_defaultlib -L uvm -L unisims_ver -L unimacro_ver -L secureip --snapshot pwm_test_behav xil_defaultlib.pwm_test xil_defaultlib.glbl -log elaborate.log
Vivado Simulator v2026.1
Copyright 1986-2022 Xilinx, Inc. All Rights Reserved.
Copyright 2022-2026 Advanced Micro Devices, Inc. All Rights Reserved.
Running: /tools/Xilinx/2026.1/Vivado/bin/unwrapped/lnx64.o/xelab --incr --debug typical --relax --mt 8 -L xil_defaultlib -L uvm -L unisims_ver -L unimacro_ver -L secureip --snapshot pwm_test_behav xil_defaultlib.pwm_test xil_defaultlib.glbl -log elaborate.log 
INFO: [XSIM 43-3493] Using 8 slave threads.
WARNING: [XSIM 43-3431] One or more environment variables have been detected which affect the operation of the C compiler. These are typically not set in standard installations and are not tested by AMD, however they may be appropriate for your system, so the flow will attempt to continue.  If errors occur, try running xelab with the "-mt off -v 1" switches to see more information from the C compiler. The following environment variables have been detected:
    LIBRARY_PATH
Starting static elaboration
Pass Through NonSizing Optimizer
Completed static elaboration
Starting simulation data flow analysis
Completed simulation data flow analysis
Time Resolution for simulation is 1ps
Compiling package std.standard
Compiling package std.textio
Compiling package ieee.std_logic_1164
Compiling package ieee.numeric_std
Compiling architecture behavioral of entity xil_defaultlib.pwm_gen [pwm_gen_default]
Compiling module xil_defaultlib.pwm_test
Compiling module xil_defaultlib.glbl
Built simulation snapshot pwm_test_behav
INFO: [USF-XSim-69] 'elaborate' step finished in '2' seconds
INFO: [USF-XSim-4] XSim::Simulate design
INFO: [USF-XSim-61] Executing 'SIMULATE' step in '/home/omer-ahin/STAJ/pwm/pwm.sim/sim_1/behav/xsim'
INFO: [USF-XSim-98] *** Running xsim
   with args "pwm_test_behav -key {Behavioral:sim_1:Functional:pwm_test} -tclbatch {pwm_test.tcl} -log {simulate.log}"
INFO: [USF-XSim-8] Loading simulator feature
Time resolution is 1 ps
source pwm_test.tcl
# set curr_wave [current_wave_config]
# if { [string length $curr_wave] == 0 } {
#   if { [llength [get_objects]] > 0} {
#     add_wave /
#     set_property needs_save false [current_wave_config]
#   } else {
#      send_msg_id Add_Wave-1 WARNING "No top level signals found. Simulator will start without a wave window. If you want to open a wave window go to 'File->New Waveform Configuration' or type 'create_wave_config' in the TCL console."
#   }
# }
# run 1000ns
INFO: [USF-XSim-96] XSim completed. Design snapshot 'pwm_test_behav' loaded.
INFO: [USF-XSim-97] XSim simulation ran for 1000ns
launch_simulation: Time (s): cpu = 00:00:09 ; elapsed = 00:00:07 . Memory (MB): peak = 10710.531 ; gain = 132.059 ; free physical = 20353 ; free virtual = 32988
restart
INFO: [Wavedata 42-604] Simulation restarted
run -all
$finish called at time : 4010 ns : File "/home/omer-ahin/STAJ/pwm/pwm.srcs/sim_1/new/pwm_test.sv" Line 56
current_wave_config {Untitled 1}
Untitled 1
add_wave {{/pwm_test/uut/bitcounter}} 
restart
INFO: [Wavedata 42-604] Simulation restarted
un -all
ambiguous command name "un": undo unhighlight_objects uninstall unknown unload unmark_objects unplace_cell unregister_proc unselect_objects unset
run -all
$finish called at time : 4010 ns : File "/home/omer-ahin/STAJ/pwm/pwm.srcs/sim_1/new/pwm_test.sv" Line 56
close_sim
INFO: xsimkernel Simulation Memory Usage: 354632 KB (Peak: 420168 KB), Simulation CPU Usage: 830 ms
INFO: [Simtcl 6-16] Simulation closed
WARNING: [filemgmt 56-199] Attempt to get parsing info during refresh. "On-the-fly" syntax checking information may be incorrect. [/home/omer-ahin/STAJ/pwm/pwm.srcs/sources_1/new/pwm_gen.vhd:]
WARNING: [filemgmt 56-199] Attempt to get parsing info during refresh. "On-the-fly" syntax checking information may be incorrect. [/home/omer-ahin/STAJ/pwm/pwm.srcs/sim_1/new/pwm_test.sv:]
WARNING: [filemgmt 56-199] Attempt to get parsing info during refresh. "On-the-fly" syntax checking information may be incorrect. [/home/omer-ahin/STAJ/pwm/pwm.srcs/sources_1/new/pwm_gen.vhd:]
WARNING: [filemgmt 56-199] Attempt to get parsing info during refresh. "On-the-fly" syntax checking information may be incorrect. [/home/omer-ahin/STAJ/pwm/pwm.srcs/sources_1/new/pwm_gen.vhd:]
WARNING: [filemgmt 56-199] Attempt to get parsing info during refresh. "On-the-fly" syntax checking information may be incorrect. [/home/omer-ahin/STAJ/pwm/pwm.srcs/sources_1/new/pwm_gen.vhd:]
WARNING: [filemgmt 56-199] Attempt to get parsing info during refresh. "On-the-fly" syntax checking information may be incorrect. [/home/omer-ahin/STAJ/pwm/pwm.srcs/sim_1/new/pwm_test.sv:]
WARNING: [filemgmt 56-199] Attempt to get parsing info during refresh. "On-the-fly" syntax checking information may be incorrect. [/home/omer-ahin/STAJ/pwm/pwm.srcs/sim_1/new/pwm_test.sv:]
WARNING: [filemgmt 56-199] Attempt to get parsing info during refresh. "On-the-fly" syntax checking information may be incorrect. [/home/omer-ahin/STAJ/pwm/pwm.srcs/sim_1/new/pwm_test.sv:]
launch_simulation
Command: launch_simulation  -mode behavioral
INFO: [Vivado 12-25911] Executing simulation for 'XSim' simulator
INFO: [Project 1-5737] Running on host omer-ahin-ASUS (64) - Ubuntu 24.04.4 LTS
INFO: [Vivado 12-28535] Process started - Tue Jul 14 11:03:47 2026

INFO: [Vivado 12-12493] Simulation top is 'pwm_test'
INFO: [Vivado 12-5682] Launching behavioral simulation in '/home/omer-ahin/STAJ/pwm/pwm.sim/sim_1/behav/xsim'
INFO: [SIM-utils-51] Simulation object is 'sim_1'
INFO: [SIM-utils-72] Using boost library from '/tools/Xilinx/2026.1/tps/boost_1_72_0'
INFO: [SIM-utils-54] Inspecting design source files for 'pwm_test' in fileset 'sim_1'...
INFO: [USF-XSim-97] Finding global include files...
INFO: [USF-XSim-98] Fetching design files from 'sim_1'...
INFO: [USF-XSim-2] XSim::Compile design
INFO: [USF-XSim-61] Executing 'COMPILE and ANALYZE' step in '/home/omer-ahin/STAJ/pwm/pwm.sim/sim_1/behav/xsim'
xvlog --incr --relax -L uvm -prj pwm_test_vlog.prj
xvhdl --incr --relax -prj pwm_test_vhdl.prj
INFO: [VRFC 10-163] Analyzing VHDL file "/home/omer-ahin/STAJ/pwm/pwm.srcs/sources_1/new/pwm_gen.vhd" into library xil_defaultlib
INFO: [VRFC 10-3107] analyzing entity 'pwm_gen'
Waiting for jobs to finish...
No pending jobs, compilation finished.
INFO: [USF-XSim-69] 'compile' step finished in '2' seconds
INFO: [USF-XSim-3] XSim::Elaborate design
INFO: [USF-XSim-61] Executing 'ELABORATE' step in '/home/omer-ahin/STAJ/pwm/pwm.sim/sim_1/behav/xsim'
xelab --incr --debug typical --relax --mt 8 -L xil_defaultlib -L uvm -L unisims_ver -L unimacro_ver -L secureip --snapshot pwm_test_behav xil_defaultlib.pwm_test xil_defaultlib.glbl -log elaborate.log
Vivado Simulator v2026.1
Copyright 1986-2022 Xilinx, Inc. All Rights Reserved.
Copyright 2022-2026 Advanced Micro Devices, Inc. All Rights Reserved.
Running: /tools/Xilinx/2026.1/Vivado/bin/unwrapped/lnx64.o/xelab --incr --debug typical --relax --mt 8 -L xil_defaultlib -L uvm -L unisims_ver -L unimacro_ver -L secureip --snapshot pwm_test_behav xil_defaultlib.pwm_test xil_defaultlib.glbl -log elaborate.log 
INFO: [XSIM 43-3493] Using 8 slave threads.
WARNING: [XSIM 43-3431] One or more environment variables have been detected which affect the operation of the C compiler. These are typically not set in standard installations and are not tested by AMD, however they may be appropriate for your system, so the flow will attempt to continue.  If errors occur, try running xelab with the "-mt off -v 1" switches to see more information from the C compiler. The following environment variables have been detected:
    LIBRARY_PATH
Starting static elaboration
Pass Through NonSizing Optimizer
Completed static elaboration
Starting simulation data flow analysis
Completed simulation data flow analysis
Time Resolution for simulation is 1ps
Compiling package std.standard
Compiling package std.textio
Compiling package ieee.std_logic_1164
Compiling package ieee.numeric_std
Compiling architecture behavioral of entity xil_defaultlib.pwm_gen [pwm_gen_default]
Compiling module xil_defaultlib.pwm_test
Compiling module xil_defaultlib.glbl
Built simulation snapshot pwm_test_behav
INFO: [USF-XSim-69] 'elaborate' step finished in '2' seconds
INFO: [USF-XSim-4] XSim::Simulate design
INFO: [USF-XSim-61] Executing 'SIMULATE' step in '/home/omer-ahin/STAJ/pwm/pwm.sim/sim_1/behav/xsim'
INFO: [USF-XSim-98] *** Running xsim
   with args "pwm_test_behav -key {Behavioral:sim_1:Functional:pwm_test} -tclbatch {pwm_test.tcl} -log {simulate.log}"
INFO: [USF-XSim-8] Loading simulator feature
Time resolution is 1 ps
source pwm_test.tcl
# set curr_wave [current_wave_config]
# if { [string length $curr_wave] == 0 } {
#   if { [llength [get_objects]] > 0} {
#     add_wave /
#     set_property needs_save false [current_wave_config]
#   } else {
#      send_msg_id Add_Wave-1 WARNING "No top level signals found. Simulator will start without a wave window. If you want to open a wave window go to 'File->New Waveform Configuration' or type 'create_wave_config' in the TCL console."
#   }
# }
# run 1000ns
INFO: [USF-XSim-96] XSim completed. Design snapshot 'pwm_test_behav' loaded.
INFO: [USF-XSim-97] XSim simulation ran for 1000ns
launch_simulation: Time (s): cpu = 00:00:06 ; elapsed = 00:00:07 . Memory (MB): peak = 10766.270 ; gain = 20.012 ; free physical = 20332 ; free virtual = 32964
current_wave_config {Untitled 2}
Untitled 2
add_wave {{/pwm_test/uut/bitcounter}} 
restart
INFO: [Wavedata 42-604] Simulation restarted
run -all
$finish called at time : 4010 ns : File "/home/omer-ahin/STAJ/pwm/pwm.srcs/sim_1/new/pwm_test.sv" Line 56
WARNING: [filemgmt 56-199] Attempt to get parsing info during refresh. "On-the-fly" syntax checking information may be incorrect. [/home/omer-ahin/STAJ/pwm/pwm.srcs/sources_1/new/pwm_gen.vhd:]
WARNING: [filemgmt 56-199] Attempt to get parsing info during refresh. "On-the-fly" syntax checking information may be incorrect. [/home/omer-ahin/STAJ/pwm/pwm.srcs/sim_1/new/pwm_test.sv:]
WARNING: [filemgmt 56-199] Attempt to get parsing info during refresh. "On-the-fly" syntax checking information may be incorrect. [/home/omer-ahin/STAJ/pwm/pwm.srcs/sim_1/new/pwm_test.sv:]
WARNING: [filemgmt 56-199] Attempt to get parsing info during refresh. "On-the-fly" syntax checking information may be incorrect. [/home/omer-ahin/STAJ/pwm/pwm.srcs/sim_1/new/pwm_test.sv:]
close_sim
INFO: xsimkernel Simulation Memory Usage: 289096 KB (Peak: 346628 KB), Simulation CPU Usage: 810 ms
INFO: [Simtcl 6-16] Simulation closed
launch_simulation
Command: launch_simulation  -mode behavioral
INFO: [Vivado 12-25911] Executing simulation for 'XSim' simulator
INFO: [Project 1-5737] Running on host omer-ahin-ASUS (64) - Ubuntu 24.04.4 LTS
INFO: [Vivado 12-28535] Process started - Tue Jul 14 11:05:32 2026

INFO: [Vivado 12-12493] Simulation top is 'pwm_test'
INFO: [Vivado 12-5682] Launching behavioral simulation in '/home/omer-ahin/STAJ/pwm/pwm.sim/sim_1/behav/xsim'
INFO: [SIM-utils-51] Simulation object is 'sim_1'
INFO: [SIM-utils-72] Using boost library from '/tools/Xilinx/2026.1/tps/boost_1_72_0'
INFO: [SIM-utils-54] Inspecting design source files for 'pwm_test' in fileset 'sim_1'...
INFO: [USF-XSim-97] Finding global include files...
INFO: [USF-XSim-98] Fetching design files from 'sim_1'...
INFO: [USF-XSim-2] XSim::Compile design
INFO: [USF-XSim-61] Executing 'COMPILE and ANALYZE' step in '/home/omer-ahin/STAJ/pwm/pwm.sim/sim_1/behav/xsim'
xvlog --incr --relax -L uvm -prj pwm_test_vlog.prj
xvhdl --incr --relax -prj pwm_test_vhdl.prj
INFO: [VRFC 10-163] Analyzing VHDL file "/home/omer-ahin/STAJ/pwm/pwm.srcs/sources_1/new/pwm_gen.vhd" into library xil_defaultlib
INFO: [VRFC 10-3107] analyzing entity 'pwm_gen'
Waiting for jobs to finish...
No pending jobs, compilation finished.
INFO: [USF-XSim-69] 'compile' step finished in '2' seconds
INFO: [USF-XSim-3] XSim::Elaborate design
INFO: [USF-XSim-61] Executing 'ELABORATE' step in '/home/omer-ahin/STAJ/pwm/pwm.sim/sim_1/behav/xsim'
xelab --incr --debug typical --relax --mt 8 -L xil_defaultlib -L uvm -L unisims_ver -L unimacro_ver -L secureip --snapshot pwm_test_behav xil_defaultlib.pwm_test xil_defaultlib.glbl -log elaborate.log
Vivado Simulator v2026.1
Copyright 1986-2022 Xilinx, Inc. All Rights Reserved.
Copyright 2022-2026 Advanced Micro Devices, Inc. All Rights Reserved.
Running: /tools/Xilinx/2026.1/Vivado/bin/unwrapped/lnx64.o/xelab --incr --debug typical --relax --mt 8 -L xil_defaultlib -L uvm -L unisims_ver -L unimacro_ver -L secureip --snapshot pwm_test_behav xil_defaultlib.pwm_test xil_defaultlib.glbl -log elaborate.log 
INFO: [XSIM 43-3493] Using 8 slave threads.
WARNING: [XSIM 43-3431] One or more environment variables have been detected which affect the operation of the C compiler. These are typically not set in standard installations and are not tested by AMD, however they may be appropriate for your system, so the flow will attempt to continue.  If errors occur, try running xelab with the "-mt off -v 1" switches to see more information from the C compiler. The following environment variables have been detected:
    LIBRARY_PATH
Starting static elaboration
Pass Through NonSizing Optimizer
Completed static elaboration
Starting simulation data flow analysis
Completed simulation data flow analysis
Time Resolution for simulation is 1ps
Compiling package std.standard
Compiling package std.textio
Compiling package ieee.std_logic_1164
Compiling package ieee.numeric_std
Compiling architecture behavioral of entity xil_defaultlib.pwm_gen [pwm_gen_default]
Compiling module xil_defaultlib.pwm_test
Compiling module xil_defaultlib.glbl
Built simulation snapshot pwm_test_behav
INFO: [USF-XSim-69] 'elaborate' step finished in '1' seconds
INFO: [USF-XSim-4] XSim::Simulate design
INFO: [USF-XSim-61] Executing 'SIMULATE' step in '/home/omer-ahin/STAJ/pwm/pwm.sim/sim_1/behav/xsim'
INFO: [USF-XSim-98] *** Running xsim
   with args "pwm_test_behav -key {Behavioral:sim_1:Functional:pwm_test} -tclbatch {pwm_test.tcl} -log {simulate.log}"
INFO: [USF-XSim-8] Loading simulator feature
Time resolution is 1 ps
source pwm_test.tcl
# set curr_wave [current_wave_config]
# if { [string length $curr_wave] == 0 } {
#   if { [llength [get_objects]] > 0} {
#     add_wave /
#     set_property needs_save false [current_wave_config]
#   } else {
#      send_msg_id Add_Wave-1 WARNING "No top level signals found. Simulator will start without a wave window. If you want to open a wave window go to 'File->New Waveform Configuration' or type 'create_wave_config' in the TCL console."
#   }
# }
# run 1000ns
INFO: [USF-XSim-96] XSim completed. Design snapshot 'pwm_test_behav' loaded.
INFO: [USF-XSim-97] XSim simulation ran for 1000ns
launch_simulation: Time (s): cpu = 00:00:08 ; elapsed = 00:00:06 . Memory (MB): peak = 10787.277 ; gain = 9.965 ; free physical = 20256 ; free virtual = 32897
current_wave_config {Untitled 3}
Untitled 3
add_wave {{/pwm_test/uut/bitcounter}} 
restart
INFO: [Wavedata 42-604] Simulation restarted
run -all
$finish called at time : 4010 ns : File "/home/omer-ahin/STAJ/pwm/pwm.srcs/sim_1/new/pwm_test.sv" Line 56
close_sim
INFO: xsimkernel Simulation Memory Usage: 289100 KB (Peak: 346632 KB), Simulation CPU Usage: 790 ms
INFO: [Simtcl 6-16] Simulation closed
WARNING: [filemgmt 56-199] Attempt to get parsing info during refresh. "On-the-fly" syntax checking information may be incorrect. [/home/omer-ahin/STAJ/pwm/pwm.srcs/sources_1/new/pwm_gen.vhd:]
WARNING: [filemgmt 56-199] Attempt to get parsing info during refresh. "On-the-fly" syntax checking information may be incorrect. [/home/omer-ahin/STAJ/pwm/pwm.srcs/sim_1/new/pwm_test.sv:]
WARNING: [filemgmt 56-199] Attempt to get parsing info during refresh. "On-the-fly" syntax checking information may be incorrect. [/home/omer-ahin/STAJ/pwm/pwm.srcs/sources_1/new/pwm_gen.vhd:]
WARNING: [filemgmt 56-199] Attempt to get parsing info during refresh. "On-the-fly" syntax checking information may be incorrect. [/home/omer-ahin/STAJ/pwm/pwm.srcs/sources_1/new/pwm_gen.vhd:]
WARNING: [filemgmt 56-199] Attempt to get parsing info during refresh. "On-the-fly" syntax checking information may be incorrect. [/home/omer-ahin/STAJ/pwm/pwm.srcs/sources_1/new/pwm_gen.vhd:]
WARNING: [filemgmt 56-199] Attempt to get parsing info during refresh. "On-the-fly" syntax checking information may be incorrect. [/home/omer-ahin/STAJ/pwm/pwm.srcs/sim_1/new/pwm_test.sv:]
WARNING: [filemgmt 56-199] Attempt to get parsing info during refresh. "On-the-fly" syntax checking information may be incorrect. [/home/omer-ahin/STAJ/pwm/pwm.srcs/sources_1/new/pwm_gen.vhd:]
WARNING: [filemgmt 56-199] Attempt to get parsing info during refresh. "On-the-fly" syntax checking information may be incorrect. [/home/omer-ahin/STAJ/pwm/pwm.srcs/sources_1/new/pwm_gen.vhd:]
WARNING: [filemgmt 56-199] Attempt to get parsing info during refresh. "On-the-fly" syntax checking information may be incorrect. [/home/omer-ahin/STAJ/pwm/pwm.srcs/sources_1/new/pwm_gen.vhd:]
WARNING: [filemgmt 56-199] Attempt to get parsing info during refresh. "On-the-fly" syntax checking information may be incorrect. [/home/omer-ahin/STAJ/pwm/pwm.srcs/sim_1/new/pwm_test.sv:]
WARNING: [filemgmt 56-199] Attempt to get parsing info during refresh. "On-the-fly" syntax checking information may be incorrect. [/home/omer-ahin/STAJ/pwm/pwm.srcs/sources_1/new/pwm_gen.vhd:]
WARNING: [filemgmt 56-199] Attempt to get parsing info during refresh. "On-the-fly" syntax checking information may be incorrect. [/home/omer-ahin/STAJ/pwm/pwm.srcs/sources_1/new/pwm_gen.vhd:]
WARNING: [filemgmt 56-199] Attempt to get parsing info during refresh. "On-the-fly" syntax checking information may be incorrect. [/home/omer-ahin/STAJ/pwm/pwm.srcs/sources_1/new/pwm_gen.vhd:]
WARNING: [filemgmt 56-199] Attempt to get parsing info during refresh. "On-the-fly" syntax checking information may be incorrect. [/home/omer-ahin/STAJ/pwm/pwm.srcs/sim_1/new/pwm_test.sv:]
WARNING: [filemgmt 56-199] Attempt to get parsing info during refresh. "On-the-fly" syntax checking information may be incorrect. [/home/omer-ahin/STAJ/pwm/pwm.srcs/sim_1/new/pwm_test.sv:]
WARNING: [filemgmt 56-199] Attempt to get parsing info during refresh. "On-the-fly" syntax checking information may be incorrect. [/home/omer-ahin/STAJ/pwm/pwm.srcs/sim_1/new/pwm_test.sv:]
launch_simulation
Command: launch_simulation  -mode behavioral
INFO: [Vivado 12-25911] Executing simulation for 'XSim' simulator
INFO: [Project 1-5737] Running on host omer-ahin-ASUS (64) - Ubuntu 24.04.4 LTS
INFO: [Vivado 12-28535] Process started - Tue Jul 14 11:25:27 2026

INFO: [Vivado 12-12493] Simulation top is 'pwm_test'
INFO: [Vivado 12-5682] Launching behavioral simulation in '/home/omer-ahin/STAJ/pwm/pwm.sim/sim_1/behav/xsim'
INFO: [SIM-utils-51] Simulation object is 'sim_1'
INFO: [SIM-utils-72] Using boost library from '/tools/Xilinx/2026.1/tps/boost_1_72_0'
INFO: [SIM-utils-54] Inspecting design source files for 'pwm_test' in fileset 'sim_1'...
INFO: [USF-XSim-97] Finding global include files...
INFO: [USF-XSim-98] Fetching design files from 'sim_1'...
INFO: [USF-XSim-2] XSim::Compile design
INFO: [USF-XSim-61] Executing 'COMPILE and ANALYZE' step in '/home/omer-ahin/STAJ/pwm/pwm.sim/sim_1/behav/xsim'
xvlog --incr --relax -L uvm -prj pwm_test_vlog.prj
INFO: [VRFC 10-2263] Analyzing SystemVerilog file "/home/omer-ahin/STAJ/pwm/pwm.srcs/sim_1/new/pwm_test.sv" into library xil_defaultlib
INFO: [VRFC 10-311] analyzing module pwm_test
Waiting for jobs to finish...
No pending jobs, compilation finished.
INFO: [USF-XSim-69] 'compile' step finished in '1' seconds
INFO: [USF-XSim-3] XSim::Elaborate design
INFO: [USF-XSim-61] Executing 'ELABORATE' step in '/home/omer-ahin/STAJ/pwm/pwm.sim/sim_1/behav/xsim'
xelab --incr --debug typical --relax --mt 8 -L xil_defaultlib -L uvm -L unisims_ver -L unimacro_ver -L secureip --snapshot pwm_test_behav xil_defaultlib.pwm_test xil_defaultlib.glbl -log elaborate.log
Vivado Simulator v2026.1
Copyright 1986-2022 Xilinx, Inc. All Rights Reserved.
Copyright 2022-2026 Advanced Micro Devices, Inc. All Rights Reserved.
Running: /tools/Xilinx/2026.1/Vivado/bin/unwrapped/lnx64.o/xelab --incr --debug typical --relax --mt 8 -L xil_defaultlib -L uvm -L unisims_ver -L unimacro_ver -L secureip --snapshot pwm_test_behav xil_defaultlib.pwm_test xil_defaultlib.glbl -log elaborate.log 
INFO: [XSIM 43-3493] Using 8 slave threads.
WARNING: [XSIM 43-3431] One or more environment variables have been detected which affect the operation of the C compiler. These are typically not set in standard installations and are not tested by AMD, however they may be appropriate for your system, so the flow will attempt to continue.  If errors occur, try running xelab with the "-mt off -v 1" switches to see more information from the C compiler. The following environment variables have been detected:
    LIBRARY_PATH
Starting static elaboration
Pass Through NonSizing Optimizer
ERROR: [VRFC 10-3778] unit 'pwm_gen' does not have a generic named 'CLK_FREQ' [/home/omer-ahin/STAJ/pwm/pwm.srcs/sources_1/new/pwm_gen.vhd:33]
ERROR: [XSIM 43-3322] Static elaboration of top level Verilog design unit(s) in library work failed.
INFO: [USF-XSim-69] 'elaborate' step finished in '1' seconds
INFO: [USF-XSim-99] Step results log file:'/home/omer-ahin/STAJ/pwm/pwm.sim/sim_1/behav/xsim/elaborate.log'
ERROR: [USF-XSim-62] 'elaborate' step failed with error(s). Please check the Tcl console output or '/home/omer-ahin/STAJ/pwm/pwm.sim/sim_1/behav/xsim/elaborate.log' file for more information.
ERROR: [Vivado 12-4473] Detected error while running simulation. Please correct the issue and retry this operation.
ERROR: [Common 17-39] 'launch_simulation' failed due to earlier errors.
WARNING: [filemgmt 56-199] Attempt to get parsing info during refresh. "On-the-fly" syntax checking information may be incorrect. [/home/omer-ahin/STAJ/pwm/pwm.srcs/sources_1/new/pwm_gen.vhd:]
WARNING: [filemgmt 56-199] Attempt to get parsing info during refresh. "On-the-fly" syntax checking information may be incorrect. [/home/omer-ahin/STAJ/pwm/pwm.srcs/sim_1/new/pwm_test.sv:]
WARNING: [filemgmt 56-199] Attempt to get parsing info during refresh. "On-the-fly" syntax checking information may be incorrect. [/home/omer-ahin/STAJ/pwm/pwm.srcs/sources_1/new/pwm_gen.vhd:]
WARNING: [filemgmt 56-199] Attempt to get parsing info during refresh. "On-the-fly" syntax checking information may be incorrect. [/home/omer-ahin/STAJ/pwm/pwm.srcs/sources_1/new/pwm_gen.vhd:]
launch_simulation
Command: launch_simulation  -mode behavioral
INFO: [Vivado 12-25911] Executing simulation for 'XSim' simulator
INFO: [Project 1-5737] Running on host omer-ahin-ASUS (64) - Ubuntu 24.04.4 LTS
INFO: [Vivado 12-28535] Process started - Tue Jul 14 11:25:55 2026

INFO: [Vivado 12-12493] Simulation top is 'pwm_test'
INFO: [Vivado 12-5682] Launching behavioral simulation in '/home/omer-ahin/STAJ/pwm/pwm.sim/sim_1/behav/xsim'
INFO: [SIM-utils-51] Simulation object is 'sim_1'
INFO: [SIM-utils-72] Using boost library from '/tools/Xilinx/2026.1/tps/boost_1_72_0'
INFO: [SIM-utils-54] Inspecting design source files for 'pwm_test' in fileset 'sim_1'...
INFO: [USF-XSim-97] Finding global include files...
INFO: [USF-XSim-98] Fetching design files from 'sim_1'...
INFO: [USF-XSim-2] XSim::Compile design
INFO: [USF-XSim-61] Executing 'COMPILE and ANALYZE' step in '/home/omer-ahin/STAJ/pwm/pwm.sim/sim_1/behav/xsim'
xvlog --incr --relax -L uvm -prj pwm_test_vlog.prj
INFO: [VRFC 10-2263] Analyzing SystemVerilog file "/home/omer-ahin/STAJ/pwm/pwm.srcs/sim_1/new/pwm_test.sv" into library xil_defaultlib
INFO: [VRFC 10-311] analyzing module pwm_test
Waiting for jobs to finish...
No pending jobs, compilation finished.
INFO: [USF-XSim-69] 'compile' step finished in '1' seconds
INFO: [USF-XSim-3] XSim::Elaborate design
INFO: [USF-XSim-61] Executing 'ELABORATE' step in '/home/omer-ahin/STAJ/pwm/pwm.sim/sim_1/behav/xsim'
xelab --incr --debug typical --relax --mt 8 -L xil_defaultlib -L uvm -L unisims_ver -L unimacro_ver -L secureip --snapshot pwm_test_behav xil_defaultlib.pwm_test xil_defaultlib.glbl -log elaborate.log
Vivado Simulator v2026.1
Copyright 1986-2022 Xilinx, Inc. All Rights Reserved.
Copyright 2022-2026 Advanced Micro Devices, Inc. All Rights Reserved.
Running: /tools/Xilinx/2026.1/Vivado/bin/unwrapped/lnx64.o/xelab --incr --debug typical --relax --mt 8 -L xil_defaultlib -L uvm -L unisims_ver -L unimacro_ver -L secureip --snapshot pwm_test_behav xil_defaultlib.pwm_test xil_defaultlib.glbl -log elaborate.log 
INFO: [XSIM 43-3493] Using 8 slave threads.
WARNING: [XSIM 43-3431] One or more environment variables have been detected which affect the operation of the C compiler. These are typically not set in standard installations and are not tested by AMD, however they may be appropriate for your system, so the flow will attempt to continue.  If errors occur, try running xelab with the "-mt off -v 1" switches to see more information from the C compiler. The following environment variables have been detected:
    LIBRARY_PATH
Starting static elaboration
Pass Through NonSizing Optimizer
ERROR: [VRFC 10-3778] unit 'pwm_gen' does not have a generic named 'CLK_FREQ' [/home/omer-ahin/STAJ/pwm/pwm.srcs/sources_1/new/pwm_gen.vhd:33]
ERROR: [XSIM 43-3322] Static elaboration of top level Verilog design unit(s) in library work failed.
INFO: [USF-XSim-69] 'elaborate' step finished in '1' seconds
INFO: [USF-XSim-99] Step results log file:'/home/omer-ahin/STAJ/pwm/pwm.sim/sim_1/behav/xsim/elaborate.log'
ERROR: [USF-XSim-62] 'elaborate' step failed with error(s). Please check the Tcl console output or '/home/omer-ahin/STAJ/pwm/pwm.sim/sim_1/behav/xsim/elaborate.log' file for more information.
ERROR: [Vivado 12-4473] Detected error while running simulation. Please correct the issue and retry this operation.
ERROR: [Common 17-39] 'launch_simulation' failed due to earlier errors.
WARNING: [filemgmt 56-199] Attempt to get parsing info during refresh. "On-the-fly" syntax checking information may be incorrect. [/home/omer-ahin/STAJ/pwm/pwm.srcs/sources_1/new/pwm_gen.vhd:]
WARNING: [filemgmt 56-199] Attempt to get parsing info during refresh. "On-the-fly" syntax checking information may be incorrect. [/home/omer-ahin/STAJ/pwm/pwm.srcs/sim_1/new/pwm_test.sv:]
WARNING: [filemgmt 56-199] Attempt to get parsing info during refresh. "On-the-fly" syntax checking information may be incorrect. [/home/omer-ahin/STAJ/pwm/pwm.srcs/sources_1/new/pwm_gen.vhd:]
WARNING: [filemgmt 56-199] Attempt to get parsing info during refresh. "On-the-fly" syntax checking information may be incorrect. [/home/omer-ahin/STAJ/pwm/pwm.srcs/sources_1/new/pwm_gen.vhd:]
launch_simulation
Command: launch_simulation  -mode behavioral
INFO: [Vivado 12-25911] Executing simulation for 'XSim' simulator
INFO: [Project 1-5737] Running on host omer-ahin-ASUS (64) - Ubuntu 24.04.4 LTS
INFO: [Vivado 12-28535] Process started - Tue Jul 14 11:28:56 2026

INFO: [Vivado 12-12493] Simulation top is 'pwm_test'
INFO: [Vivado 12-5682] Launching behavioral simulation in '/home/omer-ahin/STAJ/pwm/pwm.sim/sim_1/behav/xsim'
INFO: [SIM-utils-51] Simulation object is 'sim_1'
INFO: [SIM-utils-72] Using boost library from '/tools/Xilinx/2026.1/tps/boost_1_72_0'
INFO: [SIM-utils-54] Inspecting design source files for 'pwm_test' in fileset 'sim_1'...
INFO: [USF-XSim-97] Finding global include files...
INFO: [USF-XSim-98] Fetching design files from 'sim_1'...
INFO: [USF-XSim-2] XSim::Compile design
INFO: [USF-XSim-61] Executing 'COMPILE and ANALYZE' step in '/home/omer-ahin/STAJ/pwm/pwm.sim/sim_1/behav/xsim'
xvlog --incr --relax -L uvm -prj pwm_test_vlog.prj
INFO: [VRFC 10-2263] Analyzing SystemVerilog file "/home/omer-ahin/STAJ/pwm/pwm.srcs/sim_1/new/pwm_test.sv" into library xil_defaultlib
INFO: [VRFC 10-311] analyzing module pwm_test
xvhdl --incr --relax -prj pwm_test_vhdl.prj
INFO: [VRFC 10-163] Analyzing VHDL file "/home/omer-ahin/STAJ/pwm/pwm.srcs/sources_1/new/pwm_gen.vhd" into library xil_defaultlib
INFO: [VRFC 10-3107] analyzing entity 'pwm_servo'
Waiting for jobs to finish...
No pending jobs, compilation finished.
INFO: [USF-XSim-69] 'compile' step finished in '2' seconds
INFO: [USF-XSim-3] XSim::Elaborate design
INFO: [USF-XSim-61] Executing 'ELABORATE' step in '/home/omer-ahin/STAJ/pwm/pwm.sim/sim_1/behav/xsim'
xelab --incr --debug typical --relax --mt 8 -L xil_defaultlib -L uvm -L unisims_ver -L unimacro_ver -L secureip --snapshot pwm_test_behav xil_defaultlib.pwm_test xil_defaultlib.glbl -log elaborate.log
Vivado Simulator v2026.1
Copyright 1986-2022 Xilinx, Inc. All Rights Reserved.
Copyright 2022-2026 Advanced Micro Devices, Inc. All Rights Reserved.
Running: /tools/Xilinx/2026.1/Vivado/bin/unwrapped/lnx64.o/xelab --incr --debug typical --relax --mt 8 -L xil_defaultlib -L uvm -L unisims_ver -L unimacro_ver -L secureip --snapshot pwm_test_behav xil_defaultlib.pwm_test xil_defaultlib.glbl -log elaborate.log 
INFO: [XSIM 43-3493] Using 8 slave threads.
WARNING: [XSIM 43-3431] One or more environment variables have been detected which affect the operation of the C compiler. These are typically not set in standard installations and are not tested by AMD, however they may be appropriate for your system, so the flow will attempt to continue.  If errors occur, try running xelab with the "-mt off -v 1" switches to see more information from the C compiler. The following environment variables have been detected:
    LIBRARY_PATH
Starting static elaboration
Pass Through NonSizing Optimizer
Completed static elaboration
Starting simulation data flow analysis
Completed simulation data flow analysis
Time Resolution for simulation is 1ps
Compiling package std.standard
Compiling package std.textio
Compiling package ieee.std_logic_1164
Compiling package ieee.numeric_std
Compiling architecture behavioral of entity xil_defaultlib.pwm_servo [pwm_servo_default]
Compiling module xil_defaultlib.pwm_test
Compiling module xil_defaultlib.glbl
Built simulation snapshot pwm_test_behav
INFO: [USF-XSim-69] 'elaborate' step finished in '1' seconds
INFO: [USF-XSim-4] XSim::Simulate design
INFO: [USF-XSim-61] Executing 'SIMULATE' step in '/home/omer-ahin/STAJ/pwm/pwm.sim/sim_1/behav/xsim'
INFO: [USF-XSim-98] *** Running xsim
   with args "pwm_test_behav -key {Behavioral:sim_1:Functional:pwm_test} -tclbatch {pwm_test.tcl} -log {simulate.log}"
INFO: [USF-XSim-8] Loading simulator feature
Time resolution is 1 ps
source pwm_test.tcl
# set curr_wave [current_wave_config]
# if { [string length $curr_wave] == 0 } {
#   if { [llength [get_objects]] > 0} {
#     add_wave /
#     set_property needs_save false [current_wave_config]
#   } else {
#      send_msg_id Add_Wave-1 WARNING "No top level signals found. Simulator will start without a wave window. If you want to open a wave window go to 'File->New Waveform Configuration' or type 'create_wave_config' in the TCL console."
#   }
# }
# run 1000ns
ERROR: Array sizes do not match, left array has 20 elements, right array has 16 elements
Time: 0 ps  Iteration: 0  Process: /pwm_test/uut/line__28
  File: /home/omer-ahin/STAJ/pwm/pwm.srcs/sources_1/new/pwm_gen.vhd

HDL Line: /home/omer-ahin/STAJ/pwm/pwm.srcs/sources_1/new/pwm_gen.vhd:28
INFO: [USF-XSim-96] XSim completed. Design snapshot 'pwm_test_behav' loaded.
INFO: [USF-XSim-97] XSim simulation ran for 1000ns
launch_simulation: Time (s): cpu = 00:00:07 ; elapsed = 00:00:06 . Memory (MB): peak = 10857.297 ; gain = 63.789 ; free physical = 19048 ; free virtual = 32291
restart
INFO: [Wavedata 42-604] Simulation restarted
run -all
ERROR: Array sizes do not match, left array has 20 elements, right array has 16 elements
Time: 0 ps  Iteration: 0  Process: /pwm_test/uut/line__28
  File: /home/omer-ahin/STAJ/pwm/pwm.srcs/sources_1/new/pwm_gen.vhd

HDL Line: /home/omer-ahin/STAJ/pwm/pwm.srcs/sources_1/new/pwm_gen.vhd:28
WARNING: [filemgmt 56-199] Attempt to get parsing info during refresh. "On-the-fly" syntax checking information may be incorrect. [/home/omer-ahin/STAJ/pwm/pwm.srcs/sources_1/new/pwm_gen.vhd:]
WARNING: [filemgmt 56-199] Attempt to get parsing info during refresh. "On-the-fly" syntax checking information may be incorrect. [/home/omer-ahin/STAJ/pwm/pwm.srcs/sim_1/new/pwm_test.sv:]
WARNING: [filemgmt 56-199] Attempt to get parsing info during refresh. "On-the-fly" syntax checking information may be incorrect. [/home/omer-ahin/STAJ/pwm/pwm.srcs/sim_1/new/pwm_test.sv:]
WARNING: [filemgmt 56-199] Attempt to get parsing info during refresh. "On-the-fly" syntax checking information may be incorrect. [/home/omer-ahin/STAJ/pwm/pwm.srcs/sim_1/new/pwm_test.sv:]
restart
INFO: [Wavedata 42-604] Simulation restarted
run -all
ERROR: Array sizes do not match, left array has 20 elements, right array has 16 elements
Time: 0 ps  Iteration: 0  Process: /pwm_test/uut/line__28
  File: /home/omer-ahin/STAJ/pwm/pwm.srcs/sources_1/new/pwm_gen.vhd

HDL Line: /home/omer-ahin/STAJ/pwm/pwm.srcs/sources_1/new/pwm_gen.vhd:28
WARNING: [filemgmt 56-199] Attempt to get parsing info during refresh. "On-the-fly" syntax checking information may be incorrect. [/home/omer-ahin/STAJ/pwm/pwm.srcs/sources_1/new/pwm_gen.vhd:]
WARNING: [filemgmt 56-199] Attempt to get parsing info during refresh. "On-the-fly" syntax checking information may be incorrect. [/home/omer-ahin/STAJ/pwm/pwm.srcs/sim_1/new/pwm_test.sv:]
WARNING: [filemgmt 56-199] Attempt to get parsing info during refresh. "On-the-fly" syntax checking information may be incorrect. [/home/omer-ahin/STAJ/pwm/pwm.srcs/sources_1/new/pwm_gen.vhd:]
WARNING: [filemgmt 56-199] Attempt to get parsing info during refresh. "On-the-fly" syntax checking information may be incorrect. [/home/omer-ahin/STAJ/pwm/pwm.srcs/sources_1/new/pwm_gen.vhd:]
close_sim
INFO: xsimkernel Simulation Memory Usage: 289108 KB (Peak: 346640 KB), Simulation CPU Usage: 790 ms
INFO: [Simtcl 6-16] Simulation closed
launch_simulation
Command: launch_simulation  -mode behavioral
INFO: [Vivado 12-25911] Executing simulation for 'XSim' simulator
INFO: [Project 1-5737] Running on host omer-ahin-ASUS (64) - Ubuntu 24.04.4 LTS
INFO: [Vivado 12-28535] Process started - Tue Jul 14 11:30:48 2026

INFO: [Vivado 12-12493] Simulation top is 'pwm_test'
INFO: [Vivado 12-5682] Launching behavioral simulation in '/home/omer-ahin/STAJ/pwm/pwm.sim/sim_1/behav/xsim'
INFO: [SIM-utils-51] Simulation object is 'sim_1'
INFO: [SIM-utils-72] Using boost library from '/tools/Xilinx/2026.1/tps/boost_1_72_0'
INFO: [SIM-utils-54] Inspecting design source files for 'pwm_test' in fileset 'sim_1'...
INFO: [USF-XSim-97] Finding global include files...
INFO: [USF-XSim-98] Fetching design files from 'sim_1'...
INFO: [USF-XSim-2] XSim::Compile design
INFO: [USF-XSim-61] Executing 'COMPILE and ANALYZE' step in '/home/omer-ahin/STAJ/pwm/pwm.sim/sim_1/behav/xsim'
xvlog --incr --relax -L uvm -prj pwm_test_vlog.prj
INFO: [VRFC 10-2263] Analyzing SystemVerilog file "/home/omer-ahin/STAJ/pwm/pwm.srcs/sim_1/new/pwm_test.sv" into library xil_defaultlib
INFO: [VRFC 10-311] analyzing module pwm_test_sv
xvhdl --incr --relax -prj pwm_test_vhdl.prj
Waiting for jobs to finish...
No pending jobs, compilation finished.
INFO: [USF-XSim-69] 'compile' step finished in '2' seconds
INFO: [USF-XSim-3] XSim::Elaborate design
INFO: [USF-XSim-61] Executing 'ELABORATE' step in '/home/omer-ahin/STAJ/pwm/pwm.sim/sim_1/behav/xsim'
xelab --incr --debug typical --relax --mt 8 -L xil_defaultlib -L uvm -L unisims_ver -L unimacro_ver -L secureip --snapshot pwm_test_behav xil_defaultlib.pwm_test xil_defaultlib.glbl -log elaborate.log
Vivado Simulator v2026.1
Copyright 1986-2022 Xilinx, Inc. All Rights Reserved.
Copyright 2022-2026 Advanced Micro Devices, Inc. All Rights Reserved.
Running: /tools/Xilinx/2026.1/Vivado/bin/unwrapped/lnx64.o/xelab --incr --debug typical --relax --mt 8 -L xil_defaultlib -L uvm -L unisims_ver -L unimacro_ver -L secureip --snapshot pwm_test_behav xil_defaultlib.pwm_test xil_defaultlib.glbl -log elaborate.log 
INFO: [XSIM 43-3493] Using 8 slave threads.
WARNING: [XSIM 43-3431] One or more environment variables have been detected which affect the operation of the C compiler. These are typically not set in standard installations and are not tested by AMD, however they may be appropriate for your system, so the flow will attempt to continue.  If errors occur, try running xelab with the "-mt off -v 1" switches to see more information from the C compiler. The following environment variables have been detected:
    LIBRARY_PATH
Starting static elaboration
Pass Through NonSizing Optimizer
Completed static elaboration
INFO: [XSIM 43-4323] No Change in HDL. Linking previously generated obj files to create kernel
INFO: [USF-XSim-69] 'elaborate' step finished in '1' seconds
INFO: [USF-XSim-4] XSim::Simulate design
INFO: [USF-XSim-61] Executing 'SIMULATE' step in '/home/omer-ahin/STAJ/pwm/pwm.sim/sim_1/behav/xsim'
INFO: [USF-XSim-98] *** Running xsim
   with args "pwm_test_behav -key {Behavioral:sim_1:Functional:pwm_test} -tclbatch {pwm_test.tcl} -log {simulate.log}"
INFO: [USF-XSim-8] Loading simulator feature
Time resolution is 1 ps
source pwm_test.tcl
# set curr_wave [current_wave_config]
# if { [string length $curr_wave] == 0 } {
#   if { [llength [get_objects]] > 0} {
#     add_wave /
#     set_property needs_save false [current_wave_config]
#   } else {
#      send_msg_id Add_Wave-1 WARNING "No top level signals found. Simulator will start without a wave window. If you want to open a wave window go to 'File->New Waveform Configuration' or type 'create_wave_config' in the TCL console."
#   }
# }
# run 1000ns
ERROR: Array sizes do not match, left array has 20 elements, right array has 16 elements
Time: 0 ps  Iteration: 0  Process: /pwm_test/uut/line__28
  File: /home/omer-ahin/STAJ/pwm/pwm.srcs/sources_1/new/pwm_gen.vhd

HDL Line: /home/omer-ahin/STAJ/pwm/pwm.srcs/sources_1/new/pwm_gen.vhd:28
INFO: [USF-XSim-96] XSim completed. Design snapshot 'pwm_test_behav' loaded.
INFO: [USF-XSim-97] XSim simulation ran for 1000ns
launch_simulation: Time (s): cpu = 00:00:10 ; elapsed = 00:00:11 . Memory (MB): peak = 10872.297 ; gain = 15.000 ; free physical = 18990 ; free virtual = 32227
WARNING: [filemgmt 56-199] Attempt to get parsing info during refresh. "On-the-fly" syntax checking information may be incorrect. [/home/omer-ahin/STAJ/pwm/pwm.srcs/sources_1/new/pwm_gen.vhd:]
WARNING: [filemgmt 56-199] Attempt to get parsing info during refresh. "On-the-fly" syntax checking information may be incorrect. [/home/omer-ahin/STAJ/pwm/pwm.srcs/sim_1/new/pwm_test.sv:]
WARNING: [filemgmt 56-199] Attempt to get parsing info during refresh. "On-the-fly" syntax checking information may be incorrect. [/home/omer-ahin/STAJ/pwm/pwm.srcs/sim_1/new/pwm_test.sv:]
WARNING: [filemgmt 56-199] Attempt to get parsing info during refresh. "On-the-fly" syntax checking information may be incorrect. [/home/omer-ahin/STAJ/pwm/pwm.srcs/sim_1/new/pwm_test.sv:]
restart
INFO: [Wavedata 42-604] Simulation restarted
run -all
ERROR: Array sizes do not match, left array has 20 elements, right array has 16 elements
Time: 0 ps  Iteration: 0  Process: /pwm_test/uut/line__28
  File: /home/omer-ahin/STAJ/pwm/pwm.srcs/sources_1/new/pwm_gen.vhd

HDL Line: /home/omer-ahin/STAJ/pwm/pwm.srcs/sources_1/new/pwm_gen.vhd:28
close_sim
INFO: xsimkernel Simulation Memory Usage: 289104 KB (Peak: 346636 KB), Simulation CPU Usage: 760 ms
INFO: [Simtcl 6-16] Simulation closed
close [ open /home/omer-ahin/STAJ/pwm/pwm.srcs/sources_1/new/Spi_Mode_3.vhd w ]
add_files /home/omer-ahin/STAJ/pwm/pwm.srcs/sources_1/new/Spi_Mode_3.vhd
WARNING: [filemgmt 56-199] Attempt to get parsing info during refresh. "On-the-fly" syntax checking information may be incorrect. [/home/omer-ahin/STAJ/pwm/pwm.srcs/sources_1/new/pwm_gen.vhd:]
WARNING: [filemgmt 56-199] Attempt to get parsing info during refresh. "On-the-fly" syntax checking information may be incorrect. [/home/omer-ahin/STAJ/pwm/pwm.srcs/sim_1/new/pwm_test.sv:]
WARNING: [filemgmt 56-199] Attempt to get parsing info during refresh. "On-the-fly" syntax checking information may be incorrect. [/home/omer-ahin/STAJ/pwm/pwm.srcs/sim_1/new/pwm_test.sv:]
WARNING: [filemgmt 56-199] Attempt to get parsing info during refresh. "On-the-fly" syntax checking information may be incorrect. [/home/omer-ahin/STAJ/pwm/pwm.srcs/sim_1/new/pwm_test.sv:]
WARNING: [filemgmt 56-199] Attempt to get parsing info during refresh. "On-the-fly" syntax checking information may be incorrect. [/home/omer-ahin/STAJ/pwm/pwm.srcs/sources_1/new/pwm_gen.vhd:]
WARNING: [filemgmt 56-199] Attempt to get parsing info during refresh. "On-the-fly" syntax checking information may be incorrect. [/home/omer-ahin/STAJ/pwm/pwm.srcs/sim_1/new/pwm_test.sv:]
WARNING: [filemgmt 56-199] Attempt to get parsing info during refresh. "On-the-fly" syntax checking information may be incorrect. [/home/omer-ahin/STAJ/pwm/pwm.srcs/sim_1/new/pwm_test.sv:]
WARNING: [filemgmt 56-199] Attempt to get parsing info during refresh. "On-the-fly" syntax checking information may be incorrect. [/home/omer-ahin/STAJ/pwm/pwm.srcs/sim_1/new/pwm_test.sv:]
update_compile_order -fileset sources_1
WARNING: [filemgmt 56-199] Attempt to get parsing info during refresh. "On-the-fly" syntax checking information may be incorrect. [/home/omer-ahin/STAJ/pwm/pwm.srcs/sources_1/new/pwm_gen.vhd:]
WARNING: [filemgmt 56-199] Attempt to get parsing info during refresh. "On-the-fly" syntax checking information may be incorrect. [/home/omer-ahin/STAJ/pwm/pwm.srcs/sim_1/new/pwm_test.sv:]
WARNING: [filemgmt 56-199] Attempt to get parsing info during refresh. "On-the-fly" syntax checking information may be incorrect. [/home/omer-ahin/STAJ/pwm/pwm.srcs/sources_1/new/pwm_gen.vhd:]
WARNING: [filemgmt 56-199] Attempt to get parsing info during refresh. "On-the-fly" syntax checking information may be incorrect. [/home/omer-ahin/STAJ/pwm/pwm.srcs/sources_1/new/pwm_gen.vhd:]
WARNING: [filemgmt 56-199] Attempt to get parsing info during refresh. "On-the-fly" syntax checking information may be incorrect. [/home/omer-ahin/STAJ/pwm/pwm.srcs/sources_1/new/pwm_gen.vhd:]
WARNING: [filemgmt 56-199] Attempt to get parsing info during refresh. "On-the-fly" syntax checking information may be incorrect. [/home/omer-ahin/STAJ/pwm/pwm.srcs/sim_1/new/pwm_test.sv:]
WARNING: [filemgmt 56-199] Attempt to get parsing info during refresh. "On-the-fly" syntax checking information may be incorrect. [/home/omer-ahin/STAJ/pwm/pwm.srcs/sources_1/new/Spi_Mode_3.vhd:]
WARNING: [filemgmt 56-199] Attempt to get parsing info during refresh. "On-the-fly" syntax checking information may be incorrect. [/home/omer-ahin/STAJ/pwm/pwm.srcs/sources_1/new/Spi_Mode_3.vhd:]
WARNING: [filemgmt 56-199] Attempt to get parsing info during refresh. "On-the-fly" syntax checking information may be incorrect. [/home/omer-ahin/STAJ/pwm/pwm.srcs/sources_1/new/Spi_Mode_3.vhd:]
WARNING: [filemgmt 56-199] Attempt to get parsing info during refresh. "On-the-fly" syntax checking information may be incorrect. [/home/omer-ahin/STAJ/pwm/pwm.srcs/sources_1/new/pwm_gen.vhd:]
WARNING: [filemgmt 56-199] Attempt to get parsing info during refresh. "On-the-fly" syntax checking information may be incorrect. [/home/omer-ahin/STAJ/pwm/pwm.srcs/sources_1/new/Spi_Mode_3.vhd:]
WARNING: [filemgmt 56-199] Attempt to get parsing info during refresh. "On-the-fly" syntax checking information may be incorrect. [/home/omer-ahin/STAJ/pwm/pwm.srcs/sources_1/new/Spi_Mode_3.vhd:]
WARNING: [filemgmt 56-199] Attempt to get parsing info during refresh. "On-the-fly" syntax checking information may be incorrect. [/home/omer-ahin/STAJ/pwm/pwm.srcs/sources_1/new/Spi_Mode_3.vhd:]
WARNING: [filemgmt 56-199] Attempt to get parsing info during refresh. "On-the-fly" syntax checking information may be incorrect. [/home/omer-ahin/STAJ/pwm/pwm.srcs/sources_1/new/pwm_gen.vhd:]
WARNING: [filemgmt 56-199] Attempt to get parsing info during refresh. "On-the-fly" syntax checking information may be incorrect. [/home/omer-ahin/STAJ/pwm/pwm.srcs/sources_1/new/Spi_Mode_3.vhd:]
WARNING: [filemgmt 56-199] Attempt to get parsing info during refresh. "On-the-fly" syntax checking information may be incorrect. [/home/omer-ahin/STAJ/pwm/pwm.srcs/sources_1/new/Spi_Mode_3.vhd:]
WARNING: [filemgmt 56-199] Attempt to get parsing info during refresh. "On-the-fly" syntax checking information may be incorrect. [/home/omer-ahin/STAJ/pwm/pwm.srcs/sources_1/new/Spi_Mode_3.vhd:]
set_property SOURCE_SET sources_1 [get_filesets sim_1]
close [ open /home/omer-ahin/STAJ/pwm/pwm.srcs/sim_1/new/tb_spi.sv w ]
add_files -fileset sim_1 /home/omer-ahin/STAJ/pwm/pwm.srcs/sim_1/new/tb_spi.sv
update_compile_order -fileset sim_1
WARNING: [filemgmt 56-199] Attempt to get parsing info during refresh. "On-the-fly" syntax checking information may be incorrect. [/home/omer-ahin/STAJ/pwm/pwm.srcs/sim_1/new/tb_spi.sv:]
WARNING: [filemgmt 56-199] Attempt to get parsing info during refresh. "On-the-fly" syntax checking information may be incorrect. [/home/omer-ahin/STAJ/pwm/pwm.srcs/sources_1/new/Spi_Mode_3.vhd:]
WARNING: [filemgmt 56-199] Attempt to get parsing info during refresh. "On-the-fly" syntax checking information may be incorrect. [/home/omer-ahin/STAJ/pwm/pwm.srcs/sources_1/new/Spi_Mode_3.vhd:]
WARNING: [filemgmt 56-199] Attempt to get parsing info during refresh. "On-the-fly" syntax checking information may be incorrect. [/home/omer-ahin/STAJ/pwm/pwm.srcs/sources_1/new/Spi_Mode_3.vhd:]
WARNING: [filemgmt 56-199] Attempt to get parsing info during refresh. "On-the-fly" syntax checking information may be incorrect. [/home/omer-ahin/STAJ/pwm/pwm.srcs/sim_1/new/tb_spi.sv:]
WARNING: [filemgmt 56-199] Attempt to get parsing info during refresh. "On-the-fly" syntax checking information may be incorrect. [/home/omer-ahin/STAJ/pwm/pwm.srcs/sources_1/new/Spi_Mode_3.vhd:]
WARNING: [filemgmt 56-199] Attempt to get parsing info during refresh. "On-the-fly" syntax checking information may be incorrect. [/home/omer-ahin/STAJ/pwm/pwm.srcs/sources_1/new/Spi_Mode_3.vhd:]
WARNING: [filemgmt 56-199] Attempt to get parsing info during refresh. "On-the-fly" syntax checking information may be incorrect. [/home/omer-ahin/STAJ/pwm/pwm.srcs/sources_1/new/Spi_Mode_3.vhd:]
WARNING: [filemgmt 56-199] Attempt to get parsing info during refresh. "On-the-fly" syntax checking information may be incorrect. [/home/omer-ahin/STAJ/pwm/pwm.srcs/sim_1/new/tb_spi.sv:]
WARNING: [filemgmt 56-199] Attempt to get parsing info during refresh. "On-the-fly" syntax checking information may be incorrect. [/home/omer-ahin/STAJ/pwm/pwm.srcs/sources_1/new/Spi_Mode_3.vhd:]
WARNING: [filemgmt 56-199] Attempt to get parsing info during refresh. "On-the-fly" syntax checking information may be incorrect. [/home/omer-ahin/STAJ/pwm/pwm.srcs/sim_1/new/tb_spi.sv:]
WARNING: [filemgmt 56-199] Attempt to get parsing info during refresh. "On-the-fly" syntax checking information may be incorrect. [/home/omer-ahin/STAJ/pwm/pwm.srcs/sim_1/new/tb_spi.sv:]
set_property top tb_spi [get_filesets sim_1]
set_property top_lib xil_defaultlib [get_filesets sim_1]
WARNING: [filemgmt 56-199] Attempt to get parsing info during refresh. "On-the-fly" syntax checking information may be incorrect. [/home/omer-ahin/STAJ/pwm/pwm.srcs/sim_1/new/tb_spi.sv:]
WARNING: [filemgmt 56-199] Attempt to get parsing info during refresh. "On-the-fly" syntax checking information may be incorrect. [/home/omer-ahin/STAJ/pwm/pwm.srcs/sources_1/new/Spi_Mode_3.vhd:]
WARNING: [filemgmt 56-199] Attempt to get parsing info during refresh. "On-the-fly" syntax checking information may be incorrect. [/home/omer-ahin/STAJ/pwm/pwm.srcs/sources_1/new/Spi_Mode_3.vhd:]
WARNING: [filemgmt 56-199] Attempt to get parsing info during refresh. "On-the-fly" syntax checking information may be incorrect. [/home/omer-ahin/STAJ/pwm/pwm.srcs/sources_1/new/Spi_Mode_3.vhd:]
update_compile_order -fileset sim_1
WARNING: [filemgmt 56-199] Attempt to get parsing info during refresh. "On-the-fly" syntax checking information may be incorrect. [/home/omer-ahin/STAJ/pwm/pwm.srcs/sim_1/new/tb_spi.sv:]
WARNING: [filemgmt 56-199] Attempt to get parsing info during refresh. "On-the-fly" syntax checking information may be incorrect. [/home/omer-ahin/STAJ/pwm/pwm.srcs/sources_1/new/Spi_Mode_3.vhd:]
WARNING: [filemgmt 56-199] Attempt to get parsing info during refresh. "On-the-fly" syntax checking information may be incorrect. [/home/omer-ahin/STAJ/pwm/pwm.srcs/sim_1/new/tb_spi.sv:]
WARNING: [filemgmt 56-199] Attempt to get parsing info during refresh. "On-the-fly" syntax checking information may be incorrect. [/home/omer-ahin/STAJ/pwm/pwm.srcs/sim_1/new/tb_spi.sv:]
set_property top Spi_Mode_3 [current_fileset]
WARNING: [filemgmt 56-199] Attempt to get parsing info during refresh. "On-the-fly" syntax checking information may be incorrect. [/home/omer-ahin/STAJ/pwm/pwm.srcs/sim_1/new/tb_spi.sv:]
WARNING: [filemgmt 56-199] Attempt to get parsing info during refresh. "On-the-fly" syntax checking information may be incorrect. [/home/omer-ahin/STAJ/pwm/pwm.srcs/sources_1/new/Spi_Mode_3.vhd:]
WARNING: [filemgmt 56-199] Attempt to get parsing info during refresh. "On-the-fly" syntax checking information may be incorrect. [/home/omer-ahin/STAJ/pwm/pwm.srcs/sources_1/new/Spi_Mode_3.vhd:]
WARNING: [filemgmt 56-199] Attempt to get parsing info during refresh. "On-the-fly" syntax checking information may be incorrect. [/home/omer-ahin/STAJ/pwm/pwm.srcs/sources_1/new/Spi_Mode_3.vhd:]
update_compile_order -fileset sources_1
WARNING: [filemgmt 56-199] Attempt to get parsing info during refresh. "On-the-fly" syntax checking information may be incorrect. [/home/omer-ahin/STAJ/pwm/pwm.srcs/sim_1/new/tb_spi.sv:]
WARNING: [filemgmt 56-199] Attempt to get parsing info during refresh. "On-the-fly" syntax checking information may be incorrect. [/home/omer-ahin/STAJ/pwm/pwm.srcs/sources_1/new/Spi_Mode_3.vhd:]
WARNING: [filemgmt 56-199] Attempt to get parsing info during refresh. "On-the-fly" syntax checking information may be incorrect. [/home/omer-ahin/STAJ/pwm/pwm.srcs/sources_1/new/Spi_Mode_3.vhd:]
WARNING: [filemgmt 56-199] Attempt to get parsing info during refresh. "On-the-fly" syntax checking information may be incorrect. [/home/omer-ahin/STAJ/pwm/pwm.srcs/sources_1/new/Spi_Mode_3.vhd:]
launch_simulation
Command: launch_simulation  -mode behavioral
INFO: [Vivado 12-25911] Executing simulation for 'XSim' simulator
INFO: [Project 1-5737] Running on host omer-ahin-ASUS (64) - Ubuntu 24.04.4 LTS
INFO: [Vivado 12-28535] Process started - Tue Jul 14 12:30:15 2026

INFO: [Vivado 12-12493] Simulation top is 'tb_spi'
INFO: [Vivado 12-5682] Launching behavioral simulation in '/home/omer-ahin/STAJ/pwm/pwm.sim/sim_1/behav/xsim'
INFO: [SIM-utils-51] Simulation object is 'sim_1'
INFO: [SIM-utils-72] Using boost library from '/tools/Xilinx/2026.1/tps/boost_1_72_0'
INFO: [SIM-utils-54] Inspecting design source files for 'tb_spi' in fileset 'sim_1'...
INFO: [USF-XSim-97] Finding global include files...
INFO: [USF-XSim-98] Fetching design files from 'sim_1'...
INFO: [USF-XSim-2] XSim::Compile design
INFO: [USF-XSim-61] Executing 'COMPILE and ANALYZE' step in '/home/omer-ahin/STAJ/pwm/pwm.sim/sim_1/behav/xsim'
xvlog --incr --relax -L uvm -prj tb_spi_vlog.prj
INFO: [VRFC 10-2263] Analyzing SystemVerilog file "/home/omer-ahin/STAJ/pwm/pwm.srcs/sim_1/new/tb_spi.sv" into library xil_defaultlib
INFO: [VRFC 10-311] analyzing module tb_spi
xvhdl --incr --relax -prj tb_spi_vhdl.prj
INFO: [VRFC 10-163] Analyzing VHDL file "/home/omer-ahin/STAJ/pwm/pwm.srcs/sources_1/new/Spi_Mode_3.vhd" into library xil_defaultlib
INFO: [VRFC 10-3107] analyzing entity 'Spi_Mode_3'
Waiting for jobs to finish...
No pending jobs, compilation finished.
INFO: [USF-XSim-69] 'compile' step finished in '2' seconds
INFO: [USF-XSim-3] XSim::Elaborate design
INFO: [USF-XSim-61] Executing 'ELABORATE' step in '/home/omer-ahin/STAJ/pwm/pwm.sim/sim_1/behav/xsim'
xelab --incr --debug typical --relax --mt 8 -L xil_defaultlib -L uvm -L unisims_ver -L unimacro_ver -L secureip --snapshot tb_spi_behav xil_defaultlib.tb_spi xil_defaultlib.glbl -log elaborate.log
Vivado Simulator v2026.1
Copyright 1986-2022 Xilinx, Inc. All Rights Reserved.
Copyright 2022-2026 Advanced Micro Devices, Inc. All Rights Reserved.
Running: /tools/Xilinx/2026.1/Vivado/bin/unwrapped/lnx64.o/xelab --incr --debug typical --relax --mt 8 -L xil_defaultlib -L uvm -L unisims_ver -L unimacro_ver -L secureip --snapshot tb_spi_behav xil_defaultlib.tb_spi xil_defaultlib.glbl -log elaborate.log 
INFO: [XSIM 43-3493] Using 8 slave threads.
WARNING: [XSIM 43-3431] One or more environment variables have been detected which affect the operation of the C compiler. These are typically not set in standard installations and are not tested by AMD, however they may be appropriate for your system, so the flow will attempt to continue.  If errors occur, try running xelab with the "-mt off -v 1" switches to see more information from the C compiler. The following environment variables have been detected:
    LIBRARY_PATH
Starting static elaboration
Pass Through NonSizing Optimizer
Completed static elaboration
Starting simulation data flow analysis
Completed simulation data flow analysis
Time Resolution for simulation is 1ps
Compiling package std.standard
Compiling package std.textio
Compiling package ieee.std_logic_1164
Compiling package ieee.math_real
Compiling package ieee.numeric_std
Compiling architecture behavioral of entity xil_defaultlib.Spi_Mode_3 [spi_mode_3_default]
Compiling module xil_defaultlib.tb_spi
Compiling module xil_defaultlib.glbl
Built simulation snapshot tb_spi_behav
INFO: [USF-XSim-69] 'elaborate' step finished in '1' seconds
INFO: [USF-XSim-4] XSim::Simulate design
INFO: [USF-XSim-61] Executing 'SIMULATE' step in '/home/omer-ahin/STAJ/pwm/pwm.sim/sim_1/behav/xsim'
INFO: [USF-XSim-98] *** Running xsim
   with args "tb_spi_behav -key {Behavioral:sim_1:Functional:tb_spi} -tclbatch {tb_spi.tcl} -log {simulate.log}"
INFO: [USF-XSim-8] Loading simulator feature
Time resolution is 1 ps
source tb_spi.tcl
# set curr_wave [current_wave_config]
# if { [string length $curr_wave] == 0 } {
#   if { [llength [get_objects]] > 0} {
#     add_wave /
#     set_property needs_save false [current_wave_config]
#   } else {
#      send_msg_id Add_Wave-1 WARNING "No top level signals found. Simulator will start without a wave window. If you want to open a wave window go to 'File->New Waveform Configuration' or type 'create_wave_config' in the TCL console."
#   }
# }
# run 1000ns
INFO: [USF-XSim-96] XSim completed. Design snapshot 'tb_spi_behav' loaded.
INFO: [USF-XSim-97] XSim simulation ran for 1000ns
launch_simulation: Time (s): cpu = 00:00:05 ; elapsed = 00:00:06 . Memory (MB): peak = 11081.355 ; gain = 72.758 ; free physical = 18797 ; free virtual = 32038
restart
INFO: [Wavedata 42-604] Simulation restarted
run -all
INFO: [Common 17-41] Interrupt caught. Command should exit soon.
INFO: [Common 17-344] 'run' was cancelled
WARNING: [filemgmt 56-199] Attempt to get parsing info during refresh. "On-the-fly" syntax checking information may be incorrect. [/home/omer-ahin/STAJ/pwm/pwm.srcs/sim_1/new/tb_spi.sv:]
WARNING: [filemgmt 56-199] Attempt to get parsing info during refresh. "On-the-fly" syntax checking information may be incorrect. [/home/omer-ahin/STAJ/pwm/pwm.srcs/sources_1/new/Spi_Mode_3.vhd:]
WARNING: [filemgmt 56-199] Attempt to get parsing info during refresh. "On-the-fly" syntax checking information may be incorrect. [/home/omer-ahin/STAJ/pwm/pwm.srcs/sources_1/new/Spi_Mode_3.vhd:]
WARNING: [filemgmt 56-199] Attempt to get parsing info during refresh. "On-the-fly" syntax checking information may be incorrect. [/home/omer-ahin/STAJ/pwm/pwm.srcs/sources_1/new/Spi_Mode_3.vhd:]
WARNING: [filemgmt 56-199] Attempt to get parsing info during refresh. "On-the-fly" syntax checking information may be incorrect. [/home/omer-ahin/STAJ/pwm/pwm.srcs/sim_1/new/tb_spi.sv:]
WARNING: [filemgmt 56-199] Attempt to get parsing info during refresh. "On-the-fly" syntax checking information may be incorrect. [/home/omer-ahin/STAJ/pwm/pwm.srcs/sources_1/new/Spi_Mode_3.vhd:]
WARNING: [filemgmt 56-199] Attempt to get parsing info during refresh. "On-the-fly" syntax checking information may be incorrect. [/home/omer-ahin/STAJ/pwm/pwm.srcs/sources_1/new/Spi_Mode_3.vhd:]
WARNING: [filemgmt 56-199] Attempt to get parsing info during refresh. "On-the-fly" syntax checking information may be incorrect. [/home/omer-ahin/STAJ/pwm/pwm.srcs/sources_1/new/Spi_Mode_3.vhd:]
close_sim
INFO: xsimkernel Simulation Memory Usage: 354648 KB (Peak: 420184 KB), Simulation CPU Usage: 3680 ms
INFO: [Simtcl 6-16] Simulation closed
launch_simulation
Command: launch_simulation  -mode behavioral
INFO: [Vivado 12-25911] Executing simulation for 'XSim' simulator
INFO: [Project 1-5737] Running on host omer-ahin-ASUS (64) - Ubuntu 24.04.4 LTS
INFO: [Vivado 12-28535] Process started - Tue Jul 14 13:07:54 2026

INFO: [Vivado 12-12493] Simulation top is 'tb_spi'
INFO: [Vivado 12-5682] Launching behavioral simulation in '/home/omer-ahin/STAJ/pwm/pwm.sim/sim_1/behav/xsim'
INFO: [SIM-utils-51] Simulation object is 'sim_1'
INFO: [SIM-utils-72] Using boost library from '/tools/Xilinx/2026.1/tps/boost_1_72_0'
INFO: [SIM-utils-54] Inspecting design source files for 'tb_spi' in fileset 'sim_1'...
INFO: [USF-XSim-97] Finding global include files...
INFO: [USF-XSim-98] Fetching design files from 'sim_1'...
INFO: [USF-XSim-2] XSim::Compile design
INFO: [USF-XSim-61] Executing 'COMPILE and ANALYZE' step in '/home/omer-ahin/STAJ/pwm/pwm.sim/sim_1/behav/xsim'
xvlog --incr --relax -L uvm -prj tb_spi_vlog.prj
INFO: [VRFC 10-2263] Analyzing SystemVerilog file "/home/omer-ahin/STAJ/pwm/pwm.srcs/sim_1/new/tb_spi.sv" into library xil_defaultlib
INFO: [VRFC 10-311] analyzing module tb_spi
xvhdl --incr --relax -prj tb_spi_vhdl.prj
Waiting for jobs to finish...
No pending jobs, compilation finished.
INFO: [USF-XSim-69] 'compile' step finished in '2' seconds
INFO: [USF-XSim-3] XSim::Elaborate design
INFO: [USF-XSim-61] Executing 'ELABORATE' step in '/home/omer-ahin/STAJ/pwm/pwm.sim/sim_1/behav/xsim'
xelab --incr --debug typical --relax --mt 8 -L xil_defaultlib -L uvm -L unisims_ver -L unimacro_ver -L secureip --snapshot tb_spi_behav xil_defaultlib.tb_spi xil_defaultlib.glbl -log elaborate.log
Vivado Simulator v2026.1
Copyright 1986-2022 Xilinx, Inc. All Rights Reserved.
Copyright 2022-2026 Advanced Micro Devices, Inc. All Rights Reserved.
Running: /tools/Xilinx/2026.1/Vivado/bin/unwrapped/lnx64.o/xelab --incr --debug typical --relax --mt 8 -L xil_defaultlib -L uvm -L unisims_ver -L unimacro_ver -L secureip --snapshot tb_spi_behav xil_defaultlib.tb_spi xil_defaultlib.glbl -log elaborate.log 
INFO: [XSIM 43-3493] Using 8 slave threads.
WARNING: [XSIM 43-3431] One or more environment variables have been detected which affect the operation of the C compiler. These are typically not set in standard installations and are not tested by AMD, however they may be appropriate for your system, so the flow will attempt to continue.  If errors occur, try running xelab with the "-mt off -v 1" switches to see more information from the C compiler. The following environment variables have been detected:
    LIBRARY_PATH
Starting static elaboration
Pass Through NonSizing Optimizer
Completed static elaboration
Starting simulation data flow analysis
Completed simulation data flow analysis
Time Resolution for simulation is 1ps
Compiling package std.standard
Compiling package std.textio
Compiling package ieee.std_logic_1164
Compiling package ieee.math_real
Compiling package ieee.numeric_std
Compiling architecture behavioral of entity xil_defaultlib.Spi_Mode_3 [spi_mode_3_default]
Compiling module xil_defaultlib.tb_spi
Compiling module xil_defaultlib.glbl
Built simulation snapshot tb_spi_behav
INFO: [USF-XSim-69] 'elaborate' step finished in '1' seconds
INFO: [USF-XSim-4] XSim::Simulate design
INFO: [USF-XSim-61] Executing 'SIMULATE' step in '/home/omer-ahin/STAJ/pwm/pwm.sim/sim_1/behav/xsim'
INFO: [USF-XSim-98] *** Running xsim
   with args "tb_spi_behav -key {Behavioral:sim_1:Functional:tb_spi} -tclbatch {tb_spi.tcl} -log {simulate.log}"
INFO: [USF-XSim-8] Loading simulator feature
Time resolution is 1 ps
source tb_spi.tcl
# set curr_wave [current_wave_config]
# if { [string length $curr_wave] == 0 } {
#   if { [llength [get_objects]] > 0} {
#     add_wave /
#     set_property needs_save false [current_wave_config]
#   } else {
#      send_msg_id Add_Wave-1 WARNING "No top level signals found. Simulator will start without a wave window. If you want to open a wave window go to 'File->New Waveform Configuration' or type 'create_wave_config' in the TCL console."
#   }
# }
# run 1000ns
INFO: [USF-XSim-96] XSim completed. Design snapshot 'tb_spi_behav' loaded.
INFO: [USF-XSim-97] XSim simulation ran for 1000ns
launch_simulation: Time (s): cpu = 00:00:12 ; elapsed = 00:00:07 . Memory (MB): peak = 11137.602 ; gain = 11.961 ; free physical = 18960 ; free virtual = 32214
restart
INFO: [Wavedata 42-604] Simulation restarted
run -all
RX Data: 00
$finish called at time : 3010 ns : File "/home/omer-ahin/STAJ/pwm/pwm.srcs/sim_1/new/tb_spi.sv" Line 80
WARNING: [filemgmt 56-199] Attempt to get parsing info during refresh. "On-the-fly" syntax checking information may be incorrect. [/home/omer-ahin/STAJ/pwm/pwm.srcs/sim_1/new/tb_spi.sv:]
WARNING: [filemgmt 56-199] Attempt to get parsing info during refresh. "On-the-fly" syntax checking information may be incorrect. [/home/omer-ahin/STAJ/pwm/pwm.srcs/sources_1/new/Spi_Mode_3.vhd:]
WARNING: [filemgmt 56-199] Attempt to get parsing info during refresh. "On-the-fly" syntax checking information may be incorrect. [/home/omer-ahin/STAJ/pwm/pwm.srcs/sim_1/new/tb_spi.sv:]
WARNING: [filemgmt 56-199] Attempt to get parsing info during refresh. "On-the-fly" syntax checking information may be incorrect. [/home/omer-ahin/STAJ/pwm/pwm.srcs/sim_1/new/tb_spi.sv:]
close_sim
INFO: xsimkernel Simulation Memory Usage: 354648 KB (Peak: 420184 KB), Simulation CPU Usage: 800 ms
INFO: [Simtcl 6-16] Simulation closed
launch_simulation
Command: launch_simulation  -mode behavioral
INFO: [Vivado 12-25911] Executing simulation for 'XSim' simulator
INFO: [Project 1-5737] Running on host omer-ahin-ASUS (64) - Ubuntu 24.04.4 LTS
INFO: [Vivado 12-28535] Process started - Tue Jul 14 13:13:58 2026

INFO: [Vivado 12-12493] Simulation top is 'tb_spi'
INFO: [Vivado 12-5682] Launching behavioral simulation in '/home/omer-ahin/STAJ/pwm/pwm.sim/sim_1/behav/xsim'
INFO: [SIM-utils-51] Simulation object is 'sim_1'
INFO: [SIM-utils-72] Using boost library from '/tools/Xilinx/2026.1/tps/boost_1_72_0'
INFO: [SIM-utils-54] Inspecting design source files for 'tb_spi' in fileset 'sim_1'...
INFO: [USF-XSim-97] Finding global include files...
INFO: [USF-XSim-98] Fetching design files from 'sim_1'...
INFO: [USF-XSim-2] XSim::Compile design
INFO: [USF-XSim-61] Executing 'COMPILE and ANALYZE' step in '/home/omer-ahin/STAJ/pwm/pwm.sim/sim_1/behav/xsim'
xvlog --incr --relax -L uvm -prj tb_spi_vlog.prj
INFO: [VRFC 10-2263] Analyzing SystemVerilog file "/home/omer-ahin/STAJ/pwm/pwm.srcs/sim_1/new/tb_spi.sv" into library xil_defaultlib
INFO: [VRFC 10-311] analyzing module tb_spi
xvhdl --incr --relax -prj tb_spi_vhdl.prj
Waiting for jobs to finish...
No pending jobs, compilation finished.
INFO: [USF-XSim-69] 'compile' step finished in '2' seconds
INFO: [USF-XSim-3] XSim::Elaborate design
INFO: [USF-XSim-61] Executing 'ELABORATE' step in '/home/omer-ahin/STAJ/pwm/pwm.sim/sim_1/behav/xsim'
xelab --incr --debug typical --relax --mt 8 -L xil_defaultlib -L uvm -L unisims_ver -L unimacro_ver -L secureip --snapshot tb_spi_behav xil_defaultlib.tb_spi xil_defaultlib.glbl -log elaborate.log
Vivado Simulator v2026.1
Copyright 1986-2022 Xilinx, Inc. All Rights Reserved.
Copyright 2022-2026 Advanced Micro Devices, Inc. All Rights Reserved.
Running: /tools/Xilinx/2026.1/Vivado/bin/unwrapped/lnx64.o/xelab --incr --debug typical --relax --mt 8 -L xil_defaultlib -L uvm -L unisims_ver -L unimacro_ver -L secureip --snapshot tb_spi_behav xil_defaultlib.tb_spi xil_defaultlib.glbl -log elaborate.log 
INFO: [XSIM 43-3493] Using 8 slave threads.
WARNING: [XSIM 43-3431] One or more environment variables have been detected which affect the operation of the C compiler. These are typically not set in standard installations and are not tested by AMD, however they may be appropriate for your system, so the flow will attempt to continue.  If errors occur, try running xelab with the "-mt off -v 1" switches to see more information from the C compiler. The following environment variables have been detected:
    LIBRARY_PATH
Starting static elaboration
Pass Through NonSizing Optimizer
ERROR: [VRFC 10-8333] binding VHDL entity 'spi_mode_3_default' does not have port 'start_transfer_i' [/home/omer-ahin/STAJ/pwm/pwm.srcs/sim_1/new/tb_spi.sv:29]
ERROR: [XSIM 43-3322] Static elaboration of top level Verilog design unit(s) in library work failed.
INFO: [USF-XSim-69] 'elaborate' step finished in '1' seconds
INFO: [USF-XSim-99] Step results log file:'/home/omer-ahin/STAJ/pwm/pwm.sim/sim_1/behav/xsim/elaborate.log'
ERROR: [USF-XSim-62] 'elaborate' step failed with error(s). Please check the Tcl console output or '/home/omer-ahin/STAJ/pwm/pwm.sim/sim_1/behav/xsim/elaborate.log' file for more information.
ERROR: [Vivado 12-4473] Detected error while running simulation. Please correct the issue and retry this operation.
launch_simulation: Time (s): cpu = 00:00:05 ; elapsed = 00:00:05 . Memory (MB): peak = 11137.602 ; gain = 0.000 ; free physical = 18426 ; free virtual = 31767
ERROR: [Common 17-39] 'launch_simulation' failed due to earlier errors.
launch_simulation
Command: launch_simulation  -mode behavioral
INFO: [Vivado 12-25911] Executing simulation for 'XSim' simulator
INFO: [Project 1-5737] Running on host omer-ahin-ASUS (64) - Ubuntu 24.04.4 LTS
INFO: [Vivado 12-28535] Process started - Tue Jul 14 13:20:18 2026

INFO: [Vivado 12-12493] Simulation top is 'tb_spi'
INFO: [Vivado 12-5682] Launching behavioral simulation in '/home/omer-ahin/STAJ/pwm/pwm.sim/sim_1/behav/xsim'
INFO: [SIM-utils-51] Simulation object is 'sim_1'
INFO: [SIM-utils-72] Using boost library from '/tools/Xilinx/2026.1/tps/boost_1_72_0'
INFO: [SIM-utils-54] Inspecting design source files for 'tb_spi' in fileset 'sim_1'...
INFO: [USF-XSim-97] Finding global include files...
INFO: [USF-XSim-98] Fetching design files from 'sim_1'...
INFO: [USF-XSim-2] XSim::Compile design
INFO: [USF-XSim-61] Executing 'COMPILE and ANALYZE' step in '/home/omer-ahin/STAJ/pwm/pwm.sim/sim_1/behav/xsim'
xvlog --incr --relax -L uvm -prj tb_spi_vlog.prj
xvhdl --incr --relax -prj tb_spi_vhdl.prj
Waiting for jobs to finish...
No pending jobs, compilation finished.
INFO: [USF-XSim-69] 'compile' step finished in '2' seconds
INFO: [USF-XSim-3] XSim::Elaborate design
INFO: [USF-XSim-61] Executing 'ELABORATE' step in '/home/omer-ahin/STAJ/pwm/pwm.sim/sim_1/behav/xsim'
xelab --incr --debug typical --relax --mt 8 -L xil_defaultlib -L uvm -L unisims_ver -L unimacro_ver -L secureip --snapshot tb_spi_behav xil_defaultlib.tb_spi xil_defaultlib.glbl -log elaborate.log
Vivado Simulator v2026.1
Copyright 1986-2022 Xilinx, Inc. All Rights Reserved.
Copyright 2022-2026 Advanced Micro Devices, Inc. All Rights Reserved.
Running: /tools/Xilinx/2026.1/Vivado/bin/unwrapped/lnx64.o/xelab --incr --debug typical --relax --mt 8 -L xil_defaultlib -L uvm -L unisims_ver -L unimacro_ver -L secureip --snapshot tb_spi_behav xil_defaultlib.tb_spi xil_defaultlib.glbl -log elaborate.log 
INFO: [XSIM 43-3493] Using 8 slave threads.
WARNING: [XSIM 43-3431] One or more environment variables have been detected which affect the operation of the C compiler. These are typically not set in standard installations and are not tested by AMD, however they may be appropriate for your system, so the flow will attempt to continue.  If errors occur, try running xelab with the "-mt off -v 1" switches to see more information from the C compiler. The following environment variables have been detected:
    LIBRARY_PATH
Starting static elaboration
Pass Through NonSizing Optimizer
ERROR: [VRFC 10-8333] binding VHDL entity 'spi_mode_3_default' does not have port 'start_transfer_i' [/home/omer-ahin/STAJ/pwm/pwm.srcs/sim_1/new/tb_spi.sv:29]
ERROR: [XSIM 43-3322] Static elaboration of top level Verilog design unit(s) in library work failed.
INFO: [USF-XSim-69] 'elaborate' step finished in '1' seconds
INFO: [USF-XSim-99] Step results log file:'/home/omer-ahin/STAJ/pwm/pwm.sim/sim_1/behav/xsim/elaborate.log'
ERROR: [USF-XSim-62] 'elaborate' step failed with error(s). Please check the Tcl console output or '/home/omer-ahin/STAJ/pwm/pwm.sim/sim_1/behav/xsim/elaborate.log' file for more information.
ERROR: [Vivado 12-4473] Detected error while running simulation. Please correct the issue and retry this operation.
ERROR: [Common 17-39] 'launch_simulation' failed due to earlier errors.
/home/omer-ahin/STAJ/pwm/pwm.sim/sim_1/behav/xsim/elaborate.log
invalid command name "/home/omer-ahin/STAJ/pwm/pwm.sim/sim_1/behav/xsim/elaborate.log"
WARNING: [filemgmt 56-199] Attempt to get parsing info during refresh. "On-the-fly" syntax checking information may be incorrect. [/home/omer-ahin/STAJ/pwm/pwm.srcs/sim_1/new/tb_spi.sv:]
WARNING: [filemgmt 56-199] Attempt to get parsing info during refresh. "On-the-fly" syntax checking information may be incorrect. [/home/omer-ahin/STAJ/pwm/pwm.srcs/sources_1/new/Spi_Mode_3.vhd:]
WARNING: [filemgmt 56-199] Attempt to get parsing info during refresh. "On-the-fly" syntax checking information may be incorrect. [/home/omer-ahin/STAJ/pwm/pwm.srcs/sim_1/new/tb_spi.sv:]
WARNING: [filemgmt 56-199] Attempt to get parsing info during refresh. "On-the-fly" syntax checking information may be incorrect. [/home/omer-ahin/STAJ/pwm/pwm.srcs/sim_1/new/tb_spi.sv:]
launch_simulation
Command: launch_simulation  -mode behavioral
INFO: [Vivado 12-25911] Executing simulation for 'XSim' simulator
INFO: [Project 1-5737] Running on host omer-ahin-ASUS (64) - Ubuntu 24.04.4 LTS
INFO: [Vivado 12-28535] Process started - Tue Jul 14 13:25:02 2026

INFO: [Vivado 12-12493] Simulation top is 'tb_spi'
INFO: [Vivado 12-5682] Launching behavioral simulation in '/home/omer-ahin/STAJ/pwm/pwm.sim/sim_1/behav/xsim'
INFO: [SIM-utils-51] Simulation object is 'sim_1'
INFO: [SIM-utils-72] Using boost library from '/tools/Xilinx/2026.1/tps/boost_1_72_0'
INFO: [SIM-utils-54] Inspecting design source files for 'tb_spi' in fileset 'sim_1'...
INFO: [USF-XSim-97] Finding global include files...
INFO: [USF-XSim-98] Fetching design files from 'sim_1'...
INFO: [USF-XSim-2] XSim::Compile design
INFO: [USF-XSim-61] Executing 'COMPILE and ANALYZE' step in '/home/omer-ahin/STAJ/pwm/pwm.sim/sim_1/behav/xsim'
xvlog --incr --relax -L uvm -prj tb_spi_vlog.prj
INFO: [VRFC 10-2263] Analyzing SystemVerilog file "/home/omer-ahin/STAJ/pwm/pwm.srcs/sim_1/new/tb_spi.sv" into library xil_defaultlib
INFO: [VRFC 10-311] analyzing module tb_spi
xvhdl --incr --relax -prj tb_spi_vhdl.prj
Waiting for jobs to finish...
No pending jobs, compilation finished.
INFO: [USF-XSim-69] 'compile' step finished in '2' seconds
INFO: [USF-XSim-3] XSim::Elaborate design
INFO: [USF-XSim-61] Executing 'ELABORATE' step in '/home/omer-ahin/STAJ/pwm/pwm.sim/sim_1/behav/xsim'
xelab --incr --debug typical --relax --mt 8 -L xil_defaultlib -L uvm -L unisims_ver -L unimacro_ver -L secureip --snapshot tb_spi_behav xil_defaultlib.tb_spi xil_defaultlib.glbl -log elaborate.log
Vivado Simulator v2026.1
Copyright 1986-2022 Xilinx, Inc. All Rights Reserved.
Copyright 2022-2026 Advanced Micro Devices, Inc. All Rights Reserved.
Running: /tools/Xilinx/2026.1/Vivado/bin/unwrapped/lnx64.o/xelab --incr --debug typical --relax --mt 8 -L xil_defaultlib -L uvm -L unisims_ver -L unimacro_ver -L secureip --snapshot tb_spi_behav xil_defaultlib.tb_spi xil_defaultlib.glbl -log elaborate.log 
INFO: [XSIM 43-3493] Using 8 slave threads.
WARNING: [XSIM 43-3431] One or more environment variables have been detected which affect the operation of the C compiler. These are typically not set in standard installations and are not tested by AMD, however they may be appropriate for your system, so the flow will attempt to continue.  If errors occur, try running xelab with the "-mt off -v 1" switches to see more information from the C compiler. The following environment variables have been detected:
    LIBRARY_PATH
Starting static elaboration
Pass Through NonSizing Optimizer
Completed static elaboration
Starting simulation data flow analysis
Completed simulation data flow analysis
Time Resolution for simulation is 1ps
Compiling package std.standard
Compiling package std.textio
Compiling package ieee.std_logic_1164
Compiling package ieee.math_real
Compiling package ieee.numeric_std
Compiling architecture behavioral of entity xil_defaultlib.Spi_Mode_3 [spi_mode_3_default]
Compiling module xil_defaultlib.tb_spi
Compiling module xil_defaultlib.glbl
Built simulation snapshot tb_spi_behav
INFO: [USF-XSim-69] 'elaborate' step finished in '2' seconds
INFO: [USF-XSim-4] XSim::Simulate design
INFO: [USF-XSim-61] Executing 'SIMULATE' step in '/home/omer-ahin/STAJ/pwm/pwm.sim/sim_1/behav/xsim'
INFO: [USF-XSim-98] *** Running xsim
   with args "tb_spi_behav -key {Behavioral:sim_1:Functional:tb_spi} -tclbatch {tb_spi.tcl} -log {simulate.log}"
INFO: [USF-XSim-8] Loading simulator feature
Time resolution is 1 ps
source tb_spi.tcl
# set curr_wave [current_wave_config]
# if { [string length $curr_wave] == 0 } {
#   if { [llength [get_objects]] > 0} {
#     add_wave /
#     set_property needs_save false [current_wave_config]
#   } else {
#      send_msg_id Add_Wave-1 WARNING "No top level signals found. Simulator will start without a wave window. If you want to open a wave window go to 'File->New Waveform Configuration' or type 'create_wave_config' in the TCL console."
#   }
# }
# run 1000ns

========================================
    SPI Mode 3 Testbench (SystemVerilog)
========================================
CLK Frequency:  50 MHz
SPI Frequency:  5 MHz
Data Width:     8 bits
Mode:           3 (CPOL=1, CPHA=1)
========================================

[0] Asserting reset...
[400000] Reset complete

--- Test 1 ---
[400000] Sending: 0xbb, Expecting RX: 0xaa
INFO: [USF-XSim-96] XSim completed. Design snapshot 'tb_spi_behav' loaded.
INFO: [USF-XSim-97] XSim simulation ran for 1000ns
launch_simulation: Time (s): cpu = 00:00:08 ; elapsed = 00:00:06 . Memory (MB): peak = 11152.609 ; gain = 15.008 ; free physical = 18450 ; free virtual = 31984
restart
INFO: [Wavedata 42-604] Simulation restarted
run -all

========================================
    SPI Mode 3 Testbench (SystemVerilog)
========================================
CLK Frequency:  50 MHz
SPI Frequency:  5 MHz
Data Width:     8 bits
Mode:           3 (CPOL=1, CPHA=1)
========================================

[0] Asserting reset...
[400000] Reset complete

--- Test 1 ---
[400000] Sending: 0xbb, Expecting RX: 0xaa
[2160000] ✓ PASS: RX Data = 0xaa (correct)
[2160000] MOSI sent: 0xbb

--- Test 2 ---
[2660000] Sending: 0x55, Expecting RX: 0x33
[4420000] ✓ PASS: RX Data = 0x33 (correct)
[4420000] MOSI sent: 0x55

--- Test 3 ---
[4920000] Sending: 0xff, Expecting RX: 0xff
[6680000] ✓ PASS: RX Data = 0xff (correct)
[6680000] MOSI sent: 0xff

--- Test 4 ---
[7180000] Sending: 0x00, Expecting RX: 0x00
[8940000] ✓ PASS: RX Data = 0x00 (correct)
[8940000] MOSI sent: 0x00

--- Test 5 ---
[9440000] Sending: 0xaa, Expecting RX: 0x55
[11200000] ✓ PASS: RX Data = 0x55 (correct)
[11200000] MOSI sent: 0xaa


========================================
           FINAL TEST REPORT
========================================
Total Tests:  5
Passed:       5
Failed:       0
Status:       ✓ ALL TESTS PASSED
========================================

$finish called at time : 12700 ns : File "/home/omer-ahin/STAJ/pwm/pwm.srcs/sim_1/new/tb_spi.sv" Line 187
