INFO     : Efinix FPGA Synthesis.
INFO     : Version: 2025.2.288.2.10
INFO     : Compiled: Dec 18 2025.
INFO     : 
INFO     : Copyright (C) 2013 - 2025 Efinix, Inc. All rights reserved.

INFO     : Reading project database "/home/omer-ahin/STAJ/T8F81/T8F81.xml" [FlowMsg::ProjectDatabaseReading]
INFO     : Analyzing Verilog file '/home/omer-ahin/Downloads/efinity/2025.2/sim_models/maplib/efinix_peri_lib.v' [VERI-1482]
INFO     : /home/omer-ahin/Downloads/efinity/2025.2/sim_models/maplib/efinix_peri_lib.v(8): compiling module 'EFX_IBUF' [VERI-1018]
INFO     : /home/omer-ahin/Downloads/efinity/2025.2/sim_models/maplib/efinix_peri_lib.v(16): compiling module 'EFX_OBUF' [VERI-1018]
INFO     : /home/omer-ahin/Downloads/efinity/2025.2/sim_models/maplib/efinix_peri_lib.v(23): compiling module 'EFX_IO_BUF' [VERI-1018]
INFO     : /home/omer-ahin/Downloads/efinity/2025.2/sim_models/maplib/efinix_peri_lib.v(33): compiling module 'EFX_CLKOUT' [VERI-1018]
INFO     : /home/omer-ahin/Downloads/efinity/2025.2/sim_models/maplib/efinix_peri_lib.v(41): compiling module 'EFX_IREG' [VERI-1018]
INFO     : /home/omer-ahin/Downloads/efinity/2025.2/sim_models/maplib/efinix_peri_lib.v(51): compiling module 'EFX_OREG' [VERI-1018]
INFO     : /home/omer-ahin/Downloads/efinity/2025.2/sim_models/maplib/efinix_peri_lib.v(60): compiling module 'EFX_IOREG' [VERI-1018]
INFO     : /home/omer-ahin/Downloads/efinity/2025.2/sim_models/maplib/efinix_peri_lib.v(75): compiling module 'EFX_IDDIO' [VERI-1018]
INFO     : /home/omer-ahin/Downloads/efinity/2025.2/sim_models/maplib/efinix_peri_lib.v(87): compiling module 'EFX_ODDIO' [VERI-1018]
INFO     : /home/omer-ahin/Downloads/efinity/2025.2/sim_models/maplib/efinix_peri_lib.v(99): compiling module 'EFX_GPIO_V1' [VERI-1018]
INFO     : /home/omer-ahin/Downloads/efinity/2025.2/sim_models/maplib/efinix_peri_lib.v(124): compiling module 'EFX_GPIO_V2' [VERI-1018]
INFO     : /home/omer-ahin/Downloads/efinity/2025.2/sim_models/maplib/efinix_peri_lib.v(149): compiling module 'EFX_GPIO_V3' [VERI-1018]
INFO     : /home/omer-ahin/Downloads/efinity/2025.2/sim_models/maplib/efinix_peri_lib.v(186): compiling module 'EFX_PLL_V1' [VERI-1018]
INFO     : /home/omer-ahin/Downloads/efinity/2025.2/sim_models/maplib/efinix_peri_lib.v(205): compiling module 'EFX_PLL_V2' [VERI-1018]
INFO     : /home/omer-ahin/Downloads/efinity/2025.2/sim_models/maplib/efinix_peri_lib.v(231): compiling module 'EFX_PLL_V3' [VERI-1018]
INFO     : /home/omer-ahin/Downloads/efinity/2025.2/sim_models/maplib/efinix_peri_lib.v(279): compiling module 'EFX_OSC_V1' [VERI-1018]
INFO     : /home/omer-ahin/Downloads/efinity/2025.2/sim_models/maplib/efinix_peri_lib.v(285): compiling module 'EFX_OSC_V3' [VERI-1018]
INFO     : /home/omer-ahin/Downloads/efinity/2025.2/sim_models/maplib/efinix_peri_lib.v(294): compiling module 'EFX_FPLL_V1' [VERI-1018]
INFO     : /home/omer-ahin/Downloads/efinity/2025.2/sim_models/maplib/efinix_peri_lib.v(348): compiling module 'EFX_JTAG_V1' [VERI-1018]
INFO     : /home/omer-ahin/Downloads/efinity/2025.2/sim_models/maplib/efinix_peri_lib.v(357): compiling module 'EFX_JTAG_CTRL' [VERI-1018]
INFO     : /home/omer-ahin/Downloads/efinity/2025.2/sim_models/maplib/efinix_peri_lib.v(364): compiling module 'EFX_LVDS_RX_V1' [VERI-1018]
INFO     : /home/omer-ahin/Downloads/efinity/2025.2/sim_models/maplib/efinix_peri_lib.v(381): compiling module 'EFX_LVDS_TX_V1' [VERI-1018]
INFO     : /home/omer-ahin/Downloads/efinity/2025.2/sim_models/maplib/efinix_peri_lib.v(399): compiling module 'EFX_LVDS_RX_V2' [VERI-1018]
INFO     : /home/omer-ahin/Downloads/efinity/2025.2/sim_models/maplib/efinix_peri_lib.v(426): compiling module 'EFX_LVDS_TX_V2' [VERI-1018]
INFO     : /home/omer-ahin/Downloads/efinity/2025.2/sim_models/maplib/efinix_peri_lib.v(446): compiling module 'EFX_LVDS_BIDIR_V2' [VERI-1018]
INFO     : /home/omer-ahin/Downloads/efinity/2025.2/sim_models/maplib/efinix_peri_lib.v(485): compiling module 'EFX_MIPI_TX_LN_V1' [VERI-1018]
INFO     : /home/omer-ahin/Downloads/efinity/2025.2/sim_models/maplib/efinix_peri_lib.v(508): compiling module 'EFX_MIPI_RX_LN_V1' [VERI-1018]
INFO     : /home/omer-ahin/Downloads/efinity/2025.2/sim_models/maplib/efinix_peri_lib.v(543): compiling module 'EFX_MIPI_RX_CLK_LN_V1' [VERI-1018]
INFO     : Reading project database "/home/omer-ahin/STAJ/T8F81/T8F81.xml" [FlowMsg::ProjectDatabaseReading]
INFO     : ***** Beginning Analysis ... *****
INFO     : default VHDL library search path is now "/home/omer-ahin/Downloads/efinity/2025.2/sim_models/vhdl/packages/vhdl_2008" [VHDL-1504]
INFO     : Analyzing Verilog file '/home/omer-ahin/Downloads/efinity/2025.2/sim_models/maplib/efinix_maplib.v' [VERI-1482]
INFO     : Analyzing Verilog file '/home/omer-ahin/Downloads/efinity/2025.2/sim_models/maplib/efinix_peri_lib.v' [VERI-1482]
INFO     : Analyzing Verilog file '/home/omer-ahin/Downloads/efinity/2025.2/sim_models/maplib/efinix_maplib.v' [VERI-1482]
INFO     : Analyzing Verilog file '/home/omer-ahin/Downloads/efinity/2025.2/sim_models/maplib/efinix_peri_lib.v' [VERI-1482]
INFO     : Analyzing Verilog file '/home/omer-ahin/STAJ/T8F81/ip/soc/soc.v' [VERI-1482]
INFO     : Analyzing Verilog file '/home/omer-ahin/STAJ/T8F81/top.v' [VERI-1482]
INFO     : Analysis took 0.051369601 seconds [FlowMsg::StageDuration]
INFO     :     Analysis took 0.05 seconds (approximately) in total CPU time [FlowMsg::StageDuration::CPUTime]
INFO     : Analysis virtual memory usage: begin = 131.664 MB, end = 135.76 MB, delta = 4.096 MB [FlowMsg::VMUsage]
INFO     : Analysis resident set memory usage: begin = 73.9 MB, end = 78.724 MB, delta = 4.824 MB [FlowMsg::RSSUsage]
INFO     :     Analysis peak resident set memory usage = 295.604 MB [FlowMsg::RSSUsage::Peak]
INFO     : ***** Ending Analysis ... *****
INFO     : ***** Beginning Elaboration ... *****
WARNING  : /home/omer-ahin/STAJ/T8F81/top.v(107): port 'userInterruptA' is not connected on this instance [VERI-2435]
WARNING  : /home/omer-ahin/STAJ/T8F81/top.v(107): port 'io_apbSlave_0_PADDR' remains unconnected for this instance [VERI-1927]
INFO     : /home/omer-ahin/STAJ/T8F81/top.v(20): compiling module 'top_soc' [VERI-1018]
INFO     : /home/omer-ahin/STAJ/T8F81/ip/soc/soc.v(49): compiling module 'soc' [VERI-1018]
INFO     : /home/omer-ahin/STAJ/T8F81/ip/soc/soc.v(141): compiling module 'EfxSapphireSoc_d2361a03f8b148a586ba240a89df7322' [VERI-1018]
INFO     : /home/omer-ahin/STAJ/T8F81/ip/soc/soc.v(10432): compiling module 'BufferCC_2_d2361a03f8b148a586ba240a89df7322' [VERI-1018]
INFO     : /home/omer-ahin/STAJ/T8F81/ip/soc/soc.v(10408): compiling module 'BufferCC_3_d2361a03f8b148a586ba240a89df7322' [VERI-1018]
INFO     : /home/omer-ahin/STAJ/T8F81/ip/soc/soc.v(5889): compiling module 'VexRiscv_d2361a03f8b148a586ba240a89df7322' [VERI-1018]
INFO     : /home/omer-ahin/STAJ/T8F81/ip/soc/soc.v(7028): extracting RAM for identifier 'RegFilePlugin_regFile' [VERI-2571]
INFO     : /home/omer-ahin/STAJ/T8F81/ip/soc/soc.v(11896): compiling module 'StreamFifoLowLatency_d2361a03f8b148a586ba240a89df7322' [VERI-1018]
INFO     : /home/omer-ahin/STAJ/T8F81/ip/soc/soc.v(12503): compiling module 'StreamFifo_d2361a03f8b148a586ba240a89df7322' [VERI-1018]
INFO     : /home/omer-ahin/STAJ/T8F81/ip/soc/soc.v(12687): compiling module 'EfxCPUSp1_d2361a03f8b148a586ba240a89df7322' [VERI-1018]
INFO     : /home/omer-ahin/STAJ/T8F81/ip/soc/soc.v(12758): compiling module 'EfxCPUSp2_d2361a03f8b148a586ba240a89df7322' [VERI-1018]
WARNING  : /home/omer-ahin/STAJ/T8F81/ip/soc/soc.v(6514): net 'IBusSimplePlugin_rspJoin_fetchRsp_isRvc' does not have a driver [VDB-1002]
WARNING  : /home/omer-ahin/STAJ/T8F81/ip/soc/soc.v(6603): net 'CsrPlugin_mtvec_mode[1]' does not have a driver [VDB-1002]
INFO     : /home/omer-ahin/STAJ/T8F81/ip/soc/soc.v(5870): compiling module 'BufferCC_4_d2361a03f8b148a586ba240a89df7322' [VERI-1018]
INFO     : /home/omer-ahin/STAJ/T8F81/ip/soc/soc.v(5657): compiling module 'JtagBridgeNoTap_d2361a03f8b148a586ba240a89df7322' [VERI-1018]
INFO     : /home/omer-ahin/STAJ/T8F81/ip/soc/soc.v(11824): compiling module 'FlowCCUnsafeByToggle_d2361a03f8b148a586ba240a89df7322' [VERI-1018]
WARNING  : /home/omer-ahin/STAJ/T8F81/ip/soc/soc.v(11857): system function call 'urandom' is not supported [VERI-1141]
WARNING  : /home/omer-ahin/STAJ/T8F81/ip/soc/soc.v(11858): system function call 'urandom' is not supported [VERI-1141]
INFO     : /home/omer-ahin/STAJ/T8F81/ip/soc/soc.v(12477): compiling module 'BufferCC_d2361a03f8b148a586ba240a89df7322' [VERI-1018]
WARNING  : /home/omer-ahin/STAJ/T8F81/ip/soc/soc.v(12489): system function call 'urandom' is not supported [VERI-1141]
WARNING  : /home/omer-ahin/STAJ/T8F81/ip/soc/soc.v(12490): system function call 'urandom' is not supported [VERI-1141]
INFO     : /home/omer-ahin/STAJ/T8F81/ip/soc/soc.v(5570): compiling module 'SystemDebugger_d2361a03f8b148a586ba240a89df7322' [VERI-1018]
INFO     : /home/omer-ahin/STAJ/T8F81/ip/soc/soc.v(5546): compiling module 'BufferCC_6_d2361a03f8b148a586ba240a89df7322' [VERI-1018]
INFO     : /home/omer-ahin/STAJ/T8F81/ip/soc/soc.v(5410): compiling module 'BmbArbiter_d2361a03f8b148a586ba240a89df7322' [VERI-1018]
INFO     : /home/omer-ahin/STAJ/T8F81/ip/soc/soc.v(11727): compiling module 'StreamArbiter_d2361a03f8b148a586ba240a89df7322' [VERI-1018]
INFO     : /home/omer-ahin/STAJ/T8F81/ip/soc/soc.v(5370): compiling module 'BmbDecoder_d2361a03f8b148a586ba240a89df7322' [VERI-1018]
INFO     : /home/omer-ahin/STAJ/T8F81/ip/soc/soc.v(5115): compiling module 'BmbDecoder_1_d2361a03f8b148a586ba240a89df7322' [VERI-1018]
INFO     : /home/omer-ahin/STAJ/T8F81/ip/soc/soc.v(4961): compiling module 'BmbDecoder_2_d2361a03f8b148a586ba240a89df7322' [VERI-1018]
INFO     : /home/omer-ahin/STAJ/T8F81/ip/soc/soc.v(4846): compiling module 'BmbOnChipRam_d2361a03f8b148a586ba240a89df7322' [VERI-1018]
INFO     : /home/omer-ahin/STAJ/T8F81/ip/soc/soc.v(4881): extracting RAM for identifier 'ram_symbol0' [VERI-2571]
INFO     : /home/omer-ahin/STAJ/T8F81/ip/soc/soc.v(4882): extracting RAM for identifier 'ram_symbol1' [VERI-2571]
INFO     : /home/omer-ahin/STAJ/T8F81/ip/soc/soc.v(4883): extracting RAM for identifier 'ram_symbol2' [VERI-2571]
INFO     : /home/omer-ahin/STAJ/T8F81/ip/soc/soc.v(4884): extracting RAM for identifier 'ram_symbol3' [VERI-2571]
INFO     : /home/omer-ahin/STAJ/T8F81/ip/soc/soc.v(4355): compiling module 'BmbDecoder_3_d2361a03f8b148a586ba240a89df7322' [VERI-1018]
INFO     : /home/omer-ahin/STAJ/T8F81/ip/soc/soc.v(4164): compiling module 'BmbClint_d2361a03f8b148a586ba240a89df7322' [VERI-1018]
INFO     : /home/omer-ahin/STAJ/T8F81/ip/soc/soc.v(3665): compiling module 'BmbUartCtrl_d2361a03f8b148a586ba240a89df7322' [VERI-1018]
INFO     : /home/omer-ahin/STAJ/T8F81/ip/soc/soc.v(11598): compiling module 'UartCtrl_d2361a03f8b148a586ba240a89df7322' [VERI-1018]
INFO     : /home/omer-ahin/STAJ/T8F81/ip/soc/soc.v(12237): compiling module 'UartCtrlTx_d2361a03f8b148a586ba240a89df7322' [VERI-1018]
INFO     : /home/omer-ahin/STAJ/T8F81/ip/soc/soc.v(11943): compiling module 'UartCtrlRx_d2361a03f8b148a586ba240a89df7322' [VERI-1018]
INFO     : /home/omer-ahin/STAJ/T8F81/ip/soc/soc.v(12663): compiling module 'BufferCC_1_d2361a03f8b148a586ba240a89df7322' [VERI-1018]
INFO     : /home/omer-ahin/STAJ/T8F81/ip/soc/soc.v(11444): compiling module 'StreamFifo_1_d2361a03f8b148a586ba240a89df7322' [VERI-1018]
INFO     : /home/omer-ahin/STAJ/T8F81/ip/soc/soc.v(11492): extracting RAM for identifier 'logic_ram' [VERI-2571]
INFO     : /home/omer-ahin/STAJ/T8F81/ip/soc/soc.v(3179): compiling module 'BmbSpiXdrMasterCtrl_d2361a03f8b148a586ba240a89df7322' [VERI-1018]
INFO     : /home/omer-ahin/STAJ/T8F81/ip/soc/soc.v(10795): compiling module 'TopLevel_d2361a03f8b148a586ba240a89df7322' [VERI-1018]
INFO     : /home/omer-ahin/STAJ/T8F81/ip/soc/soc.v(10610): compiling module 'StreamFifo_3_d2361a03f8b148a586ba240a89df7322' [VERI-1018]
INFO     : /home/omer-ahin/STAJ/T8F81/ip/soc/soc.v(10675): extracting RAM for identifier 'logic_ram' [VERI-2571]
INFO     : /home/omer-ahin/STAJ/T8F81/ip/soc/soc.v(10456): compiling module 'StreamFifo_4_d2361a03f8b148a586ba240a89df7322' [VERI-1018]
INFO     : /home/omer-ahin/STAJ/T8F81/ip/soc/soc.v(10504): extracting RAM for identifier 'logic_ram' [VERI-2571]
INFO     : /home/omer-ahin/STAJ/T8F81/ip/soc/soc.v(2878): compiling module 'BmbGpio2_d2361a03f8b148a586ba240a89df7322' [VERI-1018]
INFO     : /home/omer-ahin/STAJ/T8F81/ip/soc/soc.v(2716): compiling module 'BmbToApb3Bridge_d2361a03f8b148a586ba240a89df7322' [VERI-1018]
WARNING  : /home/omer-ahin/STAJ/T8F81/top.v(103): actual bit length 8 differs from formal bit length 4 for port 'system_gpio_0_io_writeEnable' [VERI-1330]
WARNING  : /home/omer-ahin/STAJ/T8F81/top.v(104): actual bit length 8 differs from formal bit length 4 for port 'system_gpio_0_io_write' [VERI-1330]
WARNING  : /home/omer-ahin/STAJ/T8F81/top.v(105): actual bit length 8 differs from formal bit length 4 for port 'system_gpio_0_io_read' [VERI-1330]
WARNING  : /home/omer-ahin/STAJ/T8F81/top.v(72): input port 'jtagCtrl_update' remains unconnected for this instance [VDB-1053]
INFO     : Elaboration took 0.164151663 seconds [FlowMsg::StageDuration]
INFO     :     Elaboration took 0.15 seconds (approximately) in total CPU time [FlowMsg::StageDuration::CPUTime]
INFO     : Elaboration virtual memory usage: begin = 135.76 MB, end = 170.576 MB, delta = 34.816 MB [FlowMsg::VMUsage]
INFO     : Elaboration resident set memory usage: begin = 78.912 MB, end = 115.172 MB, delta = 36.26 MB [FlowMsg::RSSUsage]
INFO     :     Elaboration peak resident set memory usage = 295.604 MB [FlowMsg::RSSUsage::Peak]
INFO     : ***** Ending Elaboration ... *****
INFO     : ... Setting Synthesis Option: mode=speed
INFO     : ***** Beginning Reading Mapping Library ... *****
INFO     : Analyzing Verilog file '/home/omer-ahin/Downloads/efinity/2025.2/sim_models/maplib/efinix_maplib.v' [VERI-1482]
INFO     : /home/omer-ahin/Downloads/efinity/2025.2/sim_models/maplib/efinix_maplib.v(8): compiling module 'EFX_ADD' [VERI-1018]
INFO     : /home/omer-ahin/Downloads/efinity/2025.2/sim_models/maplib/efinix_maplib.v(21): compiling module 'EFX_FF' [VERI-1018]
INFO     : /home/omer-ahin/Downloads/efinity/2025.2/sim_models/maplib/efinix_maplib.v(38): compiling module 'EFX_COMB4' [VERI-1018]
INFO     : /home/omer-ahin/Downloads/efinity/2025.2/sim_models/maplib/efinix_maplib.v(48): compiling module 'EFX_GBUFCE' [VERI-1018]
INFO     : /home/omer-ahin/Downloads/efinity/2025.2/sim_models/maplib/efinix_maplib.v(57): compiling module 'EFX_LUT4' [VERI-1018]
INFO     : /home/omer-ahin/Downloads/efinity/2025.2/sim_models/maplib/efinix_maplib.v(65): compiling module 'EFX_MULT' [VERI-1018]
INFO     : /home/omer-ahin/Downloads/efinity/2025.2/sim_models/maplib/efinix_maplib.v(100): compiling module 'EFX_DSP48' [VERI-1018]
INFO     : /home/omer-ahin/Downloads/efinity/2025.2/sim_models/maplib/efinix_maplib.v(156): compiling module 'EFX_DSP24' [VERI-1018]
INFO     : /home/omer-ahin/Downloads/efinity/2025.2/sim_models/maplib/efinix_maplib.v(209): compiling module 'EFX_DSP12' [VERI-1018]
INFO     : /home/omer-ahin/Downloads/efinity/2025.2/sim_models/maplib/efinix_maplib.v(262): compiling module 'EFX_RAM_4K' [VERI-1018]
INFO     : /home/omer-ahin/Downloads/efinity/2025.2/sim_models/maplib/efinix_maplib.v(322): compiling module 'EFX_RAM_5K' [VERI-1018]
INFO     : /home/omer-ahin/Downloads/efinity/2025.2/sim_models/maplib/efinix_maplib.v(394): compiling module 'EFX_DPRAM_5K' [VERI-1018]
INFO     : /home/omer-ahin/Downloads/efinity/2025.2/sim_models/maplib/efinix_maplib.v(499): compiling module 'RAMB5' [VERI-1018]
INFO     : /home/omer-ahin/Downloads/efinity/2025.2/sim_models/maplib/efinix_maplib.v(561): compiling module 'EFX_RAM_10K' [VERI-1018]
INFO     : /home/omer-ahin/Downloads/efinity/2025.2/sim_models/maplib/efinix_maplib.v(653): compiling module 'EFX_RAM10' [VERI-1018]
INFO     : /home/omer-ahin/Downloads/efinity/2025.2/sim_models/maplib/efinix_maplib.v(754): compiling module 'EFX_DPRAM10' [VERI-1018]
INFO     : /home/omer-ahin/Downloads/efinity/2025.2/sim_models/maplib/efinix_maplib.v(884): compiling module 'EFX_SRL8' [VERI-1018]
INFO     : Reading Mapping Library took 0.009489501 seconds [FlowMsg::StageDuration]
INFO     :     Reading Mapping Library took 0.01 seconds (approximately) in total CPU time [FlowMsg::StageDuration::CPUTime]
INFO     : Reading Mapping Library virtual memory usage: begin = 177.736 MB, end = 177.736 MB, delta = 0 MB [FlowMsg::VMUsage]
INFO     : Reading Mapping Library resident set memory usage: begin = 123.308 MB, end = 123.308 MB, delta = 0 MB [FlowMsg::RSSUsage]
INFO     :     Reading Mapping Library peak resident set memory usage = 295.604 MB [FlowMsg::RSSUsage::Peak]
INFO     : ***** Ending Reading Mapping Library ... *****
INFO     : ... Pre-synthesis checks begin
WARNING  : Removing redundant signal : src2[31]. (/home/omer-ahin/STAJ/T8F81/ip/soc/soc.v:12761) [EFX-0200]
WARNING  : Removing redundant signal : src2[30]. (/home/omer-ahin/STAJ/T8F81/ip/soc/soc.v:12761) [EFX-0200]
WARNING  : Removing redundant signal : src2[29]. (/home/omer-ahin/STAJ/T8F81/ip/soc/soc.v:12761) [EFX-0200]
WARNING  : Removing redundant signal : src2[28]. (/home/omer-ahin/STAJ/T8F81/ip/soc/soc.v:12761) [EFX-0200]
WARNING  : Removing redundant signal : src2[27]. (/home/omer-ahin/STAJ/T8F81/ip/soc/soc.v:12761) [EFX-0200]
WARNING  : Removing redundant signal : src2[26]. (/home/omer-ahin/STAJ/T8F81/ip/soc/soc.v:12761) [EFX-0200]
WARNING  : Removing redundant signal : src2[25]. (/home/omer-ahin/STAJ/T8F81/ip/soc/soc.v:12761) [EFX-0200]
WARNING  : Removing redundant signal : src2[24]. (/home/omer-ahin/STAJ/T8F81/ip/soc/soc.v:12761) [EFX-0200]
WARNING  : Removing redundant signal : src2[23]. (/home/omer-ahin/STAJ/T8F81/ip/soc/soc.v:12761) [EFX-0200]
WARNING  : Removing redundant signal : src2[22]. (/home/omer-ahin/STAJ/T8F81/ip/soc/soc.v:12761) [EFX-0200]
WARNING  : Removing redundant signal : src2[21]. (/home/omer-ahin/STAJ/T8F81/ip/soc/soc.v:12761) [EFX-0200]
WARNING  : Removing redundant signal : src2[20]. (/home/omer-ahin/STAJ/T8F81/ip/soc/soc.v:12761) [EFX-0200]
WARNING  : Removing redundant signal : src2[19]. (/home/omer-ahin/STAJ/T8F81/ip/soc/soc.v:12761) [EFX-0200]
WARNING  : Removing redundant signal : src2[18]. (/home/omer-ahin/STAJ/T8F81/ip/soc/soc.v:12761) [EFX-0200]
WARNING  : Removing redundant signal : src2[17]. (/home/omer-ahin/STAJ/T8F81/ip/soc/soc.v:12761) [EFX-0200]
WARNING  : Removing redundant signal : src2[16]. (/home/omer-ahin/STAJ/T8F81/ip/soc/soc.v:12761) [EFX-0200]
WARNING  : Removing redundant signal : src2[15]. (/home/omer-ahin/STAJ/T8F81/ip/soc/soc.v:12761) [EFX-0200]
WARNING  : Removing redundant signal : src2[14]. (/home/omer-ahin/STAJ/T8F81/ip/soc/soc.v:12761) [EFX-0200]
WARNING  : Removing redundant signal : src2[13]. (/home/omer-ahin/STAJ/T8F81/ip/soc/soc.v:12761) [EFX-0200]
WARNING  : Removing redundant signal : src2[12]. (/home/omer-ahin/STAJ/T8F81/ip/soc/soc.v:12761) [EFX-0200]
WARNING  : (The above message was generated too many times, subsequent similar messages will be muted.) [EFX-0200]
INFO     : Module Instance 'IBusSimplePlugin_rspJoin_rspBuffer_c' input pin 'io_flush' is tied to constant (=0). [EFX-0266]
WARNING  : Re-wiring to GND non-driven net 'IBusSimplePlugin_rspJoin_fetchRsp_isRvc'. (/home/omer-ahin/STAJ/T8F81/ip/soc/soc.v:6514) [EFX-0201]
WARNING  : Re-wiring to GND non-driven net 'CsrPlugin_mtvec_mode[1]'. (/home/omer-ahin/STAJ/T8F81/ip/soc/soc.v:6603) [EFX-0201]
WARNING  : Re-wiring to GND non-driven net 'CsrPlugin_mtvec_mode[0]'. (/home/omer-ahin/STAJ/T8F81/ip/soc/soc.v:6603) [EFX-0201]
INFO     : ... Memory 'RegFilePlugin_regFile' is not initialized, assuming empty initial contents. (/home/omer-ahin/STAJ/T8F81/ip/soc/soc.v:7028) [EFX-0677]
INFO     : Module Instance 'memory_arbiter' input pin 'io_inputs_0_payload_fragment_source[0]' is tied to constant (=0). [EFX-0266]
INFO     : Module Instance 'memory_arbiter' input pin 'io_inputs_1_payload_fragment_source[0]' is tied to constant (=0). [EFX-0266]
INFO     : Module Instance 'memory_arbiter' input pin 'io_inputs_1_payload_fragment_context[0]' is tied to constant (=0). [EFX-0266]
INFO     : Module Instance 'tx' input pin 'io_cts' is tied to constant (=0). [EFX-0266]
INFO     : ... Memory 'logic_ram' is not initialized, assuming empty initial contents. (/home/omer-ahin/STAJ/T8F81/ip/soc/soc.v:11492) [EFX-0677]
INFO     : Module Instance 'bridge_write_streamUnbuffered_queueWithOccupancy' input pin 'io_flush' is tied to constant (=0). [EFX-0266]
INFO     : Module Instance 'uartCtrl_1_io_read_queueWithOccupancy' input pin 'io_flush' is tied to constant (=0). [EFX-0266]
INFO     : ... Memory 'logic_ram' is not initialized, assuming empty initial contents. (/home/omer-ahin/STAJ/T8F81/ip/soc/soc.v:10675) [EFX-0677]
INFO     : ... Memory 'logic_ram' is not initialized, assuming empty initial contents. (/home/omer-ahin/STAJ/T8F81/ip/soc/soc.v:10504) [EFX-0677]
INFO     : Module Instance 'mapping_cmdLogic_streamUnbuffered_queueWithAvailability' input pin 'io_flush' is tied to constant (=0). [EFX-0266]
INFO     : Module Instance 'ctrl_io_rsp_queueWithOccupancy' input pin 'io_flush' is tied to constant (=0). [EFX-0266]
INFO     : Module Instance 'system_bridge_bmb_arbiter' input pin 'io_inputs_1_cmd_payload_fragment_data[0]' is tied to constant (=0). [EFX-0266]
INFO     : Module Instance 'system_bridge_bmb_arbiter' input pin 'io_inputs_1_cmd_payload_fragment_data[1]' is tied to constant (=0). [EFX-0266]
INFO     : Module Instance 'system_bridge_bmb_arbiter' input pin 'io_inputs_1_cmd_payload_fragment_data[2]' is tied to constant (=0). [EFX-0266]
INFO     : Module Instance 'system_bridge_bmb_arbiter' input pin 'io_inputs_1_cmd_payload_fragment_data[3]' is tied to constant (=0). [EFX-0266]
INFO     : Module Instance 'system_bridge_bmb_arbiter' input pin 'io_inputs_1_cmd_payload_fragment_data[4]' is tied to constant (=0). [EFX-0266]
INFO     : Module Instance 'system_bridge_bmb_arbiter' input pin 'io_inputs_1_cmd_payload_fragment_data[5]' is tied to constant (=0). [EFX-0266]
INFO     : Module Instance 'system_bridge_bmb_arbiter' input pin 'io_inputs_1_cmd_payload_fragment_data[6]' is tied to constant (=0). [EFX-0266]
INFO     : Module Instance 'system_bridge_bmb_arbiter' input pin 'io_inputs_1_cmd_payload_fragment_data[7]' is tied to constant (=0). [EFX-0266]
INFO     : Module Instance 'system_bridge_bmb_arbiter' input pin 'io_inputs_1_cmd_payload_fragment_data[8]' is tied to constant (=0). [EFX-0266]
INFO     : Module Instance 'system_bridge_bmb_arbiter' input pin 'io_inputs_1_cmd_payload_fragment_data[9]' is tied to constant (=0). [EFX-0266]
INFO     : Module Instance 'system_bridge_bmb_arbiter' input pin 'io_inputs_1_cmd_payload_fragment_data[10]' is tied to constant (=0). [EFX-0266]
INFO     : Module Instance 'system_bridge_bmb_arbiter' input pin 'io_inputs_1_cmd_payload_fragment_data[11]' is tied to constant (=0). [EFX-0266]
INFO     : Module Instance 'system_bridge_bmb_arbiter' input pin 'io_inputs_1_cmd_payload_fragment_data[12]' is tied to constant (=0). [EFX-0266]
INFO     : Module Instance 'system_bridge_bmb_arbiter' input pin 'io_inputs_1_cmd_payload_fragment_data[13]' is tied to constant (=0). [EFX-0266]
INFO     : Module Instance 'system_bridge_bmb_arbiter' input pin 'io_inputs_1_cmd_payload_fragment_data[14]' is tied to constant (=0). [EFX-0266]
INFO     : Module Instance 'system_bridge_bmb_arbiter' input pin 'io_inputs_1_cmd_payload_fragment_data[15]' is tied to constant (=0). [EFX-0266]
INFO     : Module Instance 'system_bridge_bmb_arbiter' input pin 'io_inputs_1_cmd_payload_fragment_data[16]' is tied to constant (=0). [EFX-0266]
INFO     : Module Instance 'system_bridge_bmb_arbiter' input pin 'io_inputs_1_cmd_payload_fragment_data[17]' is tied to constant (=0). [EFX-0266]
INFO     : Module Instance 'system_bridge_bmb_arbiter' input pin 'io_inputs_1_cmd_payload_fragment_data[18]' is tied to constant (=0). [EFX-0266]
INFO     : Module Instance 'system_bridge_bmb_arbiter' input pin 'io_inputs_1_cmd_payload_fragment_data[19]' is tied to constant (=0). [EFX-0266]
INFO     : Module Instance 'system_bridge_bmb_arbiter' input pin 'io_inputs_1_cmd_payload_fragment_data[20]' is tied to constant (=0). [EFX-0266]
INFO     : Module Instance 'system_bridge_bmb_arbiter' input pin 'io_inputs_1_cmd_payload_fragment_data[21]' is tied to constant (=0). [EFX-0266]
INFO     : Module Instance 'system_bridge_bmb_arbiter' input pin 'io_inputs_1_cmd_payload_fragment_data[22]' is tied to constant (=0). [EFX-0266]
INFO     : Module Instance 'system_bridge_bmb_arbiter' input pin 'io_inputs_1_cmd_payload_fragment_data[23]' is tied to constant (=0). [EFX-0266]
INFO     : Module Instance 'system_bridge_bmb_arbiter' input pin 'io_inputs_1_cmd_payload_fragment_data[24]' is tied to constant (=0). [EFX-0266]
INFO     : Module Instance 'system_bridge_bmb_arbiter' input pin 'io_inputs_1_cmd_payload_fragment_data[25]' is tied to constant (=0). [EFX-0266]
INFO     : Module Instance 'system_bridge_bmb_arbiter' input pin 'io_inputs_1_cmd_payload_fragment_data[26]' is tied to constant (=0). [EFX-0266]
INFO     : Module Instance 'system_bridge_bmb_arbiter' input pin 'io_inputs_1_cmd_payload_fragment_data[27]' is tied to constant (=0). [EFX-0266]
INFO     : Module Instance 'system_bridge_bmb_arbiter' input pin 'io_inputs_1_cmd_payload_fragment_data[28]' is tied to constant (=0). [EFX-0266]
INFO     : Module Instance 'system_bridge_bmb_arbiter' input pin 'io_inputs_1_cmd_payload_fragment_data[29]' is tied to constant (=0). [EFX-0266]
INFO     : Module Instance 'system_bridge_bmb_arbiter' input pin 'io_inputs_1_cmd_payload_fragment_data[30]' is tied to constant (=0). [EFX-0266]
INFO     : Module Instance 'system_bridge_bmb_arbiter' input pin 'io_inputs_1_cmd_payload_fragment_data[31]' is tied to constant (=0). [EFX-0266]
INFO     : Module Instance 'system_bridge_bmb_arbiter' input pin 'io_inputs_1_cmd_payload_fragment_mask[0]' is tied to constant (=0). [EFX-0266]
INFO     : Module Instance 'system_bridge_bmb_arbiter' input pin 'io_inputs_1_cmd_payload_fragment_mask[1]' is tied to constant (=0). [EFX-0266]
INFO     : Module Instance 'system_bridge_bmb_arbiter' input pin 'io_inputs_1_cmd_payload_fragment_mask[2]' is tied to constant (=0). [EFX-0266]
INFO     : Module Instance 'system_bridge_bmb_arbiter' input pin 'io_inputs_1_cmd_payload_fragment_mask[3]' is tied to constant (=0). [EFX-0266]
INFO     : Module Instance 'system_clint_logic' input pin 'io_stop' is tied to constant (=0). [EFX-0266]
WARNING  : Re-wiring to GND non-driven net 'soc_inst.jtagCtrl_update'. (/home/omer-ahin/STAJ/T8F81/top.v:72) [EFX-0201]
WARNING  : Re-wiring to GND non-driven net 'soc_inst.jtagCtrl_reset'. (/home/omer-ahin/STAJ/T8F81/top.v:72) [EFX-0201]
WARNING  : Re-wiring to GND non-driven net 'soc_inst.system_spi_0_io_data_2_read'. (/home/omer-ahin/STAJ/T8F81/top.v:72) [EFX-0201]
WARNING  : Re-wiring to GND non-driven net 'soc_inst.system_spi_0_io_data_3_read'. (/home/omer-ahin/STAJ/T8F81/top.v:72) [EFX-0201]
WARNING  : Re-wiring to GND non-driven net 'soc_inst.userInterruptA'. (/home/omer-ahin/STAJ/T8F81/top.v:72) [EFX-0201]
WARNING  : Re-wiring to GND non-driven net 'soc_inst.io_apbSlave_0_PRDATA[31]'. (/home/omer-ahin/STAJ/T8F81/top.v:72) [EFX-0201]
WARNING  : Re-wiring to GND non-driven net 'soc_inst.io_apbSlave_0_PRDATA[30]'. (/home/omer-ahin/STAJ/T8F81/top.v:72) [EFX-0201]
WARNING  : (The above message was generated too many times, subsequent similar messages will be muted.) [EFX-0201]
INFO     : ... Pre-synthesis checks end (Real time : 0s CPU user time : 0s CPU sys time : 0s MEM : 295604KB)
INFO     : ... NameSpace init begin
INFO     : ... NameSpace init end (Real time : 0s CPU user time : 0s CPU sys time : 0s MEM : 295604KB)
INFO     : ... Mapping design "top_soc"
INFO     : ... Hierarchical pre-synthesis "BufferCC_2_d2361a03f8b148a586ba240a89df7322" begin
INFO     : ... Hierarchical pre-synthesis "BufferCC_2_d2361a03f8b148a586ba240a89df7322" end (Real time : 0s CPU user time : 0s CPU sys time : 0s MEM : 295604KB)
INFO     : ... Hierarchical pre-synthesis "BufferCC_3_d2361a03f8b148a586ba240a89df7322" begin
INFO     : ... Hierarchical pre-synthesis "BufferCC_3_d2361a03f8b148a586ba240a89df7322" end (Real time : 0s CPU user time : 0s CPU sys time : 0s MEM : 295604KB)
INFO     : ... Hierarchical pre-synthesis "StreamFifo_d2361a03f8b148a586ba240a89df7322" begin
INFO     : ... Hierarchical pre-synthesis "StreamFifo_d2361a03f8b148a586ba240a89df7322" end (Real time : 0s CPU user time : 0s CPU sys time : 0s MEM : 295604KB)
INFO     : ... Hierarchical pre-synthesis "StreamFifoLowLatency_d2361a03f8b148a586ba240a89df7322" begin
INFO     : ... Hierarchical pre-synthesis "StreamFifoLowLatency_d2361a03f8b148a586ba240a89df7322" end (Real time : 0s CPU user time : 0s CPU sys time : 0s MEM : 295604KB)
INFO     : ... Hierarchical pre-synthesis "EfxCPUSp1_d2361a03f8b148a586ba240a89df7322" begin
INFO     : ... Hierarchical pre-synthesis "EfxCPUSp1_d2361a03f8b148a586ba240a89df7322" end (Real time : 0s CPU user time : 0s CPU sys time : 0s MEM : 295604KB)
INFO     : ... Hierarchical pre-synthesis "EfxCPUSp2_d2361a03f8b148a586ba240a89df7322" begin
INFO     : ... Hierarchical pre-synthesis "EfxCPUSp2_d2361a03f8b148a586ba240a89df7322" end (Real time : 0s CPU user time : 0s CPU sys time : 0s MEM : 295604KB)
INFO     : ... Hierarchical pre-synthesis "VexRiscv_d2361a03f8b148a586ba240a89df7322" begin
INFO     : ... Hierarchical pre-synthesis "VexRiscv_d2361a03f8b148a586ba240a89df7322" end (Real time : 0s CPU user time : 0s CPU sys time : 0s MEM : 295604KB)
INFO     : ... Hierarchical pre-synthesis "BufferCC_4_d2361a03f8b148a586ba240a89df7322" begin
INFO     : ... Hierarchical pre-synthesis "BufferCC_4_d2361a03f8b148a586ba240a89df7322" end (Real time : 0s CPU user time : 0s CPU sys time : 0s MEM : 295604KB)
INFO     : ... Hierarchical pre-synthesis "BufferCC_d2361a03f8b148a586ba240a89df7322" begin
INFO     : ... Hierarchical pre-synthesis "BufferCC_d2361a03f8b148a586ba240a89df7322" end (Real time : 0s CPU user time : 0s CPU sys time : 0s MEM : 295604KB)
INFO     : ... Hierarchical pre-synthesis "FlowCCUnsafeByToggle_d2361a03f8b148a586ba240a89df7322" begin
INFO     : ... Hierarchical pre-synthesis "FlowCCUnsafeByToggle_d2361a03f8b148a586ba240a89df7322" end (Real time : 0s CPU user time : 0s CPU sys time : 0s MEM : 295604KB)
INFO     : ... Hierarchical pre-synthesis "JtagBridgeNoTap_d2361a03f8b148a586ba240a89df7322" begin
INFO     : ... Hierarchical pre-synthesis "JtagBridgeNoTap_d2361a03f8b148a586ba240a89df7322" end (Real time : 0s CPU user time : 0s CPU sys time : 0s MEM : 295604KB)
INFO     : ... Hierarchical pre-synthesis "SystemDebugger_d2361a03f8b148a586ba240a89df7322" begin
INFO     : ... Hierarchical pre-synthesis "SystemDebugger_d2361a03f8b148a586ba240a89df7322" end (Real time : 0s CPU user time : 0s CPU sys time : 0s MEM : 295604KB)
INFO     : ... Hierarchical pre-synthesis "BufferCC_6_d2361a03f8b148a586ba240a89df7322" begin
INFO     : ... Hierarchical pre-synthesis "BufferCC_6_d2361a03f8b148a586ba240a89df7322" end (Real time : 0s CPU user time : 0s CPU sys time : 0s MEM : 295604KB)
INFO     : ... Hierarchical pre-synthesis "StreamArbiter_d2361a03f8b148a586ba240a89df7322" begin
INFO     : ... Hierarchical pre-synthesis "StreamArbiter_d2361a03f8b148a586ba240a89df7322" end (Real time : 0s CPU user time : 0s CPU sys time : 0s MEM : 295604KB)
INFO     : ... Hierarchical pre-synthesis "BmbArbiter_d2361a03f8b148a586ba240a89df7322" begin
INFO     : ... Hierarchical pre-synthesis "BmbArbiter_d2361a03f8b148a586ba240a89df7322" end (Real time : 0s CPU user time : 0s CPU sys time : 0s MEM : 295604KB)
INFO     : ... Hierarchical pre-synthesis "BmbDecoder_d2361a03f8b148a586ba240a89df7322" begin
INFO     : ... Hierarchical pre-synthesis "BmbDecoder_d2361a03f8b148a586ba240a89df7322" end (Real time : 0s CPU user time : 0s CPU sys time : 0s MEM : 295604KB)
INFO     : ... Hierarchical pre-synthesis "BmbDecoder_1_d2361a03f8b148a586ba240a89df7322" begin
INFO     : ... Hierarchical pre-synthesis "BmbDecoder_1_d2361a03f8b148a586ba240a89df7322" end (Real time : 0s CPU user time : 0s CPU sys time : 0s MEM : 295604KB)
INFO     : ... Hierarchical pre-synthesis "BmbDecoder_2_d2361a03f8b148a586ba240a89df7322" begin
INFO     : ... Hierarchical pre-synthesis "BmbDecoder_2_d2361a03f8b148a586ba240a89df7322" end (Real time : 0s CPU user time : 0s CPU sys time : 0s MEM : 295604KB)
INFO     : ... Hierarchical pre-synthesis "BmbOnChipRam_d2361a03f8b148a586ba240a89df7322" begin
INFO     : ... Hierarchical pre-synthesis "BmbOnChipRam_d2361a03f8b148a586ba240a89df7322" end (Real time : 0s CPU user time : 0s CPU sys time : 0s MEM : 295604KB)
INFO     : ... Hierarchical pre-synthesis "BmbDecoder_3_d2361a03f8b148a586ba240a89df7322" begin
INFO     : ... Hierarchical pre-synthesis "BmbDecoder_3_d2361a03f8b148a586ba240a89df7322" end (Real time : 0s CPU user time : 0s CPU sys time : 0s MEM : 295604KB)
INFO     : ... Hierarchical pre-synthesis "BmbClint_d2361a03f8b148a586ba240a89df7322" begin
INFO     : ... Hierarchical pre-synthesis "BmbClint_d2361a03f8b148a586ba240a89df7322" end (Real time : 0s CPU user time : 1s CPU sys time : 0s MEM : 295604KB)
INFO     : ... Hierarchical pre-synthesis "UartCtrlTx_d2361a03f8b148a586ba240a89df7322" begin
INFO     : ... Hierarchical pre-synthesis "UartCtrlTx_d2361a03f8b148a586ba240a89df7322" end (Real time : 0s CPU user time : 1s CPU sys time : 0s MEM : 295604KB)
INFO     : ... Hierarchical pre-synthesis "BufferCC_1_d2361a03f8b148a586ba240a89df7322" begin
INFO     : ... Hierarchical pre-synthesis "BufferCC_1_d2361a03f8b148a586ba240a89df7322" end (Real time : 0s CPU user time : 1s CPU sys time : 0s MEM : 295604KB)
INFO     : ... Hierarchical pre-synthesis "UartCtrlRx_d2361a03f8b148a586ba240a89df7322" begin
INFO     : ... Hierarchical pre-synthesis "UartCtrlRx_d2361a03f8b148a586ba240a89df7322" end (Real time : 0s CPU user time : 1s CPU sys time : 0s MEM : 295604KB)
INFO     : ... Hierarchical pre-synthesis "UartCtrl_d2361a03f8b148a586ba240a89df7322" begin
INFO     : ... Hierarchical pre-synthesis "UartCtrl_d2361a03f8b148a586ba240a89df7322" end (Real time : 0s CPU user time : 1s CPU sys time : 0s MEM : 295604KB)
INFO     : ... Hierarchical pre-synthesis "StreamFifo_1_d2361a03f8b148a586ba240a89df7322" begin
INFO     : ... Hierarchical pre-synthesis "StreamFifo_1_d2361a03f8b148a586ba240a89df7322" end (Real time : 0s CPU user time : 1s CPU sys time : 0s MEM : 295604KB)
INFO     : ... Hierarchical pre-synthesis "BmbUartCtrl_d2361a03f8b148a586ba240a89df7322" begin
INFO     : ... Hierarchical pre-synthesis "BmbUartCtrl_d2361a03f8b148a586ba240a89df7322" end (Real time : 0s CPU user time : 1s CPU sys time : 0s MEM : 295604KB)
INFO     : ... Hierarchical pre-synthesis "TopLevel_d2361a03f8b148a586ba240a89df7322" begin
INFO     : ... Hierarchical pre-synthesis "TopLevel_d2361a03f8b148a586ba240a89df7322" end (Real time : 0s CPU user time : 1s CPU sys time : 0s MEM : 295604KB)
INFO     : ... Hierarchical pre-synthesis "StreamFifo_3_d2361a03f8b148a586ba240a89df7322" begin
INFO     : ... Hierarchical pre-synthesis "StreamFifo_3_d2361a03f8b148a586ba240a89df7322" end (Real time : 0s CPU user time : 1s CPU sys time : 0s MEM : 295604KB)
INFO     : ... Hierarchical pre-synthesis "StreamFifo_4_d2361a03f8b148a586ba240a89df7322" begin
INFO     : ... Hierarchical pre-synthesis "StreamFifo_4_d2361a03f8b148a586ba240a89df7322" end (Real time : 0s CPU user time : 1s CPU sys time : 0s MEM : 295604KB)
INFO     : ... Hierarchical pre-synthesis "BmbSpiXdrMasterCtrl_d2361a03f8b148a586ba240a89df7322" begin
INFO     : ... Hierarchical pre-synthesis "BmbSpiXdrMasterCtrl_d2361a03f8b148a586ba240a89df7322" end (Real time : 0s CPU user time : 1s CPU sys time : 0s MEM : 295604KB)
INFO     : ... Hierarchical pre-synthesis "BmbGpio2_d2361a03f8b148a586ba240a89df7322" begin
INFO     : ... Hierarchical pre-synthesis "BmbGpio2_d2361a03f8b148a586ba240a89df7322" end (Real time : 0s CPU user time : 1s CPU sys time : 0s MEM : 295604KB)
INFO     : ... Hierarchical pre-synthesis "BmbToApb3Bridge_d2361a03f8b148a586ba240a89df7322" begin
INFO     : ... Hierarchical pre-synthesis "BmbToApb3Bridge_d2361a03f8b148a586ba240a89df7322" end (Real time : 0s CPU user time : 1s CPU sys time : 0s MEM : 295604KB)
INFO     : ... Hierarchical pre-synthesis "EfxSapphireSoc_d2361a03f8b148a586ba240a89df7322" begin
INFO     : ... Hierarchical pre-synthesis "EfxSapphireSoc_d2361a03f8b148a586ba240a89df7322" end (Real time : 0s CPU user time : 1s CPU sys time : 0s MEM : 295604KB)
INFO     : ... Hierarchical pre-synthesis "soc" begin
INFO     : ... Hierarchical pre-synthesis "soc" end (Real time : 1s CPU user time : 2s CPU sys time : 0s MEM : 295604KB)
INFO     : ... Hierarchical pre-synthesis "top_soc" begin
INFO     : ... Clock Enable Synthesis Performed on 236 flops.
INFO     : ... Hierarchical pre-synthesis "top_soc" end (Real time : 0s CPU user time : 2s CPU sys time : 0s MEM : 295604KB)
INFO     : ... Flat optimizations begin
INFO     : ... Flat optimizations end (Real time : 0s CPU user time : 2s CPU sys time : 0s MEM : 295604KB)
INFO     : ... Flat synthesis begin
INFO     : ... Flat synthesis end (Real time : 0s CPU user time : 2s CPU sys time : 0s MEM : 295604KB)
INFO     : ... Flat optimizations begin
INFO     : ... Flat optimizations end (Real time : 0s CPU user time : 2s CPU sys time : 0s MEM : 295604KB)
INFO     : ... Check and break combinational loops begin
INFO     : ... Check and break combinational loops end (Real time : 0s CPU user time : 2s CPU sys time : 0s MEM : 295604KB)
INFO     : ... Sequential Optimization begin
INFO     : ... Clock Network 'io_systemClk' with 2714 loads will be considered for sequential optimization.
INFO     : ... Clock Network 'jtag_inst1_TCK' with 43 loads will be considered for sequential optimization.
INFO     : ... Sequential Optimization deduced 150 equivalent points.
INFO     : ... Sequential Optimization end (Real time : 1s CPU user time : 4s CPU sys time : 0s MEM : 295604KB)
INFO     : ... Setup for logic synthesis begin
INFO     : ... Setup for logic synthesis end (Real time : 0s CPU user time : 4s CPU sys time : 0s MEM : 295604KB)
INFO     : ... LUT mapping begin
INFO     : ... LS, strategy: 3, nd: 3144, ed: 10023, lv: 8, pw: 6284.90
INFO     : ... LUT mapping end (Real time : 6s CPU user time : 10s CPU sys time : 0s MEM : 295604KB)
INFO     : ... Post-synthesis Verific netlist creation begin
INFO     : ... Post-synthesis Verific netlist creation end (Real time : 0s CPU user time : 10s CPU sys time : 0s MEM : 295604KB)
INFO     : ... Postmap Retiming Optimization begin
INFO     : ... Clock Network 'io_systemClk~io_systemClk' with 2703 loads will be considered for retiming optimization.
INFO     : ... Clock Network 'jtag_inst1_TCK~jtag_inst1_TCK' with 43 loads will be considered for retiming optimization.
INFO     : ... Performed 0 retime moves.
INFO     : ... Postmap Retiming Optimization end (Real time : 0s CPU user time : 11s CPU sys time : 0s MEM : 295604KB)
INFO     : ***** Beginning VDB Netlist Checker ... *****
WARNING  : /home/omer-ahin/STAJ/T8F81/top.v(47): Input/inout port system_gpio_0_io_read[7] is unconnected. Place and route may remove this unconnected port. [VDB-8003]
WARNING  : Found 4 warnings in the post-synthesis netlist.
INFO     : VDB Netlist Checker took 0.005694412 seconds [FlowMsg::StageDuration]
INFO     :     VDB Netlist Checker took 0.01 seconds (approximately) in total CPU time [FlowMsg::StageDuration::CPUTime]
INFO     : VDB Netlist Checker virtual memory usage: begin = 339.752 MB, end = 339.752 MB, delta = 0 MB [FlowMsg::VMUsage]
INFO     : VDB Netlist Checker resident set memory usage: begin = 153.052 MB, end = 153.34 MB, delta = 0.288 MB [FlowMsg::RSSUsage]
INFO     :     VDB Netlist Checker peak resident set memory usage = 295.604 MB [FlowMsg::RSSUsage::Peak]
INFO     : ***** Ending VDB Netlist Checker ... *****
INFO     : Resource Summary 
INFO     : =============================== 
INFO     : EFX_ADD         : 	589
INFO     : EFX_LUT4        : 	3129
INFO     : EFX_MULT        : 	4
INFO     : EFX_FF          : 	2614
INFO     : EFX_RAM_5K      : 	16
INFO     : EFX_GBUFCE      : 	2
INFO     : =============================== 
INFO     : ... Post-Map Verilog Writer begin
INFO     : Writing netlist 'top_soc' to Verilog file '/home/omer-ahin/STAJ/T8F81/outflow/T8F81.map.v' [VDB-1030]
INFO     : ... Post-Map Verilog Writer end (Real time : 0s CPU user time : 11s CPU sys time : 0s MEM : 295604KB)
INFO     : The entire flow of EFX_MAP took 9.534613558 seconds [FlowMsg::StageDuration]
INFO     :     The entire flow of EFX_MAP took 11.36 seconds (approximately) in total CPU time [FlowMsg::StageDuration::CPUTime]
INFO     : The entire flow of EFX_MAP virtual memory usage: begin = 94.48 MB, end = 339.752 MB, delta = 245.272 MB [FlowMsg::VMUsage]
INFO     : The entire flow of EFX_MAP resident set memory usage: begin = 29.592 MB, end = 159.228 MB, delta = 129.636 MB [FlowMsg::RSSUsage]
INFO     :     The entire flow of EFX_MAP peak resident set memory usage = 295.604 MB [FlowMsg::RSSUsage::Peak]
