---------- Synchronizer Analysis ----------
The maximum skew between data paths driving synchronizer inputs on the same bus should be less than
1X the min_clock_period (1000 ps). This ensures skew between synchronized signals on a bus function properly.

36 synchronizers have excessive delay:
     1. 'soc_inst/u_EfxSapphireSoc/system_uart_0_io_logic/uartCtrl_1/rx/io_rxd_buffercc/buffers_0~FF'  input delay: 9411 ps
     2. 'soc_inst/u_EfxSapphireSoc/system_hardJtag_debug_logic_jtagBridge/system_rsp_payload_data[8]~FF'  input delay: 1562 ps
     3. 'soc_inst/u_EfxSapphireSoc/system_hardJtag_debug_logic_jtagBridge/system_rsp_payload_data[7]~FF'  input delay: 1671 ps
     4. 'soc_inst/u_EfxSapphireSoc/system_hardJtag_debug_logic_jtagBridge/system_rsp_payload_data[3]~FF'  input delay: 4209 ps
     5. 'soc_inst/u_EfxSapphireSoc/system_hardJtag_debug_logic_jtagBridge/system_rsp_payload_data[2]~FF'  input delay: 3442 ps
     6. 'soc_inst/u_EfxSapphireSoc/system_hardJtag_debug_logic_jtagBridge/system_rsp_payload_data[6]~FF'  input delay: 2816 ps
     7. 'soc_inst/u_EfxSapphireSoc/system_hardJtag_debug_logic_jtagBridge/flowCCUnsafeByToggle_1/inputArea_target_buffercc/buffers_0~FF'  input delay: 1562 ps
     8. 'soc_inst/u_EfxSapphireSoc/system_hardJtag_debug_logic_jtagBridge/system_rsp_payload_data[5]~FF'  input delay: 1671 ps
     9. 'soc_inst/u_EfxSapphireSoc/system_hardJtag_debug_logic_jtagBridge/system_rsp_payload_data[4]~FF'  input delay: 2330 ps
    10. 'soc_inst/u_EfxSapphireSoc/system_hardJtag_debug_logic_jtagBridge/system_rsp_payload_data[1]~FF'  input delay: 1724 ps
    11. 'soc_inst/u_EfxSapphireSoc/system_hardJtag_debug_logic_jtagBridge/system_rsp_payload_data[0]~FF'  input delay: 2619 ps
    12. 'soc_inst/u_EfxSapphireSoc/system_hardJtag_debug_logic_jtagBridge/system_rsp_payload_data[9]~FF'  input delay: 4842 ps
    13. 'soc_inst/u_EfxSapphireSoc/system_hardJtag_debug_logic_jtagBridge/system_rsp_payload_data[10]~FF'  input delay: 4668 ps
    14. 'soc_inst/u_EfxSapphireSoc/system_hardJtag_debug_logic_jtagBridge/system_rsp_payload_data[11]~FF'  input delay: 1562 ps
    15. 'soc_inst/u_EfxSapphireSoc/system_hardJtag_debug_logic_jtagBridge/system_rsp_payload_data[12]~FF'  input delay: 1562 ps
    16. 'soc_inst/u_EfxSapphireSoc/system_hardJtag_debug_logic_jtagBridge/system_rsp_payload_data[13]~FF'  input delay: 1562 ps
    17. 'soc_inst/u_EfxSapphireSoc/system_hardJtag_debug_logic_jtagBridge/system_rsp_payload_data[14]~FF'  input delay: 1671 ps
    18. 'soc_inst/u_EfxSapphireSoc/system_hardJtag_debug_logic_jtagBridge/system_rsp_payload_data[15]~FF'  input delay: 1562 ps
    19. 'soc_inst/u_EfxSapphireSoc/system_hardJtag_debug_logic_jtagBridge/system_rsp_payload_data[16]~FF'  input delay: 4827 ps
    20. 'soc_inst/u_EfxSapphireSoc/system_hardJtag_debug_logic_jtagBridge/system_rsp_payload_data[17]~FF'  input delay: 4232 ps
    21. 'soc_inst/u_EfxSapphireSoc/system_hardJtag_debug_logic_jtagBridge/system_rsp_payload_data[18]~FF'  input delay: 1562 ps
    22. 'soc_inst/u_EfxSapphireSoc/system_hardJtag_debug_logic_jtagBridge/system_rsp_payload_data[19]~FF'  input delay: 3295 ps
    23. 'soc_inst/u_EfxSapphireSoc/system_hardJtag_debug_logic_jtagBridge/system_rsp_payload_data[20]~FF'  input delay: 1562 ps
    24. 'soc_inst/u_EfxSapphireSoc/system_hardJtag_debug_logic_jtagBridge/system_rsp_payload_data[21]~FF'  input delay: 4541 ps
    25. 'soc_inst/u_EfxSapphireSoc/system_hardJtag_debug_logic_jtagBridge/system_rsp_payload_data[22]~FF'  input delay: 4550 ps
    26. 'soc_inst/u_EfxSapphireSoc/system_hardJtag_debug_logic_jtagBridge/system_rsp_payload_data[23]~FF'  input delay: 1562 ps
    27. 'soc_inst/u_EfxSapphireSoc/system_hardJtag_debug_logic_jtagBridge/system_rsp_payload_data[24]~FF'  input delay: 4300 ps
    28. 'soc_inst/u_EfxSapphireSoc/system_hardJtag_debug_logic_jtagBridge/system_rsp_payload_data[25]~FF'  input delay: 1562 ps
    29. 'soc_inst/u_EfxSapphireSoc/system_hardJtag_debug_logic_jtagBridge/system_rsp_payload_data[26]~FF'  input delay: 4823 ps
    30. 'soc_inst/u_EfxSapphireSoc/system_hardJtag_debug_logic_jtagBridge/system_rsp_payload_data[27]~FF'  input delay: 1562 ps
    31. 'soc_inst/u_EfxSapphireSoc/system_hardJtag_debug_logic_jtagBridge/system_rsp_payload_data[28]~FF'  input delay: 6450 ps
    32. 'soc_inst/u_EfxSapphireSoc/system_hardJtag_debug_logic_jtagBridge/system_rsp_payload_data[29]~FF'  input delay: 3820 ps
    33. 'soc_inst/u_EfxSapphireSoc/system_hardJtag_debug_logic_jtagBridge/system_rsp_payload_data[30]~FF'  input delay: 1562 ps
    34. 'soc_inst/u_EfxSapphireSoc/system_hardJtag_debug_logic_jtagBridge/system_rsp_payload_data[31]~FF'  input delay: 1562 ps
    35. 'soc_inst/u_EfxSapphireSoc/system_hardJtag_debug_logic_jtagBridge_io_remote_cmd_payload_last~FF'  input delay: 1430 ps
    36. 'soc_inst/u_EfxSapphireSoc/system_hardJtag_debug_logic_jtagBridge_io_remote_cmd_payload_fragment[0]~FF'  input delay: 1671 ps
