           
           Efinix FPGA Placement and Routing.
           Version: 2025.2.288.2.10 
           Compiled: Dec 18 2025.
           
           Copyright (C) 2013 - 2025 Efinix, Inc. All rights reserved.

           
           The Tool Is Based on VPR of University of Toronto,
           a free open source code under MIT license.
           
           
INFO     : Running Placement and Routing for Family "Trion", Device "T8F81" ...
           
           ***** Beginning stage Routing graph generation ... *****
INFO     : Read ipin pattern from /home/omer-ahin/Downloads/efinity/2025.2/arch/./routing/ipin_oph.xml
INFO     : Finished parsing ipin pattern file '/home/omer-ahin/Downloads/efinity/2025.2/arch/./routing/ipin_oph.xdb'.
INFO     : Finished parsing switch_block file '/home/omer-ahin/Downloads/efinity/2025.2/arch/./routing/sb_connectivity_subset.xdb'.
INFO     : BuildGraph process took 0.455615471 seconds [FlowMsg::StageDuration]
INFO     :     BuildGraph process took 0.45 seconds (approximately) in total CPU time [FlowMsg::StageDuration::CPUTime]
INFO     : BuildGraph process virtual memory usage: begin = 250.72 MB, end = 291.088 MB, delta = 40.368 MB [FlowMsg::VMUsage]
INFO     : BuildGraph process resident set memory usage: begin = 135.016 MB, end = 178 MB, delta = 42.984 MB [FlowMsg::RSSUsage]
INFO     :     BuildGraph process peak resident set memory usage = 284.704 MB [FlowMsg::RSSUsage::Peak]
INFO     : check rr_graph process took 0.029785448 seconds [FlowMsg::StageDuration]
INFO     :     check rr_graph process took 0.03 seconds (approximately) in total CPU time [FlowMsg::StageDuration::CPUTime]
INFO     : check rr_graph process virtual memory usage: begin = 291.088 MB, end = 291.088 MB, delta = 0 MB [FlowMsg::VMUsage]
INFO     : check rr_graph process resident set memory usage: begin = 178 MB, end = 178 MB, delta = 0 MB [FlowMsg::RSSUsage]
INFO     :     check rr_graph process peak resident set memory usage = 284.704 MB [FlowMsg::RSSUsage::Peak]
INFO     : Generated 397465 RR nodes and 1462110 RR edges [DBMsg::DatabaseRoutingGraphStats]
INFO     : This design has 0 global control net(s). See /home/omer-ahin/STAJ/T8F81/outflow/T8F81.route.rpt for details.
INFO     : Routing graph took 0.501912842 seconds [FlowMsg::StageDuration]
INFO     :     Routing graph took 0.49 seconds (approximately) in total CPU time [FlowMsg::StageDuration::CPUTime]
INFO     : Routing graph virtual memory usage: begin = 250.72 MB, end = 291.088 MB, delta = 40.368 MB [FlowMsg::VMUsage]
INFO     : Routing graph resident set memory usage: begin = 134.148 MB, end = 178.18 MB, delta = 44.032 MB [FlowMsg::RSSUsage]
INFO     :     Routing graph peak resident set memory usage = 284.704 MB [FlowMsg::RSSUsage::Peak]
           ***** Ending stage Routing graph generation *****
           
           ***** Beginning stage routing ... *****
INFO     : SDC file '/home/omer-ahin/STAJ/T8F81/T8F81.pt.sdc' is missing or does not contain any valid constraint
INFO     : Using default timing constraint of 1 ns
INFO     : SDC file '/home/omer-ahin/STAJ/T8F81/T8F81.pt.sdc' parsed successfully.
INFO     :  ---------      -------     --------------      -------------
INFO     :  Iteration      Overuse     Crit Path (ns)      Calc Time (s)
INFO     :  ---------      -------     --------------      -------------
INFO     :          1           55              7.341            0.00894
INFO     :          2           13              7.341            0.00649
INFO     :          3            6              7.349            0.00671
INFO     :          4            3              7.349            0.00611
INFO     :          5            1              7.349            0.00521
INFO     :          6            2              7.349            0.00491
INFO     :          7            1              7.556            0.00527
INFO     :          8            1              7.824            0.00512
INFO     :          9            1              7.349            0.00503
INFO     :         10            0              7.556            0.00491
           
INFO     : Successfully routed netlist after 10 routing iterations and 50577 heapops
INFO     : Completed net delay value cross check successfully.
           ***** Beginning stage routing check ... *****
           ***** Ending stage routing check *****
           
INFO     : Serial number (magic cookie) for the routing is: 53328532
INFO     : Netlist fully routed.
INFO     : Successfully created FPGA route file '/home/omer-ahin/STAJ/T8F81/outflow/T8F81.route'
INFO     : Routing took 0.124294182 seconds [FlowMsg::StageDuration]
INFO     :     Routing took 0.14 seconds (approximately) in total CPU time [FlowMsg::StageDuration::CPUTime]
INFO     : Routing virtual memory usage: begin = 291.088 MB, end = 301.968 MB, delta = 10.88 MB [FlowMsg::VMUsage]
INFO     : Routing resident set memory usage: begin = 178.18 MB, end = 188.36 MB, delta = 10.18 MB [FlowMsg::RSSUsage]
INFO     :     Routing peak resident set memory usage = 284.704 MB [FlowMsg::RSSUsage::Peak]
           ***** Ending stage routing *****
           
           ***** Beginning stage final timing analysis ... *****
INFO     : SDC file '/home/omer-ahin/STAJ/T8F81/T8F81.pt.sdc' is missing or does not contain any valid constraint
INFO     : Using default timing constraint of 1 ns
INFO     : SDC file '/home/omer-ahin/STAJ/T8F81/T8F81.pt.sdc' parsed successfully.
Maximum possible analyzed clocks frequency
 Clock Name  Period (ns)  Frequency (MHz)     Edge
    clk         7.696        129.938         (R-R)

Geomean max period: 7.696

Setup (Max) Clock Relationship
  Launch Clock    Capture Clock   Constraint (ns)     Slack (ns)          Edge
      clk              clk             1.000            -6.696           (R-R)

Hold (Min) Clock Relationship
  Launch Clock    Capture Clock   Constraint (ns)     Slack (ns)          Edge
      clk              clk             0.000            0.643            (R-R)

WARNING  : Clock domain between clk (rising) and clk (rising) may not meet (slack: -6.696 ns) the setup (max) timing requirement
INFO     : Write Timing Report to "/home/omer-ahin/STAJ/T8F81/outflow/T8F81.timing.rpt" ...
INFO     : final timing analysis took 0.035543433 seconds [FlowMsg::StageDuration]
INFO     :     final timing analysis took 0.03 seconds (approximately) in total CPU time [FlowMsg::StageDuration::CPUTime]
INFO     : final timing analysis virtual memory usage: begin = 301.968 MB, end = 301.968 MB, delta = 0 MB [FlowMsg::VMUsage]
INFO     : final timing analysis resident set memory usage: begin = 188.36 MB, end = 188.656 MB, delta = 0.296 MB [FlowMsg::RSSUsage]
INFO     :     final timing analysis peak resident set memory usage = 284.704 MB [FlowMsg::RSSUsage::Peak]
           ***** Ending stage final timing analysis *****
           
           ***** Beginning stage bitstream generation ... *****
INFO     : Reading core interface constraints file "/home/omer-ahin/STAJ/T8F81/outflow/T8F81.interface.csv" [DBMsg::CoreInterfaceConstraintsFileReading]
INFO     : Successfully read core interface constraints file "/home/omer-ahin/STAJ/T8F81/outflow/T8F81.interface.csv" [DBMsg::CoreInterfaceConstraintsFileLoadSuccess]
INFO     : Finished writing bitstream file /home/omer-ahin/STAJ/T8F81/work_pnr/T8F81.lbf.
INFO     : Bitstream generation took 0.103671173 seconds [FlowMsg::StageDuration]
INFO     :     Bitstream generation took 0.11 seconds (approximately) in total CPU time [FlowMsg::StageDuration::CPUTime]
INFO     : Bitstream generation virtual memory usage: begin = 301.968 MB, end = 301.968 MB, delta = 0 MB [FlowMsg::VMUsage]
INFO     : Bitstream generation resident set memory usage: begin = 188.656 MB, end = 189.448 MB, delta = 0.792 MB [FlowMsg::RSSUsage]
INFO     :     Bitstream generation peak resident set memory usage = 284.704 MB [FlowMsg::RSSUsage::Peak]
INFO     : The entire flow of EFX_PNR took 2.742116561 seconds [FlowMsg::StageDuration]
INFO     :     The entire flow of EFX_PNR took 2.98 seconds (approximately) in total CPU time [FlowMsg::StageDuration::CPUTime]
INFO     : The entire flow of EFX_PNR virtual memory usage: begin = 127.776 MB, end = 301.968 MB, delta = 174.192 MB [FlowMsg::VMUsage]
INFO     : The entire flow of EFX_PNR resident set memory usage: begin = 40.34 MB, end = 189.448 MB, delta = 149.108 MB [FlowMsg::RSSUsage]
INFO     :     The entire flow of EFX_PNR peak resident set memory usage = 284.704 MB [FlowMsg::RSSUsage::Peak]
