INFO     : Reading project database "/home/omer-ahin/STAJ/Staj_Projesi/Staj_Projesi.xml" [FlowMsg::ProjectDatabaseReading]
INFO     : Maximum concurrency has been set to 8 [FlowMsg::MaxThreads]
INFO     : Reading project database "/home/omer-ahin/STAJ/Staj_Projesi/Staj_Projesi.xml" [FlowMsg::ProjectDatabaseReading]
INFO     : Maximum concurrency has been set to 8 [FlowMsg::MaxThreads]
INFO     : Deleting any pre-existing troute trace files [DBMsg::DatabaseRoutingEraseTrouteTrace]
INFO     : Deleting any pre-existing troute trace files [DBMsg::DatabaseRoutingEraseTrouteTrace]
INFO     : Deleting any pre-existing troute trace files [DBMsg::DatabaseRoutingEraseTrouteTrace]
INFO     : Reading project database "/home/omer-ahin/STAJ/Staj_Projesi/Staj_Projesi.xml" [FlowMsg::ProjectDatabaseReading]
INFO     : Maximum concurrency has been set to 8 [FlowMsg::MaxThreads]
INFO     : Reading project database "/home/omer-ahin/STAJ/Staj_Projesi/Staj_Projesi.xml" [FlowMsg::ProjectDatabaseReading]
INFO     : Maximum concurrency has been set to 8 [FlowMsg::MaxThreads]
INFO     : Reading project database "/home/omer-ahin/STAJ/Staj_Projesi/Staj_Projesi.xml" [FlowMsg::ProjectDatabaseReading]
INFO     : Maximum concurrency has been set to 8 [FlowMsg::MaxThreads]
           ***** Beginning stage netlist pre-processing ... *****
INFO     : Successfully read in VDB netlist file /home/omer-ahin/STAJ/Staj_Projesi/outflow/Staj_Projesi.vdb [DBMsg::VdbFileRead]
INFO     : ***** Beginning VDB Netlist Checker ... *****
INFO     : VDB Netlist Checker took 0.001573241 seconds [FlowMsg::StageDuration]
INFO     :     VDB Netlist Checker took 0.01 seconds (approximately) in total CPU time [FlowMsg::StageDuration::CPUTime]
INFO     : VDB Netlist Checker virtual memory usage: begin = 641.252 MB, end = 674.064 MB, delta = 32.812 MB [FlowMsg::VMUsage]
INFO     : VDB Netlist Checker resident set memory usage: begin = 295.08 MB, end = 295.724 MB, delta = 0.644 MB [FlowMsg::RSSUsage]
INFO     :     VDB Netlist Checker peak resident set memory usage = 295.724 MB [FlowMsg::RSSUsage::Peak]
INFO     : ***** Ending VDB Netlist Checker ... *****
INFO     : Reading core interface constraints file "/home/omer-ahin/STAJ/Staj_Projesi/outflow/Staj_Projesi.interface.csv" [DBMsg::CoreInterfaceConstraintsFileReading]
INFO     : Successfully read core interface constraints file "/home/omer-ahin/STAJ/Staj_Projesi/outflow/Staj_Projesi.interface.csv" [DBMsg::CoreInterfaceConstraintsFileLoadSuccess]
INFO     : Found 0 constant generator nets [DBMsg::NetlistConstGeneratorCount]
INFO     : Pass 0: Swept away 0 nets with no fanout [DBMsg::NetlistNetsSweptThisPass]
INFO     : Pass 0: Swept away 0 blocks with no fanout [DBMsg::NetlistBlocksSweptThisPass]
INFO     : Swept away 0 nets and 0 blocks in total [DBMsg::NetlistTotalSwept]
INFO     : Removed 0 LUT buffers [DBMsg::NetlistRemovedLUTBuffers]
INFO     : Successfully read in VDB netlist file /home/omer-ahin/STAJ/Staj_Projesi/outflow/Staj_Projesi.vdb [DBMsg::VdbFileRead]
INFO     : Netlist pre-processing took 0.013697856 seconds [FlowMsg::StageDuration]
INFO     :     Netlist pre-processing took 0.03 seconds (approximately) in total CPU time [FlowMsg::StageDuration::CPUTime]
INFO     : Netlist pre-processing virtual memory usage: begin = 641.252 MB, end = 674.064 MB, delta = 32.812 MB [FlowMsg::VMUsage]
INFO     : Netlist pre-processing resident set memory usage: begin = 293.94 MB, end = 296.032 MB, delta = 2.092 MB [FlowMsg::RSSUsage]
INFO     :     Netlist pre-processing peak resident set memory usage = 296.032 MB [FlowMsg::RSSUsage::Peak]
           ***** Ending stage netlist pre-processing *****
           
INFO     : Read proto netlist file /home/omer-ahin/STAJ/Staj_Projesi/work_pnr/Staj_Projesi.net_proto
INFO     : Read proto netlist for file "/home/omer-ahin/STAJ/Staj_Projesi/work_pnr/Staj_Projesi.net_proto" took 0.002135 seconds
INFO     : Setup net and block data structure took 0.014133 seconds
INFO     : Run checks after load placement [DBMsg::DatabasePlacementChecks]
WARNING  : Clock source clk_i does not use a dedicated clock pad, so extra clock insertion delay is added
INFO     : Successfully loaded placement data from "/home/omer-ahin/STAJ/Staj_Projesi/outflow/Staj_Projesi.place".
INFO     : Read ipin pattern from /home/omer-ahin/Downloads/efinity/2025.2/arch/./routing/ipin_oph.xml
INFO     : Finished parsing ipin pattern file '/home/omer-ahin/Downloads/efinity/2025.2/arch/./routing/ipin_oph.xdb'.
INFO     : Finished parsing switch_block file '/home/omer-ahin/Downloads/efinity/2025.2/arch/./routing/sb_connectivity_subset.xdb'.
INFO     : BuildGraph process took 0.421126474 seconds [FlowMsg::StageDuration]
INFO     :     BuildGraph process took 0.46 seconds (approximately) in total CPU time [FlowMsg::StageDuration::CPUTime]
INFO     : BuildGraph process virtual memory usage: begin = 707.2 MB, end = 721.12 MB, delta = 13.92 MB [FlowMsg::VMUsage]
INFO     : BuildGraph process resident set memory usage: begin = 298.272 MB, end = 312.58 MB, delta = 14.308 MB [FlowMsg::RSSUsage]
INFO     :     BuildGraph process peak resident set memory usage = 312.58 MB [FlowMsg::RSSUsage::Peak]
INFO     : check rr_graph process took 0.028847476 seconds [FlowMsg::StageDuration]
INFO     :     check rr_graph process took 0.03 seconds (approximately) in total CPU time [FlowMsg::StageDuration::CPUTime]
INFO     : check rr_graph process virtual memory usage: begin = 721.12 MB, end = 722.68 MB, delta = 1.56 MB [FlowMsg::VMUsage]
INFO     : check rr_graph process resident set memory usage: begin = 312.708 MB, end = 314.772 MB, delta = 2.064 MB [FlowMsg::RSSUsage]
INFO     :     check rr_graph process peak resident set memory usage = 314.772 MB [FlowMsg::RSSUsage::Peak]
INFO     : Generated 397571 RR nodes and 1461695 RR edges [DBMsg::DatabaseRoutingGraphStats]
INFO     : This design has 0 global control net(s). See /home/omer-ahin/STAJ/Staj_Projesi/outflow/Staj_Projesi.pnr.rpt for details.
INFO     : Reading route file, /home/omer-ahin/STAJ/Staj_Projesi/outflow/Staj_Projesi.route
INFO     : Successfully loaded route data from "/home/omer-ahin/STAJ/Staj_Projesi/outflow/Staj_Projesi.route".
INFO     : Process the SDC file '/home/omer-ahin/STAJ/Staj_Projesi/Staj_Projesi.pt.sdc' ...
INFO     : Process the SDC file '/home/omer-ahin/STAJ/Staj_Projesi/custom.sdc' ...
INFO     : Reading project database "/home/omer-ahin/STAJ/Staj_Projesi/Staj_Projesi.xml" [FlowMsg::ProjectDatabaseReading]
INFO     : Maximum concurrency has been set to 8 [FlowMsg::MaxThreads]
INFO     : Deleting any pre-existing troute trace files [DBMsg::DatabaseRoutingEraseTrouteTrace]
INFO     : Deleting any pre-existing troute trace files [DBMsg::DatabaseRoutingEraseTrouteTrace]
INFO     : Deleting any pre-existing troute trace files [DBMsg::DatabaseRoutingEraseTrouteTrace]
INFO     : Reading project database "/home/omer-ahin/STAJ/Staj_Projesi/Staj_Projesi.xml" [FlowMsg::ProjectDatabaseReading]
INFO     : Maximum concurrency has been set to 8 [FlowMsg::MaxThreads]
INFO     : Reading project database "/home/omer-ahin/STAJ/Staj_Projesi/Staj_Projesi.xml" [FlowMsg::ProjectDatabaseReading]
INFO     : Maximum concurrency has been set to 8 [FlowMsg::MaxThreads]
