Efinity Synthesis report for project Staj_Projesi
Version: 2025.2.288.2.10
Generated at: Jul 14, 2026 16:13:48
Copyright (C) 2013 - 2025  All rights reserved.

Top-level Entity Name : top

family : Trion
device : T8F81
project : Staj_Projesi
root : top
I,include : /home/omer-ahin/STAJ/Staj_Projesi
binary-db : /home/omer-ahin/STAJ/Staj_Projesi/outflow/Staj_Projesi.vdb
insert-ios : 0
max-carry-cascade : 160
max_mult : -1
max_ram : -1
mode : speed
output-dir : /home/omer-ahin/STAJ/Staj_Projesi/outflow
project : Staj_Projesi
project-xml : /home/omer-ahin/STAJ/Staj_Projesi/Staj_Projesi.xml
root : top
work-dir : /home/omer-ahin/STAJ/Staj_Projesi/work_syn
write-efx-verilog : /home/omer-ahin/STAJ/Staj_Projesi/outflow/Staj_Projesi.map.v
write-premap-module : /home/omer-ahin/STAJ/Staj_Projesi/outflow/Staj_Projesi.elab.vdb

File List:

/home/omer-ahin/STAJ/Staj_Projesi/uart_tx.vhdl
/home/omer-ahin/STAJ/Staj_Projesi/uart_rx.vhd
/home/omer-ahin/STAJ/Staj_Projesi/Led_Test.v
/home/omer-ahin/STAJ/Staj_Projesi/top.vhd

### ### Report Section Start ### ###


### ### EFX_FF CE enables (begin) ### ### ###
Total number of enable signals: 10
Total number of FFs with enable signals: 36
CE signal <ceg_net44>, number of controlling flip flops: 2
CE signal <ceg_net25>, number of controlling flip flops: 8
CE signal <ceg_net8>, number of controlling flip flops: 1
CE signal <uart_tx_i/n406>, number of controlling flip flops: 8
CE signal <ceg_net38>, number of controlling flip flops: 3
CE signal <ceg_net47>, number of controlling flip flops: 2
CE signal <ceg_net15>, number of controlling flip flops: 9
CE signal <ceg_net35>, number of controlling flip flops: 1
CE signal <ceg_net36>, number of controlling flip flops: 1
CE signal <clk_divider_i/n6>, number of controlling flip flops: 1
### ### EFX_FF CE enables (end) ### ### ###

### ### EFX_FF SR set/reset (begin) ### ### ###
Total number of set/reset signals: 2
Total number of FFs with set/reset signals: 63
SR signal <rst_n>, number of controlling flip flops: 41
SR signal <clk_divider_i/n129>, number of controlling flip flops: 22
### ### EFX_FF SR set/reset (end) ### ### ###

### ### Module Resource Usage Distribution Estimates (begin) ### ###

**Note: some resources maybe grouped under different hierarchy due to optimization and LUT mapping

Module                                                             FFs      ADDs      LUTs      RAMs DSP/MULTs
------------------------------------------------------------       ---      ----      ----      ---- ---------
top:top                                                         63(16)     21(0)    69(24)      0(0)      0(0)
 +uart_tx_i:uart_tx(clk_freq=33333333)                          24(24)      0(0)    34(34)      0(0)      0(0)
 +clk_divider_i:clk_divider(CLK_IN_FREQ=33333333,CLK_OUT_...    23(23)    21(21)    11(11)      0(0)      0(0)

### ### Module Resource Usage Distribution Estimates (end) ### ###


### ### Clock Load Distribution Report (begin) ### ###

 Clock      Flip-Flops    Memory PortsMultipliers/DSPs
 -----      ----------    ----------------------------
 clk_c              63               0               0

### ### Clock Load Distribution Report (end) ### ###

### ### Resource Summary (begin) ### ### ### 
INPUT  PORTS    : 	3
OUTPUT PORTS    : 	1

EFX_ADD         : 	21
EFX_LUT4        : 	69
   1-2  Inputs  : 	14
   3    Inputs  : 	28
   4    Inputs  : 	27
EFX_FF          : 	63
EFX_GBUFCE      : 	1
### ### Resource Summary (end) ### ### ###

Plain synthesis (without verilog dump and post-map checks) time : 1s
Elapsed synthesis time : 1s
