Efinity Synthesis report for project Staj_Projesi
Version: 2025.2.288.2.10
Generated at: Jul 28, 2026 23:21:49
Copyright (C) 2013 - 2025  All rights reserved.

Top-level Entity Name : top

family : Trion
device : T8F81
project : Staj_Projesi
root : top
I,include : /home/omer-ahin/STAJ/Staj_Projesi
I,include : /home/omer-ahin/STAJ/Staj_Projesi/ip/Cordic
I,include : ip/Cordic
binary-db : /home/omer-ahin/STAJ/Staj_Projesi/outflow/Staj_Projesi.vdb
insert-ios : 0
max-carry-cascade : 160
max_mult : -1
max_ram : -1
mode : speed
output-dir : /home/omer-ahin/STAJ/Staj_Projesi/outflow
project : Staj_Projesi
project-xml : /home/omer-ahin/STAJ/Staj_Projesi/Staj_Projesi.xml
root : top
work-dir : /home/omer-ahin/STAJ/Staj_Projesi/work_syn
write-efx-verilog : /home/omer-ahin/STAJ/Staj_Projesi/outflow/Staj_Projesi.map.v
write-premap-module : /home/omer-ahin/STAJ/Staj_Projesi/outflow/Staj_Projesi.elab.vdb

File List:

/home/omer-ahin/STAJ/Staj_Projesi/ip/Cordic/Cordic.v
/home/omer-ahin/STAJ/Staj_Projesi/Led_Test.v
/home/omer-ahin/STAJ/Staj_Projesi/Spi_Mode_3.vhd
/home/omer-ahin/STAJ/Staj_Projesi/pwm_servo.vhdl
/home/omer-ahin/STAJ/Staj_Projesi/top.vhd
/home/omer-ahin/STAJ/Staj_Projesi/Debounce.vhd
/home/omer-ahin/STAJ/Staj_Projesi/MPU6500.vhd
/home/omer-ahin/STAJ/Staj_Projesi/top_servo.vhd
/home/omer-ahin/STAJ/Staj_Projesi/top_MPU_Servo.vhd
/home/omer-ahin/STAJ/Staj_Projesi/uart_tx.vhd
/home/omer-ahin/STAJ/Staj_Projesi/uart_rx.vhdl

### ### Report Section Start ### ###


### ### EFX_FF CE enables (begin) ### ### ###
Total number of enable signals: 44
Total number of FFs with enable signals: 345
CE signal <~Inst_MPU6500_Controller/n5110>, number of controlling flip flops: 72
CE signal <n1587>, number of controlling flip flops: 32
CE signal <n1593>, number of controlling flip flops: 8
CE signal <n1591>, number of controlling flip flops: 64
CE signal <ceg_net279>, number of controlling flip flops: 3
CE signal <Inst_MPU6500_Controller/n6169>, number of controlling flip flops: 8
CE signal <ceg_net298>, number of controlling flip flops: 22
CE signal <ceg_net313>, number of controlling flip flops: 4
CE signal <ceg_net300>, number of controlling flip flops: 2
CE signal <Inst_MPU6500_Controller/n6171>, number of controlling flip flops: 8
CE signal <Inst_MPU6500_Controller/n6245>, number of controlling flip flops: 8
CE signal <Inst_MPU6500_Controller/n6252>, number of controlling flip flops: 10
CE signal <Inst_MPU6500_Controller/n6259>, number of controlling flip flops: 8
CE signal <Inst_MPU6500_Controller/n6266>, number of controlling flip flops: 10
CE signal <Inst_MPU6500_Controller/n6273>, number of controlling flip flops: 8
CE signal <Inst_MPU6500_Controller/n6280>, number of controlling flip flops: 8
CE signal <ceg_net301>, number of controlling flip flops: 5
CE signal <rst_n_i>, number of controlling flip flops: 1
CE signal <ceg_net302>, number of controlling flip flops: 1
CE signal <Inst_MPU6500_Controller/n6195>, number of controlling flip flops: 2
CE signal <Inst_MPU6500_Controller/n6209>, number of controlling flip flops: 7
CE signal <ceg_net309>, number of controlling flip flops: 3
CE signal <ceg_net314>, number of controlling flip flops: 1
CE signal <ceg_net315>, number of controlling flip flops: 1
CE signal <ceg_net61>, number of controlling flip flops: 12
CE signal <ceg_net318>, number of controlling flip flops: 2
CE signal <ceg_net207>, number of controlling flip flops: 1
CE signal <ceg_net208>, number of controlling flip flops: 3
CE signal <ceg_net209>, number of controlling flip flops: 1
CE signal <Inst_Spi_Mode_3/n466>, number of controlling flip flops: 1
CE signal <ceg_net210>, number of controlling flip flops: 1
CE signal <ceg_net211>, number of controlling flip flops: 1
CE signal <ceg_net212>, number of controlling flip flops: 1
CE signal <ceg_net213>, number of controlling flip flops: 1
CE signal <ceg_net214>, number of controlling flip flops: 1
CE signal <ceg_net215>, number of controlling flip flops: 1
CE signal <ceg_net216>, number of controlling flip flops: 1
CE signal <Inst_uart_tx/n333>, number of controlling flip flops: 8
CE signal <ceg_net92>, number of controlling flip flops: 6
CE signal <ceg_net319>, number of controlling flip flops: 2
CE signal <ceg_net222>, number of controlling flip flops: 3
CE signal <ceg_net219>, number of controlling flip flops: 1
CE signal <ceg_net220>, number of controlling flip flops: 1
CE signal <Inst_debounce/n149>, number of controlling flip flops: 1
### ### EFX_FF CE enables (end) ### ### ###

### ### EFX_FF SR set/reset (begin) ### ### ###
Total number of set/reset signals: 2
Total number of FFs with set/reset signals: 327
SR signal <rst_n_i>, number of controlling flip flops: 307
SR signal <Inst_debounce/n151>, number of controlling flip flops: 20
### ### EFX_FF SR set/reset (end) ### ### ###

### ### Sequential Elements Trimming Report (begin) ### ### ### 
FF Output: Inst_pwm_servo_0/pulse_width[0](=0)
FF Output: Inst_pwm_servo_0/pulse_width[17](=0)
FF Output: Inst_pwm_servo_0/pulse_width[18](=0)
FF Output: Inst_pwm_servo_0/pulse_width[19](=0)
FF Output: Inst_pwm_servo_1/pulse_width[0](=0)
FF Output: Inst_pwm_servo_1/pulse_width[17](=0)
FF Output: Inst_pwm_servo_1/pulse_width[18](=0)
FF Output: Inst_pwm_servo_1/pulse_width[19](=0)
FF Output: Inst_pwm_servo_2/pulse_width[0](=0)
FF Output: Inst_pwm_servo_2/pulse_width[17](=0)
FF Output: Inst_pwm_servo_2/pulse_width[18](=0)
FF Output: Inst_pwm_servo_2/pulse_width[19](=0)
FF instance: Inst_uart_rx/dff_54/i1(unreachable)
FF instance: Inst_uart_rx/dff_55/i1(unreachable)
FF instance: Inst_uart_rx/dff_56/i1(unreachable)
FF instance: Inst_uart_rx/i61(unreachable)
FF instance: Inst_uart_rx/i62(unreachable)
FF instance: Inst_uart_rx/dff_56/i2(unreachable)
FF instance: Inst_uart_rx/dff_56/i3(unreachable)
FF instance: Inst_uart_rx/dff_56/i4(unreachable)
FF instance: Inst_uart_rx/dff_56/i5(unreachable)
FF instance: Inst_uart_rx/dff_56/i6(unreachable)
FF instance: Inst_uart_rx/dff_55/i2(unreachable)
FF instance: Inst_uart_rx/dff_55/i3(unreachable)
FF instance: Inst_uart_rx/dff_55/i4(unreachable)
FF instance: Inst_uart_rx/dff_54/i2(unreachable)
FF Output: Inst_pwm_servo_0/pulse_width[1](=0)
FF Output: Inst_pwm_servo_1/pulse_width[1](=0)
FF Output: Inst_pwm_servo_2/pulse_width[1](=0)
### ### Sequential Elements Trimming Report (end) ### ### ### 

### ### Module Resource Usage Distribution Estimates (begin) ### ###

**Note: some resources maybe grouped under different hierarchy due to optimization and LUT mapping

Module                                                             FFs      ADDs      LUTs      RAMs DSP/MULTs
------------------------------------------------------------       ---      ----      ----      ---- ---------
top:top                                                       520(151)  329(247)  632(165)      0(0)      3(0)
 +Inst_pwm_servo_0:pwm_servo                                    36(36)    33(33)    43(43)      0(0)      1(1)
 +Inst_pwm_servo_1:pwm_servo                                    34(34)    15(15)    41(41)      0(0)      1(1)
 +Inst_pwm_servo_2:pwm_servo                                    34(34)    15(15)    48(48)      0(0)      1(1)
 +Inst_uart_tx:uart_tx(baud_rate=1000000)                       21(21)      0(0)    30(30)      0(0)      0(0)
 +Inst_debounce:debounce                                        23(23)    19(19)      7(7)      0(0)      0(0)
 +Inst_Spi_Mode_3:Spi_Mode_3(clk_freq=33333333,spi_freq=1...    28(28)      0(0)    43(43)      0(0)      0(0)
 +Inst_MPU6500_Controller:MPU6500_Controller                  193(193)      0(0)  255(255)      0(0)      0(0)

### ### Module Resource Usage Distribution Estimates (end) ### ###


### ### Clock Load Distribution Report (begin) ### ###

 Clock      Flip-Flops    Memory PortsMultipliers/DSPs
 -----      ----------    ----------------------------
 clk_i             520               0               0

### ### Clock Load Distribution Report (end) ### ###

### ### Resource Summary (begin) ### ### ### 
INPUT  PORTS    : 	5
OUTPUT PORTS    : 	7

EFX_ADD         : 	329
EFX_LUT4        : 	632
   1-2  Inputs  : 	184
   3    Inputs  : 	197
   4    Inputs  : 	251
EFX_MULT        : 	3
EFX_FF          : 	520
EFX_GBUFCE      : 	1
### ### Resource Summary (end) ### ### ###

Plain synthesis (without verilog dump and post-map checks) time : 6s
Elapsed synthesis time : 7s
