
Efinix Static Timing Analysis Report
Version: 2025.2.288.2.10
Date: Thu Jul 23 15:40:01 2026

Copyright (C) 2013 - 2025 Efinix, Inc. All rights reserved.

Top-level Entity Name: Staj_Projesi

SDC Filename: /home/omer-ahin/STAJ/Staj_Projesi/Staj_Projesi.pt.sdc

Timing Model: C2
	temperature : 0C to 85C
	voltage : 1.1V +/-50mV
	speedgrade : 2
	technology : s40ll
	status : final

---------- Table of Contents (begin) ----------
   1. Clock Frequency Summary
   2. Clock Relationship Summary
   3. Path Details for Max Critical Paths
   4. Path Details for Min Critical Paths
---------- Table of Contents (end) ------------

---------- 1. Clock Frequency Summary (begin) ----------

User target constrained clocks
 Clock Name  Period (ns)  Frequency (MHz)   Waveform      Targets
   clk_i        1.000        1000.000     {0.000 0.500}   {clk_i}

Maximum possible analyzed clocks frequency
 Clock Name  Period (ns)  Frequency (MHz)     Edge
   clk_i        16.006        62.477         (R-R)

Geomean max period: 16.006

---------- Clock Frequency Summary (end) ---------------

---------- 2. Clock Relationship Summary (begin) ----------

Setup (Max) Clock Relationship
  Launch Clock    Capture Clock   Constraint (ns)     Slack (ns)          Edge
     clk_i            clk_i            1.000           -15.006           (R-R)

Hold (Min) Clock Relationship
  Launch Clock    Capture Clock   Constraint (ns)     Slack (ns)          Edge
     clk_i            clk_i            0.000            0.643            (R-R)

NOTE: Values are in nanoseconds.

---------- Clock Relationship Summary (end) ---------------

---------- 3. Path Details for Max Critical Paths (begin) ----------

################################################################################
Path Detail Report (clk_i vs clk_i)
################################################################################


++++ Path 1 ++++++++++++++++++++++++++++++++++++++++++++++++++++++++++++++++++++

Path Begin    : rx_data_sig[6]~FF|CLK                 
Path End      : angle_reg_1[7]~FF|CE                  
Launch Clock  : clk_i (RISE)                          
Capture Clock : clk_i (RISE)                          
Slack         : -15.006 (required time - arrival time)
Delay         : 14.723                                

Logic Level             : 5
Non-global nets on path : 6
Global nets on path     : 0

Launch Clock Path Delay        :  7.006
+ Clock To Q + Data Path Delay : 15.866
---------------------------------------
End-of-path arrival time       : 22.872

Constraint                     : 1.000
+ Capture Clock Path Delay     : 7.006
- Clock Uncertainty            : 0.140
--------------------------------------
End-of-path required time      : 7.866

Launch Clock Path
        name           model name   delay (ns)  cumulative delay (ns) pins on net    location
===============================================================================================
clk_i                    inpad        0.000             0.000               0        (0,102)
clk_i                    inpad        0.420             0.420               2        (0,102)
clk_i                    net          3.268             3.688               2        (0,102)
   Routing elements:
      Manhattan distance of X:1, Y:24
CLKBUF__0|I              gbuf         3.318             7.006               2        (1,78) 
CLKBUF__0|O              gbuf         0.000             7.006             389        (1,78) 
clk_i~O                  net          0.000             7.006             389        (1,78) 
rx_data_sig[6]~FF|CLK    ff           0.000             7.006             389        (55,75)

Data Path
        name          model name   delay (ns)  cumulative delay (ns) pins on net    location
==============================================================================================
rx_data_sig[6]~FF|Q      ff          0.650             0.650               6        (55,75)
rx_data_sig[6]           net         3.752             4.402               6        (55,75)
   Routing elements:
      Manhattan distance of X:6, Y:0
LUT__1754|in[3]          lut         0.000             4.402               6        (49,75)
LUT__1754|out            lut         0.000             4.402               2        (49,75)
n866                     net         1.562             5.964               2        (49,75)
   Routing elements:
      Manhattan distance of X:0, Y:1
LUT__1755|in[1]          lut         0.000             5.964               2        (49,76)
LUT__1755|out            lut         0.000             5.964               3        (49,76)
n867                     net         2.614             8.578               3        (49,76)
   Routing elements:
      Manhattan distance of X:15, Y:0
LUT__1757|in[2]          lut         0.000             8.578               3        (34,76)
LUT__1757|out            lut         0.000             8.578               3        (34,76)
n868                     net         1.425            10.003               3        (34,76)
   Routing elements:
      Manhattan distance of X:0, Y:3
LUT__1758|in[2]          lut         0.000            10.003               3        (34,79)
LUT__1758|out            lut         0.000            10.003               4        (34,79)
n869                     net         1.425            11.428               4        (34,79)
   Routing elements:
      Manhattan distance of X:0, Y:3
LUT__1761|in[2]          lut         0.000            11.428               4        (34,82)
LUT__1761|out            lut         0.000            11.428              10        (34,82)
ceg_net120               net         3.945            15.373              10        (34,82)
   Routing elements:
      Manhattan distance of X:3, Y:0
angle_reg_1[7]~FF|CE     ff          0.493            15.866              10        (37,82)

Capture Clock Path
        name           model name   delay (ns)  cumulative delay (ns) pins on net    location
===============================================================================================
clk_i                    inpad        0.000             0.000               0        (0,102)
clk_i                    inpad        0.420             0.420               2        (0,102)
clk_i                    net          3.268             3.688               2        (0,102)
   Routing elements:
      Manhattan distance of X:1, Y:24
CLKBUF__0|I              gbuf         3.318             7.006               2        (1,78) 
CLKBUF__0|O              gbuf         0.000             7.006             389        (1,78) 
clk_i~O                  net          0.000             7.006             389        (1,78) 
angle_reg_1[7]~FF|CLK    ff           0.000             7.006             389        (37,82)

++++ Path 2 ++++++++++++++++++++++++++++++++++++++++++++++++++++++++++++++++++++

Path Begin    : rx_data_sig[6]~FF|CLK                 
Path End      : angle_reg_1[6]~FF|CE                  
Launch Clock  : clk_i (RISE)                          
Capture Clock : clk_i (RISE)                          
Slack         : -15.006 (required time - arrival time)
Delay         : 14.723                                

Logic Level             : 5
Non-global nets on path : 6
Global nets on path     : 0

Launch Clock Path Delay        :  7.006
+ Clock To Q + Data Path Delay : 15.866
---------------------------------------
End-of-path arrival time       : 22.872

Constraint                     : 1.000
+ Capture Clock Path Delay     : 7.006
- Clock Uncertainty            : 0.140
--------------------------------------
End-of-path required time      : 7.866

Launch Clock Path
        name           model name   delay (ns)  cumulative delay (ns) pins on net    location
===============================================================================================
clk_i                    inpad        0.000             0.000               0        (0,102)
clk_i                    inpad        0.420             0.420               2        (0,102)
clk_i                    net          3.268             3.688               2        (0,102)
   Routing elements:
      Manhattan distance of X:1, Y:24
CLKBUF__0|I              gbuf         3.318             7.006               2        (1,78) 
CLKBUF__0|O              gbuf         0.000             7.006             389        (1,78) 
clk_i~O                  net          0.000             7.006             389        (1,78) 
rx_data_sig[6]~FF|CLK    ff           0.000             7.006             389        (55,75)

Data Path
        name          model name   delay (ns)  cumulative delay (ns) pins on net    location
==============================================================================================
rx_data_sig[6]~FF|Q      ff          0.650             0.650               6        (55,75)
rx_data_sig[6]           net         3.752             4.402               6        (55,75)
   Routing elements:
      Manhattan distance of X:6, Y:0
LUT__1754|in[3]          lut         0.000             4.402               6        (49,75)
LUT__1754|out            lut         0.000             4.402               2        (49,75)
n866                     net         1.562             5.964               2        (49,75)
   Routing elements:
      Manhattan distance of X:0, Y:1
LUT__1755|in[1]          lut         0.000             5.964               2        (49,76)
LUT__1755|out            lut         0.000             5.964               3        (49,76)
n867                     net         2.614             8.578               3        (49,76)
   Routing elements:
      Manhattan distance of X:15, Y:0
LUT__1757|in[2]          lut         0.000             8.578               3        (34,76)
LUT__1757|out            lut         0.000             8.578               3        (34,76)
n868                     net         1.425            10.003               3        (34,76)
   Routing elements:
      Manhattan distance of X:0, Y:3
LUT__1758|in[2]          lut         0.000            10.003               3        (34,79)
LUT__1758|out            lut         0.000            10.003               4        (34,79)
n869                     net         1.425            11.428               4        (34,79)
   Routing elements:
      Manhattan distance of X:0, Y:3
LUT__1761|in[2]          lut         0.000            11.428               4        (34,82)
LUT__1761|out            lut         0.000            11.428              10        (34,82)
ceg_net120               net         3.945            15.373              10        (34,82)
   Routing elements:
      Manhattan distance of X:5, Y:0
angle_reg_1[6]~FF|CE     ff          0.493            15.866              10        (29,82)

Capture Clock Path
        name           model name   delay (ns)  cumulative delay (ns) pins on net    location
===============================================================================================
clk_i                    inpad        0.000             0.000               0        (0,102)
clk_i                    inpad        0.420             0.420               2        (0,102)
clk_i                    net          3.268             3.688               2        (0,102)
   Routing elements:
      Manhattan distance of X:1, Y:24
CLKBUF__0|I              gbuf         3.318             7.006               2        (1,78) 
CLKBUF__0|O              gbuf         0.000             7.006             389        (1,78) 
clk_i~O                  net          0.000             7.006             389        (1,78) 
angle_reg_1[6]~FF|CLK    ff           0.000             7.006             389        (29,82)

++++ Path 3 ++++++++++++++++++++++++++++++++++++++++++++++++++++++++++++++++++++

Path Begin    : Inst_MPU6500_Controller/delay_cntr[3]~FF|CLK
Path End      : Inst_MPU6500_Controller/state[3]~FF|CE      
Launch Clock  : clk_i (RISE)                                
Capture Clock : clk_i (RISE)                                
Slack         : -14.998 (required time - arrival time)      
Delay         : 14.715                                      

Logic Level             : 5
Non-global nets on path : 6
Global nets on path     : 0

Launch Clock Path Delay        :  7.006
+ Clock To Q + Data Path Delay : 15.858
---------------------------------------
End-of-path arrival time       : 22.864

Constraint                     : 1.000
+ Capture Clock Path Delay     : 7.006
- Clock Uncertainty            : 0.140
--------------------------------------
End-of-path required time      : 7.866

Launch Clock Path
                    name                      model name   delay (ns)  cumulative delay (ns) pins on net    location
======================================================================================================================
clk_i                                           inpad        0.000             0.000               0        (0,102) 
clk_i                                           inpad        0.420             0.420               2        (0,102) 
clk_i                                           net          3.268             3.688               2        (0,102) 
   Routing elements:
      Manhattan distance of X:1, Y:24
CLKBUF__0|I                                     gbuf         3.318             7.006               2        (1,78)  
CLKBUF__0|O                                     gbuf         0.000             7.006             389        (1,78)  
clk_i~O                                         net          0.000             7.006             389        (1,78)  
Inst_MPU6500_Controller/delay_cntr[3]~FF|CLK    ff           0.000             7.006             389        (69,142)

Data Path
                   name                     model name   delay (ns)  cumulative delay (ns) pins on net    location
====================================================================================================================
Inst_MPU6500_Controller/delay_cntr[3]~FF|Q     ff          0.650             0.650              4         (69,142)
Inst_MPU6500_Controller/delay_cntr[3]          net         2.187             2.837              4         (69,142)
   Routing elements:
      Manhattan distance of X:1, Y:0
LUT__1812|in[0]                                lut         0.000             2.837              4         (70,142)
LUT__1812|out                                  lut         0.000             2.837              4         (70,142)
n909                                           net         4.096             6.933              4         (70,142)
   Routing elements: feedthru(1)
      Manhattan distance of X:2, Y:2
LUT__1821|in[3]                                lut         0.000             6.933              4         (72,140)
LUT__1821|out                                  lut         0.000             6.933              4         (72,140)
n918                                           net         1.668             8.601              4         (72,140)
   Routing elements:
      Manhattan distance of X:0, Y:3
LUT__1843|in[0]                                lut         0.000             8.601              4         (72,137)
LUT__1843|out                                  lut         0.000             8.601              3         (72,137)
n934                                           net         1.426            10.027              3         (72,137)
   Routing elements:
      Manhattan distance of X:2, Y:0
LUT__2019|in[2]                                lut         0.000            10.027              3         (70,137)
LUT__2019|out                                  lut         0.000            10.027              3         (70,137)
ceg_net362                                     net         1.810            11.837              3         (70,137)
   Routing elements:
      Manhattan distance of X:10, Y:0
LUT__2022|in[2]                                lut         0.000            11.837              3         (60,137)
LUT__2022|out                                  lut         0.000            11.837              2         (60,137)
ceg_net363                                     net         3.528            15.365              2         (60,137)
   Routing elements:
      Manhattan distance of X:3, Y:0
Inst_MPU6500_Controller/state[3]~FF|CE         ff          0.493            15.858              2         (63,137)

Capture Clock Path
                 name                    model name   delay (ns)  cumulative delay (ns) pins on net    location
=================================================================================================================
clk_i                                      inpad        0.000             0.000               0        (0,102) 
clk_i                                      inpad        0.420             0.420               2        (0,102) 
clk_i                                      net          3.268             3.688               2        (0,102) 
   Routing elements:
      Manhattan distance of X:1, Y:24
CLKBUF__0|I                                gbuf         3.318             7.006               2        (1,78)  
CLKBUF__0|O                                gbuf         0.000             7.006             389        (1,78)  
clk_i~O                                    net          0.000             7.006             389        (1,78)  
Inst_MPU6500_Controller/state[3]~FF|CLK    ff           0.000             7.006             389        (63,137)

++++ Path 4 ++++++++++++++++++++++++++++++++++++++++++++++++++++++++++++++++++++

Path Begin    : rx_data_sig[6]~FF|CLK                 
Path End      : angle_reg_1[5]~FF|CE                  
Launch Clock  : clk_i (RISE)                          
Capture Clock : clk_i (RISE)                          
Slack         : -14.840 (required time - arrival time)
Delay         : 14.557                                

Logic Level             : 5
Non-global nets on path : 6
Global nets on path     : 0

Launch Clock Path Delay        :  7.006
+ Clock To Q + Data Path Delay : 15.700
---------------------------------------
End-of-path arrival time       : 22.706

Constraint                     : 1.000
+ Capture Clock Path Delay     : 7.006
- Clock Uncertainty            : 0.140
--------------------------------------
End-of-path required time      : 7.866

Launch Clock Path
        name           model name   delay (ns)  cumulative delay (ns) pins on net    location
===============================================================================================
clk_i                    inpad        0.000             0.000               0        (0,102)
clk_i                    inpad        0.420             0.420               2        (0,102)
clk_i                    net          3.268             3.688               2        (0,102)
   Routing elements:
      Manhattan distance of X:1, Y:24
CLKBUF__0|I              gbuf         3.318             7.006               2        (1,78) 
CLKBUF__0|O              gbuf         0.000             7.006             389        (1,78) 
clk_i~O                  net          0.000             7.006             389        (1,78) 
rx_data_sig[6]~FF|CLK    ff           0.000             7.006             389        (55,75)

Data Path
        name          model name   delay (ns)  cumulative delay (ns) pins on net    location
==============================================================================================
rx_data_sig[6]~FF|Q      ff          0.650             0.650               6        (55,75)
rx_data_sig[6]           net         3.752             4.402               6        (55,75)
   Routing elements:
      Manhattan distance of X:6, Y:0
LUT__1754|in[3]          lut         0.000             4.402               6        (49,75)
LUT__1754|out            lut         0.000             4.402               2        (49,75)
n866                     net         1.562             5.964               2        (49,75)
   Routing elements:
      Manhattan distance of X:0, Y:1
LUT__1755|in[1]          lut         0.000             5.964               2        (49,76)
LUT__1755|out            lut         0.000             5.964               3        (49,76)
n867                     net         2.614             8.578               3        (49,76)
   Routing elements:
      Manhattan distance of X:15, Y:0
LUT__1757|in[2]          lut         0.000             8.578               3        (34,76)
LUT__1757|out            lut         0.000             8.578               3        (34,76)
n868                     net         1.425            10.003               3        (34,76)
   Routing elements:
      Manhattan distance of X:0, Y:3
LUT__1758|in[2]          lut         0.000            10.003               3        (34,79)
LUT__1758|out            lut         0.000            10.003               4        (34,79)
n869                     net         1.425            11.428               4        (34,79)
   Routing elements:
      Manhattan distance of X:0, Y:3
LUT__1761|in[2]          lut         0.000            11.428               4        (34,82)
LUT__1761|out            lut         0.000            11.428              10        (34,82)
ceg_net120               net         3.779            15.207              10        (34,82)
   Routing elements:
      Manhattan distance of X:1, Y:20
angle_reg_1[5]~FF|CE     ff          0.493            15.700              10        (35,62)

Capture Clock Path
        name           model name   delay (ns)  cumulative delay (ns) pins on net    location
===============================================================================================
clk_i                    inpad        0.000             0.000               0        (0,102)
clk_i                    inpad        0.420             0.420               2        (0,102)
clk_i                    net          3.268             3.688               2        (0,102)
   Routing elements:
      Manhattan distance of X:1, Y:24
CLKBUF__0|I              gbuf         3.318             7.006               2        (1,78) 
CLKBUF__0|O              gbuf         0.000             7.006             389        (1,78) 
clk_i~O                  net          0.000             7.006             389        (1,78) 
angle_reg_1[5]~FF|CLK    ff           0.000             7.006             389        (35,62)

++++ Path 5 ++++++++++++++++++++++++++++++++++++++++++++++++++++++++++++++++++++

Path Begin    : Inst_MPU6500_Controller/delay_cntr[1]~FF|CLK
Path End      : Inst_MPU6500_Controller/state[3]~FF|CE      
Launch Clock  : clk_i (RISE)                                
Capture Clock : clk_i (RISE)                                
Slack         : -14.798 (required time - arrival time)      
Delay         : 14.515                                      

Logic Level             : 5
Non-global nets on path : 6
Global nets on path     : 0

Launch Clock Path Delay        :  7.006
+ Clock To Q + Data Path Delay : 15.658
---------------------------------------
End-of-path arrival time       : 22.664

Constraint                     : 1.000
+ Capture Clock Path Delay     : 7.006
- Clock Uncertainty            : 0.140
--------------------------------------
End-of-path required time      : 7.866

Launch Clock Path
                    name                      model name   delay (ns)  cumulative delay (ns) pins on net    location
======================================================================================================================
clk_i                                           inpad        0.000             0.000               0        (0,102) 
clk_i                                           inpad        0.420             0.420               2        (0,102) 
clk_i                                           net          3.268             3.688               2        (0,102) 
   Routing elements:
      Manhattan distance of X:1, Y:24
CLKBUF__0|I                                     gbuf         3.318             7.006               2        (1,78)  
CLKBUF__0|O                                     gbuf         0.000             7.006             389        (1,78)  
clk_i~O                                         net          0.000             7.006             389        (1,78)  
Inst_MPU6500_Controller/delay_cntr[1]~FF|CLK    ff           0.000             7.006             389        (65,142)

Data Path
                   name                     model name   delay (ns)  cumulative delay (ns) pins on net    location
====================================================================================================================
Inst_MPU6500_Controller/delay_cntr[1]~FF|Q     ff          0.650             0.650              6         (65,142)
Inst_MPU6500_Controller/delay_cntr[1]          net         1.987             2.637              6         (65,142)
   Routing elements:
      Manhattan distance of X:5, Y:0
LUT__1812|in[2]                                lut         0.000             2.637              6         (70,142)
LUT__1812|out                                  lut         0.000             2.637              4         (70,142)
n909                                           net         4.096             6.733              4         (70,142)
   Routing elements: feedthru(1)
      Manhattan distance of X:2, Y:2
LUT__1821|in[3]                                lut         0.000             6.733              4         (72,140)
LUT__1821|out                                  lut         0.000             6.733              4         (72,140)
n918                                           net         1.668             8.401              4         (72,140)
   Routing elements:
      Manhattan distance of X:0, Y:3
LUT__1843|in[0]                                lut         0.000             8.401              4         (72,137)
LUT__1843|out                                  lut         0.000             8.401              3         (72,137)
n934                                           net         1.426             9.827              3         (72,137)
   Routing elements:
      Manhattan distance of X:2, Y:0
LUT__2019|in[2]                                lut         0.000             9.827              3         (70,137)
LUT__2019|out                                  lut         0.000             9.827              3         (70,137)
ceg_net362                                     net         1.810            11.637              3         (70,137)
   Routing elements:
      Manhattan distance of X:10, Y:0
LUT__2022|in[2]                                lut         0.000            11.637              3         (60,137)
LUT__2022|out                                  lut         0.000            11.637              2         (60,137)
ceg_net363                                     net         3.528            15.165              2         (60,137)
   Routing elements:
      Manhattan distance of X:3, Y:0
Inst_MPU6500_Controller/state[3]~FF|CE         ff          0.493            15.658              2         (63,137)

Capture Clock Path
                 name                    model name   delay (ns)  cumulative delay (ns) pins on net    location
=================================================================================================================
clk_i                                      inpad        0.000             0.000               0        (0,102) 
clk_i                                      inpad        0.420             0.420               2        (0,102) 
clk_i                                      net          3.268             3.688               2        (0,102) 
   Routing elements:
      Manhattan distance of X:1, Y:24
CLKBUF__0|I                                gbuf         3.318             7.006               2        (1,78)  
CLKBUF__0|O                                gbuf         0.000             7.006             389        (1,78)  
clk_i~O                                    net          0.000             7.006             389        (1,78)  
Inst_MPU6500_Controller/state[3]~FF|CLK    ff           0.000             7.006             389        (63,137)

++++ Path 6 ++++++++++++++++++++++++++++++++++++++++++++++++++++++++++++++++++++

Path Begin    : rx_data_sig[6]~FF|CLK                 
Path End      : angle_reg_1[3]~FF|CE                  
Launch Clock  : clk_i (RISE)                          
Capture Clock : clk_i (RISE)                          
Slack         : -14.798 (required time - arrival time)
Delay         : 14.515                                

Logic Level             : 5
Non-global nets on path : 6
Global nets on path     : 0

Launch Clock Path Delay        :  7.006
+ Clock To Q + Data Path Delay : 15.658
---------------------------------------
End-of-path arrival time       : 22.664

Constraint                     : 1.000
+ Capture Clock Path Delay     : 7.006
- Clock Uncertainty            : 0.140
--------------------------------------
End-of-path required time      : 7.866

Launch Clock Path
        name           model name   delay (ns)  cumulative delay (ns) pins on net    location
===============================================================================================
clk_i                    inpad        0.000             0.000               0        (0,102)
clk_i                    inpad        0.420             0.420               2        (0,102)
clk_i                    net          3.268             3.688               2        (0,102)
   Routing elements:
      Manhattan distance of X:1, Y:24
CLKBUF__0|I              gbuf         3.318             7.006               2        (1,78) 
CLKBUF__0|O              gbuf         0.000             7.006             389        (1,78) 
clk_i~O                  net          0.000             7.006             389        (1,78) 
rx_data_sig[6]~FF|CLK    ff           0.000             7.006             389        (55,75)

Data Path
        name          model name   delay (ns)  cumulative delay (ns) pins on net    location
==============================================================================================
rx_data_sig[6]~FF|Q      ff          0.650             0.650               6        (55,75)
rx_data_sig[6]           net         3.752             4.402               6        (55,75)
   Routing elements:
      Manhattan distance of X:6, Y:0
LUT__1754|in[3]          lut         0.000             4.402               6        (49,75)
LUT__1754|out            lut         0.000             4.402               2        (49,75)
n866                     net         1.562             5.964               2        (49,75)
   Routing elements:
      Manhattan distance of X:0, Y:1
LUT__1755|in[1]          lut         0.000             5.964               2        (49,76)
LUT__1755|out            lut         0.000             5.964               3        (49,76)
n867                     net         2.614             8.578               3        (49,76)
   Routing elements:
      Manhattan distance of X:15, Y:0
LUT__1757|in[2]          lut         0.000             8.578               3        (34,76)
LUT__1757|out            lut         0.000             8.578               3        (34,76)
n868                     net         1.425            10.003               3        (34,76)
   Routing elements:
      Manhattan distance of X:0, Y:3
LUT__1758|in[2]          lut         0.000            10.003               3        (34,79)
LUT__1758|out            lut         0.000            10.003               4        (34,79)
n869                     net         1.425            11.428               4        (34,79)
   Routing elements:
      Manhattan distance of X:0, Y:3
LUT__1761|in[2]          lut         0.000            11.428               4        (34,82)
LUT__1761|out            lut         0.000            11.428              10        (34,82)
ceg_net120               net         3.737            15.165              10        (34,82)
   Routing elements: feedthru(1)
      Manhattan distance of X:5, Y:20
angle_reg_1[3]~FF|CE     ff          0.493            15.658              10        (39,62)

Capture Clock Path
        name           model name   delay (ns)  cumulative delay (ns) pins on net    location
===============================================================================================
clk_i                    inpad        0.000             0.000               0        (0,102)
clk_i                    inpad        0.420             0.420               2        (0,102)
clk_i                    net          3.268             3.688               2        (0,102)
   Routing elements:
      Manhattan distance of X:1, Y:24
CLKBUF__0|I              gbuf         3.318             7.006               2        (1,78) 
CLKBUF__0|O              gbuf         0.000             7.006             389        (1,78) 
clk_i~O                  net          0.000             7.006             389        (1,78) 
angle_reg_1[3]~FF|CLK    ff           0.000             7.006             389        (39,62)

++++ Path 7 ++++++++++++++++++++++++++++++++++++++++++++++++++++++++++++++++++++

Path Begin    : Inst_MPU6500_Controller/delay_cntr[21]~FF|CLK
Path End      : Inst_MPU6500_Controller/state[3]~FF|CE       
Launch Clock  : clk_i (RISE)                                 
Capture Clock : clk_i (RISE)                                 
Slack         : -14.787 (required time - arrival time)       
Delay         : 14.504                                       

Logic Level             : 5
Non-global nets on path : 6
Global nets on path     : 0

Launch Clock Path Delay        :  7.006
+ Clock To Q + Data Path Delay : 15.647
---------------------------------------
End-of-path arrival time       : 22.653

Constraint                     : 1.000
+ Capture Clock Path Delay     : 7.006
- Clock Uncertainty            : 0.140
--------------------------------------
End-of-path required time      : 7.866

Launch Clock Path
                    name                       model name   delay (ns)  cumulative delay (ns) pins on net    location
=======================================================================================================================
clk_i                                            inpad        0.000             0.000               0        (0,102) 
clk_i                                            inpad        0.420             0.420               2        (0,102) 
clk_i                                            net          3.268             3.688               2        (0,102) 
   Routing elements:
      Manhattan distance of X:1, Y:24
CLKBUF__0|I                                      gbuf         3.318             7.006               2        (1,78)  
CLKBUF__0|O                                      gbuf         0.000             7.006             389        (1,78)  
clk_i~O                                          net          0.000             7.006             389        (1,78)  
Inst_MPU6500_Controller/delay_cntr[21]~FF|CLK    ff           0.000             7.006             389        (69,140)

Data Path
                   name                      model name   delay (ns)  cumulative delay (ns) pins on net    location
=====================================================================================================================
Inst_MPU6500_Controller/delay_cntr[21]~FF|Q     ff          0.650             0.650              4         (69,140)
Inst_MPU6500_Controller/delay_cntr[21]          net         4.154             4.804              4         (69,140)
   Routing elements:
      Manhattan distance of X:3, Y:7
LUT__1817|in[1]                                 lut         0.000             4.804              4         (72,147)
LUT__1817|out                                   lut         0.000             4.804              2         (72,147)
n914                                            net         1.793             6.597              2         (72,147)
   Routing elements:
      Manhattan distance of X:0, Y:5
LUT__1818|in[1]                                 lut         0.000             6.597              2         (72,142)
LUT__1818|out                                   lut         0.000             6.597              4         (72,142)
n915                                            net         1.793             8.390              4         (72,142)
   Routing elements:
      Manhattan distance of X:0, Y:5
LUT__1843|in[1]                                 lut         0.000             8.390              4         (72,137)
LUT__1843|out                                   lut         0.000             8.390              3         (72,137)
n934                                            net         1.426             9.816              3         (72,137)
   Routing elements:
      Manhattan distance of X:2, Y:0
LUT__2019|in[2]                                 lut         0.000             9.816              3         (70,137)
LUT__2019|out                                   lut         0.000             9.816              3         (70,137)
ceg_net362                                      net         1.810            11.626              3         (70,137)
   Routing elements:
      Manhattan distance of X:10, Y:0
LUT__2022|in[2]                                 lut         0.000            11.626              3         (60,137)
LUT__2022|out                                   lut         0.000            11.626              2         (60,137)
ceg_net363                                      net         3.528            15.154              2         (60,137)
   Routing elements:
      Manhattan distance of X:3, Y:0
Inst_MPU6500_Controller/state[3]~FF|CE          ff          0.493            15.647              2         (63,137)

Capture Clock Path
                 name                    model name   delay (ns)  cumulative delay (ns) pins on net    location
=================================================================================================================
clk_i                                      inpad        0.000             0.000               0        (0,102) 
clk_i                                      inpad        0.420             0.420               2        (0,102) 
clk_i                                      net          3.268             3.688               2        (0,102) 
   Routing elements:
      Manhattan distance of X:1, Y:24
CLKBUF__0|I                                gbuf         3.318             7.006               2        (1,78)  
CLKBUF__0|O                                gbuf         0.000             7.006             389        (1,78)  
clk_i~O                                    net          0.000             7.006             389        (1,78)  
Inst_MPU6500_Controller/state[3]~FF|CLK    ff           0.000             7.006             389        (63,137)

++++ Path 8 ++++++++++++++++++++++++++++++++++++++++++++++++++++++++++++++++++++

Path Begin    : Inst_MPU6500_Controller/delay_cntr[7]~FF|CLK
Path End      : Inst_MPU6500_Controller/state[3]~FF|CE      
Launch Clock  : clk_i (RISE)                                
Capture Clock : clk_i (RISE)                                
Slack         : -14.762 (required time - arrival time)      
Delay         : 14.479                                      

Logic Level             : 5
Non-global nets on path : 6
Global nets on path     : 0

Launch Clock Path Delay        :  7.006
+ Clock To Q + Data Path Delay : 15.622
---------------------------------------
End-of-path arrival time       : 22.628

Constraint                     : 1.000
+ Capture Clock Path Delay     : 7.006
- Clock Uncertainty            : 0.140
--------------------------------------
End-of-path required time      : 7.866

Launch Clock Path
                    name                      model name   delay (ns)  cumulative delay (ns) pins on net    location
======================================================================================================================
clk_i                                           inpad        0.000             0.000               0        (0,102) 
clk_i                                           inpad        0.420             0.420               2        (0,102) 
clk_i                                           net          3.268             3.688               2        (0,102) 
   Routing elements:
      Manhattan distance of X:1, Y:24
CLKBUF__0|I                                     gbuf         3.318             7.006               2        (1,78)  
CLKBUF__0|O                                     gbuf         0.000             7.006             389        (1,78)  
clk_i~O                                         net          0.000             7.006             389        (1,78)  
Inst_MPU6500_Controller/delay_cntr[7]~FF|CLK    ff           0.000             7.006             389        (69,141)

Data Path
                   name                     model name   delay (ns)  cumulative delay (ns) pins on net    location
====================================================================================================================
Inst_MPU6500_Controller/delay_cntr[7]~FF|Q     ff          0.650             0.650              7         (69,141)
Inst_MPU6500_Controller/delay_cntr[7]          net         3.344             3.994              7         (69,141)
   Routing elements:
      Manhattan distance of X:0, Y:5
LUT__1808|in[2]                                lut         0.000             3.994              7         (69,146)
LUT__1808|out                                  lut         0.000             3.994              2         (69,146)
n905                                           net         2.486             6.480              2         (69,146)
   Routing elements:
      Manhattan distance of X:1, Y:0
LUT__1810|in[1]                                lut         0.000             6.480              2         (70,146)
LUT__1810|out                                  lut         0.000             6.480              5         (70,146)
n907                                           net         1.793             8.273              5         (70,146)
   Routing elements:
      Manhattan distance of X:0, Y:5
LUT__2018|in[1]                                lut         0.000             8.273              5         (70,141)
LUT__2018|out                                  lut         0.000             8.273              2         (70,141)
n1041                                          net         1.518             9.791              2         (70,141)
   Routing elements:
      Manhattan distance of X:0, Y:4
LUT__2019|in[3]                                lut         0.000             9.791              2         (70,137)
LUT__2019|out                                  lut         0.000             9.791              3         (70,137)
ceg_net362                                     net         1.810            11.601              3         (70,137)
   Routing elements:
      Manhattan distance of X:10, Y:0
LUT__2022|in[2]                                lut         0.000            11.601              3         (60,137)
LUT__2022|out                                  lut         0.000            11.601              2         (60,137)
ceg_net363                                     net         3.528            15.129              2         (60,137)
   Routing elements:
      Manhattan distance of X:3, Y:0
Inst_MPU6500_Controller/state[3]~FF|CE         ff          0.493            15.622              2         (63,137)

Capture Clock Path
                 name                    model name   delay (ns)  cumulative delay (ns) pins on net    location
=================================================================================================================
clk_i                                      inpad        0.000             0.000               0        (0,102) 
clk_i                                      inpad        0.420             0.420               2        (0,102) 
clk_i                                      net          3.268             3.688               2        (0,102) 
   Routing elements:
      Manhattan distance of X:1, Y:24
CLKBUF__0|I                                gbuf         3.318             7.006               2        (1,78)  
CLKBUF__0|O                                gbuf         0.000             7.006             389        (1,78)  
clk_i~O                                    net          0.000             7.006             389        (1,78)  
Inst_MPU6500_Controller/state[3]~FF|CLK    ff           0.000             7.006             389        (63,137)

++++ Path 9 ++++++++++++++++++++++++++++++++++++++++++++++++++++++++++++++++++++

Path Begin    : Inst_MPU6500_Controller/state[1]~FF|CLK
Path End      : Inst_MPU6500_Controller/state[3]~FF|CE 
Launch Clock  : clk_i (RISE)                           
Capture Clock : clk_i (RISE)                           
Slack         : -14.681 (required time - arrival time) 
Delay         : 14.398                                 

Logic Level             : 4
Non-global nets on path : 5
Global nets on path     : 0

Launch Clock Path Delay        :  7.006
+ Clock To Q + Data Path Delay : 15.541
---------------------------------------
End-of-path arrival time       : 22.547

Constraint                     : 1.000
+ Capture Clock Path Delay     : 7.006
- Clock Uncertainty            : 0.140
--------------------------------------
End-of-path required time      : 7.866

Launch Clock Path
                 name                    model name   delay (ns)  cumulative delay (ns) pins on net    location
=================================================================================================================
clk_i                                      inpad        0.000             0.000               0        (0,102) 
clk_i                                      inpad        0.420             0.420               2        (0,102) 
clk_i                                      net          3.268             3.688               2        (0,102) 
   Routing elements:
      Manhattan distance of X:1, Y:24
CLKBUF__0|I                                gbuf         3.318             7.006               2        (1,78)  
CLKBUF__0|O                                gbuf         0.000             7.006             389        (1,78)  
clk_i~O                                    net          0.000             7.006             389        (1,78)  
Inst_MPU6500_Controller/state[1]~FF|CLK    ff           0.000             7.006             389        (65,137)

Data Path
                 name                   model name   delay (ns)  cumulative delay (ns) pins on net    location
================================================================================================================
Inst_MPU6500_Controller/state[1]~FF|Q      ff          0.650             0.650              22        (65,137)
Inst_MPU6500_Controller/state[1]           net         3.965             4.615              22        (65,137)
   Routing elements:
      Manhattan distance of X:6, Y:2
LUT__1826|in[0]                            lut         0.000             4.615              22        (71,139)
LUT__1826|out                              lut         0.000             4.615               7        (71,139)
n922                                       net         3.669             8.284               7        (71,139)
   Routing elements:
      Manhattan distance of X:1, Y:2
LUT__1843|in[3]                            lut         0.000             8.284               7        (72,137)
LUT__1843|out                              lut         0.000             8.284               3        (72,137)
n934                                       net         1.426             9.710               3        (72,137)
   Routing elements:
      Manhattan distance of X:2, Y:0
LUT__2019|in[2]                            lut         0.000             9.710               3        (70,137)
LUT__2019|out                              lut         0.000             9.710               3        (70,137)
ceg_net362                                 net         1.810            11.520               3        (70,137)
   Routing elements:
      Manhattan distance of X:10, Y:0
LUT__2022|in[2]                            lut         0.000            11.520               3        (60,137)
LUT__2022|out                              lut         0.000            11.520               2        (60,137)
ceg_net363                                 net         3.528            15.048               2        (60,137)
   Routing elements:
      Manhattan distance of X:3, Y:0
Inst_MPU6500_Controller/state[3]~FF|CE     ff          0.493            15.541               2        (63,137)

Capture Clock Path
                 name                    model name   delay (ns)  cumulative delay (ns) pins on net    location
=================================================================================================================
clk_i                                      inpad        0.000             0.000               0        (0,102) 
clk_i                                      inpad        0.420             0.420               2        (0,102) 
clk_i                                      net          3.268             3.688               2        (0,102) 
   Routing elements:
      Manhattan distance of X:1, Y:24
CLKBUF__0|I                                gbuf         3.318             7.006               2        (1,78)  
CLKBUF__0|O                                gbuf         0.000             7.006             389        (1,78)  
clk_i~O                                    net          0.000             7.006             389        (1,78)  
Inst_MPU6500_Controller/state[3]~FF|CLK    ff           0.000             7.006             389        (63,137)

++++ Path 10 +++++++++++++++++++++++++++++++++++++++++++++++++++++++++++++++++++

Path Begin    : Inst_MPU6500_Controller/state[2]~FF|CLK
Path End      : Inst_MPU6500_Controller/state[3]~FF|CE 
Launch Clock  : clk_i (RISE)                           
Capture Clock : clk_i (RISE)                           
Slack         : -14.664 (required time - arrival time) 
Delay         : 14.381                                 

Logic Level             : 4
Non-global nets on path : 5
Global nets on path     : 0

Launch Clock Path Delay        :  7.006
+ Clock To Q + Data Path Delay : 15.524
---------------------------------------
End-of-path arrival time       : 22.530

Constraint                     : 1.000
+ Capture Clock Path Delay     : 7.006
- Clock Uncertainty            : 0.140
--------------------------------------
End-of-path required time      : 7.866

Launch Clock Path
                 name                    model name   delay (ns)  cumulative delay (ns) pins on net    location
=================================================================================================================
clk_i                                      inpad        0.000             0.000               0        (0,102) 
clk_i                                      inpad        0.420             0.420               2        (0,102) 
clk_i                                      net          3.268             3.688               2        (0,102) 
   Routing elements:
      Manhattan distance of X:1, Y:24
CLKBUF__0|I                                gbuf         3.318             7.006               2        (1,78)  
CLKBUF__0|O                                gbuf         0.000             7.006             389        (1,78)  
clk_i~O                                    net          0.000             7.006             389        (1,78)  
Inst_MPU6500_Controller/state[2]~FF|CLK    ff           0.000             7.006             389        (69,135)

Data Path
                 name                   model name   delay (ns)  cumulative delay (ns) pins on net    location
================================================================================================================
Inst_MPU6500_Controller/state[2]~FF|Q      ff          0.650             0.650              28        (69,135)
Inst_MPU6500_Controller/state[2]           net         3.948             4.598              28        (69,135)
   Routing elements: feedthru(1)
      Manhattan distance of X:2, Y:4
LUT__1826|in[2]                            lut         0.000             4.598              28        (71,139)
LUT__1826|out                              lut         0.000             4.598               7        (71,139)
n922                                       net         3.669             8.267               7        (71,139)
   Routing elements:
      Manhattan distance of X:1, Y:2
LUT__1843|in[3]                            lut         0.000             8.267               7        (72,137)
LUT__1843|out                              lut         0.000             8.267               3        (72,137)
n934                                       net         1.426             9.693               3        (72,137)
   Routing elements:
      Manhattan distance of X:2, Y:0
LUT__2019|in[2]                            lut         0.000             9.693               3        (70,137)
LUT__2019|out                              lut         0.000             9.693               3        (70,137)
ceg_net362                                 net         1.810            11.503               3        (70,137)
   Routing elements:
      Manhattan distance of X:10, Y:0
LUT__2022|in[2]                            lut         0.000            11.503               3        (60,137)
LUT__2022|out                              lut         0.000            11.503               2        (60,137)
ceg_net363                                 net         3.528            15.031               2        (60,137)
   Routing elements:
      Manhattan distance of X:3, Y:0
Inst_MPU6500_Controller/state[3]~FF|CE     ff          0.493            15.524               2        (63,137)

Capture Clock Path
                 name                    model name   delay (ns)  cumulative delay (ns) pins on net    location
=================================================================================================================
clk_i                                      inpad        0.000             0.000               0        (0,102) 
clk_i                                      inpad        0.420             0.420               2        (0,102) 
clk_i                                      net          3.268             3.688               2        (0,102) 
   Routing elements:
      Manhattan distance of X:1, Y:24
CLKBUF__0|I                                gbuf         3.318             7.006               2        (1,78)  
CLKBUF__0|O                                gbuf         0.000             7.006             389        (1,78)  
clk_i~O                                    net          0.000             7.006             389        (1,78)  
Inst_MPU6500_Controller/state[3]~FF|CLK    ff           0.000             7.006             389        (63,137)

---------- Path Details for Max Critical Paths (end) ---------------

---------- 4. Path Details for Min Critical Paths (begin) ----------

################################################################################
Path Detail Report (clk_i vs clk_i)
################################################################################


++++ Path 1 ++++++++++++++++++++++++++++++++++++++++++++++++++++++++++++++++++++

Path Begin    : Inst_MPU6500_Controller/delay_cntr[1]~FF|CLK
Path End      : Inst_MPU6500_Controller/delay_cntr[1]~FF|D  
Launch Clock  : clk_i (RISE)                                
Capture Clock : clk_i (RISE)                                
Slack         : 0.643 (arrival time - required time)        
Delay         : 0.461                                       

Logic Level             : 1
Non-global nets on path : 1
Global nets on path     : 0

Launch Clock Path Delay        : 2.502
+ Clock To Q + Data Path Delay : 0.693
--------------------------------------
End-of-path arrival time       : 3.195

Constraint                     : 0.000
+ Capture Clock Path Delay     : 2.502
+ Clock Uncertainty            : 0.050
--------------------------------------
End-of-path required time      : 2.552

Launch Clock Path
                    name                      model name   delay (ns)  cumulative delay (ns) pins on net    location
======================================================================================================================
clk_i                                           inpad        0.000             0.000               0        (0,102) 
clk_i                                           inpad        0.150             0.150               2        (0,102) 
clk_i                                           net          1.167             1.317               2        (0,102) 
   Routing elements:
      Manhattan distance of X:1, Y:24
CLKBUF__0|I                                     gbuf         1.185             2.502               2        (1,78)  
CLKBUF__0|O                                     gbuf         0.000             2.502             389        (1,78)  
clk_i~O                                         net          0.000             2.502             389        (1,78)  
Inst_MPU6500_Controller/delay_cntr[1]~FF|CLK    ff           0.000             2.502             389        (65,142)

Data Path
                   name                     model name   delay (ns)  cumulative delay (ns) pins on net    location
====================================================================================================================
Inst_MPU6500_Controller/delay_cntr[1]~FF|Q     ff          0.232             0.232              6         (65,142)
Inst_MPU6500_Controller/delay_cntr[1]          net         0.461             0.693              6         (65,142)
LUT__1919|in[3]                                lut         0.000             0.693              6         (65,142)
LUT__1919|out                                  lut         0.000             0.693              2         (65,142)
Inst_MPU6500_Controller/delay_cntr[1]~FF|D     ff          0.000             0.693              2         (65,142)

Capture Clock Path
                    name                      model name   delay (ns)  cumulative delay (ns) pins on net    location
======================================================================================================================
clk_i                                           inpad        0.000             0.000               0        (0,102) 
clk_i                                           inpad        0.150             0.150               2        (0,102) 
clk_i                                           net          1.167             1.317               2        (0,102) 
   Routing elements:
      Manhattan distance of X:1, Y:24
CLKBUF__0|I                                     gbuf         1.185             2.502               2        (1,78)  
CLKBUF__0|O                                     gbuf         0.000             2.502             389        (1,78)  
clk_i~O                                         net          0.000             2.502             389        (1,78)  
Inst_MPU6500_Controller/delay_cntr[1]~FF|CLK    ff           0.000             2.502             389        (65,142)

++++ Path 2 ++++++++++++++++++++++++++++++++++++++++++++++++++++++++++++++++++++

Path Begin    : Inst_MPU6500_Controller/config_idx[0]~FF|CLK
Path End      : Inst_MPU6500_Controller/config_idx[0]~FF|D  
Launch Clock  : clk_i (RISE)                                
Capture Clock : clk_i (RISE)                                
Slack         : 0.643 (arrival time - required time)        
Delay         : 0.461                                       

Logic Level             : 1
Non-global nets on path : 1
Global nets on path     : 0

Launch Clock Path Delay        : 2.502
+ Clock To Q + Data Path Delay : 0.693
--------------------------------------
End-of-path arrival time       : 3.195

Constraint                     : 0.000
+ Capture Clock Path Delay     : 2.502
+ Clock Uncertainty            : 0.050
--------------------------------------
End-of-path required time      : 2.552

Launch Clock Path
                    name                      model name   delay (ns)  cumulative delay (ns) pins on net    location
======================================================================================================================
clk_i                                           inpad        0.000             0.000               0        (0,102) 
clk_i                                           inpad        0.150             0.150               2        (0,102) 
clk_i                                           net          1.167             1.317               2        (0,102) 
   Routing elements:
      Manhattan distance of X:1, Y:24
CLKBUF__0|I                                     gbuf         1.185             2.502               2        (1,78)  
CLKBUF__0|O                                     gbuf         0.000             2.502             389        (1,78)  
clk_i~O                                         net          0.000             2.502             389        (1,78)  
Inst_MPU6500_Controller/config_idx[0]~FF|CLK    ff           0.000             2.502             389        (71,125)

Data Path
                   name                     model name   delay (ns)  cumulative delay (ns) pins on net    location
====================================================================================================================
Inst_MPU6500_Controller/config_idx[0]~FF|Q     ff          0.232             0.232              6         (71,125)
Inst_MPU6500_Controller/config_idx[0]          net         0.461             0.693              6         (71,125)
LUT__1781|in[3]                                lut         0.000             0.693              6         (71,125)
LUT__1781|out                                  lut         0.000             0.693              2         (71,125)
Inst_MPU6500_Controller/config_idx[0]~FF|D     ff          0.000             0.693              2         (71,125)

Capture Clock Path
                    name                      model name   delay (ns)  cumulative delay (ns) pins on net    location
======================================================================================================================
clk_i                                           inpad        0.000             0.000               0        (0,102) 
clk_i                                           inpad        0.150             0.150               2        (0,102) 
clk_i                                           net          1.167             1.317               2        (0,102) 
   Routing elements:
      Manhattan distance of X:1, Y:24
CLKBUF__0|I                                     gbuf         1.185             2.502               2        (1,78)  
CLKBUF__0|O                                     gbuf         0.000             2.502             389        (1,78)  
clk_i~O                                         net          0.000             2.502             389        (1,78)  
Inst_MPU6500_Controller/config_idx[0]~FF|CLK    ff           0.000             2.502             389        (71,125)

++++ Path 3 ++++++++++++++++++++++++++++++++++++++++++++++++++++++++++++++++++++

Path Begin    : Inst_MPU6500_Controller/delay_cntr[10]~FF|CLK
Path End      : Inst_MPU6500_Controller/delay_cntr[10]~FF|D  
Launch Clock  : clk_i (RISE)                                 
Capture Clock : clk_i (RISE)                                 
Slack         : 0.643 (arrival time - required time)         
Delay         : 0.461                                        

Logic Level             : 1
Non-global nets on path : 1
Global nets on path     : 0

Launch Clock Path Delay        : 2.502
+ Clock To Q + Data Path Delay : 0.693
--------------------------------------
End-of-path arrival time       : 3.195

Constraint                     : 0.000
+ Capture Clock Path Delay     : 2.502
+ Clock Uncertainty            : 0.050
--------------------------------------
End-of-path required time      : 2.552

Launch Clock Path
                    name                       model name   delay (ns)  cumulative delay (ns) pins on net    location
=======================================================================================================================
clk_i                                            inpad        0.000             0.000               0        (0,102) 
clk_i                                            inpad        0.150             0.150               2        (0,102) 
clk_i                                            net          1.167             1.317               2        (0,102) 
   Routing elements:
      Manhattan distance of X:1, Y:24
CLKBUF__0|I                                      gbuf         1.185             2.502               2        (1,78)  
CLKBUF__0|O                                      gbuf         0.000             2.502             389        (1,78)  
clk_i~O                                          net          0.000             2.502             389        (1,78)  
Inst_MPU6500_Controller/delay_cntr[10]~FF|CLK    ff           0.000             2.502             389        (61,139)

Data Path
                   name                      model name   delay (ns)  cumulative delay (ns) pins on net    location
=====================================================================================================================
Inst_MPU6500_Controller/delay_cntr[10]~FF|Q     ff          0.232             0.232              5         (61,139)
Inst_MPU6500_Controller/delay_cntr[10]          net         0.461             0.693              5         (61,139)
LUT__1939|in[3]                                 lut         0.000             0.693              5         (61,139)
LUT__1939|out                                   lut         0.000             0.693              2         (61,139)
Inst_MPU6500_Controller/delay_cntr[10]~FF|D     ff          0.000             0.693              2         (61,139)

Capture Clock Path
                    name                       model name   delay (ns)  cumulative delay (ns) pins on net    location
=======================================================================================================================
clk_i                                            inpad        0.000             0.000               0        (0,102) 
clk_i                                            inpad        0.150             0.150               2        (0,102) 
clk_i                                            net          1.167             1.317               2        (0,102) 
   Routing elements:
      Manhattan distance of X:1, Y:24
CLKBUF__0|I                                      gbuf         1.185             2.502               2        (1,78)  
CLKBUF__0|O                                      gbuf         0.000             2.502             389        (1,78)  
clk_i~O                                          net          0.000             2.502             389        (1,78)  
Inst_MPU6500_Controller/delay_cntr[10]~FF|CLK    ff           0.000             2.502             389        (61,139)

++++ Path 4 ++++++++++++++++++++++++++++++++++++++++++++++++++++++++++++++++++++

Path Begin    : byte_idx[0]~FF|CLK                  
Path End      : byte_idx[0]~FF|D                    
Launch Clock  : clk_i (RISE)                        
Capture Clock : clk_i (RISE)                        
Slack         : 0.643 (arrival time - required time)
Delay         : 0.461                               

Logic Level             : 1
Non-global nets on path : 1
Global nets on path     : 0

Launch Clock Path Delay        : 2.502
+ Clock To Q + Data Path Delay : 0.693
--------------------------------------
End-of-path arrival time       : 3.195

Constraint                     : 0.000
+ Capture Clock Path Delay     : 2.502
+ Clock Uncertainty            : 0.050
--------------------------------------
End-of-path required time      : 2.552

Launch Clock Path
       name         model name   delay (ns)  cumulative delay (ns) pins on net    location
============================================================================================
clk_i                 inpad        0.000             0.000               0        (0,102) 
clk_i                 inpad        0.150             0.150               2        (0,102) 
clk_i                 net          1.167             1.317               2        (0,102) 
   Routing elements:
      Manhattan distance of X:1, Y:24
CLKBUF__0|I           gbuf         1.185             2.502               2        (1,78)  
CLKBUF__0|O           gbuf         0.000             2.502             389        (1,78)  
clk_i~O               net          0.000             2.502             389        (1,78)  
byte_idx[0]~FF|CLK    ff           0.000             2.502             389        (37,125)

Data Path
      name        model name   delay (ns)  cumulative delay (ns) pins on net    location
==========================================================================================
byte_idx[0]~FF|Q     ff          0.232             0.232              25        (37,125)
byte_idx[0]          net         0.461             0.693              25        (37,125)
LUT__1749|in[3]      lut         0.000             0.693              25        (37,125)
LUT__1749|out        lut         0.000             0.693               2        (37,125)
byte_idx[0]~FF|D     ff          0.000             0.693               2        (37,125)

Capture Clock Path
       name         model name   delay (ns)  cumulative delay (ns) pins on net    location
============================================================================================
clk_i                 inpad        0.000             0.000               0        (0,102) 
clk_i                 inpad        0.150             0.150               2        (0,102) 
clk_i                 net          1.167             1.317               2        (0,102) 
   Routing elements:
      Manhattan distance of X:1, Y:24
CLKBUF__0|I           gbuf         1.185             2.502               2        (1,78)  
CLKBUF__0|O           gbuf         0.000             2.502             389        (1,78)  
clk_i~O               net          0.000             2.502             389        (1,78)  
byte_idx[0]~FF|CLK    ff           0.000             2.502             389        (37,125)

++++ Path 5 ++++++++++++++++++++++++++++++++++++++++++++++++++++++++++++++++++++

Path Begin    : uart_state[0]~FF|CLK                
Path End      : uart_state[0]~FF|D                  
Launch Clock  : clk_i (RISE)                        
Capture Clock : clk_i (RISE)                        
Slack         : 0.643 (arrival time - required time)
Delay         : 0.461                               

Logic Level             : 1
Non-global nets on path : 1
Global nets on path     : 0

Launch Clock Path Delay        : 2.502
+ Clock To Q + Data Path Delay : 0.693
--------------------------------------
End-of-path arrival time       : 3.195

Constraint                     : 0.000
+ Capture Clock Path Delay     : 2.502
+ Clock Uncertainty            : 0.050
--------------------------------------
End-of-path required time      : 2.552

Launch Clock Path
        name          model name   delay (ns)  cumulative delay (ns) pins on net    location
==============================================================================================
clk_i                   inpad        0.000             0.000               0        (0,102) 
clk_i                   inpad        0.150             0.150               2        (0,102) 
clk_i                   net          1.167             1.317               2        (0,102) 
   Routing elements:
      Manhattan distance of X:1, Y:24
CLKBUF__0|I             gbuf         1.185             2.502               2        (1,78)  
CLKBUF__0|O             gbuf         0.000             2.502             389        (1,78)  
clk_i~O                 net          0.000             2.502             389        (1,78)  
uart_state[0]~FF|CLK    ff           0.000             2.502             389        (31,126)

Data Path
       name         model name   delay (ns)  cumulative delay (ns) pins on net    location
============================================================================================
uart_state[0]~FF|Q     ff          0.232             0.232              7         (31,126)
uart_state[0]          net         0.461             0.693              7         (31,126)
LUT__1777|in[3]        lut         0.000             0.693              7         (31,126)
LUT__1777|out          lut         0.000             0.693              2         (31,126)
uart_state[0]~FF|D     ff          0.000             0.693              2         (31,126)

Capture Clock Path
        name          model name   delay (ns)  cumulative delay (ns) pins on net    location
==============================================================================================
clk_i                   inpad        0.000             0.000               0        (0,102) 
clk_i                   inpad        0.150             0.150               2        (0,102) 
clk_i                   net          1.167             1.317               2        (0,102) 
   Routing elements:
      Manhattan distance of X:1, Y:24
CLKBUF__0|I             gbuf         1.185             2.502               2        (1,78)  
CLKBUF__0|O             gbuf         0.000             2.502             389        (1,78)  
clk_i~O                 net          0.000             2.502             389        (1,78)  
uart_state[0]~FF|CLK    ff           0.000             2.502             389        (31,126)

++++ Path 6 ++++++++++++++++++++++++++++++++++++++++++++++++++++++++++++++++++++

Path Begin    : Inst_MPU6500_Controller/delay_cntr[9]~FF|CLK
Path End      : Inst_MPU6500_Controller/delay_cntr[9]~FF|D  
Launch Clock  : clk_i (RISE)                                
Capture Clock : clk_i (RISE)                                
Slack         : 0.643 (arrival time - required time)        
Delay         : 0.461                                       

Logic Level             : 1
Non-global nets on path : 1
Global nets on path     : 0

Launch Clock Path Delay        : 2.502
+ Clock To Q + Data Path Delay : 0.693
--------------------------------------
End-of-path arrival time       : 3.195

Constraint                     : 0.000
+ Capture Clock Path Delay     : 2.502
+ Clock Uncertainty            : 0.050
--------------------------------------
End-of-path required time      : 2.552

Launch Clock Path
                    name                      model name   delay (ns)  cumulative delay (ns) pins on net    location
======================================================================================================================
clk_i                                           inpad        0.000             0.000               0        (0,102) 
clk_i                                           inpad        0.150             0.150               2        (0,102) 
clk_i                                           net          1.167             1.317               2        (0,102) 
   Routing elements:
      Manhattan distance of X:1, Y:24
CLKBUF__0|I                                     gbuf         1.185             2.502               2        (1,78)  
CLKBUF__0|O                                     gbuf         0.000             2.502             389        (1,78)  
clk_i~O                                         net          0.000             2.502             389        (1,78)  
Inst_MPU6500_Controller/delay_cntr[9]~FF|CLK    ff           0.000             2.502             389        (61,145)

Data Path
                   name                     model name   delay (ns)  cumulative delay (ns) pins on net    location
====================================================================================================================
Inst_MPU6500_Controller/delay_cntr[9]~FF|Q     ff          0.232             0.232              6         (61,145)
Inst_MPU6500_Controller/delay_cntr[9]          net         0.461             0.693              6         (61,145)
LUT__1937|in[3]                                lut         0.000             0.693              6         (61,145)
LUT__1937|out                                  lut         0.000             0.693              2         (61,145)
Inst_MPU6500_Controller/delay_cntr[9]~FF|D     ff          0.000             0.693              2         (61,145)

Capture Clock Path
                    name                      model name   delay (ns)  cumulative delay (ns) pins on net    location
======================================================================================================================
clk_i                                           inpad        0.000             0.000               0        (0,102) 
clk_i                                           inpad        0.150             0.150               2        (0,102) 
clk_i                                           net          1.167             1.317               2        (0,102) 
   Routing elements:
      Manhattan distance of X:1, Y:24
CLKBUF__0|I                                     gbuf         1.185             2.502               2        (1,78)  
CLKBUF__0|O                                     gbuf         0.000             2.502             389        (1,78)  
clk_i~O                                         net          0.000             2.502             389        (1,78)  
Inst_MPU6500_Controller/delay_cntr[9]~FF|CLK    ff           0.000             2.502             389        (61,145)

++++ Path 7 ++++++++++++++++++++++++++++++++++++++++++++++++++++++++++++++++++++

Path Begin    : Inst_MPU6500_Controller/delay_cntr[2]~FF|CLK
Path End      : Inst_MPU6500_Controller/delay_cntr[2]~FF|D  
Launch Clock  : clk_i (RISE)                                
Capture Clock : clk_i (RISE)                                
Slack         : 0.643 (arrival time - required time)        
Delay         : 0.461                                       

Logic Level             : 1
Non-global nets on path : 1
Global nets on path     : 0

Launch Clock Path Delay        : 2.502
+ Clock To Q + Data Path Delay : 0.693
--------------------------------------
End-of-path arrival time       : 3.195

Constraint                     : 0.000
+ Capture Clock Path Delay     : 2.502
+ Clock Uncertainty            : 0.050
--------------------------------------
End-of-path required time      : 2.552

Launch Clock Path
                    name                      model name   delay (ns)  cumulative delay (ns) pins on net    location
======================================================================================================================
clk_i                                           inpad        0.000             0.000               0        (0,102) 
clk_i                                           inpad        0.150             0.150               2        (0,102) 
clk_i                                           net          1.167             1.317               2        (0,102) 
   Routing elements:
      Manhattan distance of X:1, Y:24
CLKBUF__0|I                                     gbuf         1.185             2.502               2        (1,78)  
CLKBUF__0|O                                     gbuf         0.000             2.502             389        (1,78)  
clk_i~O                                         net          0.000             2.502             389        (1,78)  
Inst_MPU6500_Controller/delay_cntr[2]~FF|CLK    ff           0.000             2.502             389        (67,142)

Data Path
                   name                     model name   delay (ns)  cumulative delay (ns) pins on net    location
====================================================================================================================
Inst_MPU6500_Controller/delay_cntr[2]~FF|Q     ff          0.232             0.232              6         (67,142)
Inst_MPU6500_Controller/delay_cntr[2]          net         0.461             0.693              6         (67,142)
LUT__1923|in[3]                                lut         0.000             0.693              6         (67,142)
LUT__1923|out                                  lut         0.000             0.693              2         (67,142)
Inst_MPU6500_Controller/delay_cntr[2]~FF|D     ff          0.000             0.693              2         (67,142)

Capture Clock Path
                    name                      model name   delay (ns)  cumulative delay (ns) pins on net    location
======================================================================================================================
clk_i                                           inpad        0.000             0.000               0        (0,102) 
clk_i                                           inpad        0.150             0.150               2        (0,102) 
clk_i                                           net          1.167             1.317               2        (0,102) 
   Routing elements:
      Manhattan distance of X:1, Y:24
CLKBUF__0|I                                     gbuf         1.185             2.502               2        (1,78)  
CLKBUF__0|O                                     gbuf         0.000             2.502             389        (1,78)  
clk_i~O                                         net          0.000             2.502             389        (1,78)  
Inst_MPU6500_Controller/delay_cntr[2]~FF|CLK    ff           0.000             2.502             389        (67,142)

++++ Path 8 ++++++++++++++++++++++++++++++++++++++++++++++++++++++++++++++++++++

Path Begin    : Inst_MPU6500_Controller/config_idx[2]~FF|CLK
Path End      : mpu_to_spi_data[2]~FF|D                     
Launch Clock  : clk_i (RISE)                                
Capture Clock : clk_i (RISE)                                
Slack         : 0.643 (arrival time - required time)        
Delay         : 0.461                                       

Logic Level             : 1
Non-global nets on path : 1
Global nets on path     : 0

Launch Clock Path Delay        : 2.502
+ Clock To Q + Data Path Delay : 0.693
--------------------------------------
End-of-path arrival time       : 3.195

Constraint                     : 0.000
+ Capture Clock Path Delay     : 2.502
+ Clock Uncertainty            : 0.050
--------------------------------------
End-of-path required time      : 2.552

Launch Clock Path
                    name                      model name   delay (ns)  cumulative delay (ns) pins on net    location
======================================================================================================================
clk_i                                           inpad        0.000             0.000               0        (0,102) 
clk_i                                           inpad        0.150             0.150               2        (0,102) 
clk_i                                           net          1.167             1.317               2        (0,102) 
   Routing elements:
      Manhattan distance of X:1, Y:24
CLKBUF__0|I                                     gbuf         1.185             2.502               2        (1,78)  
CLKBUF__0|O                                     gbuf         0.000             2.502             389        (1,78)  
clk_i~O                                         net          0.000             2.502             389        (1,78)  
Inst_MPU6500_Controller/config_idx[2]~FF|CLK    ff           0.000             2.502             389        (71,124)

Data Path
                   name                     model name   delay (ns)  cumulative delay (ns) pins on net    location
====================================================================================================================
Inst_MPU6500_Controller/config_idx[2]~FF|Q     ff          0.232             0.232              6         (71,124)
Inst_MPU6500_Controller/config_idx[2]          net         0.461             0.693              6         (71,124)
   Routing elements:
      Manhattan distance of X:2, Y:0
LUT__1994|in[3]                                lut         0.000             0.693              6         (73,124)
LUT__1994|out                                  lut         0.000             0.693              2         (73,124)
mpu_to_spi_data[2]~FF|D                        ff          0.000             0.693              2         (73,124)

Capture Clock Path
          name             model name   delay (ns)  cumulative delay (ns) pins on net    location
===================================================================================================
clk_i                        inpad        0.000             0.000               0        (0,102) 
clk_i                        inpad        0.150             0.150               2        (0,102) 
clk_i                        net          1.167             1.317               2        (0,102) 
   Routing elements:
      Manhattan distance of X:1, Y:24
CLKBUF__0|I                  gbuf         1.185             2.502               2        (1,78)  
CLKBUF__0|O                  gbuf         0.000             2.502             389        (1,78)  
clk_i~O                      net          0.000             2.502             389        (1,78)  
mpu_to_spi_data[2]~FF|CLK    ff           0.000             2.502             389        (73,124)

++++ Path 9 ++++++++++++++++++++++++++++++++++++++++++++++++++++++++++++++++++++

Path Begin    : Inst_MPU6500_Controller/delay_cntr[11]~FF|CLK
Path End      : Inst_MPU6500_Controller/delay_cntr[11]~FF|D  
Launch Clock  : clk_i (RISE)                                 
Capture Clock : clk_i (RISE)                                 
Slack         : 0.643 (arrival time - required time)         
Delay         : 0.461                                        

Logic Level             : 1
Non-global nets on path : 1
Global nets on path     : 0

Launch Clock Path Delay        : 2.502
+ Clock To Q + Data Path Delay : 0.693
--------------------------------------
End-of-path arrival time       : 3.195

Constraint                     : 0.000
+ Capture Clock Path Delay     : 2.502
+ Clock Uncertainty            : 0.050
--------------------------------------
End-of-path required time      : 2.552

Launch Clock Path
                    name                       model name   delay (ns)  cumulative delay (ns) pins on net    location
=======================================================================================================================
clk_i                                            inpad        0.000             0.000               0        (0,102) 
clk_i                                            inpad        0.150             0.150               2        (0,102) 
clk_i                                            net          1.167             1.317               2        (0,102) 
   Routing elements:
      Manhattan distance of X:1, Y:24
CLKBUF__0|I                                      gbuf         1.185             2.502               2        (1,78)  
CLKBUF__0|O                                      gbuf         0.000             2.502             389        (1,78)  
clk_i~O                                          net          0.000             2.502             389        (1,78)  
Inst_MPU6500_Controller/delay_cntr[11]~FF|CLK    ff           0.000             2.502             389        (69,143)

Data Path
                   name                      model name   delay (ns)  cumulative delay (ns) pins on net    location
=====================================================================================================================
Inst_MPU6500_Controller/delay_cntr[11]~FF|Q     ff          0.232             0.232              6         (69,143)
Inst_MPU6500_Controller/delay_cntr[11]          net         0.461             0.693              6         (69,143)
LUT__1942|in[3]                                 lut         0.000             0.693              6         (69,143)
LUT__1942|out                                   lut         0.000             0.693              2         (69,143)
Inst_MPU6500_Controller/delay_cntr[11]~FF|D     ff          0.000             0.693              2         (69,143)

Capture Clock Path
                    name                       model name   delay (ns)  cumulative delay (ns) pins on net    location
=======================================================================================================================
clk_i                                            inpad        0.000             0.000               0        (0,102) 
clk_i                                            inpad        0.150             0.150               2        (0,102) 
clk_i                                            net          1.167             1.317               2        (0,102) 
   Routing elements:
      Manhattan distance of X:1, Y:24
CLKBUF__0|I                                      gbuf         1.185             2.502               2        (1,78)  
CLKBUF__0|O                                      gbuf         0.000             2.502             389        (1,78)  
clk_i~O                                          net          0.000             2.502             389        (1,78)  
Inst_MPU6500_Controller/delay_cntr[11]~FF|CLK    ff           0.000             2.502             389        (69,143)

++++ Path 10 +++++++++++++++++++++++++++++++++++++++++++++++++++++++++++++++++++

Path Begin    : angle_reg_1[0]~FF|CLK               
Path End      : angle_reg_1[0]~FF|D                 
Launch Clock  : clk_i (RISE)                        
Capture Clock : clk_i (RISE)                        
Slack         : 0.643 (arrival time - required time)
Delay         : 0.461                               

Logic Level             : 1
Non-global nets on path : 1
Global nets on path     : 0

Launch Clock Path Delay        : 2.502
+ Clock To Q + Data Path Delay : 0.693
--------------------------------------
End-of-path arrival time       : 3.195

Constraint                     : 0.000
+ Capture Clock Path Delay     : 2.502
+ Clock Uncertainty            : 0.050
--------------------------------------
End-of-path required time      : 2.552

Launch Clock Path
        name           model name   delay (ns)  cumulative delay (ns) pins on net    location
===============================================================================================
clk_i                    inpad        0.000             0.000               0        (0,102)
clk_i                    inpad        0.150             0.150               2        (0,102)
clk_i                    net          1.167             1.317               2        (0,102)
   Routing elements:
      Manhattan distance of X:1, Y:24
CLKBUF__0|I              gbuf         1.185             2.502               2        (1,78) 
CLKBUF__0|O              gbuf         0.000             2.502             389        (1,78) 
clk_i~O                  net          0.000             2.502             389        (1,78) 
angle_reg_1[0]~FF|CLK    ff           0.000             2.502             389        (39,82)

Data Path
       name          model name   delay (ns)  cumulative delay (ns) pins on net    location
=============================================================================================
angle_reg_1[0]~FF|Q     ff          0.232             0.232              2         (39,82)
angle_reg_1[0]          net         0.461             0.693              2         (39,82)
LUT__1760|in[3]         lut         0.000             0.693              2         (39,82)
LUT__1760|out           lut         0.000             0.693              3         (39,82)
angle_reg_1[0]~FF|D     ff          0.000             0.693              3         (39,82)

Capture Clock Path
        name           model name   delay (ns)  cumulative delay (ns) pins on net    location
===============================================================================================
clk_i                    inpad        0.000             0.000               0        (0,102)
clk_i                    inpad        0.150             0.150               2        (0,102)
clk_i                    net          1.167             1.317               2        (0,102)
   Routing elements:
      Manhattan distance of X:1, Y:24
CLKBUF__0|I              gbuf         1.185             2.502               2        (1,78) 
CLKBUF__0|O              gbuf         0.000             2.502             389        (1,78) 
clk_i~O                  net          0.000             2.502             389        (1,78) 
angle_reg_1[0]~FF|CLK    ff           0.000             2.502             389        (39,82)

---------- Path Details for Min Critical Paths (end) ---------------

