
Efinix Static Timing Analysis Report
Version: 2025.2.288.2.10
Date: Mon Aug  3 16:05:49 2026

Copyright (C) 2013 - 2025 Efinix, Inc. All rights reserved.

Top-level Entity Name: Staj_Projesi

SDC Filename: /home/omer-ahin/STAJ/Staj_Projesi/custom.sdc         
              /home/omer-ahin/STAJ/Staj_Projesi/Staj_Projesi.pt.sdc

Timing Model: C2
	temperature : 0C to 85C
	voltage : 1.1V +/-50mV
	speedgrade : 2
	technology : s40ll
	status : final

---------- Table of Contents (begin) ----------
   1. Clock Frequency Summary
   2. Clock Relationship Summary
   3. Path Details for Max Critical Paths
   4. Path Details for Min Critical Paths
---------- Table of Contents (end) ------------

---------- 1. Clock Frequency Summary (begin) ----------

User target constrained clocks
 Clock Name  Period (ns)  Frequency (MHz)    Waveform      Targets
   clk_i        30.303        33.000      {0.000 15.151}   {clk_i}

Maximum possible analyzed clocks frequency
 Clock Name  Period (ns)  Frequency (MHz)     Edge
   clk_i        23.816        41.989         (R-R)

Geomean max period: 23.816

---------- Clock Frequency Summary (end) ---------------

---------- 2. Clock Relationship Summary (begin) ----------

Setup (Max) Clock Relationship
  Launch Clock    Capture Clock   Constraint (ns)     Slack (ns)          Edge
     clk_i            clk_i            30.303           6.487            (R-R)

Hold (Min) Clock Relationship
  Launch Clock    Capture Clock   Constraint (ns)     Slack (ns)          Edge
     clk_i            clk_i            0.000            0.643            (R-R)

NOTE: Values are in nanoseconds.

---------- Clock Relationship Summary (end) ---------------

---------- 3. Path Details for Max Critical Paths (begin) ----------

################################################################################
Path Detail Report (clk_i vs clk_i)
################################################################################


++++ Path 1 ++++++++++++++++++++++++++++++++++++++++++++++++++++++++++++++++++++

Path Begin    : u_FIFO/u_efx_fifo_top/raddr[1]~FF|CLK   
Path End      : Inst_FIFO_CONTROLLER/reg_gyro_z[9]~FF|CE
Launch Clock  : clk_i (RISE)                            
Capture Clock : clk_i (RISE)                            
Slack         : 6.487 (required time - arrival time)    
Delay         : 22.533                                  

Logic Level             : 4
Non-global nets on path : 5
Global nets on path     : 0

Launch Clock Path Delay        :  7.006
+ Clock To Q + Data Path Delay : 23.676
---------------------------------------
End-of-path arrival time       : 30.682

Constraint                     : 30.303
+ Capture Clock Path Delay     :  7.006
- Clock Uncertainty            :  0.140
---------------------------------------
End-of-path required time      : 37.169

Launch Clock Path
                name                   model name   delay (ns)  cumulative delay (ns) pins on net    location
===============================================================================================================
clk_i                                    inpad        0.000             0.000               0        (0,102) 
clk_i                                    inpad        0.420             0.420               2        (0,102) 
clk_i                                    net          3.268             3.688               2        (0,102) 
   Routing elements:
      Manhattan distance of X:1, Y:24
CLKBUF__0|I                              gbuf         3.318             7.006               2        (1,78)  
CLKBUF__0|O                              gbuf         0.000             7.006             959        (1,78)  
clk_i~O                                  net          0.000             7.006             959        (1,78)  
u_FIFO/u_efx_fifo_top/raddr[1]~FF|CLK    ff           0.000             7.006             959        (19,145)

Data Path
                  name                    model name   delay (ns)  cumulative delay (ns) pins on net    location
==================================================================================================================
u_FIFO/u_efx_fifo_top/raddr[1]~FF|Q          ff          0.650             0.650               4        (19,145)
u_FIFO/u_efx_fifo_top/raddr[1]               net         4.137             4.787               4        (19,145)
   Routing elements:
      Manhattan distance of X:1, Y:4
LUT__5939|in[3]                              lut         0.000             4.787               4        (18,149)
LUT__5939|out                                lut         0.000             4.787               2        (18,149)
n2508                                        net         2.907             7.694               2        (18,149)
   Routing elements:
      Manhattan distance of X:0, Y:1
LUT__5940|in[1]                              lut         0.000             7.694               2        (18,148)
LUT__5940|out                                lut         0.000             7.694              15        (18,148)
n2509                                        net         3.125            10.819              15        (18,148)
   Routing elements: feedthru(1)
      Manhattan distance of X:5, Y:9
LUT__5943|in[3]                              lut         0.000            10.819              15        (13,139)
LUT__5943|out                                lut         0.000            10.819              30        (13,139)
n2512                                        net         3.617            14.436              30        (13,139)
   Routing elements:
      Manhattan distance of X:8, Y:1
LUT__6249|in[0]                              lut         0.000            14.436              30        (5,138) 
LUT__6249|out                                lut         0.000            14.436             193        (5,138) 
Inst_FIFO_CONTROLLER/n4138                   net         8.747            23.183             193        (5,138) 
   Routing elements:
      Manhattan distance of X:54, Y:78
Inst_FIFO_CONTROLLER/reg_gyro_z[9]~FF|CE     ff          0.493            23.676             193        (59,60) 

Capture Clock Path
                  name                     model name   delay (ns)  cumulative delay (ns) pins on net    location
===================================================================================================================
clk_i                                        inpad        0.000             0.000               0        (0,102)
clk_i                                        inpad        0.420             0.420               2        (0,102)
clk_i                                        net          3.268             3.688               2        (0,102)
   Routing elements:
      Manhattan distance of X:1, Y:24
CLKBUF__0|I                                  gbuf         3.318             7.006               2        (1,78) 
CLKBUF__0|O                                  gbuf         0.000             7.006             959        (1,78) 
clk_i~O                                      net          0.000             7.006             959        (1,78) 
Inst_FIFO_CONTROLLER/reg_gyro_z[9]~FF|CLK    ff           0.000             7.006             959        (59,60)

++++ Path 2 ++++++++++++++++++++++++++++++++++++++++++++++++++++++++++++++++++++

Path Begin    : gyro_y[4]~FF|CLK                    
Path End      : angle_pool_y[0]~FF|D                
Launch Clock  : clk_i (RISE)                        
Capture Clock : clk_i (RISE)                        
Slack         : 6.639 (required time - arrival time)
Delay         : 22.490                              

Logic Level             : 4
Non-global nets on path : 4
Global nets on path     : 0

Launch Clock Path Delay        :  7.006
+ Clock To Q + Data Path Delay : 23.524
---------------------------------------
End-of-path arrival time       : 30.530

Constraint                     : 30.303
+ Capture Clock Path Delay     :  7.006
- Clock Uncertainty            :  0.140
---------------------------------------
End-of-path required time      : 37.169

Launch Clock Path
      name        model name   delay (ns)  cumulative delay (ns) pins on net    location
==========================================================================================
clk_i               inpad        0.000             0.000               0        (0,102)
clk_i               inpad        0.420             0.420               2        (0,102)
clk_i               net          3.268             3.688               2        (0,102)
   Routing elements:
      Manhattan distance of X:1, Y:24
CLKBUF__0|I         gbuf         3.318             7.006               2        (1,78) 
CLKBUF__0|O         gbuf         0.000             7.006             959        (1,78) 
clk_i~O             net          0.000             7.006             959        (1,78) 
gyro_y[4]~FF|CLK    ff           0.000             7.006             959        (29,96)

Data Path
        name          model name   delay (ns)  cumulative delay (ns) pins on net    location
==============================================================================================
gyro_y[4]~FF|Q           ff          0.650             0.650               6        (29,96) 
gyro_y[4]                net         5.528             6.178               6        (29,96) 
   Routing elements:
      Manhattan distance of X:7, Y:5
LUT__5921|in[1]          lut         0.000             6.178               6        (36,101)
LUT__5921|out            lut         0.000             6.178               2        (36,101)
n2491                    net         2.907             9.085               2        (36,101)
   Routing elements:
      Manhattan distance of X:0, Y:1
LUT__5923|in[1]          lut         0.000             9.085               2        (36,100)
LUT__5923|out            lut         0.000             9.085               2        (36,100)
n2493                    net         5.752            14.837               2        (36,100)
   Routing elements: feedthru(1)
      Manhattan distance of X:8, Y:24
LUT__5926|in[1]          lut         0.000            14.837               2        (28,124)
LUT__5926|out            lut         0.000            14.837              33        (28,124)
n2496                    net         8.303            23.140              33        (28,124)
   Routing elements: feedthru(1)
      Manhattan distance of X:13, Y:10
LUT__5935|in[0]          lut         0.000            23.140              33        (41,134)
LUT__5935|out            lut         0.000            23.140               2        (41,134)
angle_pool_y[0]~FF|D     ff          0.384            23.524               2        (41,134)

Capture Clock Path
         name           model name   delay (ns)  cumulative delay (ns) pins on net    location
================================================================================================
clk_i                     inpad        0.000             0.000               0        (0,102) 
clk_i                     inpad        0.420             0.420               2        (0,102) 
clk_i                     net          3.268             3.688               2        (0,102) 
   Routing elements:
      Manhattan distance of X:1, Y:24
CLKBUF__0|I               gbuf         3.318             7.006               2        (1,78)  
CLKBUF__0|O               gbuf         0.000             7.006             959        (1,78)  
clk_i~O                   net          0.000             7.006             959        (1,78)  
angle_pool_y[0]~FF|CLK    ff           0.000             7.006             959        (41,134)

++++ Path 3 ++++++++++++++++++++++++++++++++++++++++++++++++++++++++++++++++++++

Path Begin    : u_FIFO/u_efx_fifo_top/raddr[1]~FF|CLK   
Path End      : Inst_FIFO_CONTROLLER/reg_gyro_x[9]~FF|CE
Launch Clock  : clk_i (RISE)                            
Capture Clock : clk_i (RISE)                            
Slack         : 6.661 (required time - arrival time)    
Delay         : 22.359                                  

Logic Level             : 4
Non-global nets on path : 5
Global nets on path     : 0

Launch Clock Path Delay        :  7.006
+ Clock To Q + Data Path Delay : 23.502
---------------------------------------
End-of-path arrival time       : 30.508

Constraint                     : 30.303
+ Capture Clock Path Delay     :  7.006
- Clock Uncertainty            :  0.140
---------------------------------------
End-of-path required time      : 37.169

Launch Clock Path
                name                   model name   delay (ns)  cumulative delay (ns) pins on net    location
===============================================================================================================
clk_i                                    inpad        0.000             0.000               0        (0,102) 
clk_i                                    inpad        0.420             0.420               2        (0,102) 
clk_i                                    net          3.268             3.688               2        (0,102) 
   Routing elements:
      Manhattan distance of X:1, Y:24
CLKBUF__0|I                              gbuf         3.318             7.006               2        (1,78)  
CLKBUF__0|O                              gbuf         0.000             7.006             959        (1,78)  
clk_i~O                                  net          0.000             7.006             959        (1,78)  
u_FIFO/u_efx_fifo_top/raddr[1]~FF|CLK    ff           0.000             7.006             959        (19,145)

Data Path
                  name                    model name   delay (ns)  cumulative delay (ns) pins on net    location
==================================================================================================================
u_FIFO/u_efx_fifo_top/raddr[1]~FF|Q          ff          0.650             0.650               4        (19,145)
u_FIFO/u_efx_fifo_top/raddr[1]               net         4.137             4.787               4        (19,145)
   Routing elements:
      Manhattan distance of X:1, Y:4
LUT__5939|in[3]                              lut         0.000             4.787               4        (18,149)
LUT__5939|out                                lut         0.000             4.787               2        (18,149)
n2508                                        net         2.907             7.694               2        (18,149)
   Routing elements:
      Manhattan distance of X:0, Y:1
LUT__5940|in[1]                              lut         0.000             7.694               2        (18,148)
LUT__5940|out                                lut         0.000             7.694              15        (18,148)
n2509                                        net         3.125            10.819              15        (18,148)
   Routing elements: feedthru(1)
      Manhattan distance of X:5, Y:9
LUT__5943|in[3]                              lut         0.000            10.819              15        (13,139)
LUT__5943|out                                lut         0.000            10.819              30        (13,139)
n2512                                        net         3.617            14.436              30        (13,139)
   Routing elements:
      Manhattan distance of X:8, Y:1
LUT__6249|in[0]                              lut         0.000            14.436              30        (5,138) 
LUT__6249|out                                lut         0.000            14.436             193        (5,138) 
Inst_FIFO_CONTROLLER/n4138                   net         8.573            23.009             193        (5,138) 
   Routing elements:
      Manhattan distance of X:48, Y:84
Inst_FIFO_CONTROLLER/reg_gyro_x[9]~FF|CE     ff          0.493            23.502             193        (53,54) 

Capture Clock Path
                  name                     model name   delay (ns)  cumulative delay (ns) pins on net    location
===================================================================================================================
clk_i                                        inpad        0.000             0.000               0        (0,102)
clk_i                                        inpad        0.420             0.420               2        (0,102)
clk_i                                        net          3.268             3.688               2        (0,102)
   Routing elements:
      Manhattan distance of X:1, Y:24
CLKBUF__0|I                                  gbuf         3.318             7.006               2        (1,78) 
CLKBUF__0|O                                  gbuf         0.000             7.006             959        (1,78) 
clk_i~O                                      net          0.000             7.006             959        (1,78) 
Inst_FIFO_CONTROLLER/reg_gyro_x[9]~FF|CLK    ff           0.000             7.006             959        (53,54)

++++ Path 4 ++++++++++++++++++++++++++++++++++++++++++++++++++++++++++++++++++++

Path Begin    : u_FIFO/u_efx_fifo_top/waddr[7]~FF|CLK   
Path End      : Inst_FIFO_CONTROLLER/reg_gyro_z[9]~FF|CE
Launch Clock  : clk_i (RISE)                            
Capture Clock : clk_i (RISE)                            
Slack         : 6.894 (required time - arrival time)    
Delay         : 22.126                                  

Logic Level             : 4
Non-global nets on path : 5
Global nets on path     : 0

Launch Clock Path Delay        :  7.006
+ Clock To Q + Data Path Delay : 23.269
---------------------------------------
End-of-path arrival time       : 30.275

Constraint                     : 30.303
+ Capture Clock Path Delay     :  7.006
- Clock Uncertainty            :  0.140
---------------------------------------
End-of-path required time      : 37.169

Launch Clock Path
                name                   model name   delay (ns)  cumulative delay (ns) pins on net    location
===============================================================================================================
clk_i                                    inpad        0.000             0.000               0        (0,102) 
clk_i                                    inpad        0.420             0.420               2        (0,102) 
clk_i                                    net          3.268             3.688               2        (0,102) 
   Routing elements:
      Manhattan distance of X:1, Y:24
CLKBUF__0|I                              gbuf         3.318             7.006               2        (1,78)  
CLKBUF__0|O                              gbuf         0.000             7.006             959        (1,78)  
clk_i~O                                  net          0.000             7.006             959        (1,78)  
u_FIFO/u_efx_fifo_top/waddr[7]~FF|CLK    ff           0.000             7.006             959        (13,155)

Data Path
                  name                    model name   delay (ns)  cumulative delay (ns) pins on net    location
==================================================================================================================
u_FIFO/u_efx_fifo_top/waddr[7]~FF|Q          ff          0.650             0.650               4        (13,155)
u_FIFO/u_efx_fifo_top/waddr[7]               net         5.211             5.861               4        (13,155)
   Routing elements:
      Manhattan distance of X:7, Y:7
LUT__5937|in[0]                              lut         0.000             5.861               4        (20,148)
LUT__5937|out                                lut         0.000             5.861               2        (20,148)
n2506                                        net         1.426             7.287               2        (20,148)
   Routing elements:
      Manhattan distance of X:2, Y:0
LUT__5940|in[2]                              lut         0.000             7.287               2        (18,148)
LUT__5940|out                                lut         0.000             7.287              15        (18,148)
n2509                                        net         3.125            10.412              15        (18,148)
   Routing elements: feedthru(1)
      Manhattan distance of X:5, Y:9
LUT__5943|in[3]                              lut         0.000            10.412              15        (13,139)
LUT__5943|out                                lut         0.000            10.412              30        (13,139)
n2512                                        net         3.617            14.029              30        (13,139)
   Routing elements:
      Manhattan distance of X:8, Y:1
LUT__6249|in[0]                              lut         0.000            14.029              30        (5,138) 
LUT__6249|out                                lut         0.000            14.029             193        (5,138) 
Inst_FIFO_CONTROLLER/n4138                   net         8.747            22.776             193        (5,138) 
   Routing elements:
      Manhattan distance of X:54, Y:78
Inst_FIFO_CONTROLLER/reg_gyro_z[9]~FF|CE     ff          0.493            23.269             193        (59,60) 

Capture Clock Path
                  name                     model name   delay (ns)  cumulative delay (ns) pins on net    location
===================================================================================================================
clk_i                                        inpad        0.000             0.000               0        (0,102)
clk_i                                        inpad        0.420             0.420               2        (0,102)
clk_i                                        net          3.268             3.688               2        (0,102)
   Routing elements:
      Manhattan distance of X:1, Y:24
CLKBUF__0|I                                  gbuf         3.318             7.006               2        (1,78) 
CLKBUF__0|O                                  gbuf         0.000             7.006             959        (1,78) 
clk_i~O                                      net          0.000             7.006             959        (1,78) 
Inst_FIFO_CONTROLLER/reg_gyro_z[9]~FF|CLK    ff           0.000             7.006             959        (59,60)

++++ Path 5 ++++++++++++++++++++++++++++++++++++++++++++++++++++++++++++++++++++

Path Begin    : u_FIFO/u_efx_fifo_top/raddr[1]~FF|CLK     
Path End      : Inst_FIFO_CONTROLLER/reg_f_gyro_y[8]~FF|CE
Launch Clock  : clk_i (RISE)                              
Capture Clock : clk_i (RISE)                              
Slack         : 6.981 (required time - arrival time)      
Delay         : 22.039                                    

Logic Level             : 4
Non-global nets on path : 5
Global nets on path     : 0

Launch Clock Path Delay        :  7.006
+ Clock To Q + Data Path Delay : 23.182
---------------------------------------
End-of-path arrival time       : 30.188

Constraint                     : 30.303
+ Capture Clock Path Delay     :  7.006
- Clock Uncertainty            :  0.140
---------------------------------------
End-of-path required time      : 37.169

Launch Clock Path
                name                   model name   delay (ns)  cumulative delay (ns) pins on net    location
===============================================================================================================
clk_i                                    inpad        0.000             0.000               0        (0,102) 
clk_i                                    inpad        0.420             0.420               2        (0,102) 
clk_i                                    net          3.268             3.688               2        (0,102) 
   Routing elements:
      Manhattan distance of X:1, Y:24
CLKBUF__0|I                              gbuf         3.318             7.006               2        (1,78)  
CLKBUF__0|O                              gbuf         0.000             7.006             959        (1,78)  
clk_i~O                                  net          0.000             7.006             959        (1,78)  
u_FIFO/u_efx_fifo_top/raddr[1]~FF|CLK    ff           0.000             7.006             959        (19,145)

Data Path
                   name                     model name   delay (ns)  cumulative delay (ns) pins on net    location
====================================================================================================================
u_FIFO/u_efx_fifo_top/raddr[1]~FF|Q            ff          0.650             0.650               4        (19,145)
u_FIFO/u_efx_fifo_top/raddr[1]                 net         4.137             4.787               4        (19,145)
   Routing elements:
      Manhattan distance of X:1, Y:4
LUT__5939|in[3]                                lut         0.000             4.787               4        (18,149)
LUT__5939|out                                  lut         0.000             4.787               2        (18,149)
n2508                                          net         2.907             7.694               2        (18,149)
   Routing elements:
      Manhattan distance of X:0, Y:1
LUT__5940|in[1]                                lut         0.000             7.694               2        (18,148)
LUT__5940|out                                  lut         0.000             7.694              15        (18,148)
n2509                                          net         3.125            10.819              15        (18,148)
   Routing elements: feedthru(1)
      Manhattan distance of X:5, Y:9
LUT__5943|in[3]                                lut         0.000            10.819              15        (13,139)
LUT__5943|out                                  lut         0.000            10.819              30        (13,139)
n2512                                          net         3.617            14.436              30        (13,139)
   Routing elements:
      Manhattan distance of X:8, Y:1
LUT__6249|in[0]                                lut         0.000            14.436              30        (5,138) 
LUT__6249|out                                  lut         0.000            14.436             193        (5,138) 
Inst_FIFO_CONTROLLER/n4138                     net         8.253            22.689             193        (5,138) 
   Routing elements:
      Manhattan distance of X:34, Y:58
Inst_FIFO_CONTROLLER/reg_f_gyro_y[8]~FF|CE     ff          0.493            23.182             193        (39,80) 

Capture Clock Path
                   name                      model name   delay (ns)  cumulative delay (ns) pins on net    location
=====================================================================================================================
clk_i                                          inpad        0.000             0.000               0        (0,102)
clk_i                                          inpad        0.420             0.420               2        (0,102)
clk_i                                          net          3.268             3.688               2        (0,102)
   Routing elements:
      Manhattan distance of X:1, Y:24
CLKBUF__0|I                                    gbuf         3.318             7.006               2        (1,78) 
CLKBUF__0|O                                    gbuf         0.000             7.006             959        (1,78) 
clk_i~O                                        net          0.000             7.006             959        (1,78) 
Inst_FIFO_CONTROLLER/reg_f_gyro_y[8]~FF|CLK    ff           0.000             7.006             959        (39,80)

++++ Path 6 ++++++++++++++++++++++++++++++++++++++++++++++++++++++++++++++++++++

Path Begin    : u_FIFO/u_efx_fifo_top/raddr[1]~FF|CLK     
Path End      : Inst_FIFO_CONTROLLER/reg_f_gyro_x[6]~FF|CE
Launch Clock  : clk_i (RISE)                              
Capture Clock : clk_i (RISE)                              
Slack         : 6.995 (required time - arrival time)      
Delay         : 22.025                                    

Logic Level             : 4
Non-global nets on path : 5
Global nets on path     : 0

Launch Clock Path Delay        :  7.006
+ Clock To Q + Data Path Delay : 23.168
---------------------------------------
End-of-path arrival time       : 30.174

Constraint                     : 30.303
+ Capture Clock Path Delay     :  7.006
- Clock Uncertainty            :  0.140
---------------------------------------
End-of-path required time      : 37.169

Launch Clock Path
                name                   model name   delay (ns)  cumulative delay (ns) pins on net    location
===============================================================================================================
clk_i                                    inpad        0.000             0.000               0        (0,102) 
clk_i                                    inpad        0.420             0.420               2        (0,102) 
clk_i                                    net          3.268             3.688               2        (0,102) 
   Routing elements:
      Manhattan distance of X:1, Y:24
CLKBUF__0|I                              gbuf         3.318             7.006               2        (1,78)  
CLKBUF__0|O                              gbuf         0.000             7.006             959        (1,78)  
clk_i~O                                  net          0.000             7.006             959        (1,78)  
u_FIFO/u_efx_fifo_top/raddr[1]~FF|CLK    ff           0.000             7.006             959        (19,145)

Data Path
                   name                     model name   delay (ns)  cumulative delay (ns) pins on net    location
====================================================================================================================
u_FIFO/u_efx_fifo_top/raddr[1]~FF|Q            ff          0.650             0.650               4        (19,145)
u_FIFO/u_efx_fifo_top/raddr[1]                 net         4.137             4.787               4        (19,145)
   Routing elements:
      Manhattan distance of X:1, Y:4
LUT__5939|in[3]                                lut         0.000             4.787               4        (18,149)
LUT__5939|out                                  lut         0.000             4.787               2        (18,149)
n2508                                          net         2.907             7.694               2        (18,149)
   Routing elements:
      Manhattan distance of X:0, Y:1
LUT__5940|in[1]                                lut         0.000             7.694               2        (18,148)
LUT__5940|out                                  lut         0.000             7.694              15        (18,148)
n2509                                          net         3.125            10.819              15        (18,148)
   Routing elements: feedthru(1)
      Manhattan distance of X:5, Y:9
LUT__5943|in[3]                                lut         0.000            10.819              15        (13,139)
LUT__5943|out                                  lut         0.000            10.819              30        (13,139)
n2512                                          net         3.617            14.436              30        (13,139)
   Routing elements:
      Manhattan distance of X:8, Y:1
LUT__6249|in[0]                                lut         0.000            14.436              30        (5,138) 
LUT__6249|out                                  lut         0.000            14.436             193        (5,138) 
Inst_FIFO_CONTROLLER/n4138                     net         8.239            22.675             193        (5,138) 
   Routing elements:
      Manhattan distance of X:44, Y:59
Inst_FIFO_CONTROLLER/reg_f_gyro_x[6]~FF|CE     ff          0.493            23.168             193        (49,79) 

Capture Clock Path
                   name                      model name   delay (ns)  cumulative delay (ns) pins on net    location
=====================================================================================================================
clk_i                                          inpad        0.000             0.000               0        (0,102)
clk_i                                          inpad        0.420             0.420               2        (0,102)
clk_i                                          net          3.268             3.688               2        (0,102)
   Routing elements:
      Manhattan distance of X:1, Y:24
CLKBUF__0|I                                    gbuf         3.318             7.006               2        (1,78) 
CLKBUF__0|O                                    gbuf         0.000             7.006             959        (1,78) 
clk_i~O                                        net          0.000             7.006             959        (1,78) 
Inst_FIFO_CONTROLLER/reg_f_gyro_x[6]~FF|CLK    ff           0.000             7.006             959        (49,79)

++++ Path 7 ++++++++++++++++++++++++++++++++++++++++++++++++++++++++++++++++++++

Path Begin    : u_FIFO/u_efx_fifo_top/raddr[1]~FF|CLK     
Path End      : Inst_FIFO_CONTROLLER/reg_f_gyro_x[8]~FF|CE
Launch Clock  : clk_i (RISE)                              
Capture Clock : clk_i (RISE)                              
Slack         : 6.995 (required time - arrival time)      
Delay         : 22.025                                    

Logic Level             : 4
Non-global nets on path : 5
Global nets on path     : 0

Launch Clock Path Delay        :  7.006
+ Clock To Q + Data Path Delay : 23.168
---------------------------------------
End-of-path arrival time       : 30.174

Constraint                     : 30.303
+ Capture Clock Path Delay     :  7.006
- Clock Uncertainty            :  0.140
---------------------------------------
End-of-path required time      : 37.169

Launch Clock Path
                name                   model name   delay (ns)  cumulative delay (ns) pins on net    location
===============================================================================================================
clk_i                                    inpad        0.000             0.000               0        (0,102) 
clk_i                                    inpad        0.420             0.420               2        (0,102) 
clk_i                                    net          3.268             3.688               2        (0,102) 
   Routing elements:
      Manhattan distance of X:1, Y:24
CLKBUF__0|I                              gbuf         3.318             7.006               2        (1,78)  
CLKBUF__0|O                              gbuf         0.000             7.006             959        (1,78)  
clk_i~O                                  net          0.000             7.006             959        (1,78)  
u_FIFO/u_efx_fifo_top/raddr[1]~FF|CLK    ff           0.000             7.006             959        (19,145)

Data Path
                   name                     model name   delay (ns)  cumulative delay (ns) pins on net    location
====================================================================================================================
u_FIFO/u_efx_fifo_top/raddr[1]~FF|Q            ff          0.650             0.650               4        (19,145)
u_FIFO/u_efx_fifo_top/raddr[1]                 net         4.137             4.787               4        (19,145)
   Routing elements:
      Manhattan distance of X:1, Y:4
LUT__5939|in[3]                                lut         0.000             4.787               4        (18,149)
LUT__5939|out                                  lut         0.000             4.787               2        (18,149)
n2508                                          net         2.907             7.694               2        (18,149)
   Routing elements:
      Manhattan distance of X:0, Y:1
LUT__5940|in[1]                                lut         0.000             7.694               2        (18,148)
LUT__5940|out                                  lut         0.000             7.694              15        (18,148)
n2509                                          net         3.125            10.819              15        (18,148)
   Routing elements: feedthru(1)
      Manhattan distance of X:5, Y:9
LUT__5943|in[3]                                lut         0.000            10.819              15        (13,139)
LUT__5943|out                                  lut         0.000            10.819              30        (13,139)
n2512                                          net         3.617            14.436              30        (13,139)
   Routing elements:
      Manhattan distance of X:8, Y:1
LUT__6249|in[0]                                lut         0.000            14.436              30        (5,138) 
LUT__6249|out                                  lut         0.000            14.436             193        (5,138) 
Inst_FIFO_CONTROLLER/n4138                     net         8.239            22.675             193        (5,138) 
   Routing elements:
      Manhattan distance of X:44, Y:58
Inst_FIFO_CONTROLLER/reg_f_gyro_x[8]~FF|CE     ff          0.493            23.168             193        (49,80) 

Capture Clock Path
                   name                      model name   delay (ns)  cumulative delay (ns) pins on net    location
=====================================================================================================================
clk_i                                          inpad        0.000             0.000               0        (0,102)
clk_i                                          inpad        0.420             0.420               2        (0,102)
clk_i                                          net          3.268             3.688               2        (0,102)
   Routing elements:
      Manhattan distance of X:1, Y:24
CLKBUF__0|I                                    gbuf         3.318             7.006               2        (1,78) 
CLKBUF__0|O                                    gbuf         0.000             7.006             959        (1,78) 
clk_i~O                                        net          0.000             7.006             959        (1,78) 
Inst_FIFO_CONTROLLER/reg_f_gyro_x[8]~FF|CLK    ff           0.000             7.006             959        (49,80)

++++ Path 8 ++++++++++++++++++++++++++++++++++++++++++++++++++++++++++++++++++++

Path Begin    : u_FIFO/u_efx_fifo_top/raddr[1]~FF|CLK     
Path End      : Inst_FIFO_CONTROLLER/reg_f_gyro_x[2]~FF|CE
Launch Clock  : clk_i (RISE)                              
Capture Clock : clk_i (RISE)                              
Slack         : 6.995 (required time - arrival time)      
Delay         : 22.025                                    

Logic Level             : 4
Non-global nets on path : 5
Global nets on path     : 0

Launch Clock Path Delay        :  7.006
+ Clock To Q + Data Path Delay : 23.168
---------------------------------------
End-of-path arrival time       : 30.174

Constraint                     : 30.303
+ Capture Clock Path Delay     :  7.006
- Clock Uncertainty            :  0.140
---------------------------------------
End-of-path required time      : 37.169

Launch Clock Path
                name                   model name   delay (ns)  cumulative delay (ns) pins on net    location
===============================================================================================================
clk_i                                    inpad        0.000             0.000               0        (0,102) 
clk_i                                    inpad        0.420             0.420               2        (0,102) 
clk_i                                    net          3.268             3.688               2        (0,102) 
   Routing elements:
      Manhattan distance of X:1, Y:24
CLKBUF__0|I                              gbuf         3.318             7.006               2        (1,78)  
CLKBUF__0|O                              gbuf         0.000             7.006             959        (1,78)  
clk_i~O                                  net          0.000             7.006             959        (1,78)  
u_FIFO/u_efx_fifo_top/raddr[1]~FF|CLK    ff           0.000             7.006             959        (19,145)

Data Path
                   name                     model name   delay (ns)  cumulative delay (ns) pins on net    location
====================================================================================================================
u_FIFO/u_efx_fifo_top/raddr[1]~FF|Q            ff          0.650             0.650               4        (19,145)
u_FIFO/u_efx_fifo_top/raddr[1]                 net         4.137             4.787               4        (19,145)
   Routing elements:
      Manhattan distance of X:1, Y:4
LUT__5939|in[3]                                lut         0.000             4.787               4        (18,149)
LUT__5939|out                                  lut         0.000             4.787               2        (18,149)
n2508                                          net         2.907             7.694               2        (18,149)
   Routing elements:
      Manhattan distance of X:0, Y:1
LUT__5940|in[1]                                lut         0.000             7.694               2        (18,148)
LUT__5940|out                                  lut         0.000             7.694              15        (18,148)
n2509                                          net         3.125            10.819              15        (18,148)
   Routing elements: feedthru(1)
      Manhattan distance of X:5, Y:9
LUT__5943|in[3]                                lut         0.000            10.819              15        (13,139)
LUT__5943|out                                  lut         0.000            10.819              30        (13,139)
n2512                                          net         3.617            14.436              30        (13,139)
   Routing elements:
      Manhattan distance of X:8, Y:1
LUT__6249|in[0]                                lut         0.000            14.436              30        (5,138) 
LUT__6249|out                                  lut         0.000            14.436             193        (5,138) 
Inst_FIFO_CONTROLLER/n4138                     net         8.239            22.675             193        (5,138) 
   Routing elements:
      Manhattan distance of X:44, Y:62
Inst_FIFO_CONTROLLER/reg_f_gyro_x[2]~FF|CE     ff          0.493            23.168             193        (49,76) 

Capture Clock Path
                   name                      model name   delay (ns)  cumulative delay (ns) pins on net    location
=====================================================================================================================
clk_i                                          inpad        0.000             0.000               0        (0,102)
clk_i                                          inpad        0.420             0.420               2        (0,102)
clk_i                                          net          3.268             3.688               2        (0,102)
   Routing elements:
      Manhattan distance of X:1, Y:24
CLKBUF__0|I                                    gbuf         3.318             7.006               2        (1,78) 
CLKBUF__0|O                                    gbuf         0.000             7.006             959        (1,78) 
clk_i~O                                        net          0.000             7.006             959        (1,78) 
Inst_FIFO_CONTROLLER/reg_f_gyro_x[2]~FF|CLK    ff           0.000             7.006             959        (49,76)

++++ Path 9 ++++++++++++++++++++++++++++++++++++++++++++++++++++++++++++++++++++

Path Begin    : u_FIFO/u_efx_fifo_top/raddr[1]~FF|CLK     
Path End      : Inst_FIFO_CONTROLLER/reg_f_gyro_x[9]~FF|CE
Launch Clock  : clk_i (RISE)                              
Capture Clock : clk_i (RISE)                              
Slack         : 6.995 (required time - arrival time)      
Delay         : 22.025                                    

Logic Level             : 4
Non-global nets on path : 5
Global nets on path     : 0

Launch Clock Path Delay        :  7.006
+ Clock To Q + Data Path Delay : 23.168
---------------------------------------
End-of-path arrival time       : 30.174

Constraint                     : 30.303
+ Capture Clock Path Delay     :  7.006
- Clock Uncertainty            :  0.140
---------------------------------------
End-of-path required time      : 37.169

Launch Clock Path
                name                   model name   delay (ns)  cumulative delay (ns) pins on net    location
===============================================================================================================
clk_i                                    inpad        0.000             0.000               0        (0,102) 
clk_i                                    inpad        0.420             0.420               2        (0,102) 
clk_i                                    net          3.268             3.688               2        (0,102) 
   Routing elements:
      Manhattan distance of X:1, Y:24
CLKBUF__0|I                              gbuf         3.318             7.006               2        (1,78)  
CLKBUF__0|O                              gbuf         0.000             7.006             959        (1,78)  
clk_i~O                                  net          0.000             7.006             959        (1,78)  
u_FIFO/u_efx_fifo_top/raddr[1]~FF|CLK    ff           0.000             7.006             959        (19,145)

Data Path
                   name                     model name   delay (ns)  cumulative delay (ns) pins on net    location
====================================================================================================================
u_FIFO/u_efx_fifo_top/raddr[1]~FF|Q            ff          0.650             0.650               4        (19,145)
u_FIFO/u_efx_fifo_top/raddr[1]                 net         4.137             4.787               4        (19,145)
   Routing elements:
      Manhattan distance of X:1, Y:4
LUT__5939|in[3]                                lut         0.000             4.787               4        (18,149)
LUT__5939|out                                  lut         0.000             4.787               2        (18,149)
n2508                                          net         2.907             7.694               2        (18,149)
   Routing elements:
      Manhattan distance of X:0, Y:1
LUT__5940|in[1]                                lut         0.000             7.694               2        (18,148)
LUT__5940|out                                  lut         0.000             7.694              15        (18,148)
n2509                                          net         3.125            10.819              15        (18,148)
   Routing elements: feedthru(1)
      Manhattan distance of X:5, Y:9
LUT__5943|in[3]                                lut         0.000            10.819              15        (13,139)
LUT__5943|out                                  lut         0.000            10.819              30        (13,139)
n2512                                          net         3.617            14.436              30        (13,139)
   Routing elements:
      Manhattan distance of X:8, Y:1
LUT__6249|in[0]                                lut         0.000            14.436              30        (5,138) 
LUT__6249|out                                  lut         0.000            14.436             193        (5,138) 
Inst_FIFO_CONTROLLER/n4138                     net         8.239            22.675             193        (5,138) 
   Routing elements:
      Manhattan distance of X:44, Y:53
Inst_FIFO_CONTROLLER/reg_f_gyro_x[9]~FF|CE     ff          0.493            23.168             193        (49,85) 

Capture Clock Path
                   name                      model name   delay (ns)  cumulative delay (ns) pins on net    location
=====================================================================================================================
clk_i                                          inpad        0.000             0.000               0        (0,102)
clk_i                                          inpad        0.420             0.420               2        (0,102)
clk_i                                          net          3.268             3.688               2        (0,102)
   Routing elements:
      Manhattan distance of X:1, Y:24
CLKBUF__0|I                                    gbuf         3.318             7.006               2        (1,78) 
CLKBUF__0|O                                    gbuf         0.000             7.006             959        (1,78) 
clk_i~O                                        net          0.000             7.006             959        (1,78) 
Inst_FIFO_CONTROLLER/reg_f_gyro_x[9]~FF|CLK    ff           0.000             7.006             959        (49,85)

++++ Path 10 +++++++++++++++++++++++++++++++++++++++++++++++++++++++++++++++++++

Path Begin    : u_FIFO/u_efx_fifo_top/raddr[1]~FF|CLK     
Path End      : Inst_FIFO_CONTROLLER/reg_f_gyro_x[7]~FF|CE
Launch Clock  : clk_i (RISE)                              
Capture Clock : clk_i (RISE)                              
Slack         : 6.995 (required time - arrival time)      
Delay         : 22.025                                    

Logic Level             : 4
Non-global nets on path : 5
Global nets on path     : 0

Launch Clock Path Delay        :  7.006
+ Clock To Q + Data Path Delay : 23.168
---------------------------------------
End-of-path arrival time       : 30.174

Constraint                     : 30.303
+ Capture Clock Path Delay     :  7.006
- Clock Uncertainty            :  0.140
---------------------------------------
End-of-path required time      : 37.169

Launch Clock Path
                name                   model name   delay (ns)  cumulative delay (ns) pins on net    location
===============================================================================================================
clk_i                                    inpad        0.000             0.000               0        (0,102) 
clk_i                                    inpad        0.420             0.420               2        (0,102) 
clk_i                                    net          3.268             3.688               2        (0,102) 
   Routing elements:
      Manhattan distance of X:1, Y:24
CLKBUF__0|I                              gbuf         3.318             7.006               2        (1,78)  
CLKBUF__0|O                              gbuf         0.000             7.006             959        (1,78)  
clk_i~O                                  net          0.000             7.006             959        (1,78)  
u_FIFO/u_efx_fifo_top/raddr[1]~FF|CLK    ff           0.000             7.006             959        (19,145)

Data Path
                   name                     model name   delay (ns)  cumulative delay (ns) pins on net    location
====================================================================================================================
u_FIFO/u_efx_fifo_top/raddr[1]~FF|Q            ff          0.650             0.650               4        (19,145)
u_FIFO/u_efx_fifo_top/raddr[1]                 net         4.137             4.787               4        (19,145)
   Routing elements:
      Manhattan distance of X:1, Y:4
LUT__5939|in[3]                                lut         0.000             4.787               4        (18,149)
LUT__5939|out                                  lut         0.000             4.787               2        (18,149)
n2508                                          net         2.907             7.694               2        (18,149)
   Routing elements:
      Manhattan distance of X:0, Y:1
LUT__5940|in[1]                                lut         0.000             7.694               2        (18,148)
LUT__5940|out                                  lut         0.000             7.694              15        (18,148)
n2509                                          net         3.125            10.819              15        (18,148)
   Routing elements: feedthru(1)
      Manhattan distance of X:5, Y:9
LUT__5943|in[3]                                lut         0.000            10.819              15        (13,139)
LUT__5943|out                                  lut         0.000            10.819              30        (13,139)
n2512                                          net         3.617            14.436              30        (13,139)
   Routing elements:
      Manhattan distance of X:8, Y:1
LUT__6249|in[0]                                lut         0.000            14.436              30        (5,138) 
LUT__6249|out                                  lut         0.000            14.436             193        (5,138) 
Inst_FIFO_CONTROLLER/n4138                     net         8.239            22.675             193        (5,138) 
   Routing elements:
      Manhattan distance of X:44, Y:49
Inst_FIFO_CONTROLLER/reg_f_gyro_x[7]~FF|CE     ff          0.493            23.168             193        (49,89) 

Capture Clock Path
                   name                      model name   delay (ns)  cumulative delay (ns) pins on net    location
=====================================================================================================================
clk_i                                          inpad        0.000             0.000               0        (0,102)
clk_i                                          inpad        0.420             0.420               2        (0,102)
clk_i                                          net          3.268             3.688               2        (0,102)
   Routing elements:
      Manhattan distance of X:1, Y:24
CLKBUF__0|I                                    gbuf         3.318             7.006               2        (1,78) 
CLKBUF__0|O                                    gbuf         0.000             7.006             959        (1,78) 
clk_i~O                                        net          0.000             7.006             959        (1,78) 
Inst_FIFO_CONTROLLER/reg_f_gyro_x[7]~FF|CLK    ff           0.000             7.006             959        (49,89)

---------- Path Details for Max Critical Paths (end) ---------------

---------- 4. Path Details for Min Critical Paths (begin) ----------

################################################################################
Path Detail Report (clk_i vs clk_i)
################################################################################


++++ Path 1 ++++++++++++++++++++++++++++++++++++++++++++++++++++++++++++++++++++

Path Begin    : Inst_MPU6500_Controller/config_idx[0]~FF|CLK
Path End      : Inst_MPU6500_Controller/config_idx[0]~FF|D  
Launch Clock  : clk_i (RISE)                                
Capture Clock : clk_i (RISE)                                
Slack         : 0.643 (arrival time - required time)        
Delay         : 0.461                                       

Logic Level             : 1
Non-global nets on path : 1
Global nets on path     : 0

Launch Clock Path Delay        : 2.502
+ Clock To Q + Data Path Delay : 0.693
--------------------------------------
End-of-path arrival time       : 3.195

Constraint                     : 0.000
+ Capture Clock Path Delay     : 2.502
+ Clock Uncertainty            : 0.050
--------------------------------------
End-of-path required time      : 2.552

Launch Clock Path
                    name                      model name   delay (ns)  cumulative delay (ns) pins on net    location
======================================================================================================================
clk_i                                           inpad        0.000             0.000               0        (0,102) 
clk_i                                           inpad        0.150             0.150               2        (0,102) 
clk_i                                           net          1.167             1.317               2        (0,102) 
   Routing elements:
      Manhattan distance of X:1, Y:24
CLKBUF__0|I                                     gbuf         1.185             2.502               2        (1,78)  
CLKBUF__0|O                                     gbuf         0.000             2.502             959        (1,78)  
clk_i~O                                         net          0.000             2.502             959        (1,78)  
Inst_MPU6500_Controller/config_idx[0]~FF|CLK    ff           0.000             2.502             959        (71,105)

Data Path
                   name                     model name   delay (ns)  cumulative delay (ns) pins on net    location
====================================================================================================================
Inst_MPU6500_Controller/config_idx[0]~FF|Q     ff          0.232             0.232              6         (71,105)
Inst_MPU6500_Controller/config_idx[0]          net         0.461             0.693              6         (71,105)
LUT__5988|in[3]                                lut         0.000             0.693              6         (71,105)
LUT__5988|out                                  lut         0.000             0.693              2         (71,105)
Inst_MPU6500_Controller/config_idx[0]~FF|D     ff          0.000             0.693              2         (71,105)

Capture Clock Path
                    name                      model name   delay (ns)  cumulative delay (ns) pins on net    location
======================================================================================================================
clk_i                                           inpad        0.000             0.000               0        (0,102) 
clk_i                                           inpad        0.150             0.150               2        (0,102) 
clk_i                                           net          1.167             1.317               2        (0,102) 
   Routing elements:
      Manhattan distance of X:1, Y:24
CLKBUF__0|I                                     gbuf         1.185             2.502               2        (1,78)  
CLKBUF__0|O                                     gbuf         0.000             2.502             959        (1,78)  
clk_i~O                                         net          0.000             2.502             959        (1,78)  
Inst_MPU6500_Controller/config_idx[0]~FF|CLK    ff           0.000             2.502             959        (71,105)

++++ Path 2 ++++++++++++++++++++++++++++++++++++++++++++++++++++++++++++++++++++

Path Begin    : mpu_to_spi_data[0]~FF|CLK           
Path End      : mpu_to_spi_data[0]~FF|D             
Launch Clock  : clk_i (RISE)                        
Capture Clock : clk_i (RISE)                        
Slack         : 0.643 (arrival time - required time)
Delay         : 0.461                               

Logic Level             : 1
Non-global nets on path : 1
Global nets on path     : 0

Launch Clock Path Delay        : 2.502
+ Clock To Q + Data Path Delay : 0.693
--------------------------------------
End-of-path arrival time       : 3.195

Constraint                     : 0.000
+ Capture Clock Path Delay     : 2.502
+ Clock Uncertainty            : 0.050
--------------------------------------
End-of-path required time      : 2.552

Launch Clock Path
          name             model name   delay (ns)  cumulative delay (ns) pins on net    location
===================================================================================================
clk_i                        inpad        0.000             0.000               0        (0,102) 
clk_i                        inpad        0.150             0.150               2        (0,102) 
clk_i                        net          1.167             1.317               2        (0,102) 
   Routing elements:
      Manhattan distance of X:1, Y:24
CLKBUF__0|I                  gbuf         1.185             2.502               2        (1,78)  
CLKBUF__0|O                  gbuf         0.000             2.502             959        (1,78)  
clk_i~O                      net          0.000             2.502             959        (1,78)  
mpu_to_spi_data[0]~FF|CLK    ff           0.000             2.502             959        (75,105)

Data Path
         name            model name   delay (ns)  cumulative delay (ns) pins on net    location
=================================================================================================
mpu_to_spi_data[0]~FF|Q     ff          0.232             0.232              3         (75,105)
mpu_to_spi_data[0]          net         0.461             0.693              3         (75,105)
LUT__6059|in[3]             lut         0.000             0.693              3         (75,105)
LUT__6059|out               lut         0.000             0.693              2         (75,105)
mpu_to_spi_data[0]~FF|D     ff          0.000             0.693              2         (75,105)

Capture Clock Path
          name             model name   delay (ns)  cumulative delay (ns) pins on net    location
===================================================================================================
clk_i                        inpad        0.000             0.000               0        (0,102) 
clk_i                        inpad        0.150             0.150               2        (0,102) 
clk_i                        net          1.167             1.317               2        (0,102) 
   Routing elements:
      Manhattan distance of X:1, Y:24
CLKBUF__0|I                  gbuf         1.185             2.502               2        (1,78)  
CLKBUF__0|O                  gbuf         0.000             2.502             959        (1,78)  
clk_i~O                      net          0.000             2.502             959        (1,78)  
mpu_to_spi_data[0]~FF|CLK    ff           0.000             2.502             959        (75,105)

++++ Path 3 ++++++++++++++++++++++++++++++++++++++++++++++++++++++++++++++++++++

Path Begin    : Inst_MPU6500_Controller/delay_cntr[5]~FF|CLK
Path End      : Inst_MPU6500_Controller/delay_cntr[5]~FF|D  
Launch Clock  : clk_i (RISE)                                
Capture Clock : clk_i (RISE)                                
Slack         : 0.643 (arrival time - required time)        
Delay         : 0.461                                       

Logic Level             : 1
Non-global nets on path : 1
Global nets on path     : 0

Launch Clock Path Delay        : 2.502
+ Clock To Q + Data Path Delay : 0.693
--------------------------------------
End-of-path arrival time       : 3.195

Constraint                     : 0.000
+ Capture Clock Path Delay     : 2.502
+ Clock Uncertainty            : 0.050
--------------------------------------
End-of-path required time      : 2.552

Launch Clock Path
                    name                      model name   delay (ns)  cumulative delay (ns) pins on net    location
======================================================================================================================
clk_i                                           inpad        0.000             0.000               0        (0,102) 
clk_i                                           inpad        0.150             0.150               2        (0,102) 
clk_i                                           net          1.167             1.317               2        (0,102) 
   Routing elements:
      Manhattan distance of X:1, Y:24
CLKBUF__0|I                                     gbuf         1.185             2.502               2        (1,78)  
CLKBUF__0|O                                     gbuf         0.000             2.502             959        (1,78)  
clk_i~O                                         net          0.000             2.502             959        (1,78)  
Inst_MPU6500_Controller/delay_cntr[5]~FF|CLK    ff           0.000             2.502             959        (71,134)

Data Path
                   name                     model name   delay (ns)  cumulative delay (ns) pins on net    location
====================================================================================================================
Inst_MPU6500_Controller/delay_cntr[5]~FF|Q     ff          0.232             0.232              6         (71,134)
Inst_MPU6500_Controller/delay_cntr[5]          net         0.461             0.693              6         (71,134)
LUT__6082|in[3]                                lut         0.000             0.693              6         (71,134)
LUT__6082|out                                  lut         0.000             0.693              2         (71,134)
Inst_MPU6500_Controller/delay_cntr[5]~FF|D     ff          0.000             0.693              2         (71,134)

Capture Clock Path
                    name                      model name   delay (ns)  cumulative delay (ns) pins on net    location
======================================================================================================================
clk_i                                           inpad        0.000             0.000               0        (0,102) 
clk_i                                           inpad        0.150             0.150               2        (0,102) 
clk_i                                           net          1.167             1.317               2        (0,102) 
   Routing elements:
      Manhattan distance of X:1, Y:24
CLKBUF__0|I                                     gbuf         1.185             2.502               2        (1,78)  
CLKBUF__0|O                                     gbuf         0.000             2.502             959        (1,78)  
clk_i~O                                         net          0.000             2.502             959        (1,78)  
Inst_MPU6500_Controller/delay_cntr[5]~FF|CLK    ff           0.000             2.502             959        (71,134)

++++ Path 4 ++++++++++++++++++++++++++++++++++++++++++++++++++++++++++++++++++++

Path Begin    : Inst_MPU6500_Controller/state[0]~FF|CLK
Path End      : Inst_MPU6500_Controller/state[0]~FF|D  
Launch Clock  : clk_i (RISE)                           
Capture Clock : clk_i (RISE)                           
Slack         : 0.643 (arrival time - required time)   
Delay         : 0.461                                  

Logic Level             : 1
Non-global nets on path : 1
Global nets on path     : 0

Launch Clock Path Delay        : 2.502
+ Clock To Q + Data Path Delay : 0.693
--------------------------------------
End-of-path arrival time       : 3.195

Constraint                     : 0.000
+ Capture Clock Path Delay     : 2.502
+ Clock Uncertainty            : 0.050
--------------------------------------
End-of-path required time      : 2.552

Launch Clock Path
                 name                    model name   delay (ns)  cumulative delay (ns) pins on net    location
=================================================================================================================
clk_i                                      inpad        0.000             0.000               0        (0,102) 
clk_i                                      inpad        0.150             0.150               2        (0,102) 
clk_i                                      net          1.167             1.317               2        (0,102) 
   Routing elements:
      Manhattan distance of X:1, Y:24
CLKBUF__0|I                                gbuf         1.185             2.502               2        (1,78)  
CLKBUF__0|O                                gbuf         0.000             2.502             959        (1,78)  
clk_i~O                                    net          0.000             2.502             959        (1,78)  
Inst_MPU6500_Controller/state[0]~FF|CLK    ff           0.000             2.502             959        (73,117)

Data Path
                name                   model name   delay (ns)  cumulative delay (ns) pins on net    location
===============================================================================================================
Inst_MPU6500_Controller/state[0]~FF|Q     ff          0.232             0.232              25        (73,117)
Inst_MPU6500_Controller/state[0]          net         0.461             0.693              25        (73,117)
LUT__6038|in[3]                           lut         0.000             0.693              25        (73,117)
LUT__6038|out                             lut         0.000             0.693               2        (73,117)
Inst_MPU6500_Controller/state[0]~FF|D     ff          0.000             0.693               2        (73,117)

Capture Clock Path
                 name                    model name   delay (ns)  cumulative delay (ns) pins on net    location
=================================================================================================================
clk_i                                      inpad        0.000             0.000               0        (0,102) 
clk_i                                      inpad        0.150             0.150               2        (0,102) 
clk_i                                      net          1.167             1.317               2        (0,102) 
   Routing elements:
      Manhattan distance of X:1, Y:24
CLKBUF__0|I                                gbuf         1.185             2.502               2        (1,78)  
CLKBUF__0|O                                gbuf         0.000             2.502             959        (1,78)  
clk_i~O                                    net          0.000             2.502             959        (1,78)  
Inst_MPU6500_Controller/state[0]~FF|CLK    ff           0.000             2.502             959        (73,117)

++++ Path 5 ++++++++++++++++++++++++++++++++++++++++++++++++++++++++++++++++++++

Path Begin    : Inst_MPU6500_Controller/delay_cntr[6]~FF|CLK
Path End      : Inst_MPU6500_Controller/delay_cntr[6]~FF|D  
Launch Clock  : clk_i (RISE)                                
Capture Clock : clk_i (RISE)                                
Slack         : 0.643 (arrival time - required time)        
Delay         : 0.461                                       

Logic Level             : 1
Non-global nets on path : 1
Global nets on path     : 0

Launch Clock Path Delay        : 2.502
+ Clock To Q + Data Path Delay : 0.693
--------------------------------------
End-of-path arrival time       : 3.195

Constraint                     : 0.000
+ Capture Clock Path Delay     : 2.502
+ Clock Uncertainty            : 0.050
--------------------------------------
End-of-path required time      : 2.552

Launch Clock Path
                    name                      model name   delay (ns)  cumulative delay (ns) pins on net    location
======================================================================================================================
clk_i                                           inpad        0.000             0.000               0        (0,102) 
clk_i                                           inpad        0.150             0.150               2        (0,102) 
clk_i                                           net          1.167             1.317               2        (0,102) 
   Routing elements:
      Manhattan distance of X:1, Y:24
CLKBUF__0|I                                     gbuf         1.185             2.502               2        (1,78)  
CLKBUF__0|O                                     gbuf         0.000             2.502             959        (1,78)  
clk_i~O                                         net          0.000             2.502             959        (1,78)  
Inst_MPU6500_Controller/delay_cntr[6]~FF|CLK    ff           0.000             2.502             959        (73,134)

Data Path
                   name                     model name   delay (ns)  cumulative delay (ns) pins on net    location
====================================================================================================================
Inst_MPU6500_Controller/delay_cntr[6]~FF|Q     ff          0.232             0.232              5         (73,134)
Inst_MPU6500_Controller/delay_cntr[6]          net         0.461             0.693              5         (73,134)
LUT__6083|in[3]                                lut         0.000             0.693              5         (73,134)
LUT__6083|out                                  lut         0.000             0.693              2         (73,134)
Inst_MPU6500_Controller/delay_cntr[6]~FF|D     ff          0.000             0.693              2         (73,134)

Capture Clock Path
                    name                      model name   delay (ns)  cumulative delay (ns) pins on net    location
======================================================================================================================
clk_i                                           inpad        0.000             0.000               0        (0,102) 
clk_i                                           inpad        0.150             0.150               2        (0,102) 
clk_i                                           net          1.167             1.317               2        (0,102) 
   Routing elements:
      Manhattan distance of X:1, Y:24
CLKBUF__0|I                                     gbuf         1.185             2.502               2        (1,78)  
CLKBUF__0|O                                     gbuf         0.000             2.502             959        (1,78)  
clk_i~O                                         net          0.000             2.502             959        (1,78)  
Inst_MPU6500_Controller/delay_cntr[6]~FF|CLK    ff           0.000             2.502             959        (73,134)

++++ Path 6 ++++++++++++++++++++++++++++++++++++++++++++++++++++++++++++++++++++

Path Begin    : Inst_MPU6500_Controller/delay_cntr[3]~FF|CLK
Path End      : Inst_MPU6500_Controller/delay_cntr[3]~FF|D  
Launch Clock  : clk_i (RISE)                                
Capture Clock : clk_i (RISE)                                
Slack         : 0.643 (arrival time - required time)        
Delay         : 0.461                                       

Logic Level             : 1
Non-global nets on path : 1
Global nets on path     : 0

Launch Clock Path Delay        : 2.502
+ Clock To Q + Data Path Delay : 0.693
--------------------------------------
End-of-path arrival time       : 3.195

Constraint                     : 0.000
+ Capture Clock Path Delay     : 2.502
+ Clock Uncertainty            : 0.050
--------------------------------------
End-of-path required time      : 2.552

Launch Clock Path
                    name                      model name   delay (ns)  cumulative delay (ns) pins on net    location
======================================================================================================================
clk_i                                           inpad        0.000             0.000               0        (0,102) 
clk_i                                           inpad        0.150             0.150               2        (0,102) 
clk_i                                           net          1.167             1.317               2        (0,102) 
   Routing elements:
      Manhattan distance of X:1, Y:24
CLKBUF__0|I                                     gbuf         1.185             2.502               2        (1,78)  
CLKBUF__0|O                                     gbuf         0.000             2.502             959        (1,78)  
clk_i~O                                         net          0.000             2.502             959        (1,78)  
Inst_MPU6500_Controller/delay_cntr[3]~FF|CLK    ff           0.000             2.502             959        (75,135)

Data Path
                   name                     model name   delay (ns)  cumulative delay (ns) pins on net    location
====================================================================================================================
Inst_MPU6500_Controller/delay_cntr[3]~FF|Q     ff          0.232             0.232              5         (75,135)
Inst_MPU6500_Controller/delay_cntr[3]          net         0.461             0.693              5         (75,135)
LUT__6078|in[3]                                lut         0.000             0.693              5         (75,135)
LUT__6078|out                                  lut         0.000             0.693              2         (75,135)
Inst_MPU6500_Controller/delay_cntr[3]~FF|D     ff          0.000             0.693              2         (75,135)

Capture Clock Path
                    name                      model name   delay (ns)  cumulative delay (ns) pins on net    location
======================================================================================================================
clk_i                                           inpad        0.000             0.000               0        (0,102) 
clk_i                                           inpad        0.150             0.150               2        (0,102) 
clk_i                                           net          1.167             1.317               2        (0,102) 
   Routing elements:
      Manhattan distance of X:1, Y:24
CLKBUF__0|I                                     gbuf         1.185             2.502               2        (1,78)  
CLKBUF__0|O                                     gbuf         0.000             2.502             959        (1,78)  
clk_i~O                                         net          0.000             2.502             959        (1,78)  
Inst_MPU6500_Controller/delay_cntr[3]~FF|CLK    ff           0.000             2.502             959        (75,135)

++++ Path 7 ++++++++++++++++++++++++++++++++++++++++++++++++++++++++++++++++++++

Path Begin    : Inst_MPU6500_Controller/delay_cntr[10]~FF|CLK
Path End      : Inst_MPU6500_Controller/delay_cntr[10]~FF|D  
Launch Clock  : clk_i (RISE)                                 
Capture Clock : clk_i (RISE)                                 
Slack         : 0.643 (arrival time - required time)         
Delay         : 0.461                                        

Logic Level             : 1
Non-global nets on path : 1
Global nets on path     : 0

Launch Clock Path Delay        : 2.502
+ Clock To Q + Data Path Delay : 0.693
--------------------------------------
End-of-path arrival time       : 3.195

Constraint                     : 0.000
+ Capture Clock Path Delay     : 2.502
+ Clock Uncertainty            : 0.050
--------------------------------------
End-of-path required time      : 2.552

Launch Clock Path
                    name                       model name   delay (ns)  cumulative delay (ns) pins on net    location
=======================================================================================================================
clk_i                                            inpad        0.000             0.000               0        (0,102) 
clk_i                                            inpad        0.150             0.150               2        (0,102) 
clk_i                                            net          1.167             1.317               2        (0,102) 
   Routing elements:
      Manhattan distance of X:1, Y:24
CLKBUF__0|I                                      gbuf         1.185             2.502               2        (1,78)  
CLKBUF__0|O                                      gbuf         0.000             2.502             959        (1,78)  
clk_i~O                                          net          0.000             2.502             959        (1,78)  
Inst_MPU6500_Controller/delay_cntr[10]~FF|CLK    ff           0.000             2.502             959        (69,129)

Data Path
                   name                      model name   delay (ns)  cumulative delay (ns) pins on net    location
=====================================================================================================================
Inst_MPU6500_Controller/delay_cntr[10]~FF|Q     ff          0.232             0.232              5         (69,129)
Inst_MPU6500_Controller/delay_cntr[10]          net         0.461             0.693              5         (69,129)
LUT__6096|in[3]                                 lut         0.000             0.693              5         (69,129)
LUT__6096|out                                   lut         0.000             0.693              2         (69,129)
Inst_MPU6500_Controller/delay_cntr[10]~FF|D     ff          0.000             0.693              2         (69,129)

Capture Clock Path
                    name                       model name   delay (ns)  cumulative delay (ns) pins on net    location
=======================================================================================================================
clk_i                                            inpad        0.000             0.000               0        (0,102) 
clk_i                                            inpad        0.150             0.150               2        (0,102) 
clk_i                                            net          1.167             1.317               2        (0,102) 
   Routing elements:
      Manhattan distance of X:1, Y:24
CLKBUF__0|I                                      gbuf         1.185             2.502               2        (1,78)  
CLKBUF__0|O                                      gbuf         0.000             2.502             959        (1,78)  
clk_i~O                                          net          0.000             2.502             959        (1,78)  
Inst_MPU6500_Controller/delay_cntr[10]~FF|CLK    ff           0.000             2.502             959        (69,129)

++++ Path 8 ++++++++++++++++++++++++++++++++++++++++++++++++++++++++++++++++++++

Path Begin    : Inst_MPU6500_Controller/delay_cntr[7]~FF|CLK
Path End      : Inst_MPU6500_Controller/delay_cntr[7]~FF|D  
Launch Clock  : clk_i (RISE)                                
Capture Clock : clk_i (RISE)                                
Slack         : 0.643 (arrival time - required time)        
Delay         : 0.461                                       

Logic Level             : 1
Non-global nets on path : 1
Global nets on path     : 0

Launch Clock Path Delay        : 2.502
+ Clock To Q + Data Path Delay : 0.693
--------------------------------------
End-of-path arrival time       : 3.195

Constraint                     : 0.000
+ Capture Clock Path Delay     : 2.502
+ Clock Uncertainty            : 0.050
--------------------------------------
End-of-path required time      : 2.552

Launch Clock Path
                    name                      model name   delay (ns)  cumulative delay (ns) pins on net    location
======================================================================================================================
clk_i                                           inpad        0.000             0.000               0        (0,102) 
clk_i                                           inpad        0.150             0.150               2        (0,102) 
clk_i                                           net          1.167             1.317               2        (0,102) 
   Routing elements:
      Manhattan distance of X:1, Y:24
CLKBUF__0|I                                     gbuf         1.185             2.502               2        (1,78)  
CLKBUF__0|O                                     gbuf         0.000             2.502             959        (1,78)  
clk_i~O                                         net          0.000             2.502             959        (1,78)  
Inst_MPU6500_Controller/delay_cntr[7]~FF|CLK    ff           0.000             2.502             959        (67,129)

Data Path
                   name                     model name   delay (ns)  cumulative delay (ns) pins on net    location
====================================================================================================================
Inst_MPU6500_Controller/delay_cntr[7]~FF|Q     ff          0.232             0.232              8         (67,129)
Inst_MPU6500_Controller/delay_cntr[7]          net         0.461             0.693              8         (67,129)
LUT__6086|in[3]                                lut         0.000             0.693              8         (67,129)
LUT__6086|out                                  lut         0.000             0.693              2         (67,129)
Inst_MPU6500_Controller/delay_cntr[7]~FF|D     ff          0.000             0.693              2         (67,129)

Capture Clock Path
                    name                      model name   delay (ns)  cumulative delay (ns) pins on net    location
======================================================================================================================
clk_i                                           inpad        0.000             0.000               0        (0,102) 
clk_i                                           inpad        0.150             0.150               2        (0,102) 
clk_i                                           net          1.167             1.317               2        (0,102) 
   Routing elements:
      Manhattan distance of X:1, Y:24
CLKBUF__0|I                                     gbuf         1.185             2.502               2        (1,78)  
CLKBUF__0|O                                     gbuf         0.000             2.502             959        (1,78)  
clk_i~O                                         net          0.000             2.502             959        (1,78)  
Inst_MPU6500_Controller/delay_cntr[7]~FF|CLK    ff           0.000             2.502             959        (67,129)

++++ Path 9 ++++++++++++++++++++++++++++++++++++++++++++++++++++++++++++++++++++

Path Begin    : Inst_MPU6500_Controller/delay_cntr[4]~FF|CLK
Path End      : Inst_MPU6500_Controller/delay_cntr[4]~FF|D  
Launch Clock  : clk_i (RISE)                                
Capture Clock : clk_i (RISE)                                
Slack         : 0.643 (arrival time - required time)        
Delay         : 0.461                                       

Logic Level             : 1
Non-global nets on path : 1
Global nets on path     : 0

Launch Clock Path Delay        : 2.502
+ Clock To Q + Data Path Delay : 0.693
--------------------------------------
End-of-path arrival time       : 3.195

Constraint                     : 0.000
+ Capture Clock Path Delay     : 2.502
+ Clock Uncertainty            : 0.050
--------------------------------------
End-of-path required time      : 2.552

Launch Clock Path
                    name                      model name   delay (ns)  cumulative delay (ns) pins on net    location
======================================================================================================================
clk_i                                           inpad        0.000             0.000               0        (0,102) 
clk_i                                           inpad        0.150             0.150               2        (0,102) 
clk_i                                           net          1.167             1.317               2        (0,102) 
   Routing elements:
      Manhattan distance of X:1, Y:24
CLKBUF__0|I                                     gbuf         1.185             2.502               2        (1,78)  
CLKBUF__0|O                                     gbuf         0.000             2.502             959        (1,78)  
clk_i~O                                         net          0.000             2.502             959        (1,78)  
Inst_MPU6500_Controller/delay_cntr[4]~FF|CLK    ff           0.000             2.502             959        (73,135)

Data Path
                   name                     model name   delay (ns)  cumulative delay (ns) pins on net    location
====================================================================================================================
Inst_MPU6500_Controller/delay_cntr[4]~FF|Q     ff          0.232             0.232              6         (73,135)
Inst_MPU6500_Controller/delay_cntr[4]          net         0.461             0.693              6         (73,135)
LUT__6080|in[3]                                lut         0.000             0.693              6         (73,135)
LUT__6080|out                                  lut         0.000             0.693              2         (73,135)
Inst_MPU6500_Controller/delay_cntr[4]~FF|D     ff          0.000             0.693              2         (73,135)

Capture Clock Path
                    name                      model name   delay (ns)  cumulative delay (ns) pins on net    location
======================================================================================================================
clk_i                                           inpad        0.000             0.000               0        (0,102) 
clk_i                                           inpad        0.150             0.150               2        (0,102) 
clk_i                                           net          1.167             1.317               2        (0,102) 
   Routing elements:
      Manhattan distance of X:1, Y:24
CLKBUF__0|I                                     gbuf         1.185             2.502               2        (1,78)  
CLKBUF__0|O                                     gbuf         0.000             2.502             959        (1,78)  
clk_i~O                                         net          0.000             2.502             959        (1,78)  
Inst_MPU6500_Controller/delay_cntr[4]~FF|CLK    ff           0.000             2.502             959        (73,135)

++++ Path 10 +++++++++++++++++++++++++++++++++++++++++++++++++++++++++++++++++++

Path Begin    : Inst_MPU6500_Controller/raw_data[11][0]~FF|CLK
Path End      : gyro_y[0]~FF|D                                
Launch Clock  : clk_i (RISE)                                  
Capture Clock : clk_i (RISE)                                  
Slack         : 0.643 (arrival time - required time)          
Delay         : 0.461                                         

Logic Level             : 0
Non-global nets on path : 1
Global nets on path     : 0

Launch Clock Path Delay        : 2.502
+ Clock To Q + Data Path Delay : 0.693
--------------------------------------
End-of-path arrival time       : 3.195

Constraint                     : 0.000
+ Capture Clock Path Delay     : 2.502
+ Clock Uncertainty            : 0.050
--------------------------------------
End-of-path required time      : 2.552

Launch Clock Path
                     name                       model name   delay (ns)  cumulative delay (ns) pins on net    location
========================================================================================================================
clk_i                                             inpad        0.000             0.000               0        (0,102)
clk_i                                             inpad        0.150             0.150               2        (0,102)
clk_i                                             net          1.167             1.317               2        (0,102)
   Routing elements:
      Manhattan distance of X:1, Y:24
CLKBUF__0|I                                       gbuf         1.185             2.502               2        (1,78) 
CLKBUF__0|O                                       gbuf         0.000             2.502             959        (1,78) 
clk_i~O                                           net          0.000             2.502             959        (1,78) 
Inst_MPU6500_Controller/raw_data[11][0]~FF|CLK    ff           0.000             2.502             959        (29,94)

Data Path
                    name                      model name   delay (ns)  cumulative delay (ns) pins on net    location
======================================================================================================================
Inst_MPU6500_Controller/raw_data[11][0]~FF|Q     ff          0.232             0.232              2         (29,94)
Inst_MPU6500_Controller/raw_data[11][0]          net         0.461             0.693              2         (29,94)
   Routing elements:
      Manhattan distance of X:2, Y:0
gyro_y[0]~FF|D                                   ff          0.000             0.693              2         (31,94)

Capture Clock Path
      name        model name   delay (ns)  cumulative delay (ns) pins on net    location
==========================================================================================
clk_i               inpad        0.000             0.000               0        (0,102)
clk_i               inpad        0.150             0.150               2        (0,102)
clk_i               net          1.167             1.317               2        (0,102)
   Routing elements:
      Manhattan distance of X:1, Y:24
CLKBUF__0|I         gbuf         1.185             2.502               2        (1,78) 
CLKBUF__0|O         gbuf         0.000             2.502             959        (1,78) 
clk_i~O             net          0.000             2.502             959        (1,78) 
gyro_y[0]~FF|CLK    ff           0.000             2.502             959        (31,94)

---------- Path Details for Min Critical Paths (end) ---------------

