
Efinix Static Timing Analysis Report
Version: 2025.2.288.2.10
Date: Tue Jul 21 10:44:40 2026

Copyright (C) 2013 - 2025 Efinix, Inc. All rights reserved.

Top-level Entity Name: Staj_Projesi

SDC Filename: /home/omer-ahin/STAJ/Staj_Projesi/Staj_Projesi.pt.sdc

Timing Model: C2
	temperature : 0C to 85C
	voltage : 1.1V +/-50mV
	speedgrade : 2
	technology : s40ll
	status : final

---------- Table of Contents (begin) ----------
   1. Clock Frequency Summary
   2. Clock Relationship Summary
   3. Path Details for Max Critical Paths
   4. Path Details for Min Critical Paths
---------- Table of Contents (end) ------------

---------- 1. Clock Frequency Summary (begin) ----------

User target constrained clocks
 Clock Name  Period (ns)  Frequency (MHz)   Waveform      Targets
   clk_i        1.000        1000.000     {0.000 0.500}   {clk_i}

Maximum possible analyzed clocks frequency
 Clock Name  Period (ns)  Frequency (MHz)     Edge
   clk_i        17.312        57.763         (R-R)

Geomean max period: 17.312

---------- Clock Frequency Summary (end) ---------------

---------- 2. Clock Relationship Summary (begin) ----------

Setup (Max) Clock Relationship
  Launch Clock    Capture Clock   Constraint (ns)     Slack (ns)          Edge
     clk_i            clk_i            1.000           -16.312           (R-R)

Hold (Min) Clock Relationship
  Launch Clock    Capture Clock   Constraint (ns)     Slack (ns)          Edge
     clk_i            clk_i            0.000            0.643            (R-R)

NOTE: Values are in nanoseconds.

---------- Clock Relationship Summary (end) ---------------

---------- 3. Path Details for Max Critical Paths (begin) ----------

################################################################################
Path Detail Report (clk_i vs clk_i)
################################################################################


++++ Path 1 ++++++++++++++++++++++++++++++++++++++++++++++++++++++++++++++++++++

Path Begin    : Inst_MPU6500_Controller/delay_cntr[6]~FF|CLK
Path End      : Inst_MPU6500_Controller/state[0]~FF|CE      
Launch Clock  : clk_i (RISE)                                
Capture Clock : clk_i (RISE)                                
Slack         : -16.312 (required time - arrival time)      
Delay         : 16.029                                      

Logic Level             : 5
Non-global nets on path : 6
Global nets on path     : 0

Launch Clock Path Delay        :  7.006
+ Clock To Q + Data Path Delay : 17.172
---------------------------------------
End-of-path arrival time       : 24.178

Constraint                     : 1.000
+ Capture Clock Path Delay     : 7.006
- Clock Uncertainty            : 0.140
--------------------------------------
End-of-path required time      : 7.866

Launch Clock Path
                    name                      model name   delay (ns)  cumulative delay (ns) pins on net    location
======================================================================================================================
clk_i                                           inpad        0.000             0.000               0        (0,102) 
clk_i                                           inpad        0.420             0.420               2        (0,102) 
clk_i                                           net          3.268             3.688               2        (0,102) 
   Routing elements:
      Manhattan distance of X:1, Y:24
CLKBUF__0|I                                     gbuf         3.318             7.006               2        (1,78)  
CLKBUF__0|O                                     gbuf         0.000             7.006             348        (1,78)  
clk_i~O                                         net          0.000             7.006             348        (1,78)  
Inst_MPU6500_Controller/delay_cntr[6]~FF|CLK    ff           0.000             7.006             348        (65,149)

Data Path
                   name                     model name   delay (ns)  cumulative delay (ns) pins on net    location
====================================================================================================================
Inst_MPU6500_Controller/delay_cntr[6]~FF|Q     ff          0.650             0.650              6         (65,149)
Inst_MPU6500_Controller/delay_cntr[6]          net         4.791             5.441              6         (65,149)
   Routing elements:
      Manhattan distance of X:2, Y:12
LUT__1277|in[0]                                lut         0.000             5.441              6         (67,137)
LUT__1277|out                                  lut         0.000             5.441              3         (67,137)
n620                                           net         3.164             8.605              3         (67,137)
   Routing elements:
      Manhattan distance of X:1, Y:4
LUT__1278|in[3]                                lut         0.000             8.605              3         (66,133)
LUT__1278|out                                  lut         0.000             8.605              2         (66,133)
n621                                           net         1.430            10.035              2         (66,133)
   Routing elements:
      Manhattan distance of X:1, Y:0
LUT__1282|in[2]                                lut         0.000            10.035              2         (67,133)
LUT__1282|out                                  lut         0.000            10.035              6         (67,133)
n625                                           net         1.426            11.461              6         (67,133)
   Routing elements:
      Manhattan distance of X:1, Y:0
LUT__1309|in[2]                                lut         0.000            11.461              6         (68,133)
LUT__1309|out                                  lut         0.000            11.461              4         (68,133)
n648                                           net         1.527            12.988              4         (68,133)
   Routing elements:
      Manhattan distance of X:0, Y:2
LUT__1310|in[3]                                lut         0.000            12.988              4         (68,135)
LUT__1310|out                                  lut         0.000            12.988              3         (68,135)
ceg_net340                                     net         3.691            16.679              3         (68,135)
   Routing elements:
      Manhattan distance of X:1, Y:0
Inst_MPU6500_Controller/state[0]~FF|CE         ff          0.493            17.172              3         (69,135)

Capture Clock Path
                 name                    model name   delay (ns)  cumulative delay (ns) pins on net    location
=================================================================================================================
clk_i                                      inpad        0.000             0.000               0        (0,102) 
clk_i                                      inpad        0.420             0.420               2        (0,102) 
clk_i                                      net          3.268             3.688               2        (0,102) 
   Routing elements:
      Manhattan distance of X:1, Y:24
CLKBUF__0|I                                gbuf         3.318             7.006               2        (1,78)  
CLKBUF__0|O                                gbuf         0.000             7.006             348        (1,78)  
clk_i~O                                    net          0.000             7.006             348        (1,78)  
Inst_MPU6500_Controller/state[0]~FF|CLK    ff           0.000             7.006             348        (69,135)

++++ Path 2 ++++++++++++++++++++++++++++++++++++++++++++++++++++++++++++++++++++

Path Begin    : Inst_MPU6500_Controller/delay_cntr[6]~FF|CLK
Path End      : Inst_MPU6500_Controller/state[1]~FF|CE      
Launch Clock  : clk_i (RISE)                                
Capture Clock : clk_i (RISE)                                
Slack         : -15.701 (required time - arrival time)      
Delay         : 15.418                                      

Logic Level             : 5
Non-global nets on path : 6
Global nets on path     : 0

Launch Clock Path Delay        :  7.006
+ Clock To Q + Data Path Delay : 16.561
---------------------------------------
End-of-path arrival time       : 23.567

Constraint                     : 1.000
+ Capture Clock Path Delay     : 7.006
- Clock Uncertainty            : 0.140
--------------------------------------
End-of-path required time      : 7.866

Launch Clock Path
                    name                      model name   delay (ns)  cumulative delay (ns) pins on net    location
======================================================================================================================
clk_i                                           inpad        0.000             0.000               0        (0,102) 
clk_i                                           inpad        0.420             0.420               2        (0,102) 
clk_i                                           net          3.268             3.688               2        (0,102) 
   Routing elements:
      Manhattan distance of X:1, Y:24
CLKBUF__0|I                                     gbuf         3.318             7.006               2        (1,78)  
CLKBUF__0|O                                     gbuf         0.000             7.006             348        (1,78)  
clk_i~O                                         net          0.000             7.006             348        (1,78)  
Inst_MPU6500_Controller/delay_cntr[6]~FF|CLK    ff           0.000             7.006             348        (65,149)

Data Path
                   name                     model name   delay (ns)  cumulative delay (ns) pins on net    location
====================================================================================================================
Inst_MPU6500_Controller/delay_cntr[6]~FF|Q     ff          0.650             0.650              6         (65,149)
Inst_MPU6500_Controller/delay_cntr[6]          net         4.791             5.441              6         (65,149)
   Routing elements:
      Manhattan distance of X:2, Y:12
LUT__1277|in[0]                                lut         0.000             5.441              6         (67,137)
LUT__1277|out                                  lut         0.000             5.441              3         (67,137)
n620                                           net         3.164             8.605              3         (67,137)
   Routing elements:
      Manhattan distance of X:1, Y:4
LUT__1278|in[3]                                lut         0.000             8.605              3         (66,133)
LUT__1278|out                                  lut         0.000             8.605              2         (66,133)
n621                                           net         1.430            10.035              2         (66,133)
   Routing elements:
      Manhattan distance of X:1, Y:0
LUT__1282|in[2]                                lut         0.000            10.035              2         (67,133)
LUT__1282|out                                  lut         0.000            10.035              6         (67,133)
n625                                           net         1.426            11.461              6         (67,133)
   Routing elements:
      Manhattan distance of X:1, Y:0
LUT__1309|in[2]                                lut         0.000            11.461              6         (68,133)
LUT__1309|out                                  lut         0.000            11.461              4         (68,133)
n648                                           net         1.527            12.988              4         (68,133)
   Routing elements:
      Manhattan distance of X:0, Y:2
LUT__1310|in[3]                                lut         0.000            12.988              4         (68,135)
LUT__1310|out                                  lut         0.000            12.988              3         (68,135)
ceg_net340                                     net         3.080            16.068              3         (68,135)
   Routing elements: feedthru(1)
      Manhattan distance of X:3, Y:0
Inst_MPU6500_Controller/state[1]~FF|CE         ff          0.493            16.561              3         (65,135)

Capture Clock Path
                 name                    model name   delay (ns)  cumulative delay (ns) pins on net    location
=================================================================================================================
clk_i                                      inpad        0.000             0.000               0        (0,102) 
clk_i                                      inpad        0.420             0.420               2        (0,102) 
clk_i                                      net          3.268             3.688               2        (0,102) 
   Routing elements:
      Manhattan distance of X:1, Y:24
CLKBUF__0|I                                gbuf         3.318             7.006               2        (1,78)  
CLKBUF__0|O                                gbuf         0.000             7.006             348        (1,78)  
clk_i~O                                    net          0.000             7.006             348        (1,78)  
Inst_MPU6500_Controller/state[1]~FF|CLK    ff           0.000             7.006             348        (65,135)

++++ Path 3 ++++++++++++++++++++++++++++++++++++++++++++++++++++++++++++++++++++

Path Begin    : Inst_MPU6500_Controller/delay_cntr[12]~FF|CLK
Path End      : Inst_MPU6500_Controller/state[0]~FF|CE       
Launch Clock  : clk_i (RISE)                                 
Capture Clock : clk_i (RISE)                                 
Slack         : -15.695 (required time - arrival time)       
Delay         : 15.412                                       

Logic Level             : 5
Non-global nets on path : 6
Global nets on path     : 0

Launch Clock Path Delay        :  7.006
+ Clock To Q + Data Path Delay : 16.555
---------------------------------------
End-of-path arrival time       : 23.561

Constraint                     : 1.000
+ Capture Clock Path Delay     : 7.006
- Clock Uncertainty            : 0.140
--------------------------------------
End-of-path required time      : 7.866

Launch Clock Path
                    name                       model name   delay (ns)  cumulative delay (ns) pins on net    location
=======================================================================================================================
clk_i                                            inpad        0.000             0.000               0        (0,102) 
clk_i                                            inpad        0.420             0.420               2        (0,102) 
clk_i                                            net          3.268             3.688               2        (0,102) 
   Routing elements:
      Manhattan distance of X:1, Y:24
CLKBUF__0|I                                      gbuf         3.318             7.006               2        (1,78)  
CLKBUF__0|O                                      gbuf         0.000             7.006             348        (1,78)  
clk_i~O                                          net          0.000             7.006             348        (1,78)  
Inst_MPU6500_Controller/delay_cntr[12]~FF|CLK    ff           0.000             7.006             348        (67,149)

Data Path
                   name                      model name   delay (ns)  cumulative delay (ns) pins on net    location
=====================================================================================================================
Inst_MPU6500_Controller/delay_cntr[12]~FF|Q     ff          0.650             0.650              5         (67,149)
Inst_MPU6500_Controller/delay_cntr[12]          net         4.227             4.877              5         (67,149)
   Routing elements: feedthru(1)
      Manhattan distance of X:2, Y:16
LUT__1274|in[2]                                 lut         0.000             4.877              5         (65,133)
LUT__1274|out                                   lut         0.000             4.877              3         (65,133)
n617                                            net         3.111             7.988              3         (65,133)
   Routing elements:
      Manhattan distance of X:1, Y:0
LUT__1278|in[1]                                 lut         0.000             7.988              3         (66,133)
LUT__1278|out                                   lut         0.000             7.988              2         (66,133)
n621                                            net         1.430             9.418              2         (66,133)
   Routing elements:
      Manhattan distance of X:1, Y:0
LUT__1282|in[2]                                 lut         0.000             9.418              2         (67,133)
LUT__1282|out                                   lut         0.000             9.418              6         (67,133)
n625                                            net         1.426            10.844              6         (67,133)
   Routing elements:
      Manhattan distance of X:1, Y:0
LUT__1309|in[2]                                 lut         0.000            10.844              6         (68,133)
LUT__1309|out                                   lut         0.000            10.844              4         (68,133)
n648                                            net         1.527            12.371              4         (68,133)
   Routing elements:
      Manhattan distance of X:0, Y:2
LUT__1310|in[3]                                 lut         0.000            12.371              4         (68,135)
LUT__1310|out                                   lut         0.000            12.371              3         (68,135)
ceg_net340                                      net         3.691            16.062              3         (68,135)
   Routing elements:
      Manhattan distance of X:1, Y:0
Inst_MPU6500_Controller/state[0]~FF|CE          ff          0.493            16.555              3         (69,135)

Capture Clock Path
                 name                    model name   delay (ns)  cumulative delay (ns) pins on net    location
=================================================================================================================
clk_i                                      inpad        0.000             0.000               0        (0,102) 
clk_i                                      inpad        0.420             0.420               2        (0,102) 
clk_i                                      net          3.268             3.688               2        (0,102) 
   Routing elements:
      Manhattan distance of X:1, Y:24
CLKBUF__0|I                                gbuf         3.318             7.006               2        (1,78)  
CLKBUF__0|O                                gbuf         0.000             7.006             348        (1,78)  
clk_i~O                                    net          0.000             7.006             348        (1,78)  
Inst_MPU6500_Controller/state[0]~FF|CLK    ff           0.000             7.006             348        (69,135)

++++ Path 4 ++++++++++++++++++++++++++++++++++++++++++++++++++++++++++++++++++++

Path Begin    : Inst_MPU6500_Controller/delay_cntr[6]~FF|CLK
Path End      : Inst_MPU6500_Controller/state[2]~FF|CE      
Launch Clock  : clk_i (RISE)                                
Capture Clock : clk_i (RISE)                                
Slack         : -15.544 (required time - arrival time)      
Delay         : 15.261                                      

Logic Level             : 5
Non-global nets on path : 6
Global nets on path     : 0

Launch Clock Path Delay        :  7.006
+ Clock To Q + Data Path Delay : 16.404
---------------------------------------
End-of-path arrival time       : 23.410

Constraint                     : 1.000
+ Capture Clock Path Delay     : 7.006
- Clock Uncertainty            : 0.140
--------------------------------------
End-of-path required time      : 7.866

Launch Clock Path
                    name                      model name   delay (ns)  cumulative delay (ns) pins on net    location
======================================================================================================================
clk_i                                           inpad        0.000             0.000               0        (0,102) 
clk_i                                           inpad        0.420             0.420               2        (0,102) 
clk_i                                           net          3.268             3.688               2        (0,102) 
   Routing elements:
      Manhattan distance of X:1, Y:24
CLKBUF__0|I                                     gbuf         3.318             7.006               2        (1,78)  
CLKBUF__0|O                                     gbuf         0.000             7.006             348        (1,78)  
clk_i~O                                         net          0.000             7.006             348        (1,78)  
Inst_MPU6500_Controller/delay_cntr[6]~FF|CLK    ff           0.000             7.006             348        (65,149)

Data Path
                   name                     model name   delay (ns)  cumulative delay (ns) pins on net    location
====================================================================================================================
Inst_MPU6500_Controller/delay_cntr[6]~FF|Q     ff          0.650             0.650              6         (65,149)
Inst_MPU6500_Controller/delay_cntr[6]          net         4.791             5.441              6         (65,149)
   Routing elements:
      Manhattan distance of X:2, Y:12
LUT__1277|in[0]                                lut         0.000             5.441              6         (67,137)
LUT__1277|out                                  lut         0.000             5.441              3         (67,137)
n620                                           net         3.164             8.605              3         (67,137)
   Routing elements:
      Manhattan distance of X:1, Y:4
LUT__1278|in[3]                                lut         0.000             8.605              3         (66,133)
LUT__1278|out                                  lut         0.000             8.605              2         (66,133)
n621                                           net         1.430            10.035              2         (66,133)
   Routing elements:
      Manhattan distance of X:1, Y:0
LUT__1282|in[2]                                lut         0.000            10.035              2         (67,133)
LUT__1282|out                                  lut         0.000            10.035              6         (67,133)
n625                                           net         1.426            11.461              6         (67,133)
   Routing elements:
      Manhattan distance of X:1, Y:0
LUT__1309|in[2]                                lut         0.000            11.461              6         (68,133)
LUT__1309|out                                  lut         0.000            11.461              4         (68,133)
n648                                           net         1.566            13.027              4         (68,133)
   Routing elements:
      Manhattan distance of X:0, Y:2
LUT__1427|in[1]                                lut         0.000            13.027              4         (68,131)
LUT__1427|out                                  lut         0.000            13.027              2         (68,131)
ceg_net354                                     net         2.884            15.911              2         (68,131)
   Routing elements: feedthru(1)
      Manhattan distance of X:3, Y:0
Inst_MPU6500_Controller/state[2]~FF|CE         ff          0.493            16.404              2         (65,131)

Capture Clock Path
                 name                    model name   delay (ns)  cumulative delay (ns) pins on net    location
=================================================================================================================
clk_i                                      inpad        0.000             0.000               0        (0,102) 
clk_i                                      inpad        0.420             0.420               2        (0,102) 
clk_i                                      net          3.268             3.688               2        (0,102) 
   Routing elements:
      Manhattan distance of X:1, Y:24
CLKBUF__0|I                                gbuf         3.318             7.006               2        (1,78)  
CLKBUF__0|O                                gbuf         0.000             7.006             348        (1,78)  
clk_i~O                                    net          0.000             7.006             348        (1,78)  
Inst_MPU6500_Controller/state[2]~FF|CLK    ff           0.000             7.006             348        (65,131)

++++ Path 5 ++++++++++++++++++++++++++++++++++++++++++++++++++++++++++++++++++++

Path Begin    : Inst_MPU6500_Controller/delay_cntr[6]~FF|CLK
Path End      : Inst_MPU6500_Controller/delay_cntr[14]~FF|D 
Launch Clock  : clk_i (RISE)                                
Capture Clock : clk_i (RISE)                                
Slack         : -15.463 (required time - arrival time)      
Delay         : 15.289                                      

Logic Level             : 5
Non-global nets on path : 5
Global nets on path     : 0

Launch Clock Path Delay        :  7.006
+ Clock To Q + Data Path Delay : 16.323
---------------------------------------
End-of-path arrival time       : 23.329

Constraint                     : 1.000
+ Capture Clock Path Delay     : 7.006
- Clock Uncertainty            : 0.140
--------------------------------------
End-of-path required time      : 7.866

Launch Clock Path
                    name                      model name   delay (ns)  cumulative delay (ns) pins on net    location
======================================================================================================================
clk_i                                           inpad        0.000             0.000               0        (0,102) 
clk_i                                           inpad        0.420             0.420               2        (0,102) 
clk_i                                           net          3.268             3.688               2        (0,102) 
   Routing elements:
      Manhattan distance of X:1, Y:24
CLKBUF__0|I                                     gbuf         3.318             7.006               2        (1,78)  
CLKBUF__0|O                                     gbuf         0.000             7.006             348        (1,78)  
clk_i~O                                         net          0.000             7.006             348        (1,78)  
Inst_MPU6500_Controller/delay_cntr[6]~FF|CLK    ff           0.000             7.006             348        (65,149)

Data Path
                   name                      model name   delay (ns)  cumulative delay (ns) pins on net    location
=====================================================================================================================
Inst_MPU6500_Controller/delay_cntr[6]~FF|Q      ff          0.650             0.650               6        (65,149)
Inst_MPU6500_Controller/delay_cntr[6]           net         4.791             5.441               6        (65,149)
   Routing elements:
      Manhattan distance of X:2, Y:12
LUT__1277|in[0]                                 lut         0.000             5.441               6        (67,137)
LUT__1277|out                                   lut         0.000             5.441               3        (67,137)
n620                                            net         3.164             8.605               3        (67,137)
   Routing elements:
      Manhattan distance of X:1, Y:4
LUT__1278|in[3]                                 lut         0.000             8.605               3        (66,133)
LUT__1278|out                                   lut         0.000             8.605               2        (66,133)
n621                                            net         1.430            10.035               2        (66,133)
   Routing elements:
      Manhattan distance of X:1, Y:0
LUT__1282|in[2]                                 lut         0.000            10.035               2        (67,133)
LUT__1282|out                                   lut         0.000            10.035               6        (67,133)
n625                                            net         1.672            11.707               6        (67,133)
   Routing elements:
      Manhattan distance of X:0, Y:3
LUT__1289|in[0]                                 lut         0.000            11.707               6        (67,130)
LUT__1289|out                                   lut         0.000            11.707              10        (67,130)
n632                                            net         4.232            15.939              10        (67,130)
   Routing elements:
      Manhattan distance of X:2, Y:9
LUT__1379|in[3]                                 lut         0.000            15.939              10        (65,139)
LUT__1379|out                                   lut         0.000            15.939               2        (65,139)
Inst_MPU6500_Controller/delay_cntr[14]~FF|D     ff          0.384            16.323               2        (65,139)

Capture Clock Path
                    name                       model name   delay (ns)  cumulative delay (ns) pins on net    location
=======================================================================================================================
clk_i                                            inpad        0.000             0.000               0        (0,102) 
clk_i                                            inpad        0.420             0.420               2        (0,102) 
clk_i                                            net          3.268             3.688               2        (0,102) 
   Routing elements:
      Manhattan distance of X:1, Y:24
CLKBUF__0|I                                      gbuf         3.318             7.006               2        (1,78)  
CLKBUF__0|O                                      gbuf         0.000             7.006             348        (1,78)  
clk_i~O                                          net          0.000             7.006             348        (1,78)  
Inst_MPU6500_Controller/delay_cntr[14]~FF|CLK    ff           0.000             7.006             348        (65,139)

++++ Path 6 ++++++++++++++++++++++++++++++++++++++++++++++++++++++++++++++++++++

Path Begin    : Inst_MPU6500_Controller/delay_cntr[6]~FF|CLK
Path End      : Inst_MPU6500_Controller/delay_cntr[6]~FF|D  
Launch Clock  : clk_i (RISE)                                
Capture Clock : clk_i (RISE)                                
Slack         : -15.455 (required time - arrival time)      
Delay         : 15.281                                      

Logic Level             : 5
Non-global nets on path : 5
Global nets on path     : 0

Launch Clock Path Delay        :  7.006
+ Clock To Q + Data Path Delay : 16.315
---------------------------------------
End-of-path arrival time       : 23.321

Constraint                     : 1.000
+ Capture Clock Path Delay     : 7.006
- Clock Uncertainty            : 0.140
--------------------------------------
End-of-path required time      : 7.866

Launch Clock Path
                    name                      model name   delay (ns)  cumulative delay (ns) pins on net    location
======================================================================================================================
clk_i                                           inpad        0.000             0.000               0        (0,102) 
clk_i                                           inpad        0.420             0.420               2        (0,102) 
clk_i                                           net          3.268             3.688               2        (0,102) 
   Routing elements:
      Manhattan distance of X:1, Y:24
CLKBUF__0|I                                     gbuf         3.318             7.006               2        (1,78)  
CLKBUF__0|O                                     gbuf         0.000             7.006             348        (1,78)  
clk_i~O                                         net          0.000             7.006             348        (1,78)  
Inst_MPU6500_Controller/delay_cntr[6]~FF|CLK    ff           0.000             7.006             348        (65,149)

Data Path
                   name                     model name   delay (ns)  cumulative delay (ns) pins on net    location
====================================================================================================================
Inst_MPU6500_Controller/delay_cntr[6]~FF|Q     ff          0.650             0.650               6        (65,149)
Inst_MPU6500_Controller/delay_cntr[6]          net         4.791             5.441               6        (65,149)
   Routing elements:
      Manhattan distance of X:2, Y:12
LUT__1277|in[0]                                lut         0.000             5.441               6        (67,137)
LUT__1277|out                                  lut         0.000             5.441               3        (67,137)
n620                                           net         3.164             8.605               3        (67,137)
   Routing elements:
      Manhattan distance of X:1, Y:4
LUT__1278|in[3]                                lut         0.000             8.605               3        (66,133)
LUT__1278|out                                  lut         0.000             8.605               2        (66,133)
n621                                           net         1.430            10.035               2        (66,133)
   Routing elements:
      Manhattan distance of X:1, Y:0
LUT__1282|in[2]                                lut         0.000            10.035               2        (67,133)
LUT__1282|out                                  lut         0.000            10.035               6        (67,133)
n625                                           net         1.672            11.707               6        (67,133)
   Routing elements:
      Manhattan distance of X:0, Y:3
LUT__1289|in[0]                                lut         0.000            11.707               6        (67,130)
LUT__1289|out                                  lut         0.000            11.707              10        (67,130)
n632                                           net         4.224            15.931              10        (67,130)
   Routing elements:
      Manhattan distance of X:2, Y:19
LUT__1346|in[3]                                lut         0.000            15.931              10        (65,149)
LUT__1346|out                                  lut         0.000            15.931               2        (65,149)
Inst_MPU6500_Controller/delay_cntr[6]~FF|D     ff          0.384            16.315               2        (65,149)

Capture Clock Path
                    name                      model name   delay (ns)  cumulative delay (ns) pins on net    location
======================================================================================================================
clk_i                                           inpad        0.000             0.000               0        (0,102) 
clk_i                                           inpad        0.420             0.420               2        (0,102) 
clk_i                                           net          3.268             3.688               2        (0,102) 
   Routing elements:
      Manhattan distance of X:1, Y:24
CLKBUF__0|I                                     gbuf         3.318             7.006               2        (1,78)  
CLKBUF__0|O                                     gbuf         0.000             7.006             348        (1,78)  
clk_i~O                                         net          0.000             7.006             348        (1,78)  
Inst_MPU6500_Controller/delay_cntr[6]~FF|CLK    ff           0.000             7.006             348        (65,149)

++++ Path 7 ++++++++++++++++++++++++++++++++++++++++++++++++++++++++++++++++++++

Path Begin    : Inst_MPU6500_Controller/delay_cntr[6]~FF|CLK
Path End      : Inst_MPU6500_Controller/delay_cntr[0]~FF|D  
Launch Clock  : clk_i (RISE)                                
Capture Clock : clk_i (RISE)                                
Slack         : -15.430 (required time - arrival time)      
Delay         : 15.256                                      

Logic Level             : 5
Non-global nets on path : 5
Global nets on path     : 0

Launch Clock Path Delay        :  7.006
+ Clock To Q + Data Path Delay : 16.290
---------------------------------------
End-of-path arrival time       : 23.296

Constraint                     : 1.000
+ Capture Clock Path Delay     : 7.006
- Clock Uncertainty            : 0.140
--------------------------------------
End-of-path required time      : 7.866

Launch Clock Path
                    name                      model name   delay (ns)  cumulative delay (ns) pins on net    location
======================================================================================================================
clk_i                                           inpad        0.000             0.000               0        (0,102) 
clk_i                                           inpad        0.420             0.420               2        (0,102) 
clk_i                                           net          3.268             3.688               2        (0,102) 
   Routing elements:
      Manhattan distance of X:1, Y:24
CLKBUF__0|I                                     gbuf         3.318             7.006               2        (1,78)  
CLKBUF__0|O                                     gbuf         0.000             7.006             348        (1,78)  
clk_i~O                                         net          0.000             7.006             348        (1,78)  
Inst_MPU6500_Controller/delay_cntr[6]~FF|CLK    ff           0.000             7.006             348        (65,149)

Data Path
                   name                     model name   delay (ns)  cumulative delay (ns) pins on net    location
====================================================================================================================
Inst_MPU6500_Controller/delay_cntr[6]~FF|Q     ff          0.650             0.650               6        (65,149)
Inst_MPU6500_Controller/delay_cntr[6]          net         4.791             5.441               6        (65,149)
   Routing elements:
      Manhattan distance of X:2, Y:12
LUT__1277|in[0]                                lut         0.000             5.441               6        (67,137)
LUT__1277|out                                  lut         0.000             5.441               3        (67,137)
n620                                           net         3.164             8.605               3        (67,137)
   Routing elements:
      Manhattan distance of X:1, Y:4
LUT__1278|in[3]                                lut         0.000             8.605               3        (66,133)
LUT__1278|out                                  lut         0.000             8.605               2        (66,133)
n621                                           net         1.430            10.035               2        (66,133)
   Routing elements:
      Manhattan distance of X:1, Y:0
LUT__1282|in[2]                                lut         0.000            10.035               2        (67,133)
LUT__1282|out                                  lut         0.000            10.035               6        (67,133)
n625                                           net         1.672            11.707               6        (67,133)
   Routing elements:
      Manhattan distance of X:0, Y:3
LUT__1289|in[0]                                lut         0.000            11.707               6        (67,130)
LUT__1289|out                                  lut         0.000            11.707              10        (67,130)
n632                                           net         4.199            15.906              10        (67,130)
   Routing elements:
      Manhattan distance of X:2, Y:12
LUT__1295|in[1]                                lut         0.000            15.906              10        (65,142)
LUT__1295|out                                  lut         0.000            15.906               2        (65,142)
Inst_MPU6500_Controller/delay_cntr[0]~FF|D     ff          0.384            16.290               2        (65,142)

Capture Clock Path
                    name                      model name   delay (ns)  cumulative delay (ns) pins on net    location
======================================================================================================================
clk_i                                           inpad        0.000             0.000               0        (0,102) 
clk_i                                           inpad        0.420             0.420               2        (0,102) 
clk_i                                           net          3.268             3.688               2        (0,102) 
   Routing elements:
      Manhattan distance of X:1, Y:24
CLKBUF__0|I                                     gbuf         3.318             7.006               2        (1,78)  
CLKBUF__0|O                                     gbuf         0.000             7.006             348        (1,78)  
clk_i~O                                         net          0.000             7.006             348        (1,78)  
Inst_MPU6500_Controller/delay_cntr[0]~FF|CLK    ff           0.000             7.006             348        (65,142)

++++ Path 8 ++++++++++++++++++++++++++++++++++++++++++++++++++++++++++++++++++++

Path Begin    : Inst_MPU6500_Controller/delay_cntr[6]~FF|CLK
Path End      : Inst_MPU6500_Controller/state[3]~FF|CE      
Launch Clock  : clk_i (RISE)                                
Capture Clock : clk_i (RISE)                                
Slack         : -15.424 (required time - arrival time)      
Delay         : 15.141                                      

Logic Level             : 5
Non-global nets on path : 6
Global nets on path     : 0

Launch Clock Path Delay        :  7.006
+ Clock To Q + Data Path Delay : 16.284
---------------------------------------
End-of-path arrival time       : 23.290

Constraint                     : 1.000
+ Capture Clock Path Delay     : 7.006
- Clock Uncertainty            : 0.140
--------------------------------------
End-of-path required time      : 7.866

Launch Clock Path
                    name                      model name   delay (ns)  cumulative delay (ns) pins on net    location
======================================================================================================================
clk_i                                           inpad        0.000             0.000               0        (0,102) 
clk_i                                           inpad        0.420             0.420               2        (0,102) 
clk_i                                           net          3.268             3.688               2        (0,102) 
   Routing elements:
      Manhattan distance of X:1, Y:24
CLKBUF__0|I                                     gbuf         3.318             7.006               2        (1,78)  
CLKBUF__0|O                                     gbuf         0.000             7.006             348        (1,78)  
clk_i~O                                         net          0.000             7.006             348        (1,78)  
Inst_MPU6500_Controller/delay_cntr[6]~FF|CLK    ff           0.000             7.006             348        (65,149)

Data Path
                   name                     model name   delay (ns)  cumulative delay (ns) pins on net    location
====================================================================================================================
Inst_MPU6500_Controller/delay_cntr[6]~FF|Q     ff          0.650             0.650              6         (65,149)
Inst_MPU6500_Controller/delay_cntr[6]          net         4.791             5.441              6         (65,149)
   Routing elements:
      Manhattan distance of X:2, Y:12
LUT__1277|in[0]                                lut         0.000             5.441              6         (67,137)
LUT__1277|out                                  lut         0.000             5.441              3         (67,137)
n620                                           net         3.164             8.605              3         (67,137)
   Routing elements:
      Manhattan distance of X:1, Y:4
LUT__1278|in[3]                                lut         0.000             8.605              3         (66,133)
LUT__1278|out                                  lut         0.000             8.605              2         (66,133)
n621                                           net         1.430            10.035              2         (66,133)
   Routing elements:
      Manhattan distance of X:1, Y:0
LUT__1282|in[2]                                lut         0.000            10.035              2         (67,133)
LUT__1282|out                                  lut         0.000            10.035              6         (67,133)
n625                                           net         1.426            11.461              6         (67,133)
   Routing elements:
      Manhattan distance of X:1, Y:0
LUT__1309|in[2]                                lut         0.000            11.461              6         (68,133)
LUT__1309|out                                  lut         0.000            11.461              4         (68,133)
n648                                           net         1.565            13.026              4         (68,133)
   Routing elements:
      Manhattan distance of X:0, Y:1
LUT__1430|in[1]                                lut         0.000            13.026              4         (68,134)
LUT__1430|out                                  lut         0.000            13.026              2         (68,134)
ceg_net355                                     net         2.765            15.791              2         (68,134)
   Routing elements:
      Manhattan distance of X:7, Y:0
Inst_MPU6500_Controller/state[3]~FF|CE         ff          0.493            16.284              2         (61,134)

Capture Clock Path
                 name                    model name   delay (ns)  cumulative delay (ns) pins on net    location
=================================================================================================================
clk_i                                      inpad        0.000             0.000               0        (0,102) 
clk_i                                      inpad        0.420             0.420               2        (0,102) 
clk_i                                      net          3.268             3.688               2        (0,102) 
   Routing elements:
      Manhattan distance of X:1, Y:24
CLKBUF__0|I                                gbuf         3.318             7.006               2        (1,78)  
CLKBUF__0|O                                gbuf         0.000             7.006             348        (1,78)  
clk_i~O                                    net          0.000             7.006             348        (1,78)  
Inst_MPU6500_Controller/state[3]~FF|CLK    ff           0.000             7.006             348        (61,134)

++++ Path 9 ++++++++++++++++++++++++++++++++++++++++++++++++++++++++++++++++++++

Path Begin    : Inst_MPU6500_Controller/delay_cntr[6]~FF|CLK
Path End      : Inst_MPU6500_Controller/delay_cntr[17]~FF|D 
Launch Clock  : clk_i (RISE)                                
Capture Clock : clk_i (RISE)                                
Slack         : -15.351 (required time - arrival time)      
Delay         : 15.177                                      

Logic Level             : 5
Non-global nets on path : 5
Global nets on path     : 0

Launch Clock Path Delay        :  7.006
+ Clock To Q + Data Path Delay : 16.211
---------------------------------------
End-of-path arrival time       : 23.217

Constraint                     : 1.000
+ Capture Clock Path Delay     : 7.006
- Clock Uncertainty            : 0.140
--------------------------------------
End-of-path required time      : 7.866

Launch Clock Path
                    name                      model name   delay (ns)  cumulative delay (ns) pins on net    location
======================================================================================================================
clk_i                                           inpad        0.000             0.000               0        (0,102) 
clk_i                                           inpad        0.420             0.420               2        (0,102) 
clk_i                                           net          3.268             3.688               2        (0,102) 
   Routing elements:
      Manhattan distance of X:1, Y:24
CLKBUF__0|I                                     gbuf         3.318             7.006               2        (1,78)  
CLKBUF__0|O                                     gbuf         0.000             7.006             348        (1,78)  
clk_i~O                                         net          0.000             7.006             348        (1,78)  
Inst_MPU6500_Controller/delay_cntr[6]~FF|CLK    ff           0.000             7.006             348        (65,149)

Data Path
                   name                      model name   delay (ns)  cumulative delay (ns) pins on net    location
=====================================================================================================================
Inst_MPU6500_Controller/delay_cntr[6]~FF|Q      ff          0.650             0.650               6        (65,149)
Inst_MPU6500_Controller/delay_cntr[6]           net         4.791             5.441               6        (65,149)
   Routing elements:
      Manhattan distance of X:2, Y:12
LUT__1277|in[0]                                 lut         0.000             5.441               6        (67,137)
LUT__1277|out                                   lut         0.000             5.441               3        (67,137)
n620                                            net         3.164             8.605               3        (67,137)
   Routing elements:
      Manhattan distance of X:1, Y:4
LUT__1278|in[3]                                 lut         0.000             8.605               3        (66,133)
LUT__1278|out                                   lut         0.000             8.605               2        (66,133)
n621                                            net         1.430            10.035               2        (66,133)
   Routing elements:
      Manhattan distance of X:1, Y:0
LUT__1282|in[2]                                 lut         0.000            10.035               2        (67,133)
LUT__1282|out                                   lut         0.000            10.035               6        (67,133)
n625                                            net         1.672            11.707               6        (67,133)
   Routing elements:
      Manhattan distance of X:0, Y:3
LUT__1289|in[0]                                 lut         0.000            11.707               6        (67,130)
LUT__1289|out                                   lut         0.000            11.707              10        (67,130)
n632                                            net         4.120            15.827              10        (67,130)
   Routing elements: feedthru(1)
      Manhattan distance of X:2, Y:11
LUT__1386|in[1]                                 lut         0.000            15.827              10        (65,141)
LUT__1386|out                                   lut         0.000            15.827               2        (65,141)
Inst_MPU6500_Controller/delay_cntr[17]~FF|D     ff          0.384            16.211               2        (65,141)

Capture Clock Path
                    name                       model name   delay (ns)  cumulative delay (ns) pins on net    location
=======================================================================================================================
clk_i                                            inpad        0.000             0.000               0        (0,102) 
clk_i                                            inpad        0.420             0.420               2        (0,102) 
clk_i                                            net          3.268             3.688               2        (0,102) 
   Routing elements:
      Manhattan distance of X:1, Y:24
CLKBUF__0|I                                      gbuf         3.318             7.006               2        (1,78)  
CLKBUF__0|O                                      gbuf         0.000             7.006             348        (1,78)  
clk_i~O                                          net          0.000             7.006             348        (1,78)  
Inst_MPU6500_Controller/delay_cntr[17]~FF|CLK    ff           0.000             7.006             348        (65,141)

++++ Path 10 +++++++++++++++++++++++++++++++++++++++++++++++++++++++++++++++++++

Path Begin    : Inst_MPU6500_Controller/delay_cntr[0]~FF|CLK
Path End      : Inst_MPU6500_Controller/state[0]~FF|CE      
Launch Clock  : clk_i (RISE)                                
Capture Clock : clk_i (RISE)                                
Slack         : -15.135 (required time - arrival time)      
Delay         : 14.852                                      

Logic Level             : 5
Non-global nets on path : 6
Global nets on path     : 0

Launch Clock Path Delay        :  7.006
+ Clock To Q + Data Path Delay : 15.995
---------------------------------------
End-of-path arrival time       : 23.001

Constraint                     : 1.000
+ Capture Clock Path Delay     : 7.006
- Clock Uncertainty            : 0.140
--------------------------------------
End-of-path required time      : 7.866

Launch Clock Path
                    name                      model name   delay (ns)  cumulative delay (ns) pins on net    location
======================================================================================================================
clk_i                                           inpad        0.000             0.000               0        (0,102) 
clk_i                                           inpad        0.420             0.420               2        (0,102) 
clk_i                                           net          3.268             3.688               2        (0,102) 
   Routing elements:
      Manhattan distance of X:1, Y:24
CLKBUF__0|I                                     gbuf         3.318             7.006               2        (1,78)  
CLKBUF__0|O                                     gbuf         0.000             7.006             348        (1,78)  
clk_i~O                                         net          0.000             7.006             348        (1,78)  
Inst_MPU6500_Controller/delay_cntr[0]~FF|CLK    ff           0.000             7.006             348        (65,142)

Data Path
                   name                     model name   delay (ns)  cumulative delay (ns) pins on net    location
====================================================================================================================
Inst_MPU6500_Controller/delay_cntr[0]~FF|Q     ff          0.650             0.650              7         (65,142)
Inst_MPU6500_Controller/delay_cntr[0]          net         3.667             4.317              7         (65,142)
   Routing elements:
      Manhattan distance of X:0, Y:9
LUT__1274|in[1]                                lut         0.000             4.317              7         (65,133)
LUT__1274|out                                  lut         0.000             4.317              3         (65,133)
n617                                           net         3.111             7.428              3         (65,133)
   Routing elements:
      Manhattan distance of X:1, Y:0
LUT__1278|in[1]                                lut         0.000             7.428              3         (66,133)
LUT__1278|out                                  lut         0.000             7.428              2         (66,133)
n621                                           net         1.430             8.858              2         (66,133)
   Routing elements:
      Manhattan distance of X:1, Y:0
LUT__1282|in[2]                                lut         0.000             8.858              2         (67,133)
LUT__1282|out                                  lut         0.000             8.858              6         (67,133)
n625                                           net         1.426            10.284              6         (67,133)
   Routing elements:
      Manhattan distance of X:1, Y:0
LUT__1309|in[2]                                lut         0.000            10.284              6         (68,133)
LUT__1309|out                                  lut         0.000            10.284              4         (68,133)
n648                                           net         1.527            11.811              4         (68,133)
   Routing elements:
      Manhattan distance of X:0, Y:2
LUT__1310|in[3]                                lut         0.000            11.811              4         (68,135)
LUT__1310|out                                  lut         0.000            11.811              3         (68,135)
ceg_net340                                     net         3.691            15.502              3         (68,135)
   Routing elements:
      Manhattan distance of X:1, Y:0
Inst_MPU6500_Controller/state[0]~FF|CE         ff          0.493            15.995              3         (69,135)

Capture Clock Path
                 name                    model name   delay (ns)  cumulative delay (ns) pins on net    location
=================================================================================================================
clk_i                                      inpad        0.000             0.000               0        (0,102) 
clk_i                                      inpad        0.420             0.420               2        (0,102) 
clk_i                                      net          3.268             3.688               2        (0,102) 
   Routing elements:
      Manhattan distance of X:1, Y:24
CLKBUF__0|I                                gbuf         3.318             7.006               2        (1,78)  
CLKBUF__0|O                                gbuf         0.000             7.006             348        (1,78)  
clk_i~O                                    net          0.000             7.006             348        (1,78)  
Inst_MPU6500_Controller/state[0]~FF|CLK    ff           0.000             7.006             348        (69,135)

---------- Path Details for Max Critical Paths (end) ---------------

---------- 4. Path Details for Min Critical Paths (begin) ----------

################################################################################
Path Detail Report (clk_i vs clk_i)
################################################################################


++++ Path 1 ++++++++++++++++++++++++++++++++++++++++++++++++++++++++++++++++++++

Path Begin    : uart_state[2]~FF|CLK                
Path End      : uart_state[0]~FF|D                  
Launch Clock  : clk_i (RISE)                        
Capture Clock : clk_i (RISE)                        
Slack         : 0.643 (arrival time - required time)
Delay         : 0.461                               

Logic Level             : 1
Non-global nets on path : 1
Global nets on path     : 0

Launch Clock Path Delay        : 2.502
+ Clock To Q + Data Path Delay : 0.693
--------------------------------------
End-of-path arrival time       : 3.195

Constraint                     : 0.000
+ Capture Clock Path Delay     : 2.502
+ Clock Uncertainty            : 0.050
--------------------------------------
End-of-path required time      : 2.552

Launch Clock Path
        name          model name   delay (ns)  cumulative delay (ns) pins on net    location
==============================================================================================
clk_i                   inpad        0.000             0.000               0        (0,102) 
clk_i                   inpad        0.150             0.150               2        (0,102) 
clk_i                   net          1.167             1.317               2        (0,102) 
   Routing elements:
      Manhattan distance of X:1, Y:24
CLKBUF__0|I             gbuf         1.185             2.502               2        (1,78)  
CLKBUF__0|O             gbuf         0.000             2.502             348        (1,78)  
clk_i~O                 net          0.000             2.502             348        (1,78)  
uart_state[2]~FF|CLK    ff           0.000             2.502             348        (39,149)

Data Path
       name         model name   delay (ns)  cumulative delay (ns) pins on net    location
============================================================================================
uart_state[2]~FF|Q     ff          0.232             0.232              9         (39,149)
uart_state[2]          net         0.461             0.693              9         (39,149)
   Routing elements:
      Manhattan distance of X:2, Y:0
LUT__1245|in[3]        lut         0.000             0.693              9         (41,149)
LUT__1245|out          lut         0.000             0.693              2         (41,149)
uart_state[0]~FF|D     ff          0.000             0.693              2         (41,149)

Capture Clock Path
        name          model name   delay (ns)  cumulative delay (ns) pins on net    location
==============================================================================================
clk_i                   inpad        0.000             0.000               0        (0,102) 
clk_i                   inpad        0.150             0.150               2        (0,102) 
clk_i                   net          1.167             1.317               2        (0,102) 
   Routing elements:
      Manhattan distance of X:1, Y:24
CLKBUF__0|I             gbuf         1.185             2.502               2        (1,78)  
CLKBUF__0|O             gbuf         0.000             2.502             348        (1,78)  
clk_i~O                 net          0.000             2.502             348        (1,78)  
uart_state[0]~FF|CLK    ff           0.000             2.502             348        (41,149)

++++ Path 2 ++++++++++++++++++++++++++++++++++++++++++++++++++++++++++++++++++++

Path Begin    : Inst_MPU6500_Controller/delay_cntr[20]~FF|CLK
Path End      : Inst_MPU6500_Controller/delay_cntr[20]~FF|D  
Launch Clock  : clk_i (RISE)                                 
Capture Clock : clk_i (RISE)                                 
Slack         : 0.643 (arrival time - required time)         
Delay         : 0.461                                        

Logic Level             : 1
Non-global nets on path : 1
Global nets on path     : 0

Launch Clock Path Delay        : 2.502
+ Clock To Q + Data Path Delay : 0.693
--------------------------------------
End-of-path arrival time       : 3.195

Constraint                     : 0.000
+ Capture Clock Path Delay     : 2.502
+ Clock Uncertainty            : 0.050
--------------------------------------
End-of-path required time      : 2.552

Launch Clock Path
                    name                       model name   delay (ns)  cumulative delay (ns) pins on net    location
=======================================================================================================================
clk_i                                            inpad        0.000             0.000               0        (0,102) 
clk_i                                            inpad        0.150             0.150               2        (0,102) 
clk_i                                            net          1.167             1.317               2        (0,102) 
   Routing elements:
      Manhattan distance of X:1, Y:24
CLKBUF__0|I                                      gbuf         1.185             2.502               2        (1,78)  
CLKBUF__0|O                                      gbuf         0.000             2.502             348        (1,78)  
clk_i~O                                          net          0.000             2.502             348        (1,78)  
Inst_MPU6500_Controller/delay_cntr[20]~FF|CLK    ff           0.000             2.502             348        (69,131)

Data Path
                   name                      model name   delay (ns)  cumulative delay (ns) pins on net    location
=====================================================================================================================
Inst_MPU6500_Controller/delay_cntr[20]~FF|Q     ff          0.232             0.232              7         (69,131)
Inst_MPU6500_Controller/delay_cntr[20]          net         0.461             0.693              7         (69,131)
LUT__1396|in[3]                                 lut         0.000             0.693              7         (69,131)
LUT__1396|out                                   lut         0.000             0.693              2         (69,131)
Inst_MPU6500_Controller/delay_cntr[20]~FF|D     ff          0.000             0.693              2         (69,131)

Capture Clock Path
                    name                       model name   delay (ns)  cumulative delay (ns) pins on net    location
=======================================================================================================================
clk_i                                            inpad        0.000             0.000               0        (0,102) 
clk_i                                            inpad        0.150             0.150               2        (0,102) 
clk_i                                            net          1.167             1.317               2        (0,102) 
   Routing elements:
      Manhattan distance of X:1, Y:24
CLKBUF__0|I                                      gbuf         1.185             2.502               2        (1,78)  
CLKBUF__0|O                                      gbuf         0.000             2.502             348        (1,78)  
clk_i~O                                          net          0.000             2.502             348        (1,78)  
Inst_MPU6500_Controller/delay_cntr[20]~FF|CLK    ff           0.000             2.502             348        (69,131)

++++ Path 3 ++++++++++++++++++++++++++++++++++++++++++++++++++++++++++++++++++++

Path Begin    : Inst_MPU6500_Controller/delay_cntr[2]~FF|CLK
Path End      : Inst_MPU6500_Controller/delay_cntr[2]~FF|D  
Launch Clock  : clk_i (RISE)                                
Capture Clock : clk_i (RISE)                                
Slack         : 0.643 (arrival time - required time)        
Delay         : 0.461                                       

Logic Level             : 1
Non-global nets on path : 1
Global nets on path     : 0

Launch Clock Path Delay        : 2.502
+ Clock To Q + Data Path Delay : 0.693
--------------------------------------
End-of-path arrival time       : 3.195

Constraint                     : 0.000
+ Capture Clock Path Delay     : 2.502
+ Clock Uncertainty            : 0.050
--------------------------------------
End-of-path required time      : 2.552

Launch Clock Path
                    name                      model name   delay (ns)  cumulative delay (ns) pins on net    location
======================================================================================================================
clk_i                                           inpad        0.000             0.000               0        (0,102) 
clk_i                                           inpad        0.150             0.150               2        (0,102) 
clk_i                                           net          1.167             1.317               2        (0,102) 
   Routing elements:
      Manhattan distance of X:1, Y:24
CLKBUF__0|I                                     gbuf         1.185             2.502               2        (1,78)  
CLKBUF__0|O                                     gbuf         0.000             2.502             348        (1,78)  
clk_i~O                                         net          0.000             2.502             348        (1,78)  
Inst_MPU6500_Controller/delay_cntr[2]~FF|CLK    ff           0.000             2.502             348        (67,151)

Data Path
                   name                     model name   delay (ns)  cumulative delay (ns) pins on net    location
====================================================================================================================
Inst_MPU6500_Controller/delay_cntr[2]~FF|Q     ff          0.232             0.232              5         (67,151)
Inst_MPU6500_Controller/delay_cntr[2]          net         0.461             0.693              5         (67,151)
LUT__1337|in[3]                                lut         0.000             0.693              5         (67,151)
LUT__1337|out                                  lut         0.000             0.693              2         (67,151)
Inst_MPU6500_Controller/delay_cntr[2]~FF|D     ff          0.000             0.693              2         (67,151)

Capture Clock Path
                    name                      model name   delay (ns)  cumulative delay (ns) pins on net    location
======================================================================================================================
clk_i                                           inpad        0.000             0.000               0        (0,102) 
clk_i                                           inpad        0.150             0.150               2        (0,102) 
clk_i                                           net          1.167             1.317               2        (0,102) 
   Routing elements:
      Manhattan distance of X:1, Y:24
CLKBUF__0|I                                     gbuf         1.185             2.502               2        (1,78)  
CLKBUF__0|O                                     gbuf         0.000             2.502             348        (1,78)  
clk_i~O                                         net          0.000             2.502             348        (1,78)  
Inst_MPU6500_Controller/delay_cntr[2]~FF|CLK    ff           0.000             2.502             348        (67,151)

++++ Path 4 ++++++++++++++++++++++++++++++++++++++++++++++++++++++++++++++++++++

Path Begin    : Inst_MPU6500_Controller/delay_cntr[1]~FF|CLK
Path End      : Inst_MPU6500_Controller/delay_cntr[1]~FF|D  
Launch Clock  : clk_i (RISE)                                
Capture Clock : clk_i (RISE)                                
Slack         : 0.643 (arrival time - required time)        
Delay         : 0.461                                       

Logic Level             : 1
Non-global nets on path : 1
Global nets on path     : 0

Launch Clock Path Delay        : 2.502
+ Clock To Q + Data Path Delay : 0.693
--------------------------------------
End-of-path arrival time       : 3.195

Constraint                     : 0.000
+ Capture Clock Path Delay     : 2.502
+ Clock Uncertainty            : 0.050
--------------------------------------
End-of-path required time      : 2.552

Launch Clock Path
                    name                      model name   delay (ns)  cumulative delay (ns) pins on net    location
======================================================================================================================
clk_i                                           inpad        0.000             0.000               0        (0,102) 
clk_i                                           inpad        0.150             0.150               2        (0,102) 
clk_i                                           net          1.167             1.317               2        (0,102) 
   Routing elements:
      Manhattan distance of X:1, Y:24
CLKBUF__0|I                                     gbuf         1.185             2.502               2        (1,78)  
CLKBUF__0|O                                     gbuf         0.000             2.502             348        (1,78)  
clk_i~O                                         net          0.000             2.502             348        (1,78)  
Inst_MPU6500_Controller/delay_cntr[1]~FF|CLK    ff           0.000             2.502             348        (67,147)

Data Path
                   name                     model name   delay (ns)  cumulative delay (ns) pins on net    location
====================================================================================================================
Inst_MPU6500_Controller/delay_cntr[1]~FF|Q     ff          0.232             0.232              5         (67,147)
Inst_MPU6500_Controller/delay_cntr[1]          net         0.461             0.693              5         (67,147)
LUT__1335|in[3]                                lut         0.000             0.693              5         (67,147)
LUT__1335|out                                  lut         0.000             0.693              2         (67,147)
Inst_MPU6500_Controller/delay_cntr[1]~FF|D     ff          0.000             0.693              2         (67,147)

Capture Clock Path
                    name                      model name   delay (ns)  cumulative delay (ns) pins on net    location
======================================================================================================================
clk_i                                           inpad        0.000             0.000               0        (0,102) 
clk_i                                           inpad        0.150             0.150               2        (0,102) 
clk_i                                           net          1.167             1.317               2        (0,102) 
   Routing elements:
      Manhattan distance of X:1, Y:24
CLKBUF__0|I                                     gbuf         1.185             2.502               2        (1,78)  
CLKBUF__0|O                                     gbuf         0.000             2.502             348        (1,78)  
clk_i~O                                         net          0.000             2.502             348        (1,78)  
Inst_MPU6500_Controller/delay_cntr[1]~FF|CLK    ff           0.000             2.502             348        (67,147)

++++ Path 5 ++++++++++++++++++++++++++++++++++++++++++++++++++++++++++++++++++++

Path Begin    : Inst_MPU6500_Controller/delay_cntr[18]~FF|CLK
Path End      : Inst_MPU6500_Controller/delay_cntr[18]~FF|D  
Launch Clock  : clk_i (RISE)                                 
Capture Clock : clk_i (RISE)                                 
Slack         : 0.643 (arrival time - required time)         
Delay         : 0.461                                        

Logic Level             : 1
Non-global nets on path : 1
Global nets on path     : 0

Launch Clock Path Delay        : 2.502
+ Clock To Q + Data Path Delay : 0.693
--------------------------------------
End-of-path arrival time       : 3.195

Constraint                     : 0.000
+ Capture Clock Path Delay     : 2.502
+ Clock Uncertainty            : 0.050
--------------------------------------
End-of-path required time      : 2.552

Launch Clock Path
                    name                       model name   delay (ns)  cumulative delay (ns) pins on net    location
=======================================================================================================================
clk_i                                            inpad        0.000             0.000               0        (0,102) 
clk_i                                            inpad        0.150             0.150               2        (0,102) 
clk_i                                            net          1.167             1.317               2        (0,102) 
   Routing elements:
      Manhattan distance of X:1, Y:24
CLKBUF__0|I                                      gbuf         1.185             2.502               2        (1,78)  
CLKBUF__0|O                                      gbuf         0.000             2.502             348        (1,78)  
clk_i~O                                          net          0.000             2.502             348        (1,78)  
Inst_MPU6500_Controller/delay_cntr[18]~FF|CLK    ff           0.000             2.502             348        (67,146)

Data Path
                   name                      model name   delay (ns)  cumulative delay (ns) pins on net    location
=====================================================================================================================
Inst_MPU6500_Controller/delay_cntr[18]~FF|Q     ff          0.232             0.232              6         (67,146)
Inst_MPU6500_Controller/delay_cntr[18]          net         0.461             0.693              6         (67,146)
LUT__1388|in[3]                                 lut         0.000             0.693              6         (67,146)
LUT__1388|out                                   lut         0.000             0.693              2         (67,146)
Inst_MPU6500_Controller/delay_cntr[18]~FF|D     ff          0.000             0.693              2         (67,146)

Capture Clock Path
                    name                       model name   delay (ns)  cumulative delay (ns) pins on net    location
=======================================================================================================================
clk_i                                            inpad        0.000             0.000               0        (0,102) 
clk_i                                            inpad        0.150             0.150               2        (0,102) 
clk_i                                            net          1.167             1.317               2        (0,102) 
   Routing elements:
      Manhattan distance of X:1, Y:24
CLKBUF__0|I                                      gbuf         1.185             2.502               2        (1,78)  
CLKBUF__0|O                                      gbuf         0.000             2.502             348        (1,78)  
clk_i~O                                          net          0.000             2.502             348        (1,78)  
Inst_MPU6500_Controller/delay_cntr[18]~FF|CLK    ff           0.000             2.502             348        (67,146)

++++ Path 6 ++++++++++++++++++++++++++++++++++++++++++++++++++++++++++++++++++++

Path Begin    : Inst_MPU6500_Controller/delay_cntr[16]~FF|CLK
Path End      : Inst_MPU6500_Controller/delay_cntr[16]~FF|D  
Launch Clock  : clk_i (RISE)                                 
Capture Clock : clk_i (RISE)                                 
Slack         : 0.643 (arrival time - required time)         
Delay         : 0.461                                        

Logic Level             : 1
Non-global nets on path : 1
Global nets on path     : 0

Launch Clock Path Delay        : 2.502
+ Clock To Q + Data Path Delay : 0.693
--------------------------------------
End-of-path arrival time       : 3.195

Constraint                     : 0.000
+ Capture Clock Path Delay     : 2.502
+ Clock Uncertainty            : 0.050
--------------------------------------
End-of-path required time      : 2.552

Launch Clock Path
                    name                       model name   delay (ns)  cumulative delay (ns) pins on net    location
=======================================================================================================================
clk_i                                            inpad        0.000             0.000               0        (0,102) 
clk_i                                            inpad        0.150             0.150               2        (0,102) 
clk_i                                            net          1.167             1.317               2        (0,102) 
   Routing elements:
      Manhattan distance of X:1, Y:24
CLKBUF__0|I                                      gbuf         1.185             2.502               2        (1,78)  
CLKBUF__0|O                                      gbuf         0.000             2.502             348        (1,78)  
clk_i~O                                          net          0.000             2.502             348        (1,78)  
Inst_MPU6500_Controller/delay_cntr[16]~FF|CLK    ff           0.000             2.502             348        (67,153)

Data Path
                   name                      model name   delay (ns)  cumulative delay (ns) pins on net    location
=====================================================================================================================
Inst_MPU6500_Controller/delay_cntr[16]~FF|Q     ff          0.232             0.232              5         (67,153)
Inst_MPU6500_Controller/delay_cntr[16]          net         0.461             0.693              5         (67,153)
LUT__1383|in[3]                                 lut         0.000             0.693              5         (67,153)
LUT__1383|out                                   lut         0.000             0.693              2         (67,153)
Inst_MPU6500_Controller/delay_cntr[16]~FF|D     ff          0.000             0.693              2         (67,153)

Capture Clock Path
                    name                       model name   delay (ns)  cumulative delay (ns) pins on net    location
=======================================================================================================================
clk_i                                            inpad        0.000             0.000               0        (0,102) 
clk_i                                            inpad        0.150             0.150               2        (0,102) 
clk_i                                            net          1.167             1.317               2        (0,102) 
   Routing elements:
      Manhattan distance of X:1, Y:24
CLKBUF__0|I                                      gbuf         1.185             2.502               2        (1,78)  
CLKBUF__0|O                                      gbuf         0.000             2.502             348        (1,78)  
clk_i~O                                          net          0.000             2.502             348        (1,78)  
Inst_MPU6500_Controller/delay_cntr[16]~FF|CLK    ff           0.000             2.502             348        (67,153)

++++ Path 7 ++++++++++++++++++++++++++++++++++++++++++++++++++++++++++++++++++++

Path Begin    : Inst_MPU6500_Controller/delay_cntr[3]~FF|CLK
Path End      : Inst_MPU6500_Controller/delay_cntr[3]~FF|D  
Launch Clock  : clk_i (RISE)                                
Capture Clock : clk_i (RISE)                                
Slack         : 0.643 (arrival time - required time)        
Delay         : 0.461                                       

Logic Level             : 1
Non-global nets on path : 1
Global nets on path     : 0

Launch Clock Path Delay        : 2.502
+ Clock To Q + Data Path Delay : 0.693
--------------------------------------
End-of-path arrival time       : 3.195

Constraint                     : 0.000
+ Capture Clock Path Delay     : 2.502
+ Clock Uncertainty            : 0.050
--------------------------------------
End-of-path required time      : 2.552

Launch Clock Path
                    name                      model name   delay (ns)  cumulative delay (ns) pins on net    location
======================================================================================================================
clk_i                                           inpad        0.000             0.000               0        (0,102) 
clk_i                                           inpad        0.150             0.150               2        (0,102) 
clk_i                                           net          1.167             1.317               2        (0,102) 
   Routing elements:
      Manhattan distance of X:1, Y:24
CLKBUF__0|I                                     gbuf         1.185             2.502               2        (1,78)  
CLKBUF__0|O                                     gbuf         0.000             2.502             348        (1,78)  
clk_i~O                                         net          0.000             2.502             348        (1,78)  
Inst_MPU6500_Controller/delay_cntr[3]~FF|CLK    ff           0.000             2.502             348        (67,142)

Data Path
                   name                     model name   delay (ns)  cumulative delay (ns) pins on net    location
====================================================================================================================
Inst_MPU6500_Controller/delay_cntr[3]~FF|Q     ff          0.232             0.232              4         (67,142)
Inst_MPU6500_Controller/delay_cntr[3]          net         0.461             0.693              4         (67,142)
LUT__1339|in[3]                                lut         0.000             0.693              4         (67,142)
LUT__1339|out                                  lut         0.000             0.693              2         (67,142)
Inst_MPU6500_Controller/delay_cntr[3]~FF|D     ff          0.000             0.693              2         (67,142)

Capture Clock Path
                    name                      model name   delay (ns)  cumulative delay (ns) pins on net    location
======================================================================================================================
clk_i                                           inpad        0.000             0.000               0        (0,102) 
clk_i                                           inpad        0.150             0.150               2        (0,102) 
clk_i                                           net          1.167             1.317               2        (0,102) 
   Routing elements:
      Manhattan distance of X:1, Y:24
CLKBUF__0|I                                     gbuf         1.185             2.502               2        (1,78)  
CLKBUF__0|O                                     gbuf         0.000             2.502             348        (1,78)  
clk_i~O                                         net          0.000             2.502             348        (1,78)  
Inst_MPU6500_Controller/delay_cntr[3]~FF|CLK    ff           0.000             2.502             348        (67,142)

++++ Path 8 ++++++++++++++++++++++++++++++++++++++++++++++++++++++++++++++++++++

Path Begin    : Inst_MPU6500_Controller/delay_cntr[8]~FF|CLK
Path End      : Inst_MPU6500_Controller/delay_cntr[8]~FF|D  
Launch Clock  : clk_i (RISE)                                
Capture Clock : clk_i (RISE)                                
Slack         : 0.643 (arrival time - required time)        
Delay         : 0.461                                       

Logic Level             : 1
Non-global nets on path : 1
Global nets on path     : 0

Launch Clock Path Delay        : 2.502
+ Clock To Q + Data Path Delay : 0.693
--------------------------------------
End-of-path arrival time       : 3.195

Constraint                     : 0.000
+ Capture Clock Path Delay     : 2.502
+ Clock Uncertainty            : 0.050
--------------------------------------
End-of-path required time      : 2.552

Launch Clock Path
                    name                      model name   delay (ns)  cumulative delay (ns) pins on net    location
======================================================================================================================
clk_i                                           inpad        0.000             0.000               0        (0,102) 
clk_i                                           inpad        0.150             0.150               2        (0,102) 
clk_i                                           net          1.167             1.317               2        (0,102) 
   Routing elements:
      Manhattan distance of X:1, Y:24
CLKBUF__0|I                                     gbuf         1.185             2.502               2        (1,78)  
CLKBUF__0|O                                     gbuf         0.000             2.502             348        (1,78)  
clk_i~O                                         net          0.000             2.502             348        (1,78)  
Inst_MPU6500_Controller/delay_cntr[8]~FF|CLK    ff           0.000             2.502             348        (69,139)

Data Path
                   name                     model name   delay (ns)  cumulative delay (ns) pins on net    location
====================================================================================================================
Inst_MPU6500_Controller/delay_cntr[8]~FF|Q     ff          0.232             0.232              4         (69,139)
Inst_MPU6500_Controller/delay_cntr[8]          net         0.461             0.693              4         (69,139)
LUT__1356|in[3]                                lut         0.000             0.693              4         (69,139)
LUT__1356|out                                  lut         0.000             0.693              2         (69,139)
Inst_MPU6500_Controller/delay_cntr[8]~FF|D     ff          0.000             0.693              2         (69,139)

Capture Clock Path
                    name                      model name   delay (ns)  cumulative delay (ns) pins on net    location
======================================================================================================================
clk_i                                           inpad        0.000             0.000               0        (0,102) 
clk_i                                           inpad        0.150             0.150               2        (0,102) 
clk_i                                           net          1.167             1.317               2        (0,102) 
   Routing elements:
      Manhattan distance of X:1, Y:24
CLKBUF__0|I                                     gbuf         1.185             2.502               2        (1,78)  
CLKBUF__0|O                                     gbuf         0.000             2.502             348        (1,78)  
clk_i~O                                         net          0.000             2.502             348        (1,78)  
Inst_MPU6500_Controller/delay_cntr[8]~FF|CLK    ff           0.000             2.502             348        (69,139)

++++ Path 9 ++++++++++++++++++++++++++++++++++++++++++++++++++++++++++++++++++++

Path Begin    : Inst_MPU6500_Controller/raw_data[1][2]~FF|CLK
Path End      : accel_x[2]~FF|D                              
Launch Clock  : clk_i (RISE)                                 
Capture Clock : clk_i (RISE)                                 
Slack         : 0.643 (arrival time - required time)         
Delay         : 0.461                                        

Logic Level             : 0
Non-global nets on path : 1
Global nets on path     : 0

Launch Clock Path Delay        : 2.502
+ Clock To Q + Data Path Delay : 0.693
--------------------------------------
End-of-path arrival time       : 3.195

Constraint                     : 0.000
+ Capture Clock Path Delay     : 2.502
+ Clock Uncertainty            : 0.050
--------------------------------------
End-of-path required time      : 2.552

Launch Clock Path
                    name                       model name   delay (ns)  cumulative delay (ns) pins on net    location
=======================================================================================================================
clk_i                                            inpad        0.000             0.000               0        (0,102) 
clk_i                                            inpad        0.150             0.150               2        (0,102) 
clk_i                                            net          1.167             1.317               2        (0,102) 
   Routing elements:
      Manhattan distance of X:1, Y:24
CLKBUF__0|I                                      gbuf         1.185             2.502               2        (1,78)  
CLKBUF__0|O                                      gbuf         0.000             2.502             348        (1,78)  
clk_i~O                                          net          0.000             2.502             348        (1,78)  
Inst_MPU6500_Controller/raw_data[1][2]~FF|CLK    ff           0.000             2.502             348        (39,133)

Data Path
                   name                      model name   delay (ns)  cumulative delay (ns) pins on net    location
=====================================================================================================================
Inst_MPU6500_Controller/raw_data[1][2]~FF|Q     ff          0.232             0.232              2         (39,133)
Inst_MPU6500_Controller/raw_data[1][2]          net         0.461             0.693              2         (39,133)
   Routing elements:
      Manhattan distance of X:0, Y:1
accel_x[2]~FF|D                                 ff          0.000             0.693              2         (39,132)

Capture Clock Path
      name         model name   delay (ns)  cumulative delay (ns) pins on net    location
===========================================================================================
clk_i                inpad        0.000             0.000               0        (0,102) 
clk_i                inpad        0.150             0.150               2        (0,102) 
clk_i                net          1.167             1.317               2        (0,102) 
   Routing elements:
      Manhattan distance of X:1, Y:24
CLKBUF__0|I          gbuf         1.185             2.502               2        (1,78)  
CLKBUF__0|O          gbuf         0.000             2.502             348        (1,78)  
clk_i~O              net          0.000             2.502             348        (1,78)  
accel_x[2]~FF|CLK    ff           0.000             2.502             348        (39,132)

++++ Path 10 +++++++++++++++++++++++++++++++++++++++++++++++++++++++++++++++++++

Path Begin    : Inst_MPU6500_Controller/raw_data[1][1]~FF|CLK
Path End      : accel_x[1]~FF|D                              
Launch Clock  : clk_i (RISE)                                 
Capture Clock : clk_i (RISE)                                 
Slack         : 0.643 (arrival time - required time)         
Delay         : 0.461                                        

Logic Level             : 0
Non-global nets on path : 1
Global nets on path     : 0

Launch Clock Path Delay        : 2.502
+ Clock To Q + Data Path Delay : 0.693
--------------------------------------
End-of-path arrival time       : 3.195

Constraint                     : 0.000
+ Capture Clock Path Delay     : 2.502
+ Clock Uncertainty            : 0.050
--------------------------------------
End-of-path required time      : 2.552

Launch Clock Path
                    name                       model name   delay (ns)  cumulative delay (ns) pins on net    location
=======================================================================================================================
clk_i                                            inpad        0.000             0.000               0        (0,102) 
clk_i                                            inpad        0.150             0.150               2        (0,102) 
clk_i                                            net          1.167             1.317               2        (0,102) 
   Routing elements:
      Manhattan distance of X:1, Y:24
CLKBUF__0|I                                      gbuf         1.185             2.502               2        (1,78)  
CLKBUF__0|O                                      gbuf         0.000             2.502             348        (1,78)  
clk_i~O                                          net          0.000             2.502             348        (1,78)  
Inst_MPU6500_Controller/raw_data[1][1]~FF|CLK    ff           0.000             2.502             348        (47,135)

Data Path
                   name                      model name   delay (ns)  cumulative delay (ns) pins on net    location
=====================================================================================================================
Inst_MPU6500_Controller/raw_data[1][1]~FF|Q     ff          0.232             0.232              2         (47,135)
Inst_MPU6500_Controller/raw_data[1][1]          net         0.461             0.693              2         (47,135)
   Routing elements:
      Manhattan distance of X:0, Y:1
accel_x[1]~FF|D                                 ff          0.000             0.693              2         (47,134)

Capture Clock Path
      name         model name   delay (ns)  cumulative delay (ns) pins on net    location
===========================================================================================
clk_i                inpad        0.000             0.000               0        (0,102) 
clk_i                inpad        0.150             0.150               2        (0,102) 
clk_i                net          1.167             1.317               2        (0,102) 
   Routing elements:
      Manhattan distance of X:1, Y:24
CLKBUF__0|I          gbuf         1.185             2.502               2        (1,78)  
CLKBUF__0|O          gbuf         0.000             2.502             348        (1,78)  
clk_i~O              net          0.000             2.502             348        (1,78)  
accel_x[1]~FF|CLK    ff           0.000             2.502             348        (47,134)

---------- Path Details for Min Critical Paths (end) ---------------

