Efinity Synthesis report for project Staj_Projesi
Version: 2025.2.288.2.10
Generated at: Aug 08, 2026 22:40:39
Copyright (C) 2013 - 2025  All rights reserved.

Top-level Entity Name : top

family : Trion
device : T8F81
project : Staj_Projesi
root : top
I,include : /home/omer-ahin/STAJ/Staj_Projesi
I,include : /home/omer-ahin/STAJ/Staj_Projesi/ip/FIFO
I,include : ip/FIFO
binary-db : /home/omer-ahin/STAJ/Staj_Projesi/outflow/Staj_Projesi.vdb
insert-ios : 0
max-carry-cascade : 160
max_mult : -1
max_ram : -1
mode : speed
output-dir : /home/omer-ahin/STAJ/Staj_Projesi/outflow
project : Staj_Projesi
project-xml : /home/omer-ahin/STAJ/Staj_Projesi/Staj_Projesi.xml
root : top
work-dir : /home/omer-ahin/STAJ/Staj_Projesi/work_syn
write-efx-verilog : /home/omer-ahin/STAJ/Staj_Projesi/outflow/Staj_Projesi.map.v
write-premap-module : /home/omer-ahin/STAJ/Staj_Projesi/outflow/Staj_Projesi.elab.vdb

File List:

/home/omer-ahin/STAJ/Staj_Projesi/ip/FIFO/FIFO.sv
/home/omer-ahin/STAJ/Staj_Projesi/Led_Test.v
/home/omer-ahin/STAJ/Staj_Projesi/Spi_Mode_3.vhd
/home/omer-ahin/STAJ/Staj_Projesi/pwm_servo.vhdl
/home/omer-ahin/STAJ/Staj_Projesi/top.vhd
/home/omer-ahin/STAJ/Staj_Projesi/Debounce.vhd
/home/omer-ahin/STAJ/Staj_Projesi/MPU6500.vhd
/home/omer-ahin/STAJ/Staj_Projesi/top_servo.vhd
/home/omer-ahin/STAJ/Staj_Projesi/top_MPU_Servo.vhd
/home/omer-ahin/STAJ/Staj_Projesi/uart_tx.vhd
/home/omer-ahin/STAJ/Staj_Projesi/uart_rx.vhdl
/home/omer-ahin/STAJ/Staj_Projesi/FIFO_CONTROLLER.vhd
/home/omer-ahin/STAJ/Staj_Projesi/IIR_filtre.vhd
/home/omer-ahin/STAJ/Staj_Projesi/uart_Send.vhd
/home/omer-ahin/STAJ/Staj_Projesi/spi_test.vhd
/home/omer-ahin/STAJ/Staj_Projesi/Motor_Control.vhd
/home/omer-ahin/STAJ/Staj_Projesi/uart_rx_controller.vhd

### ### Report Section Start ### ###

"MEM|SYN-0677" : ... Memory 'ram' is not initialized, assuming empty initial contents. (/home/omer-ahin/STAJ/Staj_Projesi/ip/FIFO/FIFO.sv:661)

### ### EFX_FF CE enables (begin) ### ### ###
Total number of enable signals: 77
Total number of FFs with enable signals: 853
CE signal <u_FIFO/u_efx_fifo_top/wr_en_int>, number of controlling flip flops: 10
CE signal <data_valid_out>, number of controlling flip flops: 6
CE signal <ceg_net511>, number of controlling flip flops: 2
CE signal <ceg_net5>, number of controlling flip flops: 25
CE signal <rst_n_i>, number of controlling flip flops: 4
CE signal <~Inst_MPU6500_Controller/n5053>, number of controlling flip flops: 96
CE signal <Inst_MPU6500_Controller/n6283>, number of controlling flip flops: 8
CE signal <ceg_net577>, number of controlling flip flops: 22
CE signal <ceg_net593>, number of controlling flip flops: 4
CE signal <ceg_net534>, number of controlling flip flops: 3
CE signal <ceg_net579>, number of controlling flip flops: 2
CE signal <Inst_MPU6500_Controller/n6284>, number of controlling flip flops: 8
CE signal <Inst_MPU6500_Controller/n6285>, number of controlling flip flops: 8
CE signal <Inst_MPU6500_Controller/n6286>, number of controlling flip flops: 8
CE signal <Inst_MPU6500_Controller/n6287>, number of controlling flip flops: 8
CE signal <Inst_MPU6500_Controller/n6288>, number of controlling flip flops: 8
CE signal <Inst_MPU6500_Controller/n6291>, number of controlling flip flops: 8
CE signal <Inst_MPU6500_Controller/n6292>, number of controlling flip flops: 8
CE signal <Inst_MPU6500_Controller/n6293>, number of controlling flip flops: 8
CE signal <Inst_MPU6500_Controller/n6294>, number of controlling flip flops: 8
CE signal <Inst_MPU6500_Controller/n6295>, number of controlling flip flops: 8
CE signal <Inst_MPU6500_Controller/n6296>, number of controlling flip flops: 8
CE signal <ceg_net581>, number of controlling flip flops: 6
CE signal <ceg_net582>, number of controlling flip flops: 1
CE signal <ceg_net585>, number of controlling flip flops: 2
CE signal <ceg_net594>, number of controlling flip flops: 1
CE signal <ceg_net595>, number of controlling flip flops: 1
CE signal <Inst_FIFO_CONTROLLER/n4136>, number of controlling flip flops: 192
CE signal <ceg_net596>, number of controlling flip flops: 8
CE signal <ceg_net597>, number of controlling flip flops: 2
CE signal <ceg_net598>, number of controlling flip flops: 1
CE signal <ceg_net599>, number of controlling flip flops: 1
CE signal <ceg_net600>, number of controlling flip flops: 1
CE signal <ceg_net97>, number of controlling flip flops: 2
CE signal <u_IIR_filtre/n2152>, number of controlling flip flops: 96
CE signal <u_IIR_filtre/n1902>, number of controlling flip flops: 96
CE signal <ceg_net102>, number of controlling flip flops: 32
CE signal <pwm_valid_x>, number of controlling flip flops: 24
CE signal <ceg_net228>, number of controlling flip flops: 3
CE signal <ceg_net410>, number of controlling flip flops: 16
CE signal <ceg_net412>, number of controlling flip flops: 8
CE signal <u_uart_rx_controller/n588>, number of controlling flip flops: 8
CE signal <ceg_net414>, number of controlling flip flops: 1
CE signal <ceg_net602>, number of controlling flip flops: 2
CE signal <Inst_uart_rx/n439>, number of controlling flip flops: 8
CE signal <ceg_net439>, number of controlling flip flops: 3
CE signal <ceg_net441>, number of controlling flip flops: 1
CE signal <Inst_uart_rx/n464>, number of controlling flip flops: 1
CE signal <Inst_uart_rx/n486>, number of controlling flip flops: 1
CE signal <Inst_uart_rx/n485>, number of controlling flip flops: 1
CE signal <Inst_uart_rx/n458>, number of controlling flip flops: 1
CE signal <Inst_uart_rx/n456>, number of controlling flip flops: 1
CE signal <Inst_uart_rx/n454>, number of controlling flip flops: 1
CE signal <Inst_uart_rx/n481>, number of controlling flip flops: 1
CE signal <Inst_uart_rx/n480>, number of controlling flip flops: 1
CE signal <ceg_net164>, number of controlling flip flops: 12
CE signal <ceg_net603>, number of controlling flip flops: 2
CE signal <ceg_net443>, number of controlling flip flops: 1
CE signal <ceg_net444>, number of controlling flip flops: 3
CE signal <ceg_net445>, number of controlling flip flops: 1
CE signal <Inst_Spi_Mode_3/n466>, number of controlling flip flops: 1
CE signal <ceg_net446>, number of controlling flip flops: 1
CE signal <ceg_net447>, number of controlling flip flops: 1
CE signal <ceg_net448>, number of controlling flip flops: 1
CE signal <ceg_net449>, number of controlling flip flops: 1
CE signal <ceg_net450>, number of controlling flip flops: 1
CE signal <ceg_net451>, number of controlling flip flops: 1
CE signal <ceg_net452>, number of controlling flip flops: 1
CE signal <Inst_uart_tx/n333>, number of controlling flip flops: 8
CE signal <ceg_net195>, number of controlling flip flops: 6
CE signal <ceg_net604>, number of controlling flip flops: 2
CE signal <ceg_net458>, number of controlling flip flops: 3
CE signal <ceg_net455>, number of controlling flip flops: 1
CE signal <ceg_net456>, number of controlling flip flops: 1
CE signal <Inst_debounce/n149>, number of controlling flip flops: 1
CE signal <ceg_net459>, number of controlling flip flops: 2
CE signal <~u_uart_Send/n101>, number of controlling flip flops: 8
### ### EFX_FF CE enables (end) ### ### ###

### ### EFX_FF SR set/reset (begin) ### ### ###
Total number of set/reset signals: 3
Total number of FFs with set/reset signals: 811
SR signal <fifo_rst_busys>, number of controlling flip flops: 20
SR signal <rst_n_i>, number of controlling flip flops: 771
SR signal <Inst_debounce/n151>, number of controlling flip flops: 20
### ### EFX_FF SR set/reset (end) ### ### ###

### ### Sequential Elements Trimming Report (begin) ### ### ### 
FF Output: Inst_pwm_servo_0/pulse_width[0](=0)
FF Output: Inst_pwm_servo_0/pulse_width[17](=0)
FF Output: Inst_pwm_servo_0/pulse_width[18](=0)
FF Output: Inst_pwm_servo_0/pulse_width[19](=0)
FF Output: Inst_pwm_servo_1/pulse_width[0](=0)
FF Output: Inst_pwm_servo_1/pulse_width[17](=0)
FF Output: Inst_pwm_servo_1/pulse_width[18](=0)
FF Output: Inst_pwm_servo_1/pulse_width[19](=0)
FF Output: Inst_pwm_servo_2/pulse_width[0](=0)
FF Output: Inst_pwm_servo_2/pulse_width[17](=0)
FF Output: Inst_pwm_servo_2/pulse_width[18](=0)
FF Output: Inst_pwm_servo_2/pulse_width[19](=0)
FF Output: Inst_pwm_servo_0/pulse_width[1](=0)
FF Output: Inst_pwm_servo_1/pulse_width[1](=0)
FF Output: Inst_pwm_servo_2/pulse_width[1](=0)
### ### Sequential Elements Trimming Report (end) ### ### ### 

### ### Module Resource Usage Distribution Estimates (begin) ### ###

**Note: some resources maybe grouped under different hierarchy due to optimization and LUT mapping

Module                                                              FFs      ADDs       LUTs      RAMs DSP/MULTs
------------------------------------------------------------        ---      ----       ----      ---- ---------
top:top                                                        1029(34)    372(5)   1120(56)      1(0)      3(0)
 +Inst_pwm_servo_0:pwm_servo                                     37(37)    33(33)     50(50)      0(0)      1(1)
 +Inst_pwm_servo_1:pwm_servo                                     34(34)    15(15)     39(39)      0(0)      1(1)
 +Inst_pwm_servo_2:pwm_servo                                     34(34)    15(15)     41(41)      0(0)      1(1)
 +Inst_uart_tx:uart_tx(baud_rate=1000000)                        21(21)      0(0)     29(29)      0(0)      0(0)
 +Inst_debounce:debounce(debounce_limit=1000000)                 23(23)    19(19)       7(7)      0(0)      0(0)
 +Inst_uart_rx:uart_rx(baud_rate=1000000)                        30(30)      0(0)     36(36)      0(0)      0(0)
 +Inst_Spi_Mode_3:Spi_Mode_3(clk_freq=33333333,spi_freq=1...     28(28)      0(0)     43(43)      0(0)      0(0)
 +Inst_MPU6500_Controller:MPU6500_Controller                   237(237)      0(0)   273(273)      0(0)      0(0)
 +Inst_FIFO_CONTROLLER:FIFO_CONTROLLER                         206(206)      0(0)   221(221)      0(0)      0(0)
 +u_FIFO:FIFO                                                     22(0)     19(0)       9(0)      1(0)      0(0)
  +u_efx_fifo_top:efx_fifo_top_312a81e5ee264b53bcc6aeade6...      22(0)     19(0)       9(0)      1(0)      0(0)
   +genblk2.efx_resetsync_a_rst:efx_resetsync_312a81e5ee2...       2(0)      0(0)       0(0)      0(0)      0(0)
    +active_high.efx_resetsync_active_high:efx_asyncreg_3...       2(2)      0(0)       0(0)      0(0)      0(0)
   +xefx_fifo_ram:efx_fifo_ram_312a81e5ee264b53bcc6aeade6...       0(0)      0(0)       0(0)      1(1)      0(0)
   +xefx_fifo_ctl:efx_fifo_ctl_312a81e5ee264b53bcc6aeade6...     20(20)    19(19)       9(9)      0(0)      0(0)
 +u_IIR_filtre:IIR_filtre                                      194(194)  204(204)       5(5)      0(0)      0(0)
 +u_uart_Send:uart_Send                                          12(12)      0(0)       5(5)      0(0)      0(0)
 +u_Motor_Control:Motor_Control                                  80(80)    62(62)   256(256)      0(0)      0(0)
 +u_uart_rx_controller:uart_rx_controller                        37(37)      0(0)     50(50)      0(0)      0(0)

### ### Module Resource Usage Distribution Estimates (end) ### ###


### ### Clock Load Distribution Report (begin) ### ###

 Clock      Flip-Flops    Memory PortsMultipliers/DSPs
 -----      ----------    ----------------------------
 clk_i            1029               2               0

### ### Clock Load Distribution Report (end) ### ###

### ### Resource Summary (begin) ### ### ### 
INPUT  PORTS    : 	5
OUTPUT PORTS    : 	11

EFX_ADD         : 	372
EFX_LUT4        : 	1120
   1-2  Inputs  : 	250
   3    Inputs  : 	318
   4    Inputs  : 	552
EFX_MULT        : 	3
EFX_FF          : 	1029
EFX_RAM_5K      : 	1
EFX_GBUFCE      : 	1
### ### Resource Summary (end) ### ### ###

Plain synthesis (without verilog dump and post-map checks) time : 4s
Elapsed synthesis time : 4s
