           
           Efinix FPGA Placement and Routing.
           Version: 2025.2.288.2.10 
           Compiled: Dec 18 2025.
           
           Copyright (C) 2013 - 2025 Efinix, Inc. All rights reserved.

           
           The Tool Is Based on VPR of University of Toronto,
           a free open source code under MIT license.
           
           
INFO     : Running Placement and Routing for Family "Trion", Device "T8F81" ...
           
           ***** Beginning stage netlist pre-processing ... *****
INFO     : Successfully read in VDB netlist file /home/omer-ahin/STAJ/Staj_Projesi/outflow/Staj_Projesi.vdb [DBMsg::VdbFileRead]
INFO     : ***** Beginning VDB Netlist Checker ... *****
INFO     : VDB Netlist Checker took 0.003634943 seconds [FlowMsg::StageDuration]
INFO     :     VDB Netlist Checker took 0 seconds (approximately) in total CPU time [FlowMsg::StageDuration::CPUTime]
INFO     : VDB Netlist Checker virtual memory usage: begin = 208.724 MB, end = 241.536 MB, delta = 32.812 MB [FlowMsg::VMUsage]
INFO     : VDB Netlist Checker resident set memory usage: begin = 123.884 MB, end = 124.524 MB, delta = 0.64 MB [FlowMsg::RSSUsage]
INFO     :     VDB Netlist Checker peak resident set memory usage = 294.42 MB [FlowMsg::RSSUsage::Peak]
INFO     : ***** Ending VDB Netlist Checker ... *****
INFO     : Reading core interface constraints file "/home/omer-ahin/STAJ/Staj_Projesi/outflow/Staj_Projesi.interface.csv" [DBMsg::CoreInterfaceConstraintsFileReading]
INFO     : Successfully read core interface constraints file "/home/omer-ahin/STAJ/Staj_Projesi/outflow/Staj_Projesi.interface.csv" [DBMsg::CoreInterfaceConstraintsFileLoadSuccess]
INFO     : Found 0 constant generator nets [DBMsg::NetlistConstGeneratorCount]
INFO     : Pass 0: Swept away 0 nets with no fanout [DBMsg::NetlistNetsSweptThisPass]
INFO     : Pass 0: Swept away 0 blocks with no fanout [DBMsg::NetlistBlocksSweptThisPass]
INFO     : Swept away 0 nets and 0 blocks in total [DBMsg::NetlistTotalSwept]
INFO     : Removed 0 LUT buffers [DBMsg::NetlistRemovedLUTBuffers]
INFO     : Successfully read in VDB netlist file /home/omer-ahin/STAJ/Staj_Projesi/outflow/Staj_Projesi.vdb [DBMsg::VdbFileRead]
INFO     : Netlist pre-processing took 0.02258999 seconds [FlowMsg::StageDuration]
INFO     :     Netlist pre-processing took 0.02 seconds (approximately) in total CPU time [FlowMsg::StageDuration::CPUTime]
INFO     : Netlist pre-processing virtual memory usage: begin = 208.724 MB, end = 241.536 MB, delta = 32.812 MB [FlowMsg::VMUsage]
INFO     : Netlist pre-processing resident set memory usage: begin = 122.988 MB, end = 125.088 MB, delta = 2.1 MB [FlowMsg::RSSUsage]
INFO     :     Netlist pre-processing peak resident set memory usage = 294.42 MB [FlowMsg::RSSUsage::Peak]
           ***** Ending stage netlist pre-processing *****
           
           ***** Beginning stage pre-packing ... *****
           ***** Ending stage pre-packing *****
           
           ***** Beginning stage packing ... *****
INFO     : Generate proto netlist for file "/home/omer-ahin/STAJ/Staj_Projesi/work_pnr/Staj_Projesi.net_proto" took 0.003527 seconds
INFO     : Creating IO constraints file '/home/omer-ahin/STAJ/Staj_Projesi/work_pnr/Staj_Projesi.io_place'
INFO     : Packing took 0.00891988 seconds [FlowMsg::StageDuration]
INFO     :     Packing took 0 seconds (approximately) in total CPU time [FlowMsg::StageDuration::CPUTime]
INFO     : Packing virtual memory usage: begin = 241.536 MB, end = 241.536 MB, delta = 0 MB [FlowMsg::VMUsage]
INFO     : Packing resident set memory usage: begin = 126.396 MB, end = 127.052 MB, delta = 0.656 MB [FlowMsg::RSSUsage]
INFO     :     Packing peak resident set memory usage = 294.42 MB [FlowMsg::RSSUsage::Peak]
           ***** Ending stage packing *****
           
INFO     : Read proto netlist file /home/omer-ahin/STAJ/Staj_Projesi/work_pnr/Staj_Projesi.net_proto
INFO     : Read proto netlist for file "/home/omer-ahin/STAJ/Staj_Projesi/work_pnr/Staj_Projesi.net_proto" took 0.001606 seconds
INFO     : Setup net and block data structure took 0.021284 seconds
INFO     : Reading core interface constraints file "/home/omer-ahin/STAJ/Staj_Projesi/outflow/Staj_Projesi.interface.csv" [DBMsg::CoreInterfaceConstraintsFileReading]
INFO     : Successfully read core interface constraints file "/home/omer-ahin/STAJ/Staj_Projesi/outflow/Staj_Projesi.interface.csv" [DBMsg::CoreInterfaceConstraintsFileLoadSuccess]
           ***** Beginning stage packed netlist loading ... *****
INFO     : Read proto netlist file /home/omer-ahin/STAJ/Staj_Projesi/work_pnr/Staj_Projesi.net_proto
INFO     : Read proto netlist for file "/home/omer-ahin/STAJ/Staj_Projesi/work_pnr/Staj_Projesi.net_proto" took 0.001599 seconds
INFO     : Setup net and block data structure took 0.022804 seconds
INFO     : Packed netlist loading took 0.024917271 seconds [FlowMsg::StageDuration]
INFO     :     Packed netlist loading took 0.02 seconds (approximately) in total CPU time [FlowMsg::StageDuration::CPUTime]
INFO     : Packed netlist loading virtual memory usage: begin = 241.536 MB, end = 241.536 MB, delta = 0 MB [FlowMsg::VMUsage]
INFO     : Packed netlist loading resident set memory usage: begin = 129.088 MB, end = 129.088 MB, delta = 0 MB [FlowMsg::RSSUsage]
INFO     :     Packed netlist loading peak resident set memory usage = 294.42 MB [FlowMsg::RSSUsage::Peak]
           ***** Ending stage packed netlist loading *****
           
           ***** Beginning stage pre-placement ... *****
           
           ***** Ending stage pre-placement *****
           
INFO     : Process the SDC file '/home/omer-ahin/STAJ/Staj_Projesi/custom.sdc' ...
INFO     : Process the SDC file '/home/omer-ahin/STAJ/Staj_Projesi/Staj_Projesi.pt.sdc' ...
           ***** Beginning stage initial placement ... *****
INFO     : Reading core interface constraints file "/home/omer-ahin/STAJ/Staj_Projesi/outflow/Staj_Projesi.interface.csv" [DBMsg::CoreInterfaceConstraintsFileReading]
INFO     : Successfully read core interface constraints file "/home/omer-ahin/STAJ/Staj_Projesi/outflow/Staj_Projesi.interface.csv" [DBMsg::CoreInterfaceConstraintsFileLoadSuccess]
INFO     : Writing IO placement constraints to "/home/omer-ahin/STAJ/Staj_Projesi/outflow/Staj_Projesi.interface.io" [DBMsg::IOPlacementConstraintsFileWriting]
INFO     : Reading placement constraints from '/home/omer-ahin/STAJ/Staj_Projesi/outflow/Staj_Projesi.interface.io'.
INFO     : Reading placement constraints from '/home/omer-ahin/STAJ/Staj_Projesi/work_pnr/Staj_Projesi.io_place'.
WARNING  : Clock source clk_i does not use a dedicated clock pad, so extra clock insertion delay is added
INFO     : The driver, rst_n_i, of control net, rst_n_i, should be placed at a dedicated control pad location.
           ***** Ending stage initial placement *****
           
           ***** Beginning stage placement ... *****
INFO     : Found 1 synchronizers as follows: [DBMsg::DatabaseSynchronizers]
INFO     :     Synchronizer 0: [DBMsg::DatabaseSynchronizers::SynchronizerID]
INFO     :     u_FIFO/u_efx_fifo_top/genblk2.efx_resetsync_a_rst/active_high.efx_resetsync_active_high/async_reg[0][0]~FF: [DBMsg::DatabaseSynchronizers::SynchronizerFF]
INFO     :     fifo_rst_busys~FF: [DBMsg::DatabaseSynchronizers::SynchronizerFF]
INFO     : Chip::LoadDelayLookupTable
INFO     : Starting Global Placer with 8 threads ...
            ----------     -------  --------------     -------
             Iteration       WHPWL Worst Slack (ps) Convergence
            ----------     -------  --------------     -------
INFO     :           1     1589973           16911         4.4%
INFO     :           2     1752169           16911         4.4%
INFO     :           3     1692819           14727         5.4%
INFO     :           4     1530844           14344         5.9%
INFO     :           5      706600           15214         6.5%
INFO     :           6      412129           15672         8.3%
INFO     :           7      192186           15257        13.4%
INFO     :           8      107040           14491        23.4%
INFO     :           9       74311           10526        39.2%
INFO     :          10       67331            4447        56.2%
INFO     :          11       65326            2819        62.6%
INFO     :          12       63811            2570        64.9%
INFO     :          13       62857            2104        68.4%
INFO     :          14       63317            3508        68.4%
INFO     :          15       62811            3909        69.1%
INFO     :          16       62935            3377        69.5%
INFO     :          17       62578            4681        71.0%
INFO     :          18       61714            4787        71.1%
INFO     :          19       61999            4543        73.3%
INFO     :          20       61134            6091        74.8%
INFO     :          21       61173            6132        75.2%
INFO     :          22       59430            5564        76.8%
INFO     :          23       58430            5380        78.3%
INFO     :          24       57579            5942        79.9%
INFO     :          25       56407            4645        81.6%
INFO     :          26       56705            5064        83.0%
INFO     :          27       56876            4842        83.3%
INFO     :          28       56852            5193        83.8%
INFO     :          29       56602            4463        84.2%
INFO     :          30       56802            4416        85.4%
INFO     :          31       56485            4876        86.2%
INFO     :          32       56088            3820        87.2%
INFO     :          33       56170            2099        88.4%
INFO     :          34       56176            3643        88.5%
INFO     :          35       55878            4152        88.5%
INFO     :          36       55895            3912        89.6%
INFO     :          37       55820            2094        90.3%
INFO     :          38       55559            2041        90.9%
INFO     :          39       55396            1306        91.7%
INFO     :          40       55042            3616        92.7%
INFO     :          41       55234            3598        93.2%
INFO     :          42       55177            3811        93.9%
INFO     :          43       55102            2793        94.7%
INFO     :          44       55524            1807        95.0%
INFO     :          45       55118            2098        96.4%
INFO     :          46       55112            1718        97.5%
INFO     :          47       55105             347        98.0%
INFO     :          48       55093             540        98.2%
INFO     :          49       55312            1187        98.5%
INFO     :          50       55142             287        99.0%
INFO     :          51       55050            -454        99.2%
INFO     : Starting Annealer
            ----------     -------  --------------     -------
             Iteration       WHPWL  Delay Max (ps)     R Limit
            ----------     -------  --------------     -------
INFO     :           0       21741           29981        30.0
INFO     :           1       16624           30428        30.0
INFO     :           2       12252           27957        30.0
INFO     :           3       11850           27257        29.5
INFO     :           4       10893           24894        29.1
INFO     :           5       10675           24751        28.5
INFO     :           6       10249           26412        27.6
INFO     :           7       10154           24406        26.6
INFO     :           8        9815           24614        25.7
INFO     :           9        9722           24269        24.6
INFO     :          10        9477           23900        23.6
INFO     :          11        9251           24606        22.4
INFO     :          12        9004           24766        21.4
INFO     :          13        8859           25356        20.3
INFO     :          14        8804           24713        19.3
INFO     :          15        8723           24713        18.3
INFO     :          16        8563           24766        17.5
INFO     :          17        8416           25383        16.5
INFO     :          18        8258           24882        15.6
INFO     :          19        8203           24863        14.7
INFO     :          20        8135           23533        13.9
INFO     :          21        8026           23675        13.1
INFO     :          22        7854           24601        12.3
INFO     :          23        7711           22990        11.6
INFO     :          24        7515           25588        10.9
INFO     :          25        7430           24938        10.2
INFO     :          26        7335           23922         9.6
INFO     :          27        7254           24981         9.0
INFO     :          28        7125           25050         8.4
INFO     :          29        7032           23625         7.9
INFO     :          30        6956           23765         7.4
INFO     :          31        6911           23393         6.9
INFO     :          32        6847           24748         6.4
INFO     :          33        6768           25592         6.0
INFO     :          34        6709           25088         5.6
INFO     :          35        6637           24424         5.2
INFO     :          36        6547           24424         4.9
INFO     :          37        6508           25622         4.6
INFO     :          38        6480           24584         4.3
INFO     :          39        6393           26283         4.0
INFO     :          40        6320           25317         3.8
INFO     :          41        6251           24823         3.5
INFO     :          42        6204           25286         3.3
INFO     :          43        6168           27152         3.1
INFO     :          44        6125           25853         2.9
INFO     :          45        6109           25050         2.7
INFO     :          46        6051           28143         2.5
INFO     :          47        5869           26881         2.3
INFO     : Placement successful: 2002 cells are placed
INFO     : Peak congestion smeared over 4x4 of the chip is 0.307225 at 46,136
INFO     : Peak congestion smeared over 1/16 of the chip is 0.307225 at 46,136
INFO     : Peak congestion smeared over 1/4 of the chip is 0.166427 at 55,96
INFO     : Congestion-weighted HPWL per net: 11.2373
INFO     : Reading placement constraints from '/home/omer-ahin/STAJ/Staj_Projesi/outflow/Staj_Projesi.qplace'.
INFO     : Finished Realigning Types (252 blocks needed type change)
INFO     : Completed placement consistency check successfully.
INFO     : Successfully created FPGA place file '/home/omer-ahin/STAJ/Staj_Projesi/outflow/Staj_Projesi.place'
INFO     : Placement took 2.997465715 seconds [FlowMsg::StageDuration]
INFO     :     Placement took 5.84 seconds (approximately) in total CPU time [FlowMsg::StageDuration::CPUTime]
INFO     : Placement virtual memory usage: begin = 241.536 MB, end = 289.784 MB, delta = 48.248 MB [FlowMsg::VMUsage]
INFO     : Placement resident set memory usage: begin = 130.476 MB, end = 160.204 MB, delta = 29.728 MB [FlowMsg::RSSUsage]
INFO     :     Placement peak resident set memory usage = 294.42 MB [FlowMsg::RSSUsage::Peak]
           ***** Ending stage placement *****
           
