
Efinix FPGA Placement and Routing.
Version: 2025.2.288.2.10 
Date: Thu Jul 30 15:32:52 2026

Copyright (C) 2013 - 2025 Efinix, Inc. All rights reserved.
 
Family: Trion 
Device: T8F81
Top-level Entity Name: Staj_Projesi
Elapsed time for packing: 0 hours 0 minutes 0 seconds

---------- Resource Summary (begin) ----------
Inputs: 4 / 96 (4.17%)
Outputs: 7 / 223 (3.14%)
Clocks: 1 / 16 (6.25%)
Logic Elements: 285 / 7384 (3.86%)
	LE: LUTs/Adders: 280 / 7384 (3.79%)
	LE: Registers: 107 / 5280 (2.03%)
Memory Blocks: 0 / 24 (0.00%)
Multipliers: 0 / 8 (0.00%)
---------- Resource Summary (end) ----------


---------- IO Interface Summary (begin) ----------

+------------------------+--------------+
| Missing Interface Pins | Input/Output |
+------------------------+--------------+
|           rx           |    Input     |
+------------------------+--------------+

----------- IO Interface Summary (end) ----------

Elapsed time for placement: 0 hours 0 minutes 1 seconds
