           
           Efinix FPGA Placement and Routing.
           Version: 2025.2.288.2.10 
           Compiled: Dec 18 2025.
           
           Copyright (C) 2013 - 2025 Efinix, Inc. All rights reserved.

           
           The Tool Is Based on VPR of University of Toronto,
           a free open source code under MIT license.
           
           
INFO     : Running Placement and Routing for Family "Trion", Device "T8F81" ...
           
           ***** Beginning stage Routing graph generation ... *****
INFO     : Read ipin pattern from /home/omer-ahin/Downloads/efinity/2025.2/arch/./routing/ipin_oph.xml
INFO     : Finished parsing ipin pattern file '/home/omer-ahin/Downloads/efinity/2025.2/arch/./routing/ipin_oph.xdb'.
INFO     : Finished parsing switch_block file '/home/omer-ahin/Downloads/efinity/2025.2/arch/./routing/sb_connectivity_subset.xdb'.
INFO     : BuildGraph process took 0.47325937 seconds [FlowMsg::StageDuration]
INFO     :     BuildGraph process took 0.45 seconds (approximately) in total CPU time [FlowMsg::StageDuration::CPUTime]
INFO     : BuildGraph process virtual memory usage: begin = 289.784 MB, end = 307.8 MB, delta = 18.016 MB [FlowMsg::VMUsage]
INFO     : BuildGraph process resident set memory usage: begin = 160.76 MB, end = 195.04 MB, delta = 34.28 MB [FlowMsg::RSSUsage]
INFO     :     BuildGraph process peak resident set memory usage = 294.42 MB [FlowMsg::RSSUsage::Peak]
INFO     : check rr_graph process took 0.031288988 seconds [FlowMsg::StageDuration]
INFO     :     check rr_graph process took 0.03 seconds (approximately) in total CPU time [FlowMsg::StageDuration::CPUTime]
INFO     : check rr_graph process virtual memory usage: begin = 307.8 MB, end = 309.36 MB, delta = 1.56 MB [FlowMsg::VMUsage]
INFO     : check rr_graph process resident set memory usage: begin = 195.04 MB, end = 196.576 MB, delta = 1.536 MB [FlowMsg::RSSUsage]
INFO     :     check rr_graph process peak resident set memory usage = 294.42 MB [FlowMsg::RSSUsage::Peak]
INFO     : Generated 398177 RR nodes and 1461334 RR edges [DBMsg::DatabaseRoutingGraphStats]
INFO     : This design has 0 global control net(s). See /home/omer-ahin/STAJ/Staj_Projesi/outflow/Staj_Projesi.route.rpt for details.
INFO     : Routing graph took 0.522524675 seconds [FlowMsg::StageDuration]
INFO     :     Routing graph took 0.51 seconds (approximately) in total CPU time [FlowMsg::StageDuration::CPUTime]
INFO     : Routing graph virtual memory usage: begin = 289.784 MB, end = 309.36 MB, delta = 19.576 MB [FlowMsg::VMUsage]
INFO     : Routing graph resident set memory usage: begin = 160.204 MB, end = 196.756 MB, delta = 36.552 MB [FlowMsg::RSSUsage]
INFO     :     Routing graph peak resident set memory usage = 294.42 MB [FlowMsg::RSSUsage::Peak]
           ***** Ending stage Routing graph generation *****
           
           ***** Beginning stage routing ... *****
INFO     : Process the SDC file '/home/omer-ahin/STAJ/Staj_Projesi/custom.sdc' ...
INFO     : Process the SDC file '/home/omer-ahin/STAJ/Staj_Projesi/Staj_Projesi.pt.sdc' ...
INFO     :  ---------      -------     --------------      -------------
INFO     :  Iteration      Overuse     Crit Path (ns)      Calc Time (s)
INFO     :  ---------      -------     --------------      -------------
INFO     :          1         5274              27.85              0.598
INFO     :          2          824              26.59              0.531
INFO     :          3          257              26.81              0.338
INFO     :          4           34              26.91              0.238
INFO     :          5           13              26.91              0.124
INFO     :          6            6              27.69             0.0425
INFO     :          7            3              27.69             0.0386
INFO     :          8            0              27.49             0.0395
           
INFO     : Successfully routed netlist after 8 routing iterations and 11647899 heapops
INFO     : Completed net delay value cross check successfully.
           ***** Beginning stage routing check ... *****
           ***** Ending stage routing check *****
           
INFO     : Serial number (magic cookie) for the routing is: 1129744897
INFO     : Netlist fully routed.
INFO     : Successfully created FPGA route file '/home/omer-ahin/STAJ/Staj_Projesi/outflow/Staj_Projesi.route'
INFO     : Routing took 2.151328115 seconds [FlowMsg::StageDuration]
INFO     :     Routing took 2.21 seconds (approximately) in total CPU time [FlowMsg::StageDuration::CPUTime]
INFO     : Routing virtual memory usage: begin = 309.36 MB, end = 329.056 MB, delta = 19.696 MB [FlowMsg::VMUsage]
INFO     : Routing resident set memory usage: begin = 196.756 MB, end = 217.496 MB, delta = 20.74 MB [FlowMsg::RSSUsage]
INFO     :     Routing peak resident set memory usage = 294.42 MB [FlowMsg::RSSUsage::Peak]
           ***** Ending stage routing *****
           
           ***** Beginning stage final timing analysis ... *****
INFO     : Process the SDC file '/home/omer-ahin/STAJ/Staj_Projesi/custom.sdc' ...
INFO     : Process the SDC file '/home/omer-ahin/STAJ/Staj_Projesi/Staj_Projesi.pt.sdc' ...
Maximum possible analyzed clocks frequency
 Clock Name  Period (ns)  Frequency (MHz)     Edge
   clk_i        27.632        36.190         (R-R)

Geomean max period: 27.632

Setup (Max) Clock Relationship
  Launch Clock    Capture Clock   Constraint (ns)     Slack (ns)          Edge
     clk_i            clk_i            30.303           2.671            (R-R)

Hold (Min) Clock Relationship
  Launch Clock    Capture Clock   Constraint (ns)     Slack (ns)          Edge
     clk_i            clk_i            0.000            0.401            (R-R)

INFO     : Write Timing Report to "/home/omer-ahin/STAJ/Staj_Projesi/outflow/Staj_Projesi.timing.rpt" ...
INFO     : final timing analysis took 0.102505425 seconds [FlowMsg::StageDuration]
INFO     :     final timing analysis took 0.11 seconds (approximately) in total CPU time [FlowMsg::StageDuration::CPUTime]
INFO     : final timing analysis virtual memory usage: begin = 329.056 MB, end = 329.056 MB, delta = 0 MB [FlowMsg::VMUsage]
INFO     : final timing analysis resident set memory usage: begin = 217.496 MB, end = 217.928 MB, delta = 0.432 MB [FlowMsg::RSSUsage]
INFO     :     final timing analysis peak resident set memory usage = 294.42 MB [FlowMsg::RSSUsage::Peak]
           ***** Ending stage final timing analysis *****
           
           ***** Beginning stage bitstream generation ... *****
INFO     : Reading core interface constraints file "/home/omer-ahin/STAJ/Staj_Projesi/outflow/Staj_Projesi.interface.csv" [DBMsg::CoreInterfaceConstraintsFileReading]
INFO     : Successfully read core interface constraints file "/home/omer-ahin/STAJ/Staj_Projesi/outflow/Staj_Projesi.interface.csv" [DBMsg::CoreInterfaceConstraintsFileLoadSuccess]
INFO     : Finished writing bitstream file /home/omer-ahin/STAJ/Staj_Projesi/work_pnr/Staj_Projesi.lbf.
INFO     : Bitstream generation took 0.116403887 seconds [FlowMsg::StageDuration]
INFO     :     Bitstream generation took 0.12 seconds (approximately) in total CPU time [FlowMsg::StageDuration::CPUTime]
INFO     : Bitstream generation virtual memory usage: begin = 329.056 MB, end = 329.056 MB, delta = 0 MB [FlowMsg::VMUsage]
INFO     : Bitstream generation resident set memory usage: begin = 217.928 MB, end = 218.804 MB, delta = 0.876 MB [FlowMsg::RSSUsage]
INFO     :     Bitstream generation peak resident set memory usage = 294.42 MB [FlowMsg::RSSUsage::Peak]
INFO     : The entire flow of EFX_PNR took 6.607521478 seconds [FlowMsg::StageDuration]
INFO     :     The entire flow of EFX_PNR took 9.52 seconds (approximately) in total CPU time [FlowMsg::StageDuration::CPUTime]
INFO     : The entire flow of EFX_PNR virtual memory usage: begin = 127.776 MB, end = 329.056 MB, delta = 201.28 MB [FlowMsg::VMUsage]
INFO     : The entire flow of EFX_PNR resident set memory usage: begin = 40.656 MB, end = 218.804 MB, delta = 178.148 MB [FlowMsg::RSSUsage]
INFO     :     The entire flow of EFX_PNR peak resident set memory usage = 294.42 MB [FlowMsg::RSSUsage::Peak]
