
///////////////////////////////////
// Efinity Synthesis Started 
// Jul 13, 2026 16:18:37
///////////////////////////////////

[EFX-0012 VERI-INFO] default VHDL library search path is now "/home/omer-ahin/Downloads/efinity/2025.2/sim_models/vhdl/packages/vhdl_2008" (VHDL-1504) 
[EFX-0012 VERI-INFO] analyzing entity 'spi_master' (VHDL-1012) (/home/omer-ahin/STAJ/Staj_Projesi/Spi_Master.vhdl:7)
[EFX-0012 VERI-INFO] analyzing architecture 'rtl' (VHDL-1010) (/home/omer-ahin/STAJ/Staj_Projesi/Spi_Master.vhdl:31)
[EFX-0010 VERI-ERROR] 'state_t' is not declared (VHDL-1241) (/home/omer-ahin/STAJ/Staj_Projesi/Spi_Master.vhdl:36)
[EFX-0010 VERI-ERROR] 'baud_rate' is not declared (VHDL-1241) (/home/omer-ahin/STAJ/Staj_Projesi/Spi_Master.vhdl:38)
[EFX-0010 VERI-ERROR] syntax error near 'clk_divider_spi' (VHDL-1261) (/home/omer-ahin/STAJ/Staj_Projesi/Spi_Master.vhdl:45)
[EFX-0010 VERI-ERROR] 'bit_counter' is not declared (VHDL-1241) (/home/omer-ahin/STAJ/Staj_Projesi/Spi_Master.vhdl:61)
[EFX-0010 VERI-ERROR] 'state' is not declared (VHDL-1241) (/home/omer-ahin/STAJ/Staj_Projesi/Spi_Master.vhdl:62)
[EFX-0010 VERI-ERROR] syntax error near 'then' (VHDL-1261) (/home/omer-ahin/STAJ/Staj_Projesi/Spi_Master.vhdl:63)
[EFX-0010 VERI-ERROR] 'data_buffer' is not declared (VHDL-1241) (/home/omer-ahin/STAJ/Staj_Projesi/Spi_Master.vhdl:70)
[EFX-0010 VERI-ERROR] 'state' is not declared (VHDL-1241) (/home/omer-ahin/STAJ/Staj_Projesi/Spi_Master.vhdl:71)
[EFX-0010 VERI-ERROR] 'bit_counter' is not declared (VHDL-1241) (/home/omer-ahin/STAJ/Staj_Projesi/Spi_Master.vhdl:75)
[EFX-0010 VERI-ERROR] syntax error near 'when' (VHDL-1261) (/home/omer-ahin/STAJ/Staj_Projesi/Spi_Master.vhdl:77)
[EFX-0010 VERI-ERROR] 'data_buffer' is not declared (VHDL-1241) (/home/omer-ahin/STAJ/Staj_Projesi/Spi_Master.vhdl:79)
[EFX-0010 VERI-ERROR] 'state' is not declared (VHDL-1241) (/home/omer-ahin/STAJ/Staj_Projesi/Spi_Master.vhdl:80)
[EFX-0010 VERI-ERROR] 'shift_reg' is not declared (VHDL-1241) (/home/omer-ahin/STAJ/Staj_Projesi/Spi_Master.vhdl:83)
[EFX-0010 VERI-ERROR] 'bit_counter' is not declared (VHDL-1241) (/home/omer-ahin/STAJ/Staj_Projesi/Spi_Master.vhdl:84)
[EFX-0010 VERI-ERROR] 'state' is not declared (VHDL-1241) (/home/omer-ahin/STAJ/Staj_Projesi/Spi_Master.vhdl:86)
[EFX-0010 VERI-ERROR] syntax error near 'then' (VHDL-1261) (/home/omer-ahin/STAJ/Staj_Projesi/Spi_Master.vhdl:87)
[EFX-0010 VERI-ERROR] 'state' is not declared (VHDL-1241) (/home/omer-ahin/STAJ/Staj_Projesi/Spi_Master.vhdl:88)
[EFX-0010 VERI-ERROR] syntax error near 'when' (VHDL-1261) (/home/omer-ahin/STAJ/Staj_Projesi/Spi_Master.vhdl:90)
[EFX-0010 VERI-ERROR] 'shift_reg' is not declared (VHDL-1241) (/home/omer-ahin/STAJ/Staj_Projesi/Spi_Master.vhdl:93)

///////////////////////////////////
// Efinity Synthesis Started 
// Jul 13, 2026 16:19:14
///////////////////////////////////

[EFX-0012 VERI-INFO] default VHDL library search path is now "/home/omer-ahin/Downloads/efinity/2025.2/sim_models/vhdl/packages/vhdl_2008" (VHDL-1504) 
[EFX-0012 VERI-INFO] analyzing entity 'spi_master' (VHDL-1012) (/home/omer-ahin/STAJ/Staj_Projesi/Spi_Master.vhdl:7)
[EFX-0012 VERI-INFO] analyzing architecture 'rtl' (VHDL-1010) (/home/omer-ahin/STAJ/Staj_Projesi/Spi_Master.vhdl:31)
[EFX-0010 VERI-ERROR] 'state_t' is not declared (VHDL-1241) (/home/omer-ahin/STAJ/Staj_Projesi/Spi_Master.vhdl:36)
[EFX-0010 VERI-ERROR] 'baud_rate' is not declared (VHDL-1241) (/home/omer-ahin/STAJ/Staj_Projesi/Spi_Master.vhdl:38)
[EFX-0010 VERI-ERROR] syntax error near 'clk_divider_spi' (VHDL-1261) (/home/omer-ahin/STAJ/Staj_Projesi/Spi_Master.vhdl:45)
[EFX-0010 VERI-ERROR] 'bit_counter' is not declared (VHDL-1241) (/home/omer-ahin/STAJ/Staj_Projesi/Spi_Master.vhdl:61)
[EFX-0010 VERI-ERROR] 'state' is not declared (VHDL-1241) (/home/omer-ahin/STAJ/Staj_Projesi/Spi_Master.vhdl:62)
[EFX-0010 VERI-ERROR] syntax error near 'then' (VHDL-1261) (/home/omer-ahin/STAJ/Staj_Projesi/Spi_Master.vhdl:63)
[EFX-0010 VERI-ERROR] 'data_buffer' is not declared (VHDL-1241) (/home/omer-ahin/STAJ/Staj_Projesi/Spi_Master.vhdl:70)
[EFX-0010 VERI-ERROR] 'state' is not declared (VHDL-1241) (/home/omer-ahin/STAJ/Staj_Projesi/Spi_Master.vhdl:71)
[EFX-0010 VERI-ERROR] 'bit_counter' is not declared (VHDL-1241) (/home/omer-ahin/STAJ/Staj_Projesi/Spi_Master.vhdl:75)
[EFX-0010 VERI-ERROR] syntax error near 'when' (VHDL-1261) (/home/omer-ahin/STAJ/Staj_Projesi/Spi_Master.vhdl:77)
[EFX-0010 VERI-ERROR] 'data_buffer' is not declared (VHDL-1241) (/home/omer-ahin/STAJ/Staj_Projesi/Spi_Master.vhdl:79)
[EFX-0010 VERI-ERROR] 'state' is not declared (VHDL-1241) (/home/omer-ahin/STAJ/Staj_Projesi/Spi_Master.vhdl:80)
[EFX-0010 VERI-ERROR] 'shift_reg' is not declared (VHDL-1241) (/home/omer-ahin/STAJ/Staj_Projesi/Spi_Master.vhdl:83)
[EFX-0010 VERI-ERROR] 'bit_counter' is not declared (VHDL-1241) (/home/omer-ahin/STAJ/Staj_Projesi/Spi_Master.vhdl:84)
[EFX-0010 VERI-ERROR] 'state' is not declared (VHDL-1241) (/home/omer-ahin/STAJ/Staj_Projesi/Spi_Master.vhdl:86)
[EFX-0010 VERI-ERROR] syntax error near 'then' (VHDL-1261) (/home/omer-ahin/STAJ/Staj_Projesi/Spi_Master.vhdl:87)
[EFX-0010 VERI-ERROR] 'state' is not declared (VHDL-1241) (/home/omer-ahin/STAJ/Staj_Projesi/Spi_Master.vhdl:88)
[EFX-0010 VERI-ERROR] syntax error near 'when' (VHDL-1261) (/home/omer-ahin/STAJ/Staj_Projesi/Spi_Master.vhdl:90)
[EFX-0010 VERI-ERROR] 'shift_reg' is not declared (VHDL-1241) (/home/omer-ahin/STAJ/Staj_Projesi/Spi_Master.vhdl:93)

///////////////////////////////////
// Efinity Synthesis Started 
// Jul 13, 2026 16:21:07
///////////////////////////////////

[EFX-0012 VERI-INFO] default VHDL library search path is now "/home/omer-ahin/Downloads/efinity/2025.2/sim_models/vhdl/packages/vhdl_2008" (VHDL-1504) 
[EFX-0012 VERI-INFO] analyzing entity 'spi_master' (VHDL-1012) (/home/omer-ahin/STAJ/Staj_Projesi/Spi_Master.vhdl:7)
[EFX-0012 VERI-INFO] analyzing architecture 'rtl' (VHDL-1010) (/home/omer-ahin/STAJ/Staj_Projesi/Spi_Master.vhdl:31)
[EFX-0010 VERI-ERROR] 'baud_rate' is not declared (VHDL-1241) (/home/omer-ahin/STAJ/Staj_Projesi/Spi_Master.vhdl:38)
[EFX-0010 VERI-ERROR] syntax error near 'clk_divider_spi' (VHDL-1261) (/home/omer-ahin/STAJ/Staj_Projesi/Spi_Master.vhdl:45)
[EFX-0010 VERI-ERROR] 'bit_counter' is not declared (VHDL-1241) (/home/omer-ahin/STAJ/Staj_Projesi/Spi_Master.vhdl:61)
[EFX-0010 VERI-ERROR] 'state' is not declared (VHDL-1241) (/home/omer-ahin/STAJ/Staj_Projesi/Spi_Master.vhdl:62)
[EFX-0010 VERI-ERROR] syntax error near 'then' (VHDL-1261) (/home/omer-ahin/STAJ/Staj_Projesi/Spi_Master.vhdl:63)
[EFX-0010 VERI-ERROR] 'data_buffer' is not declared (VHDL-1241) (/home/omer-ahin/STAJ/Staj_Projesi/Spi_Master.vhdl:70)
[EFX-0010 VERI-ERROR] 'state' is not declared (VHDL-1241) (/home/omer-ahin/STAJ/Staj_Projesi/Spi_Master.vhdl:71)
[EFX-0010 VERI-ERROR] 'bit_counter' is not declared (VHDL-1241) (/home/omer-ahin/STAJ/Staj_Projesi/Spi_Master.vhdl:75)
[EFX-0010 VERI-ERROR] syntax error near 'when' (VHDL-1261) (/home/omer-ahin/STAJ/Staj_Projesi/Spi_Master.vhdl:77)
[EFX-0010 VERI-ERROR] 'data_buffer' is not declared (VHDL-1241) (/home/omer-ahin/STAJ/Staj_Projesi/Spi_Master.vhdl:79)
[EFX-0010 VERI-ERROR] 'state' is not declared (VHDL-1241) (/home/omer-ahin/STAJ/Staj_Projesi/Spi_Master.vhdl:80)
[EFX-0010 VERI-ERROR] 'data_buffer' is not declared (VHDL-1241) (/home/omer-ahin/STAJ/Staj_Projesi/Spi_Master.vhdl:83)
[EFX-0010 VERI-ERROR] 'bit_counter' is not declared (VHDL-1241) (/home/omer-ahin/STAJ/Staj_Projesi/Spi_Master.vhdl:84)
[EFX-0010 VERI-ERROR] 'state' is not declared (VHDL-1241) (/home/omer-ahin/STAJ/Staj_Projesi/Spi_Master.vhdl:86)
[EFX-0010 VERI-ERROR] syntax error near 'then' (VHDL-1261) (/home/omer-ahin/STAJ/Staj_Projesi/Spi_Master.vhdl:87)
[EFX-0010 VERI-ERROR] 'state' is not declared (VHDL-1241) (/home/omer-ahin/STAJ/Staj_Projesi/Spi_Master.vhdl:88)
[EFX-0010 VERI-ERROR] syntax error near 'when' (VHDL-1261) (/home/omer-ahin/STAJ/Staj_Projesi/Spi_Master.vhdl:90)
[EFX-0010 VERI-ERROR] 'data_buffer' is not declared (VHDL-1241) (/home/omer-ahin/STAJ/Staj_Projesi/Spi_Master.vhdl:93)
[EFX-0010 VERI-ERROR] 'state' is not declared (VHDL-1241) (/home/omer-ahin/STAJ/Staj_Projesi/Spi_Master.vhdl:94)

///////////////////////////////////
// Efinity Synthesis Started 
// Jul 13, 2026 16:22:28
///////////////////////////////////

[EFX-0012 VERI-INFO] default VHDL library search path is now "/home/omer-ahin/Downloads/efinity/2025.2/sim_models/vhdl/packages/vhdl_2008" (VHDL-1504) 
[EFX-0012 VERI-INFO] analyzing entity 'spi_master' (VHDL-1012) (/home/omer-ahin/STAJ/Staj_Projesi/Spi_Master.vhdl:7)
[EFX-0012 VERI-INFO] analyzing architecture 'rtl' (VHDL-1010) (/home/omer-ahin/STAJ/Staj_Projesi/Spi_Master.vhdl:31)
[EFX-0010 VERI-ERROR] 'baud_rate' is not declared (VHDL-1241) (/home/omer-ahin/STAJ/Staj_Projesi/Spi_Master.vhdl:38)
[EFX-0010 VERI-ERROR] syntax error near 'clk_divider_spi' (VHDL-1261) (/home/omer-ahin/STAJ/Staj_Projesi/Spi_Master.vhdl:45)
[EFX-0010 VERI-ERROR] 'bit_counter' is not declared (VHDL-1241) (/home/omer-ahin/STAJ/Staj_Projesi/Spi_Master.vhdl:61)
[EFX-0010 VERI-ERROR] 'state' is not declared (VHDL-1241) (/home/omer-ahin/STAJ/Staj_Projesi/Spi_Master.vhdl:62)
[EFX-0010 VERI-ERROR] syntax error near 'then' (VHDL-1261) (/home/omer-ahin/STAJ/Staj_Projesi/Spi_Master.vhdl:63)
[EFX-0010 VERI-ERROR] 'data_buffer' is not declared (VHDL-1241) (/home/omer-ahin/STAJ/Staj_Projesi/Spi_Master.vhdl:70)
[EFX-0010 VERI-ERROR] 'state' is not declared (VHDL-1241) (/home/omer-ahin/STAJ/Staj_Projesi/Spi_Master.vhdl:71)
[EFX-0010 VERI-ERROR] 'bit_counter' is not declared (VHDL-1241) (/home/omer-ahin/STAJ/Staj_Projesi/Spi_Master.vhdl:75)
[EFX-0010 VERI-ERROR] syntax error near 'when' (VHDL-1261) (/home/omer-ahin/STAJ/Staj_Projesi/Spi_Master.vhdl:77)
[EFX-0010 VERI-ERROR] 'data_buffer' is not declared (VHDL-1241) (/home/omer-ahin/STAJ/Staj_Projesi/Spi_Master.vhdl:79)
[EFX-0010 VERI-ERROR] 'state' is not declared (VHDL-1241) (/home/omer-ahin/STAJ/Staj_Projesi/Spi_Master.vhdl:80)
[EFX-0010 VERI-ERROR] 'data_buffer' is not declared (VHDL-1241) (/home/omer-ahin/STAJ/Staj_Projesi/Spi_Master.vhdl:83)
[EFX-0010 VERI-ERROR] 'bit_counter' is not declared (VHDL-1241) (/home/omer-ahin/STAJ/Staj_Projesi/Spi_Master.vhdl:84)
[EFX-0010 VERI-ERROR] 'state' is not declared (VHDL-1241) (/home/omer-ahin/STAJ/Staj_Projesi/Spi_Master.vhdl:86)
[EFX-0010 VERI-ERROR] syntax error near 'then' (VHDL-1261) (/home/omer-ahin/STAJ/Staj_Projesi/Spi_Master.vhdl:87)
[EFX-0010 VERI-ERROR] 'state' is not declared (VHDL-1241) (/home/omer-ahin/STAJ/Staj_Projesi/Spi_Master.vhdl:88)
[EFX-0010 VERI-ERROR] syntax error near 'when' (VHDL-1261) (/home/omer-ahin/STAJ/Staj_Projesi/Spi_Master.vhdl:90)
[EFX-0010 VERI-ERROR] 'data_buffer' is not declared (VHDL-1241) (/home/omer-ahin/STAJ/Staj_Projesi/Spi_Master.vhdl:93)
[EFX-0010 VERI-ERROR] 'state' is not declared (VHDL-1241) (/home/omer-ahin/STAJ/Staj_Projesi/Spi_Master.vhdl:94)

///////////////////////////////////
// Efinity Synthesis Started 
// Jul 13, 2026 16:23:25
///////////////////////////////////

[EFX-0012 VERI-INFO] default VHDL library search path is now "/home/omer-ahin/Downloads/efinity/2025.2/sim_models/vhdl/packages/vhdl_2008" (VHDL-1504) 
[EFX-0012 VERI-INFO] analyzing entity 'spi_master' (VHDL-1012) (/home/omer-ahin/STAJ/Staj_Projesi/Spi_Master.vhdl:7)
[EFX-0012 VERI-INFO] analyzing architecture 'rtl' (VHDL-1010) (/home/omer-ahin/STAJ/Staj_Projesi/Spi_Master.vhdl:31)
[EFX-0010 VERI-ERROR] 'baud_rate' is not declared (VHDL-1241) (/home/omer-ahin/STAJ/Staj_Projesi/Spi_Master.vhdl:38)
[EFX-0010 VERI-ERROR] syntax error near 'clk_divider_spi' (VHDL-1261) (/home/omer-ahin/STAJ/Staj_Projesi/Spi_Master.vhdl:45)
[EFX-0010 VERI-ERROR] 'bit_counter' is not declared (VHDL-1241) (/home/omer-ahin/STAJ/Staj_Projesi/Spi_Master.vhdl:61)
[EFX-0010 VERI-ERROR] 'state' is not declared (VHDL-1241) (/home/omer-ahin/STAJ/Staj_Projesi/Spi_Master.vhdl:62)
[EFX-0010 VERI-ERROR] syntax error near 'then' (VHDL-1261) (/home/omer-ahin/STAJ/Staj_Projesi/Spi_Master.vhdl:63)
[EFX-0010 VERI-ERROR] 'data_buffer' is not declared (VHDL-1241) (/home/omer-ahin/STAJ/Staj_Projesi/Spi_Master.vhdl:70)
[EFX-0010 VERI-ERROR] 'state' is not declared (VHDL-1241) (/home/omer-ahin/STAJ/Staj_Projesi/Spi_Master.vhdl:71)
[EFX-0010 VERI-ERROR] 'bit_counter' is not declared (VHDL-1241) (/home/omer-ahin/STAJ/Staj_Projesi/Spi_Master.vhdl:75)
[EFX-0010 VERI-ERROR] syntax error near 'when' (VHDL-1261) (/home/omer-ahin/STAJ/Staj_Projesi/Spi_Master.vhdl:77)
[EFX-0010 VERI-ERROR] 'data_buffer' is not declared (VHDL-1241) (/home/omer-ahin/STAJ/Staj_Projesi/Spi_Master.vhdl:79)
[EFX-0010 VERI-ERROR] 'state' is not declared (VHDL-1241) (/home/omer-ahin/STAJ/Staj_Projesi/Spi_Master.vhdl:80)
[EFX-0010 VERI-ERROR] 'data_buffer' is not declared (VHDL-1241) (/home/omer-ahin/STAJ/Staj_Projesi/Spi_Master.vhdl:83)
[EFX-0010 VERI-ERROR] 'bit_counter' is not declared (VHDL-1241) (/home/omer-ahin/STAJ/Staj_Projesi/Spi_Master.vhdl:84)
[EFX-0010 VERI-ERROR] 'state' is not declared (VHDL-1241) (/home/omer-ahin/STAJ/Staj_Projesi/Spi_Master.vhdl:86)
[EFX-0010 VERI-ERROR] syntax error near 'then' (VHDL-1261) (/home/omer-ahin/STAJ/Staj_Projesi/Spi_Master.vhdl:87)
[EFX-0010 VERI-ERROR] 'state' is not declared (VHDL-1241) (/home/omer-ahin/STAJ/Staj_Projesi/Spi_Master.vhdl:88)
[EFX-0010 VERI-ERROR] syntax error near 'when' (VHDL-1261) (/home/omer-ahin/STAJ/Staj_Projesi/Spi_Master.vhdl:90)
[EFX-0010 VERI-ERROR] 'data_buffer' is not declared (VHDL-1241) (/home/omer-ahin/STAJ/Staj_Projesi/Spi_Master.vhdl:93)
[EFX-0010 VERI-ERROR] 'state' is not declared (VHDL-1241) (/home/omer-ahin/STAJ/Staj_Projesi/Spi_Master.vhdl:94)

///////////////////////////////////
// Efinity Synthesis Started 
// Jul 14, 2026 14:48:39
///////////////////////////////////

[EFX-0012 VERI-INFO] default VHDL library search path is now "/home/omer-ahin/Downloads/efinity/2025.2/sim_models/vhdl/packages/vhdl_2008" (VHDL-1504) 
[EFX-0012 VERI-INFO] analyzing entity 'uart_rx' (VHDL-1012) (/home/omer-ahin/STAJ/Staj_Projesi/uart_tx.vhdl:6)
[EFX-0012 VERI-INFO] analyzing architecture 'rtl' (VHDL-1010) (/home/omer-ahin/STAJ/Staj_Projesi/uart_tx.vhdl:21)
[EFX-0012 VERI-INFO] analyzing entity 'uart_tx' (VHDL-1012) (/home/omer-ahin/STAJ/Staj_Projesi/uart_rx.vhd:6)
[EFX-0012 VERI-INFO] analyzing architecture 'my_top_arc' (VHDL-1010) (/home/omer-ahin/STAJ/Staj_Projesi/uart_rx.vhd:22)
[EFX-0012 VERI-INFO] analyzing entity 'top' (VHDL-1012) (/home/omer-ahin/STAJ/Staj_Projesi/top.vhd:6)
[EFX-0010 VERI-ERROR] semicolon after last interface declaration is only supported in VHDL 1076-2019 (VHDL-1854) (/home/omer-ahin/STAJ/Staj_Projesi/top.vhd:16)
[EFX-0010 VERI-ERROR] unit 'top' is ignored due to previous errors (VHDL-1284) (/home/omer-ahin/STAJ/Staj_Projesi/top.vhd:18)

///////////////////////////////////
// Efinity Synthesis Started 
// Jul 14, 2026 14:48:56
///////////////////////////////////

[EFX-0012 VERI-INFO] default VHDL library search path is now "/home/omer-ahin/Downloads/efinity/2025.2/sim_models/vhdl/packages/vhdl_2008" (VHDL-1504) 
[EFX-0012 VERI-INFO] analyzing entity 'uart_rx' (VHDL-1012) (/home/omer-ahin/STAJ/Staj_Projesi/uart_tx.vhdl:6)
[EFX-0012 VERI-INFO] analyzing architecture 'rtl' (VHDL-1010) (/home/omer-ahin/STAJ/Staj_Projesi/uart_tx.vhdl:21)
[EFX-0012 VERI-INFO] analyzing entity 'uart_tx' (VHDL-1012) (/home/omer-ahin/STAJ/Staj_Projesi/uart_rx.vhd:6)
[EFX-0012 VERI-INFO] analyzing architecture 'my_top_arc' (VHDL-1010) (/home/omer-ahin/STAJ/Staj_Projesi/uart_rx.vhd:22)
[EFX-0012 VERI-INFO] analyzing entity 'top' (VHDL-1012) (/home/omer-ahin/STAJ/Staj_Projesi/top.vhd:6)
[EFX-0010 VERI-ERROR] semicolon after last interface declaration is only supported in VHDL 1076-2019 (VHDL-1854) (/home/omer-ahin/STAJ/Staj_Projesi/top.vhd:16)
[EFX-0010 VERI-ERROR] unit 'top' is ignored due to previous errors (VHDL-1284) (/home/omer-ahin/STAJ/Staj_Projesi/top.vhd:18)

///////////////////////////////////
// Efinity Synthesis Started 
// Jul 14, 2026 14:49:23
///////////////////////////////////

[EFX-0012 VERI-INFO] default VHDL library search path is now "/home/omer-ahin/Downloads/efinity/2025.2/sim_models/vhdl/packages/vhdl_2008" (VHDL-1504) 
[EFX-0012 VERI-INFO] analyzing entity 'uart_rx' (VHDL-1012) (/home/omer-ahin/STAJ/Staj_Projesi/uart_tx.vhdl:6)
[EFX-0012 VERI-INFO] analyzing architecture 'rtl' (VHDL-1010) (/home/omer-ahin/STAJ/Staj_Projesi/uart_tx.vhdl:21)
[EFX-0012 VERI-INFO] analyzing entity 'uart_tx' (VHDL-1012) (/home/omer-ahin/STAJ/Staj_Projesi/uart_rx.vhd:6)
[EFX-0012 VERI-INFO] analyzing architecture 'my_top_arc' (VHDL-1010) (/home/omer-ahin/STAJ/Staj_Projesi/uart_rx.vhd:22)
[EFX-0012 VERI-INFO] analyzing entity 'top' (VHDL-1012) (/home/omer-ahin/STAJ/Staj_Projesi/top.vhd:6)
[EFX-0010 VERI-ERROR] semicolon after last interface declaration is only supported in VHDL 1076-2019 (VHDL-1854) (/home/omer-ahin/STAJ/Staj_Projesi/top.vhd:16)
[EFX-0010 VERI-ERROR] unit 'top' is ignored due to previous errors (VHDL-1284) (/home/omer-ahin/STAJ/Staj_Projesi/top.vhd:18)

///////////////////////////////////
// Efinity Synthesis Started 
// Jul 14, 2026 14:52:24
///////////////////////////////////

[EFX-0012 VERI-INFO] default VHDL library search path is now "/home/omer-ahin/Downloads/efinity/2025.2/sim_models/vhdl/packages/vhdl_2008" (VHDL-1504) 
[EFX-0012 VERI-INFO] analyzing entity 'uart_rx' (VHDL-1012) (/home/omer-ahin/STAJ/Staj_Projesi/uart_tx.vhdl:6)
[EFX-0012 VERI-INFO] analyzing architecture 'rtl' (VHDL-1010) (/home/omer-ahin/STAJ/Staj_Projesi/uart_tx.vhdl:21)
[EFX-0012 VERI-INFO] analyzing entity 'uart_tx' (VHDL-1012) (/home/omer-ahin/STAJ/Staj_Projesi/uart_rx.vhd:6)
[EFX-0012 VERI-INFO] analyzing architecture 'my_top_arc' (VHDL-1010) (/home/omer-ahin/STAJ/Staj_Projesi/uart_rx.vhd:22)
[EFX-0012 VERI-INFO] analyzing entity 'top' (VHDL-1012) (/home/omer-ahin/STAJ/Staj_Projesi/top.vhd:6)
[EFX-0012 VERI-INFO] analyzing architecture 'rtl' (VHDL-1010) (/home/omer-ahin/STAJ/Staj_Projesi/top.vhd:20)
[EFX-0012 VERI-INFO] processing 'top(rtl)' (VHDL-1067) (/home/omer-ahin/STAJ/Staj_Projesi/top.vhd:6)
[EFX-0012 VERI-INFO] processing 'uart_tx(clk_freq=33333333)(my_top_arc)' (VHDL-1067) (/home/omer-ahin/STAJ/Staj_Projesi/uart_rx.vhd:6)
[EFX-0012 VERI-INFO] switching to Verilog mode to elaborate module 'clk_divider' (VHDL-1399) (/home/omer-ahin/STAJ/Staj_Projesi/top.vhd:56)
[EFX-0012 VERI-INFO] compiling module 'clk_divider(CLK_IN_FREQ=33333333,CLK_OUT_FREQ=5)' (VERI-1018) (/home/omer-ahin/STAJ/Staj_Projesi/Led_Test.v:23)
[EFX-0011 VERI-WARNING] expression size 23 truncated to fit in target size 22 (VERI-1209) (/home/omer-ahin/STAJ/Staj_Projesi/Led_Test.v:44)
[EFX-0012 VERI-INFO] returning to VHDL mode to continue with elaboration (VHDL-1400) (/home/omer-ahin/STAJ/Staj_Projesi/top.vhd:56)
[EFX-0011 VERI-WARNING] 'rst_n' should be on the sensitivity list of the process (VHDL-1251) (/home/omer-ahin/STAJ/Staj_Projesi/top.vhd:60)
[EFX-0012 VERI-INFO] 'others' clause is never selected (VHDL-1172) (/home/omer-ahin/STAJ/Staj_Projesi/top.vhd:92)
[EFX-0011 VERI-WARNING] incomplete sensitivity list specified; assuming completeness (VHDL-1613) (/home/omer-ahin/STAJ/Staj_Projesi/top.vhd:96)
[EFX-0000 INFO] ... Setting Synthesis Option: mode=speed
[EFX-0012 VERI-INFO] re-analyze unit 'rtl' since unit 'clk_divider' is overwritten or removed (VHDL-1201) (/home/omer-ahin/STAJ/Staj_Projesi/top.vhd:20)
[EFX-0012 VERI-INFO] compiling module 'EFX_ADD' (VERI-1018) (/home/omer-ahin/Downloads/efinity/2025.2/sim_models/maplib/efinix_maplib.v:8)
[EFX-0012 VERI-INFO] compiling module 'EFX_FF' (VERI-1018) (/home/omer-ahin/Downloads/efinity/2025.2/sim_models/maplib/efinix_maplib.v:21)
[EFX-0012 VERI-INFO] compiling module 'EFX_COMB4' (VERI-1018) (/home/omer-ahin/Downloads/efinity/2025.2/sim_models/maplib/efinix_maplib.v:38)
[EFX-0012 VERI-INFO] compiling module 'EFX_GBUFCE' (VERI-1018) (/home/omer-ahin/Downloads/efinity/2025.2/sim_models/maplib/efinix_maplib.v:48)
[EFX-0012 VERI-INFO] compiling module 'EFX_LUT4' (VERI-1018) (/home/omer-ahin/Downloads/efinity/2025.2/sim_models/maplib/efinix_maplib.v:57)
[EFX-0012 VERI-INFO] compiling module 'EFX_MULT' (VERI-1018) (/home/omer-ahin/Downloads/efinity/2025.2/sim_models/maplib/efinix_maplib.v:65)
[EFX-0012 VERI-INFO] compiling module 'EFX_DSP48' (VERI-1018) (/home/omer-ahin/Downloads/efinity/2025.2/sim_models/maplib/efinix_maplib.v:100)
[EFX-0012 VERI-INFO] compiling module 'EFX_DSP24' (VERI-1018) (/home/omer-ahin/Downloads/efinity/2025.2/sim_models/maplib/efinix_maplib.v:156)
[EFX-0012 VERI-INFO] compiling module 'EFX_DSP12' (VERI-1018) (/home/omer-ahin/Downloads/efinity/2025.2/sim_models/maplib/efinix_maplib.v:209)
[EFX-0012 VERI-INFO] compiling module 'EFX_RAM_4K' (VERI-1018) (/home/omer-ahin/Downloads/efinity/2025.2/sim_models/maplib/efinix_maplib.v:262)
[EFX-0012 VERI-INFO] compiling module 'EFX_RAM_5K' (VERI-1018) (/home/omer-ahin/Downloads/efinity/2025.2/sim_models/maplib/efinix_maplib.v:322)
[EFX-0012 VERI-INFO] compiling module 'EFX_DPRAM_5K' (VERI-1018) (/home/omer-ahin/Downloads/efinity/2025.2/sim_models/maplib/efinix_maplib.v:394)
[EFX-0012 VERI-INFO] compiling module 'RAMB5' (VERI-1018) (/home/omer-ahin/Downloads/efinity/2025.2/sim_models/maplib/efinix_maplib.v:499)
[EFX-0012 VERI-INFO] compiling module 'EFX_RAM_10K' (VERI-1018) (/home/omer-ahin/Downloads/efinity/2025.2/sim_models/maplib/efinix_maplib.v:561)
[EFX-0012 VERI-INFO] compiling module 'EFX_RAM10' (VERI-1018) (/home/omer-ahin/Downloads/efinity/2025.2/sim_models/maplib/efinix_maplib.v:653)
[EFX-0012 VERI-INFO] compiling module 'EFX_DPRAM10' (VERI-1018) (/home/omer-ahin/Downloads/efinity/2025.2/sim_models/maplib/efinix_maplib.v:754)
[EFX-0012 VERI-INFO] compiling module 'EFX_SRL8' (VERI-1018) (/home/omer-ahin/Downloads/efinity/2025.2/sim_models/maplib/efinix_maplib.v:884)
[EFX-0000 INFO] ... Pre-synthesis checks begin
[EFX-0000 INFO] ... Pre-synthesis checks end (Real time : 0s CPU user time : 0s CPU sys time : 0s MEM : 278748KB)
[EFX-0000 INFO] ... NameSpace init begin
[EFX-0000 INFO] ... NameSpace init end (Real time : 0s CPU user time : 0s CPU sys time : 0s MEM : 278748KB)
[EFX-0000 INFO] ... Mapping design "top"
[EFX-0000 INFO] ... Hierarchical pre-synthesis "uart_tx(clk_freq=33333333)" begin
[EFX-0000 INFO] ... Hierarchical pre-synthesis "uart_tx(clk_freq=33333333)" end (Real time : 0s CPU user time : 0s CPU sys time : 0s MEM : 278748KB)
[EFX-0000 INFO] ... Hierarchical pre-synthesis "clk_divider(CLK_IN_FREQ=33333333,CLK_OUT_FREQ=5)" begin
[EFX-0000 INFO] ... Hierarchical pre-synthesis "clk_divider(CLK_IN_FREQ=33333333,CLK_OUT_FREQ=5)" end (Real time : 0s CPU user time : 0s CPU sys time : 0s MEM : 278748KB)
[EFX-0000 INFO] ... Hierarchical pre-synthesis "top" begin
[EFX-0000 INFO] ... Clock Enable Synthesis Performed on 42 flops.
[EFX-0000 INFO] ... Hierarchical pre-synthesis "top" end (Real time : 0s CPU user time : 0s CPU sys time : 0s MEM : 278748KB)
[EFX-0000 INFO] ... Flat optimizations begin
[EFX-0000 INFO] ... Flat optimizations end (Real time : 0s CPU user time : 0s CPU sys time : 0s MEM : 278748KB)
[EFX-0000 INFO] ... Flat synthesis begin
[EFX-0000 INFO] ... Flat synthesis end (Real time : 0s CPU user time : 0s CPU sys time : 0s MEM : 278748KB)
[EFX-0000 INFO] ... Flat optimizations begin
[EFX-0000 INFO] ... Flat optimizations end (Real time : 0s CPU user time : 0s CPU sys time : 0s MEM : 278748KB)
[EFX-0000 INFO] ... Check and break combinational loops begin
[EFX-0000 INFO] ... Check and break combinational loops end (Real time : 0s CPU user time : 0s CPU sys time : 0s MEM : 278748KB)
[EFX-0000 INFO] ... Sequential Optimization begin
[EFX-0000 INFO] ... Clock Network 'clk_c' with 58 loads will be considered for sequential optimization.
[EFX-0000 INFO] ... Sequential Optimization deduced 1 equivalent points.
[EFX-0000 INFO] ... Sequential Optimization end (Real time : 1s CPU user time : 1s CPU sys time : 0s MEM : 278748KB)
[EFX-0000 INFO] ... Setup for logic synthesis begin
[EFX-0000 INFO] ... Setup for logic synthesis end (Real time : 0s CPU user time : 1s CPU sys time : 0s MEM : 278748KB)
[EFX-0000 INFO] ... LUT mapping begin
[EFX-0000 INFO] ... LS, strategy: 3, nd: 65, ed: 210, lv: 3, pw: 153.78
[EFX-0000 INFO] ... LUT mapping end (Real time : 0s CPU user time : 1s CPU sys time : 0s MEM : 278748KB)
[EFX-0000 INFO] ... Post-synthesis Verific netlist creation begin
[EFX-0000 INFO] ... Post-synthesis Verific netlist creation end (Real time : 0s CPU user time : 1s CPU sys time : 0s MEM : 278748KB)
[EFX-0000 INFO] ... Postmap Retiming Optimization begin
[EFX-0000 INFO] ... Clock Network 'clk_c~clk_c' with 58 loads will be considered for retiming optimization.
[EFX-0000 INFO] ... Performed 0 retime moves.
[EFX-0000 INFO] ... Postmap Retiming Optimization end (Real time : 0s CPU user time : 1s CPU sys time : 0s MEM : 278748KB)
[EFX-0000 INFO] Resource Summary 
[EFX-0000 INFO] =============================== 
[EFX-0000 INFO] EFX_ADD         : 	21
[EFX-0000 INFO] EFX_LUT4        : 	65
[EFX-0000 INFO] EFX_FF          : 	58
[EFX-0000 INFO] EFX_GBUFCE      : 	1
[EFX-0000 INFO] =============================== 
[EFX-0000 INFO] ... Post-Map Verilog Writer begin
[EFX-0000 INFO] ... Post-Map Verilog Writer end (Real time : 0s CPU user time : 1s CPU sys time : 0s MEM : 278748KB)

///////////////////////////////////
// Efinity Synthesis Started 
// Jul 14, 2026 15:13:03
///////////////////////////////////

[EFX-0012 VERI-INFO] default VHDL library search path is now "/home/omer-ahin/Downloads/efinity/2025.2/sim_models/vhdl/packages/vhdl_2008" (VHDL-1504) 
[EFX-0012 VERI-INFO] analyzing entity 'uart_rx' (VHDL-1012) (/home/omer-ahin/STAJ/Staj_Projesi/uart_tx.vhdl:6)
[EFX-0012 VERI-INFO] analyzing architecture 'rtl' (VHDL-1010) (/home/omer-ahin/STAJ/Staj_Projesi/uart_tx.vhdl:21)
[EFX-0012 VERI-INFO] analyzing entity 'uart_tx' (VHDL-1012) (/home/omer-ahin/STAJ/Staj_Projesi/uart_rx.vhd:6)
[EFX-0012 VERI-INFO] analyzing architecture 'my_top_arc' (VHDL-1010) (/home/omer-ahin/STAJ/Staj_Projesi/uart_rx.vhd:22)
[EFX-0012 VERI-INFO] analyzing entity 'top' (VHDL-1012) (/home/omer-ahin/STAJ/Staj_Projesi/top.vhd:6)
[EFX-0012 VERI-INFO] analyzing architecture 'rtl' (VHDL-1010) (/home/omer-ahin/STAJ/Staj_Projesi/top.vhd:20)
[EFX-0012 VERI-INFO] processing 'top(rtl)' (VHDL-1067) (/home/omer-ahin/STAJ/Staj_Projesi/top.vhd:6)
[EFX-0012 VERI-INFO] processing 'uart_tx(clk_freq=33333333)(my_top_arc)' (VHDL-1067) (/home/omer-ahin/STAJ/Staj_Projesi/uart_rx.vhd:6)
[EFX-0012 VERI-INFO] switching to Verilog mode to elaborate module 'clk_divider' (VHDL-1399) (/home/omer-ahin/STAJ/Staj_Projesi/top.vhd:56)
[EFX-0012 VERI-INFO] compiling module 'clk_divider(CLK_IN_FREQ=33333333,CLK_OUT_FREQ=5)' (VERI-1018) (/home/omer-ahin/STAJ/Staj_Projesi/Led_Test.v:23)
[EFX-0011 VERI-WARNING] expression size 23 truncated to fit in target size 22 (VERI-1209) (/home/omer-ahin/STAJ/Staj_Projesi/Led_Test.v:44)
[EFX-0012 VERI-INFO] returning to VHDL mode to continue with elaboration (VHDL-1400) (/home/omer-ahin/STAJ/Staj_Projesi/top.vhd:56)
[EFX-0011 VERI-WARNING] 'rst_n' should be on the sensitivity list of the process (VHDL-1251) (/home/omer-ahin/STAJ/Staj_Projesi/top.vhd:60)
[EFX-0012 VERI-INFO] 'others' clause is never selected (VHDL-1172) (/home/omer-ahin/STAJ/Staj_Projesi/top.vhd:92)
[EFX-0011 VERI-WARNING] incomplete sensitivity list specified; assuming completeness (VHDL-1613) (/home/omer-ahin/STAJ/Staj_Projesi/top.vhd:96)
[EFX-0000 INFO] ... Setting Synthesis Option: mode=speed
[EFX-0012 VERI-INFO] re-analyze unit 'rtl' since unit 'clk_divider' is overwritten or removed (VHDL-1201) (/home/omer-ahin/STAJ/Staj_Projesi/top.vhd:20)
[EFX-0012 VERI-INFO] compiling module 'EFX_ADD' (VERI-1018) (/home/omer-ahin/Downloads/efinity/2025.2/sim_models/maplib/efinix_maplib.v:8)
[EFX-0012 VERI-INFO] compiling module 'EFX_FF' (VERI-1018) (/home/omer-ahin/Downloads/efinity/2025.2/sim_models/maplib/efinix_maplib.v:21)
[EFX-0012 VERI-INFO] compiling module 'EFX_COMB4' (VERI-1018) (/home/omer-ahin/Downloads/efinity/2025.2/sim_models/maplib/efinix_maplib.v:38)
[EFX-0012 VERI-INFO] compiling module 'EFX_GBUFCE' (VERI-1018) (/home/omer-ahin/Downloads/efinity/2025.2/sim_models/maplib/efinix_maplib.v:48)
[EFX-0012 VERI-INFO] compiling module 'EFX_LUT4' (VERI-1018) (/home/omer-ahin/Downloads/efinity/2025.2/sim_models/maplib/efinix_maplib.v:57)
[EFX-0012 VERI-INFO] compiling module 'EFX_MULT' (VERI-1018) (/home/omer-ahin/Downloads/efinity/2025.2/sim_models/maplib/efinix_maplib.v:65)
[EFX-0012 VERI-INFO] compiling module 'EFX_DSP48' (VERI-1018) (/home/omer-ahin/Downloads/efinity/2025.2/sim_models/maplib/efinix_maplib.v:100)
[EFX-0012 VERI-INFO] compiling module 'EFX_DSP24' (VERI-1018) (/home/omer-ahin/Downloads/efinity/2025.2/sim_models/maplib/efinix_maplib.v:156)
[EFX-0012 VERI-INFO] compiling module 'EFX_DSP12' (VERI-1018) (/home/omer-ahin/Downloads/efinity/2025.2/sim_models/maplib/efinix_maplib.v:209)
[EFX-0012 VERI-INFO] compiling module 'EFX_RAM_4K' (VERI-1018) (/home/omer-ahin/Downloads/efinity/2025.2/sim_models/maplib/efinix_maplib.v:262)
[EFX-0012 VERI-INFO] compiling module 'EFX_RAM_5K' (VERI-1018) (/home/omer-ahin/Downloads/efinity/2025.2/sim_models/maplib/efinix_maplib.v:322)
[EFX-0012 VERI-INFO] compiling module 'EFX_DPRAM_5K' (VERI-1018) (/home/omer-ahin/Downloads/efinity/2025.2/sim_models/maplib/efinix_maplib.v:394)
[EFX-0012 VERI-INFO] compiling module 'RAMB5' (VERI-1018) (/home/omer-ahin/Downloads/efinity/2025.2/sim_models/maplib/efinix_maplib.v:499)
[EFX-0012 VERI-INFO] compiling module 'EFX_RAM_10K' (VERI-1018) (/home/omer-ahin/Downloads/efinity/2025.2/sim_models/maplib/efinix_maplib.v:561)
[EFX-0012 VERI-INFO] compiling module 'EFX_RAM10' (VERI-1018) (/home/omer-ahin/Downloads/efinity/2025.2/sim_models/maplib/efinix_maplib.v:653)
[EFX-0012 VERI-INFO] compiling module 'EFX_DPRAM10' (VERI-1018) (/home/omer-ahin/Downloads/efinity/2025.2/sim_models/maplib/efinix_maplib.v:754)
[EFX-0012 VERI-INFO] compiling module 'EFX_SRL8' (VERI-1018) (/home/omer-ahin/Downloads/efinity/2025.2/sim_models/maplib/efinix_maplib.v:884)
[EFX-0000 INFO] ... Pre-synthesis checks begin
[EFX-0000 INFO] ... Pre-synthesis checks end (Real time : 0s CPU user time : 0s CPU sys time : 0s MEM : 301952KB)
[EFX-0000 INFO] ... NameSpace init begin
[EFX-0000 INFO] ... NameSpace init end (Real time : 0s CPU user time : 0s CPU sys time : 0s MEM : 301952KB)
[EFX-0000 INFO] ... Mapping design "top"
[EFX-0000 INFO] ... Hierarchical pre-synthesis "uart_tx(clk_freq=33333333)" begin
[EFX-0000 INFO] ... Hierarchical pre-synthesis "uart_tx(clk_freq=33333333)" end (Real time : 0s CPU user time : 0s CPU sys time : 0s MEM : 301952KB)
[EFX-0000 INFO] ... Hierarchical pre-synthesis "clk_divider(CLK_IN_FREQ=33333333,CLK_OUT_FREQ=5)" begin
[EFX-0000 INFO] ... Hierarchical pre-synthesis "clk_divider(CLK_IN_FREQ=33333333,CLK_OUT_FREQ=5)" end (Real time : 0s CPU user time : 0s CPU sys time : 0s MEM : 301952KB)
[EFX-0000 INFO] ... Hierarchical pre-synthesis "top" begin
[EFX-0000 INFO] ... Clock Enable Synthesis Performed on 42 flops.
[EFX-0000 INFO] ... Hierarchical pre-synthesis "top" end (Real time : 0s CPU user time : 0s CPU sys time : 0s MEM : 301952KB)
[EFX-0000 INFO] ... Flat optimizations begin
[EFX-0000 INFO] ... Flat optimizations end (Real time : 0s CPU user time : 0s CPU sys time : 0s MEM : 301952KB)
[EFX-0000 INFO] ... Flat synthesis begin
[EFX-0000 INFO] ... Flat synthesis end (Real time : 0s CPU user time : 0s CPU sys time : 0s MEM : 301952KB)
[EFX-0000 INFO] ... Flat optimizations begin
[EFX-0000 INFO] ... Flat optimizations end (Real time : 0s CPU user time : 0s CPU sys time : 0s MEM : 301952KB)
[EFX-0000 INFO] ... Check and break combinational loops begin
[EFX-0000 INFO] ... Check and break combinational loops end (Real time : 0s CPU user time : 0s CPU sys time : 0s MEM : 301952KB)
[EFX-0000 INFO] ... Sequential Optimization begin
[EFX-0000 INFO] ... Clock Network 'clk_c' with 58 loads will be considered for sequential optimization.
[EFX-0000 INFO] ... Sequential Optimization deduced 1 equivalent points.
[EFX-0000 INFO] ... Sequential Optimization end (Real time : 0s CPU user time : 0s CPU sys time : 0s MEM : 301952KB)
[EFX-0000 INFO] ... Setup for logic synthesis begin
[EFX-0000 INFO] ... Setup for logic synthesis end (Real time : 0s CPU user time : 0s CPU sys time : 0s MEM : 301952KB)
[EFX-0000 INFO] ... LUT mapping begin
[EFX-0000 INFO] ... LS, strategy: 3, nd: 65, ed: 210, lv: 3, pw: 153.78
[EFX-0000 INFO] ... LUT mapping end (Real time : 1s CPU user time : 1s CPU sys time : 0s MEM : 301952KB)
[EFX-0000 INFO] ... Post-synthesis Verific netlist creation begin
[EFX-0000 INFO] ... Post-synthesis Verific netlist creation end (Real time : 0s CPU user time : 1s CPU sys time : 0s MEM : 301952KB)
[EFX-0000 INFO] ... Postmap Retiming Optimization begin
[EFX-0000 INFO] ... Clock Network 'clk_c~clk_c' with 58 loads will be considered for retiming optimization.
[EFX-0000 INFO] ... Performed 0 retime moves.
[EFX-0000 INFO] ... Postmap Retiming Optimization end (Real time : 0s CPU user time : 1s CPU sys time : 0s MEM : 301952KB)
[EFX-0000 INFO] Resource Summary 
[EFX-0000 INFO] =============================== 
[EFX-0000 INFO] EFX_ADD         : 	21
[EFX-0000 INFO] EFX_LUT4        : 	65
[EFX-0000 INFO] EFX_FF          : 	58
[EFX-0000 INFO] EFX_GBUFCE      : 	1
[EFX-0000 INFO] =============================== 
[EFX-0000 INFO] ... Post-Map Verilog Writer begin
[EFX-0000 INFO] ... Post-Map Verilog Writer end (Real time : 0s CPU user time : 1s CPU sys time : 0s MEM : 301952KB)

///////////////////////////////////
// Efinity Synthesis Started 
// Jul 14, 2026 15:17:26
///////////////////////////////////

[EFX-0012 VERI-INFO] default VHDL library search path is now "/home/omer-ahin/Downloads/efinity/2025.2/sim_models/vhdl/packages/vhdl_2008" (VHDL-1504) 
[EFX-0012 VERI-INFO] analyzing entity 'uart_rx' (VHDL-1012) (/home/omer-ahin/STAJ/Staj_Projesi/uart_tx.vhdl:6)
[EFX-0012 VERI-INFO] analyzing architecture 'rtl' (VHDL-1010) (/home/omer-ahin/STAJ/Staj_Projesi/uart_tx.vhdl:21)
[EFX-0012 VERI-INFO] analyzing entity 'uart_tx' (VHDL-1012) (/home/omer-ahin/STAJ/Staj_Projesi/uart_rx.vhd:6)
[EFX-0012 VERI-INFO] analyzing architecture 'my_top_arc' (VHDL-1010) (/home/omer-ahin/STAJ/Staj_Projesi/uart_rx.vhd:22)
[EFX-0012 VERI-INFO] analyzing entity 'top' (VHDL-1012) (/home/omer-ahin/STAJ/Staj_Projesi/top.vhd:6)
[EFX-0012 VERI-INFO] analyzing architecture 'rtl' (VHDL-1010) (/home/omer-ahin/STAJ/Staj_Projesi/top.vhd:20)
[EFX-0012 VERI-INFO] processing 'top(rtl)' (VHDL-1067) (/home/omer-ahin/STAJ/Staj_Projesi/top.vhd:6)
[EFX-0012 VERI-INFO] processing 'uart_tx(clk_freq=33333333)(my_top_arc)' (VHDL-1067) (/home/omer-ahin/STAJ/Staj_Projesi/uart_rx.vhd:6)
[EFX-0012 VERI-INFO] switching to Verilog mode to elaborate module 'clk_divider' (VHDL-1399) (/home/omer-ahin/STAJ/Staj_Projesi/top.vhd:59)
[EFX-0012 VERI-INFO] compiling module 'clk_divider(CLK_IN_FREQ=33333333,CLK_OUT_FREQ=5)' (VERI-1018) (/home/omer-ahin/STAJ/Staj_Projesi/Led_Test.v:23)
[EFX-0011 VERI-WARNING] expression size 23 truncated to fit in target size 22 (VERI-1209) (/home/omer-ahin/STAJ/Staj_Projesi/Led_Test.v:44)
[EFX-0012 VERI-INFO] returning to VHDL mode to continue with elaboration (VHDL-1400) (/home/omer-ahin/STAJ/Staj_Projesi/top.vhd:59)
[EFX-0011 VERI-WARNING] 'rst_n' should be on the sensitivity list of the process (VHDL-1251) (/home/omer-ahin/STAJ/Staj_Projesi/top.vhd:63)
[EFX-0012 VERI-INFO] 'others' clause is never selected (VHDL-1172) (/home/omer-ahin/STAJ/Staj_Projesi/top.vhd:105)
[EFX-0011 VERI-WARNING] incomplete sensitivity list specified; assuming completeness (VHDL-1613) (/home/omer-ahin/STAJ/Staj_Projesi/top.vhd:109)
[EFX-0000 INFO] ... Setting Synthesis Option: mode=speed
[EFX-0012 VERI-INFO] re-analyze unit 'rtl' since unit 'clk_divider' is overwritten or removed (VHDL-1201) (/home/omer-ahin/STAJ/Staj_Projesi/top.vhd:20)
[EFX-0012 VERI-INFO] compiling module 'EFX_ADD' (VERI-1018) (/home/omer-ahin/Downloads/efinity/2025.2/sim_models/maplib/efinix_maplib.v:8)
[EFX-0012 VERI-INFO] compiling module 'EFX_FF' (VERI-1018) (/home/omer-ahin/Downloads/efinity/2025.2/sim_models/maplib/efinix_maplib.v:21)
[EFX-0012 VERI-INFO] compiling module 'EFX_COMB4' (VERI-1018) (/home/omer-ahin/Downloads/efinity/2025.2/sim_models/maplib/efinix_maplib.v:38)
[EFX-0012 VERI-INFO] compiling module 'EFX_GBUFCE' (VERI-1018) (/home/omer-ahin/Downloads/efinity/2025.2/sim_models/maplib/efinix_maplib.v:48)
[EFX-0012 VERI-INFO] compiling module 'EFX_LUT4' (VERI-1018) (/home/omer-ahin/Downloads/efinity/2025.2/sim_models/maplib/efinix_maplib.v:57)
[EFX-0012 VERI-INFO] compiling module 'EFX_MULT' (VERI-1018) (/home/omer-ahin/Downloads/efinity/2025.2/sim_models/maplib/efinix_maplib.v:65)
[EFX-0012 VERI-INFO] compiling module 'EFX_DSP48' (VERI-1018) (/home/omer-ahin/Downloads/efinity/2025.2/sim_models/maplib/efinix_maplib.v:100)
[EFX-0012 VERI-INFO] compiling module 'EFX_DSP24' (VERI-1018) (/home/omer-ahin/Downloads/efinity/2025.2/sim_models/maplib/efinix_maplib.v:156)
[EFX-0012 VERI-INFO] compiling module 'EFX_DSP12' (VERI-1018) (/home/omer-ahin/Downloads/efinity/2025.2/sim_models/maplib/efinix_maplib.v:209)
[EFX-0012 VERI-INFO] compiling module 'EFX_RAM_4K' (VERI-1018) (/home/omer-ahin/Downloads/efinity/2025.2/sim_models/maplib/efinix_maplib.v:262)
[EFX-0012 VERI-INFO] compiling module 'EFX_RAM_5K' (VERI-1018) (/home/omer-ahin/Downloads/efinity/2025.2/sim_models/maplib/efinix_maplib.v:322)
[EFX-0012 VERI-INFO] compiling module 'EFX_DPRAM_5K' (VERI-1018) (/home/omer-ahin/Downloads/efinity/2025.2/sim_models/maplib/efinix_maplib.v:394)
[EFX-0012 VERI-INFO] compiling module 'RAMB5' (VERI-1018) (/home/omer-ahin/Downloads/efinity/2025.2/sim_models/maplib/efinix_maplib.v:499)
[EFX-0012 VERI-INFO] compiling module 'EFX_RAM_10K' (VERI-1018) (/home/omer-ahin/Downloads/efinity/2025.2/sim_models/maplib/efinix_maplib.v:561)
[EFX-0012 VERI-INFO] compiling module 'EFX_RAM10' (VERI-1018) (/home/omer-ahin/Downloads/efinity/2025.2/sim_models/maplib/efinix_maplib.v:653)
[EFX-0012 VERI-INFO] compiling module 'EFX_DPRAM10' (VERI-1018) (/home/omer-ahin/Downloads/efinity/2025.2/sim_models/maplib/efinix_maplib.v:754)
[EFX-0012 VERI-INFO] compiling module 'EFX_SRL8' (VERI-1018) (/home/omer-ahin/Downloads/efinity/2025.2/sim_models/maplib/efinix_maplib.v:884)
[EFX-0000 INFO] ... Pre-synthesis checks begin
[EFX-0000 INFO] ... Pre-synthesis checks end (Real time : 0s CPU user time : 0s CPU sys time : 0s MEM : 303140KB)
[EFX-0000 INFO] ... NameSpace init begin
[EFX-0000 INFO] ... NameSpace init end (Real time : 0s CPU user time : 0s CPU sys time : 0s MEM : 303140KB)
[EFX-0000 INFO] ... Mapping design "top"
[EFX-0000 INFO] ... Hierarchical pre-synthesis "uart_tx(clk_freq=33333333)" begin
[EFX-0000 INFO] ... Hierarchical pre-synthesis "uart_tx(clk_freq=33333333)" end (Real time : 0s CPU user time : 0s CPU sys time : 0s MEM : 303140KB)
[EFX-0000 INFO] ... Hierarchical pre-synthesis "clk_divider(CLK_IN_FREQ=33333333,CLK_OUT_FREQ=5)" begin
[EFX-0000 INFO] ... Hierarchical pre-synthesis "clk_divider(CLK_IN_FREQ=33333333,CLK_OUT_FREQ=5)" end (Real time : 0s CPU user time : 0s CPU sys time : 0s MEM : 303140KB)
[EFX-0000 INFO] ... Hierarchical pre-synthesis "top" begin
[EFX-0000 INFO] ... Clock Enable Synthesis Performed on 42 flops.
[EFX-0000 INFO] ... Hierarchical pre-synthesis "top" end (Real time : 0s CPU user time : 0s CPU sys time : 0s MEM : 303140KB)
[EFX-0000 INFO] ... Flat optimizations begin
[EFX-0000 INFO] ... Flat optimizations end (Real time : 0s CPU user time : 0s CPU sys time : 0s MEM : 303140KB)
[EFX-0000 INFO] ... Flat synthesis begin
[EFX-0000 INFO] ... Flat synthesis end (Real time : 0s CPU user time : 0s CPU sys time : 0s MEM : 303140KB)
[EFX-0000 INFO] ... Flat optimizations begin
[EFX-0000 INFO] ... Flat optimizations end (Real time : 0s CPU user time : 0s CPU sys time : 0s MEM : 303140KB)
[EFX-0000 INFO] ... Check and break combinational loops begin
[EFX-0000 INFO] ... Check and break combinational loops end (Real time : 0s CPU user time : 0s CPU sys time : 0s MEM : 303140KB)
[EFX-0000 INFO] ... Sequential Optimization begin
[EFX-0000 INFO] ... Clock Network 'clk_c' with 63 loads will be considered for sequential optimization.
[EFX-0000 INFO] ... Sequential Optimization deduced 1 equivalent points.
[EFX-0000 INFO] ... Sequential Optimization end (Real time : 0s CPU user time : 0s CPU sys time : 0s MEM : 303140KB)
[EFX-0000 INFO] ... Setup for logic synthesis begin
[EFX-0000 INFO] ... Setup for logic synthesis end (Real time : 0s CPU user time : 0s CPU sys time : 0s MEM : 303140KB)
[EFX-0000 INFO] ... LUT mapping begin
[EFX-0000 INFO] ... LS, strategy: 3, nd: 68, ed: 217, lv: 3, pw: 159.31
[EFX-0000 INFO] ... LUT mapping end (Real time : 1s CPU user time : 1s CPU sys time : 0s MEM : 303140KB)
[EFX-0000 INFO] ... Post-synthesis Verific netlist creation begin
[EFX-0000 INFO] ... Post-synthesis Verific netlist creation end (Real time : 0s CPU user time : 1s CPU sys time : 0s MEM : 303140KB)
[EFX-0000 INFO] ... Postmap Retiming Optimization begin
[EFX-0000 INFO] ... Clock Network 'clk_c~clk_c' with 63 loads will be considered for retiming optimization.
[EFX-0000 INFO] ... Performed 0 retime moves.
[EFX-0000 INFO] ... Postmap Retiming Optimization end (Real time : 0s CPU user time : 1s CPU sys time : 0s MEM : 303140KB)
[EFX-0000 INFO] Resource Summary 
[EFX-0000 INFO] =============================== 
[EFX-0000 INFO] EFX_ADD         : 	21
[EFX-0000 INFO] EFX_LUT4        : 	68
[EFX-0000 INFO] EFX_FF          : 	63
[EFX-0000 INFO] EFX_GBUFCE      : 	1
[EFX-0000 INFO] =============================== 
[EFX-0000 INFO] ... Post-Map Verilog Writer begin
[EFX-0000 INFO] ... Post-Map Verilog Writer end (Real time : 0s CPU user time : 1s CPU sys time : 0s MEM : 303140KB)

///////////////////////////////////
// Efinity Synthesis Started 
// Jul 14, 2026 15:31:17
///////////////////////////////////

[EFX-0012 VERI-INFO] default VHDL library search path is now "/home/omer-ahin/Downloads/efinity/2025.2/sim_models/vhdl/packages/vhdl_2008" (VHDL-1504) 
[EFX-0012 VERI-INFO] analyzing entity 'uart_rx' (VHDL-1012) (/home/omer-ahin/STAJ/Staj_Projesi/uart_tx.vhdl:6)
[EFX-0012 VERI-INFO] analyzing architecture 'rtl' (VHDL-1010) (/home/omer-ahin/STAJ/Staj_Projesi/uart_tx.vhdl:21)
[EFX-0012 VERI-INFO] analyzing entity 'uart_tx' (VHDL-1012) (/home/omer-ahin/STAJ/Staj_Projesi/uart_rx.vhd:6)
[EFX-0012 VERI-INFO] analyzing architecture 'rtl' (VHDL-1010) (/home/omer-ahin/STAJ/Staj_Projesi/uart_rx.vhd:22)
[EFX-0012 VERI-INFO] analyzing entity 'top' (VHDL-1012) (/home/omer-ahin/STAJ/Staj_Projesi/top.vhd:6)
[EFX-0012 VERI-INFO] analyzing architecture 'rtl' (VHDL-1010) (/home/omer-ahin/STAJ/Staj_Projesi/top.vhd:20)
[EFX-0012 VERI-INFO] processing 'top(rtl)' (VHDL-1067) (/home/omer-ahin/STAJ/Staj_Projesi/top.vhd:6)
[EFX-0012 VERI-INFO] processing 'uart_tx(clk_freq=33333333)(rtl)' (VHDL-1067) (/home/omer-ahin/STAJ/Staj_Projesi/uart_rx.vhd:6)
[EFX-0012 VERI-INFO] 'others' clause is never selected (VHDL-1172) (/home/omer-ahin/STAJ/Staj_Projesi/uart_rx.vhd:95)
[EFX-0012 VERI-INFO] switching to Verilog mode to elaborate module 'clk_divider' (VHDL-1399) (/home/omer-ahin/STAJ/Staj_Projesi/top.vhd:62)
[EFX-0012 VERI-INFO] compiling module 'clk_divider(CLK_IN_FREQ=33333333,CLK_OUT_FREQ=5)' (VERI-1018) (/home/omer-ahin/STAJ/Staj_Projesi/Led_Test.v:23)
[EFX-0011 VERI-WARNING] expression size 23 truncated to fit in target size 22 (VERI-1209) (/home/omer-ahin/STAJ/Staj_Projesi/Led_Test.v:44)
[EFX-0012 VERI-INFO] returning to VHDL mode to continue with elaboration (VHDL-1400) (/home/omer-ahin/STAJ/Staj_Projesi/top.vhd:62)
[EFX-0011 VERI-WARNING] 'rst_n' should be on the sensitivity list of the process (VHDL-1251) (/home/omer-ahin/STAJ/Staj_Projesi/top.vhd:66)
[EFX-0012 VERI-INFO] 'others' clause is never selected (VHDL-1172) (/home/omer-ahin/STAJ/Staj_Projesi/top.vhd:110)
[EFX-0011 VERI-WARNING] incomplete sensitivity list specified; assuming completeness (VHDL-1613) (/home/omer-ahin/STAJ/Staj_Projesi/top.vhd:113)
[EFX-0000 INFO] ... Setting Synthesis Option: mode=speed
[EFX-0012 VERI-INFO] re-analyze unit 'rtl' since unit 'clk_divider' is overwritten or removed (VHDL-1201) (/home/omer-ahin/STAJ/Staj_Projesi/top.vhd:20)
[EFX-0012 VERI-INFO] compiling module 'EFX_ADD' (VERI-1018) (/home/omer-ahin/Downloads/efinity/2025.2/sim_models/maplib/efinix_maplib.v:8)
[EFX-0012 VERI-INFO] compiling module 'EFX_FF' (VERI-1018) (/home/omer-ahin/Downloads/efinity/2025.2/sim_models/maplib/efinix_maplib.v:21)
[EFX-0012 VERI-INFO] compiling module 'EFX_COMB4' (VERI-1018) (/home/omer-ahin/Downloads/efinity/2025.2/sim_models/maplib/efinix_maplib.v:38)
[EFX-0012 VERI-INFO] compiling module 'EFX_GBUFCE' (VERI-1018) (/home/omer-ahin/Downloads/efinity/2025.2/sim_models/maplib/efinix_maplib.v:48)
[EFX-0012 VERI-INFO] compiling module 'EFX_LUT4' (VERI-1018) (/home/omer-ahin/Downloads/efinity/2025.2/sim_models/maplib/efinix_maplib.v:57)
[EFX-0012 VERI-INFO] compiling module 'EFX_MULT' (VERI-1018) (/home/omer-ahin/Downloads/efinity/2025.2/sim_models/maplib/efinix_maplib.v:65)
[EFX-0012 VERI-INFO] compiling module 'EFX_DSP48' (VERI-1018) (/home/omer-ahin/Downloads/efinity/2025.2/sim_models/maplib/efinix_maplib.v:100)
[EFX-0012 VERI-INFO] compiling module 'EFX_DSP24' (VERI-1018) (/home/omer-ahin/Downloads/efinity/2025.2/sim_models/maplib/efinix_maplib.v:156)
[EFX-0012 VERI-INFO] compiling module 'EFX_DSP12' (VERI-1018) (/home/omer-ahin/Downloads/efinity/2025.2/sim_models/maplib/efinix_maplib.v:209)
[EFX-0012 VERI-INFO] compiling module 'EFX_RAM_4K' (VERI-1018) (/home/omer-ahin/Downloads/efinity/2025.2/sim_models/maplib/efinix_maplib.v:262)
[EFX-0012 VERI-INFO] compiling module 'EFX_RAM_5K' (VERI-1018) (/home/omer-ahin/Downloads/efinity/2025.2/sim_models/maplib/efinix_maplib.v:322)
[EFX-0012 VERI-INFO] compiling module 'EFX_DPRAM_5K' (VERI-1018) (/home/omer-ahin/Downloads/efinity/2025.2/sim_models/maplib/efinix_maplib.v:394)
[EFX-0012 VERI-INFO] compiling module 'RAMB5' (VERI-1018) (/home/omer-ahin/Downloads/efinity/2025.2/sim_models/maplib/efinix_maplib.v:499)
[EFX-0012 VERI-INFO] compiling module 'EFX_RAM_10K' (VERI-1018) (/home/omer-ahin/Downloads/efinity/2025.2/sim_models/maplib/efinix_maplib.v:561)
[EFX-0012 VERI-INFO] compiling module 'EFX_RAM10' (VERI-1018) (/home/omer-ahin/Downloads/efinity/2025.2/sim_models/maplib/efinix_maplib.v:653)
[EFX-0012 VERI-INFO] compiling module 'EFX_DPRAM10' (VERI-1018) (/home/omer-ahin/Downloads/efinity/2025.2/sim_models/maplib/efinix_maplib.v:754)
[EFX-0012 VERI-INFO] compiling module 'EFX_SRL8' (VERI-1018) (/home/omer-ahin/Downloads/efinity/2025.2/sim_models/maplib/efinix_maplib.v:884)
[EFX-0000 INFO] ... Pre-synthesis checks begin
[EFX-0000 INFO] ... Pre-synthesis checks end (Real time : 0s CPU user time : 0s CPU sys time : 0s MEM : 370048KB)
[EFX-0000 INFO] ... NameSpace init begin
[EFX-0000 INFO] ... NameSpace init end (Real time : 0s CPU user time : 0s CPU sys time : 0s MEM : 370048KB)
[EFX-0000 INFO] ... Mapping design "top"
[EFX-0000 INFO] ... Hierarchical pre-synthesis "uart_tx(clk_freq=33333333)" begin
[EFX-0000 INFO] ... Hierarchical pre-synthesis "uart_tx(clk_freq=33333333)" end (Real time : 0s CPU user time : 0s CPU sys time : 0s MEM : 370048KB)
[EFX-0000 INFO] ... Hierarchical pre-synthesis "clk_divider(CLK_IN_FREQ=33333333,CLK_OUT_FREQ=5)" begin
[EFX-0000 INFO] ... Hierarchical pre-synthesis "clk_divider(CLK_IN_FREQ=33333333,CLK_OUT_FREQ=5)" end (Real time : 0s CPU user time : 0s CPU sys time : 0s MEM : 370048KB)
[EFX-0000 INFO] ... Hierarchical pre-synthesis "top" begin
[EFX-0000 INFO] ... Clock Enable Synthesis Performed on 42 flops.
[EFX-0000 INFO] ... Hierarchical pre-synthesis "top" end (Real time : 0s CPU user time : 0s CPU sys time : 0s MEM : 370048KB)
[EFX-0000 INFO] ... Flat optimizations begin
[EFX-0000 INFO] ... Flat optimizations end (Real time : 0s CPU user time : 0s CPU sys time : 0s MEM : 370048KB)
[EFX-0000 INFO] ... Flat synthesis begin
[EFX-0000 INFO] ... Flat synthesis end (Real time : 0s CPU user time : 0s CPU sys time : 0s MEM : 370048KB)
[EFX-0000 INFO] ... Flat optimizations begin
[EFX-0000 INFO] ... Flat optimizations end (Real time : 0s CPU user time : 0s CPU sys time : 0s MEM : 370048KB)
[EFX-0000 INFO] ... Check and break combinational loops begin
[EFX-0000 INFO] ... Check and break combinational loops end (Real time : 0s CPU user time : 0s CPU sys time : 0s MEM : 370048KB)
[EFX-0000 INFO] ... Sequential Optimization begin
[EFX-0000 INFO] ... Clock Network 'clk_c' with 63 loads will be considered for sequential optimization.
[EFX-0000 INFO] ... Sequential Optimization deduced 1 equivalent points.
[EFX-0000 INFO] ... Sequential Optimization end (Real time : 0s CPU user time : 0s CPU sys time : 0s MEM : 370048KB)
[EFX-0000 INFO] ... Setup for logic synthesis begin
[EFX-0000 INFO] ... Setup for logic synthesis end (Real time : 1s CPU user time : 1s CPU sys time : 0s MEM : 370048KB)
[EFX-0000 INFO] ... LUT mapping begin
[EFX-0000 INFO] ... LS, strategy: 3, nd: 68, ed: 217, lv: 3, pw: 159.31
[EFX-0000 INFO] ... LUT mapping end (Real time : 0s CPU user time : 1s CPU sys time : 0s MEM : 370048KB)
[EFX-0000 INFO] ... Post-synthesis Verific netlist creation begin
[EFX-0000 INFO] ... Post-synthesis Verific netlist creation end (Real time : 0s CPU user time : 1s CPU sys time : 0s MEM : 370048KB)
[EFX-0000 INFO] ... Postmap Retiming Optimization begin
[EFX-0000 INFO] ... Clock Network 'clk_c~clk_c' with 63 loads will be considered for retiming optimization.
[EFX-0000 INFO] ... Performed 0 retime moves.
[EFX-0000 INFO] ... Postmap Retiming Optimization end (Real time : 0s CPU user time : 1s CPU sys time : 0s MEM : 370048KB)
[EFX-0000 INFO] Resource Summary 
[EFX-0000 INFO] =============================== 
[EFX-0000 INFO] EFX_ADD         : 	21
[EFX-0000 INFO] EFX_LUT4        : 	68
[EFX-0000 INFO] EFX_FF          : 	63
[EFX-0000 INFO] EFX_GBUFCE      : 	1
[EFX-0000 INFO] =============================== 
[EFX-0000 INFO] ... Post-Map Verilog Writer begin
[EFX-0000 INFO] ... Post-Map Verilog Writer end (Real time : 0s CPU user time : 1s CPU sys time : 0s MEM : 370048KB)

///////////////////////////////////
// Efinity Synthesis Started 
// Jul 14, 2026 15:59:39
///////////////////////////////////

[EFX-0012 VERI-INFO] default VHDL library search path is now "/home/omer-ahin/Downloads/efinity/2025.2/sim_models/vhdl/packages/vhdl_2008" (VHDL-1504) 
[EFX-0012 VERI-INFO] analyzing entity 'uart_rx' (VHDL-1012) (/home/omer-ahin/STAJ/Staj_Projesi/uart_tx.vhdl:6)
[EFX-0012 VERI-INFO] analyzing architecture 'rtl' (VHDL-1010) (/home/omer-ahin/STAJ/Staj_Projesi/uart_tx.vhdl:21)
[EFX-0012 VERI-INFO] analyzing entity 'uart_tx' (VHDL-1012) (/home/omer-ahin/STAJ/Staj_Projesi/uart_rx.vhd:6)
[EFX-0012 VERI-INFO] analyzing architecture 'rtl' (VHDL-1010) (/home/omer-ahin/STAJ/Staj_Projesi/uart_rx.vhd:22)
[EFX-0012 VERI-INFO] analyzing entity 'top' (VHDL-1012) (/home/omer-ahin/STAJ/Staj_Projesi/top.vhd:6)
[EFX-0012 VERI-INFO] analyzing architecture 'rtl' (VHDL-1010) (/home/omer-ahin/STAJ/Staj_Projesi/top.vhd:20)
[EFX-0012 VERI-INFO] processing 'top(rtl)' (VHDL-1067) (/home/omer-ahin/STAJ/Staj_Projesi/top.vhd:6)
[EFX-0012 VERI-INFO] processing 'uart_tx(clk_freq=33333333)(rtl)' (VHDL-1067) (/home/omer-ahin/STAJ/Staj_Projesi/uart_rx.vhd:6)
[EFX-0012 VERI-INFO] 'others' clause is never selected (VHDL-1172) (/home/omer-ahin/STAJ/Staj_Projesi/uart_rx.vhd:93)
[EFX-0012 VERI-INFO] switching to Verilog mode to elaborate module 'clk_divider' (VHDL-1399) (/home/omer-ahin/STAJ/Staj_Projesi/top.vhd:62)
[EFX-0012 VERI-INFO] compiling module 'clk_divider(CLK_IN_FREQ=33333333,CLK_OUT_FREQ=5)' (VERI-1018) (/home/omer-ahin/STAJ/Staj_Projesi/Led_Test.v:23)
[EFX-0011 VERI-WARNING] expression size 23 truncated to fit in target size 22 (VERI-1209) (/home/omer-ahin/STAJ/Staj_Projesi/Led_Test.v:44)
[EFX-0012 VERI-INFO] returning to VHDL mode to continue with elaboration (VHDL-1400) (/home/omer-ahin/STAJ/Staj_Projesi/top.vhd:62)
[EFX-0011 VERI-WARNING] 'rst_n' should be on the sensitivity list of the process (VHDL-1251) (/home/omer-ahin/STAJ/Staj_Projesi/top.vhd:66)
[EFX-0012 VERI-INFO] 'others' clause is never selected (VHDL-1172) (/home/omer-ahin/STAJ/Staj_Projesi/top.vhd:109)
[EFX-0011 VERI-WARNING] incomplete sensitivity list specified; assuming completeness (VHDL-1613) (/home/omer-ahin/STAJ/Staj_Projesi/top.vhd:112)
[EFX-0000 INFO] ... Setting Synthesis Option: mode=speed
[EFX-0012 VERI-INFO] re-analyze unit 'rtl' since unit 'clk_divider' is overwritten or removed (VHDL-1201) (/home/omer-ahin/STAJ/Staj_Projesi/top.vhd:20)
[EFX-0012 VERI-INFO] compiling module 'EFX_ADD' (VERI-1018) (/home/omer-ahin/Downloads/efinity/2025.2/sim_models/maplib/efinix_maplib.v:8)
[EFX-0012 VERI-INFO] compiling module 'EFX_FF' (VERI-1018) (/home/omer-ahin/Downloads/efinity/2025.2/sim_models/maplib/efinix_maplib.v:21)
[EFX-0012 VERI-INFO] compiling module 'EFX_COMB4' (VERI-1018) (/home/omer-ahin/Downloads/efinity/2025.2/sim_models/maplib/efinix_maplib.v:38)
[EFX-0012 VERI-INFO] compiling module 'EFX_GBUFCE' (VERI-1018) (/home/omer-ahin/Downloads/efinity/2025.2/sim_models/maplib/efinix_maplib.v:48)
[EFX-0012 VERI-INFO] compiling module 'EFX_LUT4' (VERI-1018) (/home/omer-ahin/Downloads/efinity/2025.2/sim_models/maplib/efinix_maplib.v:57)
[EFX-0012 VERI-INFO] compiling module 'EFX_MULT' (VERI-1018) (/home/omer-ahin/Downloads/efinity/2025.2/sim_models/maplib/efinix_maplib.v:65)
[EFX-0012 VERI-INFO] compiling module 'EFX_DSP48' (VERI-1018) (/home/omer-ahin/Downloads/efinity/2025.2/sim_models/maplib/efinix_maplib.v:100)
[EFX-0012 VERI-INFO] compiling module 'EFX_DSP24' (VERI-1018) (/home/omer-ahin/Downloads/efinity/2025.2/sim_models/maplib/efinix_maplib.v:156)
[EFX-0012 VERI-INFO] compiling module 'EFX_DSP12' (VERI-1018) (/home/omer-ahin/Downloads/efinity/2025.2/sim_models/maplib/efinix_maplib.v:209)
[EFX-0012 VERI-INFO] compiling module 'EFX_RAM_4K' (VERI-1018) (/home/omer-ahin/Downloads/efinity/2025.2/sim_models/maplib/efinix_maplib.v:262)
[EFX-0012 VERI-INFO] compiling module 'EFX_RAM_5K' (VERI-1018) (/home/omer-ahin/Downloads/efinity/2025.2/sim_models/maplib/efinix_maplib.v:322)
[EFX-0012 VERI-INFO] compiling module 'EFX_DPRAM_5K' (VERI-1018) (/home/omer-ahin/Downloads/efinity/2025.2/sim_models/maplib/efinix_maplib.v:394)
[EFX-0012 VERI-INFO] compiling module 'RAMB5' (VERI-1018) (/home/omer-ahin/Downloads/efinity/2025.2/sim_models/maplib/efinix_maplib.v:499)
[EFX-0012 VERI-INFO] compiling module 'EFX_RAM_10K' (VERI-1018) (/home/omer-ahin/Downloads/efinity/2025.2/sim_models/maplib/efinix_maplib.v:561)
[EFX-0012 VERI-INFO] compiling module 'EFX_RAM10' (VERI-1018) (/home/omer-ahin/Downloads/efinity/2025.2/sim_models/maplib/efinix_maplib.v:653)
[EFX-0012 VERI-INFO] compiling module 'EFX_DPRAM10' (VERI-1018) (/home/omer-ahin/Downloads/efinity/2025.2/sim_models/maplib/efinix_maplib.v:754)
[EFX-0012 VERI-INFO] compiling module 'EFX_SRL8' (VERI-1018) (/home/omer-ahin/Downloads/efinity/2025.2/sim_models/maplib/efinix_maplib.v:884)
[EFX-0000 INFO] ... Pre-synthesis checks begin
[EFX-0000 INFO] ... Pre-synthesis checks end (Real time : 0s CPU user time : 0s CPU sys time : 0s MEM : 370048KB)
[EFX-0000 INFO] ... NameSpace init begin
[EFX-0000 INFO] ... NameSpace init end (Real time : 0s CPU user time : 0s CPU sys time : 0s MEM : 370048KB)
[EFX-0000 INFO] ... Mapping design "top"
[EFX-0000 INFO] ... Hierarchical pre-synthesis "uart_tx(clk_freq=33333333)" begin
[EFX-0000 INFO] ... Hierarchical pre-synthesis "uart_tx(clk_freq=33333333)" end (Real time : 0s CPU user time : 0s CPU sys time : 0s MEM : 370048KB)
[EFX-0000 INFO] ... Hierarchical pre-synthesis "clk_divider(CLK_IN_FREQ=33333333,CLK_OUT_FREQ=5)" begin
[EFX-0000 INFO] ... Hierarchical pre-synthesis "clk_divider(CLK_IN_FREQ=33333333,CLK_OUT_FREQ=5)" end (Real time : 0s CPU user time : 0s CPU sys time : 0s MEM : 370048KB)
[EFX-0000 INFO] ... Hierarchical pre-synthesis "top" begin
[EFX-0000 INFO] ... Clock Enable Synthesis Performed on 42 flops.
[EFX-0000 INFO] ... Hierarchical pre-synthesis "top" end (Real time : 0s CPU user time : 0s CPU sys time : 0s MEM : 370048KB)
[EFX-0000 INFO] ... Flat optimizations begin
[EFX-0000 INFO] ... Flat optimizations end (Real time : 0s CPU user time : 0s CPU sys time : 0s MEM : 370048KB)
[EFX-0000 INFO] ... Flat synthesis begin
[EFX-0000 INFO] ... Flat synthesis end (Real time : 0s CPU user time : 0s CPU sys time : 0s MEM : 370048KB)
[EFX-0000 INFO] ... Flat optimizations begin
[EFX-0000 INFO] ... Flat optimizations end (Real time : 0s CPU user time : 0s CPU sys time : 0s MEM : 370048KB)
[EFX-0000 INFO] ... Check and break combinational loops begin
[EFX-0000 INFO] ... Check and break combinational loops end (Real time : 0s CPU user time : 0s CPU sys time : 0s MEM : 370048KB)
[EFX-0000 INFO] ... Sequential Optimization begin
[EFX-0000 INFO] ... Clock Network 'clk_c' with 63 loads will be considered for sequential optimization.
[EFX-0000 INFO] ... Sequential Optimization deduced 1 equivalent points.
[EFX-0000 INFO] ... Sequential Optimization end (Real time : 1s CPU user time : 0s CPU sys time : 0s MEM : 370048KB)
[EFX-0000 INFO] ... Setup for logic synthesis begin
[EFX-0000 INFO] ... Setup for logic synthesis end (Real time : 0s CPU user time : 0s CPU sys time : 0s MEM : 370048KB)
[EFX-0000 INFO] ... LUT mapping begin
[EFX-0000 INFO] ... LS, strategy: 3, nd: 68, ed: 217, lv: 3, pw: 159.31
[EFX-0000 INFO] ... LUT mapping end (Real time : 0s CPU user time : 1s CPU sys time : 0s MEM : 370048KB)
[EFX-0000 INFO] ... Post-synthesis Verific netlist creation begin
[EFX-0000 INFO] ... Post-synthesis Verific netlist creation end (Real time : 0s CPU user time : 1s CPU sys time : 0s MEM : 370048KB)
[EFX-0000 INFO] ... Postmap Retiming Optimization begin
[EFX-0000 INFO] ... Clock Network 'clk_c~clk_c' with 63 loads will be considered for retiming optimization.
[EFX-0000 INFO] ... Performed 0 retime moves.
[EFX-0000 INFO] ... Postmap Retiming Optimization end (Real time : 0s CPU user time : 1s CPU sys time : 0s MEM : 370048KB)
[EFX-0000 INFO] Resource Summary 
[EFX-0000 INFO] =============================== 
[EFX-0000 INFO] EFX_ADD         : 	21
[EFX-0000 INFO] EFX_LUT4        : 	68
[EFX-0000 INFO] EFX_FF          : 	63
[EFX-0000 INFO] EFX_GBUFCE      : 	1
[EFX-0000 INFO] =============================== 
[EFX-0000 INFO] ... Post-Map Verilog Writer begin
[EFX-0000 INFO] ... Post-Map Verilog Writer end (Real time : 0s CPU user time : 1s CPU sys time : 0s MEM : 370048KB)

///////////////////////////////////
// Efinity Synthesis Started 
// Jul 14, 2026 16:09:57
///////////////////////////////////

[EFX-0012 VERI-INFO] default VHDL library search path is now "/home/omer-ahin/Downloads/efinity/2025.2/sim_models/vhdl/packages/vhdl_2008" (VHDL-1504) 
[EFX-0012 VERI-INFO] analyzing entity 'uart_rx' (VHDL-1012) (/home/omer-ahin/STAJ/Staj_Projesi/uart_tx.vhdl:6)
[EFX-0012 VERI-INFO] analyzing architecture 'rtl' (VHDL-1010) (/home/omer-ahin/STAJ/Staj_Projesi/uart_tx.vhdl:21)
[EFX-0012 VERI-INFO] analyzing entity 'uart_tx' (VHDL-1012) (/home/omer-ahin/STAJ/Staj_Projesi/uart_rx.vhd:6)
[EFX-0012 VERI-INFO] analyzing architecture 'rtl' (VHDL-1010) (/home/omer-ahin/STAJ/Staj_Projesi/uart_rx.vhd:22)
[EFX-0012 VERI-INFO] analyzing entity 'top' (VHDL-1012) (/home/omer-ahin/STAJ/Staj_Projesi/top.vhd:6)
[EFX-0012 VERI-INFO] analyzing architecture 'rtl' (VHDL-1010) (/home/omer-ahin/STAJ/Staj_Projesi/top.vhd:20)
[EFX-0012 VERI-INFO] processing 'top(rtl)' (VHDL-1067) (/home/omer-ahin/STAJ/Staj_Projesi/top.vhd:6)
[EFX-0012 VERI-INFO] processing 'uart_tx(clk_freq=33333333)(rtl)' (VHDL-1067) (/home/omer-ahin/STAJ/Staj_Projesi/uart_rx.vhd:6)
[EFX-0012 VERI-INFO] 'others' clause is never selected (VHDL-1172) (/home/omer-ahin/STAJ/Staj_Projesi/uart_rx.vhd:93)
[EFX-0012 VERI-INFO] switching to Verilog mode to elaborate module 'clk_divider' (VHDL-1399) (/home/omer-ahin/STAJ/Staj_Projesi/top.vhd:62)
[EFX-0012 VERI-INFO] compiling module 'clk_divider(CLK_IN_FREQ=33333333,CLK_OUT_FREQ=5)' (VERI-1018) (/home/omer-ahin/STAJ/Staj_Projesi/Led_Test.v:23)
[EFX-0011 VERI-WARNING] expression size 23 truncated to fit in target size 22 (VERI-1209) (/home/omer-ahin/STAJ/Staj_Projesi/Led_Test.v:44)
[EFX-0012 VERI-INFO] returning to VHDL mode to continue with elaboration (VHDL-1400) (/home/omer-ahin/STAJ/Staj_Projesi/top.vhd:62)
[EFX-0011 VERI-WARNING] 'rst_n' should be on the sensitivity list of the process (VHDL-1251) (/home/omer-ahin/STAJ/Staj_Projesi/top.vhd:66)
[EFX-0012 VERI-INFO] 'others' clause is never selected (VHDL-1172) (/home/omer-ahin/STAJ/Staj_Projesi/top.vhd:112)
[EFX-0011 VERI-WARNING] incomplete sensitivity list specified; assuming completeness (VHDL-1613) (/home/omer-ahin/STAJ/Staj_Projesi/top.vhd:115)
[EFX-0000 INFO] ... Setting Synthesis Option: mode=speed
[EFX-0012 VERI-INFO] re-analyze unit 'rtl' since unit 'clk_divider' is overwritten or removed (VHDL-1201) (/home/omer-ahin/STAJ/Staj_Projesi/top.vhd:20)
[EFX-0012 VERI-INFO] compiling module 'EFX_ADD' (VERI-1018) (/home/omer-ahin/Downloads/efinity/2025.2/sim_models/maplib/efinix_maplib.v:8)
[EFX-0012 VERI-INFO] compiling module 'EFX_FF' (VERI-1018) (/home/omer-ahin/Downloads/efinity/2025.2/sim_models/maplib/efinix_maplib.v:21)
[EFX-0012 VERI-INFO] compiling module 'EFX_COMB4' (VERI-1018) (/home/omer-ahin/Downloads/efinity/2025.2/sim_models/maplib/efinix_maplib.v:38)
[EFX-0012 VERI-INFO] compiling module 'EFX_GBUFCE' (VERI-1018) (/home/omer-ahin/Downloads/efinity/2025.2/sim_models/maplib/efinix_maplib.v:48)
[EFX-0012 VERI-INFO] compiling module 'EFX_LUT4' (VERI-1018) (/home/omer-ahin/Downloads/efinity/2025.2/sim_models/maplib/efinix_maplib.v:57)
[EFX-0012 VERI-INFO] compiling module 'EFX_MULT' (VERI-1018) (/home/omer-ahin/Downloads/efinity/2025.2/sim_models/maplib/efinix_maplib.v:65)
[EFX-0012 VERI-INFO] compiling module 'EFX_DSP48' (VERI-1018) (/home/omer-ahin/Downloads/efinity/2025.2/sim_models/maplib/efinix_maplib.v:100)
[EFX-0012 VERI-INFO] compiling module 'EFX_DSP24' (VERI-1018) (/home/omer-ahin/Downloads/efinity/2025.2/sim_models/maplib/efinix_maplib.v:156)
[EFX-0012 VERI-INFO] compiling module 'EFX_DSP12' (VERI-1018) (/home/omer-ahin/Downloads/efinity/2025.2/sim_models/maplib/efinix_maplib.v:209)
[EFX-0012 VERI-INFO] compiling module 'EFX_RAM_4K' (VERI-1018) (/home/omer-ahin/Downloads/efinity/2025.2/sim_models/maplib/efinix_maplib.v:262)
[EFX-0012 VERI-INFO] compiling module 'EFX_RAM_5K' (VERI-1018) (/home/omer-ahin/Downloads/efinity/2025.2/sim_models/maplib/efinix_maplib.v:322)
[EFX-0012 VERI-INFO] compiling module 'EFX_DPRAM_5K' (VERI-1018) (/home/omer-ahin/Downloads/efinity/2025.2/sim_models/maplib/efinix_maplib.v:394)
[EFX-0012 VERI-INFO] compiling module 'RAMB5' (VERI-1018) (/home/omer-ahin/Downloads/efinity/2025.2/sim_models/maplib/efinix_maplib.v:499)
[EFX-0012 VERI-INFO] compiling module 'EFX_RAM_10K' (VERI-1018) (/home/omer-ahin/Downloads/efinity/2025.2/sim_models/maplib/efinix_maplib.v:561)
[EFX-0012 VERI-INFO] compiling module 'EFX_RAM10' (VERI-1018) (/home/omer-ahin/Downloads/efinity/2025.2/sim_models/maplib/efinix_maplib.v:653)
[EFX-0012 VERI-INFO] compiling module 'EFX_DPRAM10' (VERI-1018) (/home/omer-ahin/Downloads/efinity/2025.2/sim_models/maplib/efinix_maplib.v:754)
[EFX-0012 VERI-INFO] compiling module 'EFX_SRL8' (VERI-1018) (/home/omer-ahin/Downloads/efinity/2025.2/sim_models/maplib/efinix_maplib.v:884)
[EFX-0000 INFO] ... Pre-synthesis checks begin
[EFX-0000 INFO] ... Pre-synthesis checks end (Real time : 0s CPU user time : 0s CPU sys time : 0s MEM : 370048KB)
[EFX-0000 INFO] ... NameSpace init begin
[EFX-0000 INFO] ... NameSpace init end (Real time : 0s CPU user time : 0s CPU sys time : 0s MEM : 370048KB)
[EFX-0000 INFO] ... Mapping design "top"
[EFX-0000 INFO] ... Hierarchical pre-synthesis "uart_tx(clk_freq=33333333)" begin
[EFX-0000 INFO] ... Hierarchical pre-synthesis "uart_tx(clk_freq=33333333)" end (Real time : 0s CPU user time : 0s CPU sys time : 0s MEM : 370048KB)
[EFX-0000 INFO] ... Hierarchical pre-synthesis "clk_divider(CLK_IN_FREQ=33333333,CLK_OUT_FREQ=5)" begin
[EFX-0000 INFO] ... Hierarchical pre-synthesis "clk_divider(CLK_IN_FREQ=33333333,CLK_OUT_FREQ=5)" end (Real time : 0s CPU user time : 0s CPU sys time : 0s MEM : 370048KB)
[EFX-0000 INFO] ... Hierarchical pre-synthesis "top" begin
[EFX-0000 INFO] ... Clock Enable Synthesis Performed on 42 flops.
[EFX-0000 INFO] ... Hierarchical pre-synthesis "top" end (Real time : 0s CPU user time : 0s CPU sys time : 0s MEM : 370048KB)
[EFX-0000 INFO] ... Flat optimizations begin
[EFX-0000 INFO] ... Flat optimizations end (Real time : 0s CPU user time : 0s CPU sys time : 0s MEM : 370048KB)
[EFX-0000 INFO] ... Flat synthesis begin
[EFX-0000 INFO] ... Flat synthesis end (Real time : 0s CPU user time : 0s CPU sys time : 0s MEM : 370048KB)
[EFX-0000 INFO] ... Flat optimizations begin
[EFX-0000 INFO] ... Flat optimizations end (Real time : 0s CPU user time : 0s CPU sys time : 0s MEM : 370048KB)
[EFX-0000 INFO] ... Check and break combinational loops begin
[EFX-0000 INFO] ... Check and break combinational loops end (Real time : 0s CPU user time : 0s CPU sys time : 0s MEM : 370048KB)
[EFX-0000 INFO] ... Sequential Optimization begin
[EFX-0000 INFO] ... Clock Network 'clk_c' with 63 loads will be considered for sequential optimization.
[EFX-0000 INFO] ... Sequential Optimization deduced 1 equivalent points.
[EFX-0000 INFO] ... Sequential Optimization end (Real time : 0s CPU user time : 0s CPU sys time : 0s MEM : 370048KB)
[EFX-0000 INFO] ... Setup for logic synthesis begin
[EFX-0000 INFO] ... Setup for logic synthesis end (Real time : 0s CPU user time : 0s CPU sys time : 0s MEM : 370048KB)
[EFX-0000 INFO] ... LUT mapping begin
[EFX-0000 INFO] ... LS, strategy: 3, nd: 67, ed: 217, lv: 3, pw: 159.22
[EFX-0000 INFO] ... LUT mapping end (Real time : 1s CPU user time : 1s CPU sys time : 0s MEM : 370048KB)
[EFX-0000 INFO] ... Post-synthesis Verific netlist creation begin
[EFX-0000 INFO] ... Post-synthesis Verific netlist creation end (Real time : 0s CPU user time : 1s CPU sys time : 0s MEM : 370048KB)
[EFX-0000 INFO] ... Postmap Retiming Optimization begin
[EFX-0000 INFO] ... Clock Network 'clk_c~clk_c' with 63 loads will be considered for retiming optimization.
[EFX-0000 INFO] ... Performed 0 retime moves.
[EFX-0000 INFO] ... Postmap Retiming Optimization end (Real time : 0s CPU user time : 1s CPU sys time : 0s MEM : 370048KB)
[EFX-0000 INFO] Resource Summary 
[EFX-0000 INFO] =============================== 
[EFX-0000 INFO] EFX_ADD         : 	21
[EFX-0000 INFO] EFX_LUT4        : 	67
[EFX-0000 INFO] EFX_FF          : 	63
[EFX-0000 INFO] EFX_GBUFCE      : 	1
[EFX-0000 INFO] =============================== 
[EFX-0000 INFO] ... Post-Map Verilog Writer begin
[EFX-0000 INFO] ... Post-Map Verilog Writer end (Real time : 0s CPU user time : 1s CPU sys time : 0s MEM : 370048KB)

///////////////////////////////////
// Efinity Synthesis Started 
// Jul 14, 2026 16:13:48
///////////////////////////////////

[EFX-0012 VERI-INFO] default VHDL library search path is now "/home/omer-ahin/Downloads/efinity/2025.2/sim_models/vhdl/packages/vhdl_2008" (VHDL-1504) 
[EFX-0012 VERI-INFO] analyzing entity 'uart_rx' (VHDL-1012) (/home/omer-ahin/STAJ/Staj_Projesi/uart_tx.vhdl:6)
[EFX-0012 VERI-INFO] analyzing architecture 'rtl' (VHDL-1010) (/home/omer-ahin/STAJ/Staj_Projesi/uart_tx.vhdl:21)
[EFX-0012 VERI-INFO] analyzing entity 'uart_tx' (VHDL-1012) (/home/omer-ahin/STAJ/Staj_Projesi/uart_rx.vhd:6)
[EFX-0012 VERI-INFO] analyzing architecture 'rtl' (VHDL-1010) (/home/omer-ahin/STAJ/Staj_Projesi/uart_rx.vhd:22)
[EFX-0012 VERI-INFO] analyzing entity 'top' (VHDL-1012) (/home/omer-ahin/STAJ/Staj_Projesi/top.vhd:6)
[EFX-0012 VERI-INFO] analyzing architecture 'rtl' (VHDL-1010) (/home/omer-ahin/STAJ/Staj_Projesi/top.vhd:20)
[EFX-0012 VERI-INFO] processing 'top(rtl)' (VHDL-1067) (/home/omer-ahin/STAJ/Staj_Projesi/top.vhd:6)
[EFX-0012 VERI-INFO] processing 'uart_tx(clk_freq=33333333)(rtl)' (VHDL-1067) (/home/omer-ahin/STAJ/Staj_Projesi/uart_rx.vhd:6)
[EFX-0012 VERI-INFO] 'others' clause is never selected (VHDL-1172) (/home/omer-ahin/STAJ/Staj_Projesi/uart_rx.vhd:93)
[EFX-0012 VERI-INFO] switching to Verilog mode to elaborate module 'clk_divider' (VHDL-1399) (/home/omer-ahin/STAJ/Staj_Projesi/top.vhd:61)
[EFX-0012 VERI-INFO] compiling module 'clk_divider(CLK_IN_FREQ=33333333,CLK_OUT_FREQ=5)' (VERI-1018) (/home/omer-ahin/STAJ/Staj_Projesi/Led_Test.v:23)
[EFX-0011 VERI-WARNING] expression size 23 truncated to fit in target size 22 (VERI-1209) (/home/omer-ahin/STAJ/Staj_Projesi/Led_Test.v:44)
[EFX-0012 VERI-INFO] returning to VHDL mode to continue with elaboration (VHDL-1400) (/home/omer-ahin/STAJ/Staj_Projesi/top.vhd:61)
[EFX-0011 VERI-WARNING] 'rst_n' should be on the sensitivity list of the process (VHDL-1251) (/home/omer-ahin/STAJ/Staj_Projesi/top.vhd:65)
[EFX-0012 VERI-INFO] 'others' clause is never selected (VHDL-1172) (/home/omer-ahin/STAJ/Staj_Projesi/top.vhd:108)
[EFX-0011 VERI-WARNING] incomplete sensitivity list specified; assuming completeness (VHDL-1613) (/home/omer-ahin/STAJ/Staj_Projesi/top.vhd:111)
[EFX-0000 INFO] ... Setting Synthesis Option: mode=speed
[EFX-0012 VERI-INFO] re-analyze unit 'rtl' since unit 'clk_divider' is overwritten or removed (VHDL-1201) (/home/omer-ahin/STAJ/Staj_Projesi/top.vhd:20)
[EFX-0012 VERI-INFO] compiling module 'EFX_ADD' (VERI-1018) (/home/omer-ahin/Downloads/efinity/2025.2/sim_models/maplib/efinix_maplib.v:8)
[EFX-0012 VERI-INFO] compiling module 'EFX_FF' (VERI-1018) (/home/omer-ahin/Downloads/efinity/2025.2/sim_models/maplib/efinix_maplib.v:21)
[EFX-0012 VERI-INFO] compiling module 'EFX_COMB4' (VERI-1018) (/home/omer-ahin/Downloads/efinity/2025.2/sim_models/maplib/efinix_maplib.v:38)
[EFX-0012 VERI-INFO] compiling module 'EFX_GBUFCE' (VERI-1018) (/home/omer-ahin/Downloads/efinity/2025.2/sim_models/maplib/efinix_maplib.v:48)
[EFX-0012 VERI-INFO] compiling module 'EFX_LUT4' (VERI-1018) (/home/omer-ahin/Downloads/efinity/2025.2/sim_models/maplib/efinix_maplib.v:57)
[EFX-0012 VERI-INFO] compiling module 'EFX_MULT' (VERI-1018) (/home/omer-ahin/Downloads/efinity/2025.2/sim_models/maplib/efinix_maplib.v:65)
[EFX-0012 VERI-INFO] compiling module 'EFX_DSP48' (VERI-1018) (/home/omer-ahin/Downloads/efinity/2025.2/sim_models/maplib/efinix_maplib.v:100)
[EFX-0012 VERI-INFO] compiling module 'EFX_DSP24' (VERI-1018) (/home/omer-ahin/Downloads/efinity/2025.2/sim_models/maplib/efinix_maplib.v:156)
[EFX-0012 VERI-INFO] compiling module 'EFX_DSP12' (VERI-1018) (/home/omer-ahin/Downloads/efinity/2025.2/sim_models/maplib/efinix_maplib.v:209)
[EFX-0012 VERI-INFO] compiling module 'EFX_RAM_4K' (VERI-1018) (/home/omer-ahin/Downloads/efinity/2025.2/sim_models/maplib/efinix_maplib.v:262)
[EFX-0012 VERI-INFO] compiling module 'EFX_RAM_5K' (VERI-1018) (/home/omer-ahin/Downloads/efinity/2025.2/sim_models/maplib/efinix_maplib.v:322)
[EFX-0012 VERI-INFO] compiling module 'EFX_DPRAM_5K' (VERI-1018) (/home/omer-ahin/Downloads/efinity/2025.2/sim_models/maplib/efinix_maplib.v:394)
[EFX-0012 VERI-INFO] compiling module 'RAMB5' (VERI-1018) (/home/omer-ahin/Downloads/efinity/2025.2/sim_models/maplib/efinix_maplib.v:499)
[EFX-0012 VERI-INFO] compiling module 'EFX_RAM_10K' (VERI-1018) (/home/omer-ahin/Downloads/efinity/2025.2/sim_models/maplib/efinix_maplib.v:561)
[EFX-0012 VERI-INFO] compiling module 'EFX_RAM10' (VERI-1018) (/home/omer-ahin/Downloads/efinity/2025.2/sim_models/maplib/efinix_maplib.v:653)
[EFX-0012 VERI-INFO] compiling module 'EFX_DPRAM10' (VERI-1018) (/home/omer-ahin/Downloads/efinity/2025.2/sim_models/maplib/efinix_maplib.v:754)
[EFX-0012 VERI-INFO] compiling module 'EFX_SRL8' (VERI-1018) (/home/omer-ahin/Downloads/efinity/2025.2/sim_models/maplib/efinix_maplib.v:884)
[EFX-0000 INFO] ... Pre-synthesis checks begin
[EFX-0000 INFO] ... Pre-synthesis checks end (Real time : 0s CPU user time : 0s CPU sys time : 0s MEM : 370048KB)
[EFX-0000 INFO] ... NameSpace init begin
[EFX-0000 INFO] ... NameSpace init end (Real time : 0s CPU user time : 0s CPU sys time : 0s MEM : 370048KB)
[EFX-0000 INFO] ... Mapping design "top"
[EFX-0000 INFO] ... Hierarchical pre-synthesis "uart_tx(clk_freq=33333333)" begin
[EFX-0000 INFO] ... Hierarchical pre-synthesis "uart_tx(clk_freq=33333333)" end (Real time : 0s CPU user time : 0s CPU sys time : 0s MEM : 370048KB)
[EFX-0000 INFO] ... Hierarchical pre-synthesis "clk_divider(CLK_IN_FREQ=33333333,CLK_OUT_FREQ=5)" begin
[EFX-0000 INFO] ... Hierarchical pre-synthesis "clk_divider(CLK_IN_FREQ=33333333,CLK_OUT_FREQ=5)" end (Real time : 0s CPU user time : 0s CPU sys time : 0s MEM : 370048KB)
[EFX-0000 INFO] ... Hierarchical pre-synthesis "top" begin
[EFX-0000 INFO] ... Clock Enable Synthesis Performed on 42 flops.
[EFX-0000 INFO] ... Hierarchical pre-synthesis "top" end (Real time : 0s CPU user time : 0s CPU sys time : 0s MEM : 370048KB)
[EFX-0000 INFO] ... Flat optimizations begin
[EFX-0000 INFO] ... Flat optimizations end (Real time : 0s CPU user time : 0s CPU sys time : 0s MEM : 370048KB)
[EFX-0000 INFO] ... Flat synthesis begin
[EFX-0000 INFO] ... Flat synthesis end (Real time : 0s CPU user time : 0s CPU sys time : 0s MEM : 370048KB)
[EFX-0000 INFO] ... Flat optimizations begin
[EFX-0000 INFO] ... Flat optimizations end (Real time : 0s CPU user time : 0s CPU sys time : 0s MEM : 370048KB)
[EFX-0000 INFO] ... Check and break combinational loops begin
[EFX-0000 INFO] ... Check and break combinational loops end (Real time : 0s CPU user time : 0s CPU sys time : 0s MEM : 370048KB)
[EFX-0000 INFO] ... Sequential Optimization begin
[EFX-0000 INFO] ... Clock Network 'clk_c' with 63 loads will be considered for sequential optimization.
[EFX-0000 INFO] ... Sequential Optimization deduced 1 equivalent points.
[EFX-0000 INFO] ... Sequential Optimization end (Real time : 0s CPU user time : 0s CPU sys time : 0s MEM : 370048KB)
[EFX-0000 INFO] ... Setup for logic synthesis begin
[EFX-0000 INFO] ... Setup for logic synthesis end (Real time : 0s CPU user time : 0s CPU sys time : 0s MEM : 370048KB)
[EFX-0000 INFO] ... LUT mapping begin
[EFX-0000 INFO] ... LS, strategy: 3, nd: 69, ed: 220, lv: 3, pw: 159.94
[EFX-0000 INFO] ... LUT mapping end (Real time : 1s CPU user time : 1s CPU sys time : 0s MEM : 370048KB)
[EFX-0000 INFO] ... Post-synthesis Verific netlist creation begin
[EFX-0000 INFO] ... Post-synthesis Verific netlist creation end (Real time : 0s CPU user time : 1s CPU sys time : 0s MEM : 370048KB)
[EFX-0000 INFO] ... Postmap Retiming Optimization begin
[EFX-0000 INFO] ... Clock Network 'clk_c~clk_c' with 63 loads will be considered for retiming optimization.
[EFX-0000 INFO] ... Performed 0 retime moves.
[EFX-0000 INFO] ... Postmap Retiming Optimization end (Real time : 0s CPU user time : 1s CPU sys time : 0s MEM : 370048KB)
[EFX-0000 INFO] Resource Summary 
[EFX-0000 INFO] =============================== 
[EFX-0000 INFO] EFX_ADD         : 	21
[EFX-0000 INFO] EFX_LUT4        : 	69
[EFX-0000 INFO] EFX_FF          : 	63
[EFX-0000 INFO] EFX_GBUFCE      : 	1
[EFX-0000 INFO] =============================== 
[EFX-0000 INFO] ... Post-Map Verilog Writer begin
[EFX-0000 INFO] ... Post-Map Verilog Writer end (Real time : 0s CPU user time : 1s CPU sys time : 0s MEM : 370048KB)
