Efinity Synthesis report for project Staj_Projesi
Version: 2025.2.288.2.10
Generated at: Jul 17, 2026 16:04:26
Copyright (C) 2013 - 2025  All rights reserved.

Top-level Entity Name : top_servo

family : Trion
device : T8F81
project : Staj_Projesi
root : top_servo
I,include : /home/omer-ahin/STAJ/Staj_Projesi
binary-db : /home/omer-ahin/STAJ/Staj_Projesi/outflow/Staj_Projesi.vdb
insert-ios : 0
max-carry-cascade : 160
max_mult : -1
max_ram : -1
mode : speed
output-dir : /home/omer-ahin/STAJ/Staj_Projesi/outflow
project : Staj_Projesi
project-xml : /home/omer-ahin/STAJ/Staj_Projesi/Staj_Projesi.xml
root : top_servo
work-dir : /home/omer-ahin/STAJ/Staj_Projesi/work_syn
write-efx-verilog : /home/omer-ahin/STAJ/Staj_Projesi/outflow/Staj_Projesi.map.v
write-premap-module : /home/omer-ahin/STAJ/Staj_Projesi/outflow/Staj_Projesi.elab.vdb

File List:

/home/omer-ahin/STAJ/Staj_Projesi/uart_tx.vhdl
/home/omer-ahin/STAJ/Staj_Projesi/uart_rx.vhd
/home/omer-ahin/STAJ/Staj_Projesi/Led_Test.v
/home/omer-ahin/STAJ/Staj_Projesi/Spi_Mode_3.vhd
/home/omer-ahin/STAJ/Staj_Projesi/pwm_servo.vhdl
/home/omer-ahin/STAJ/Staj_Projesi/top.vhd
/home/omer-ahin/STAJ/Staj_Projesi/Debounce.vhd
/home/omer-ahin/STAJ/Staj_Projesi/MPU6500.vhd
/home/omer-ahin/STAJ/Staj_Projesi/top_servo.vhd

### ### Report Section Start ### ###


### ### EFX_FF CE enables (begin) ### ### ###
Total number of enable signals: 19
Total number of FFs with enable signals: 54
CE signal <rx_valid>, number of controlling flip flops: 8
CE signal <ceg_net36>, number of controlling flip flops: 3
CE signal <ceg_net61>, number of controlling flip flops: 2
CE signal <Inst_uart_rx/n495>, number of controlling flip flops: 8
CE signal <ceg_net40>, number of controlling flip flops: 1
CE signal <Inst_uart_rx/n522>, number of controlling flip flops: 1
CE signal <Inst_uart_rx/n526>, number of controlling flip flops: 1
CE signal <Inst_uart_rx/n543>, number of controlling flip flops: 1
CE signal <Inst_uart_rx/n530>, number of controlling flip flops: 1
CE signal <Inst_uart_rx/n532>, number of controlling flip flops: 1
CE signal <Inst_uart_rx/n546>, number of controlling flip flops: 1
CE signal <Inst_uart_rx/n547>, number of controlling flip flops: 1
CE signal <Inst_uart_rx/n548>, number of controlling flip flops: 1
CE signal <Inst_uart_tx/n406>, number of controlling flip flops: 8
CE signal <ceg_net62>, number of controlling flip flops: 2
CE signal <ceg_net11>, number of controlling flip flops: 9
CE signal <ceg_net46>, number of controlling flip flops: 3
CE signal <ceg_net43>, number of controlling flip flops: 1
CE signal <ceg_net44>, number of controlling flip flops: 1
### ### EFX_FF CE enables (end) ### ### ###

### ### EFX_FF SR set/reset (begin) ### ### ###
Total number of set/reset signals: 1
Total number of FFs with set/reset signals: 102
SR signal <rst_n_i>, number of controlling flip flops: 102
### ### EFX_FF SR set/reset (end) ### ### ###

### ### Sequential Elements Trimming Report (begin) ### ### ### 
FF Output: Inst_pwm_servo/pulse_width[0](=0)
FF Output: Inst_pwm_servo/pulse_width[17](=0)
FF Output: Inst_pwm_servo/pulse_width[18](=0)
FF Output: Inst_pwm_servo/pulse_width[19](=0)
FF Output: Inst_pwm_servo/pulse_width[1](=0)
### ### Sequential Elements Trimming Report (end) ### ### ### 

### ### Module Resource Usage Distribution Estimates (begin) ### ###

**Note: some resources maybe grouped under different hierarchy due to optimization and LUT mapping

Module                            FFs      ADDs      LUTs      RAMs DSP/MULTs
---------------------------       ---      ----      ----      ---- ---------
top_servo:top_servo            102(9)     33(0)    129(1)      0(0)      1(0)
 +Inst_pwm_servo:pwm_servo     36(36)    33(33)    50(50)      0(0)      1(1)
 +Inst_uart_tx:uart_tx         24(24)      0(0)    34(34)      0(0)      0(0)
 +Inst_uart_rx:uart_rx         33(33)      0(0)    44(44)      0(0)      0(0)

### ### Module Resource Usage Distribution Estimates (end) ### ###


### ### Clock Load Distribution Report (begin) ### ###

 Clock      Flip-Flops    Memory PortsMultipliers/DSPs
 -----      ----------    ----------------------------
 clk_i             102               0               1

### ### Clock Load Distribution Report (end) ### ###

### ### Resource Summary (begin) ### ### ### 
INPUT  PORTS    : 	3
OUTPUT PORTS    : 	2

EFX_ADD         : 	33
EFX_LUT4        : 	129
   1-2  Inputs  : 	41
   3    Inputs  : 	30
   4    Inputs  : 	58
EFX_MULT        : 	1
EFX_FF          : 	102
EFX_GBUFCE      : 	1
### ### Resource Summary (end) ### ### ###

Plain synthesis (without verilog dump and post-map checks) time : 0s
Elapsed synthesis time : 0s
