           
           Efinix FPGA Placement and Routing.
           Version: 2025.2.288.2.10 
           Compiled: Dec 18 2025.
           
           Copyright (C) 2013 - 2025 Efinix, Inc. All rights reserved.

           
           The Tool Is Based on VPR of University of Toronto,
           a free open source code under MIT license.
           
           
INFO     : Running Placement and Routing for Family "Trion", Device "T8F81" ...
           
           ***** Beginning stage Routing graph generation ... *****
INFO     : Read ipin pattern from /home/omer-ahin/Downloads/efinity/2025.2/arch/./routing/ipin_oph.xml
INFO     : Finished parsing ipin pattern file '/home/omer-ahin/Downloads/efinity/2025.2/arch/./routing/ipin_oph.xdb'.
INFO     : Finished parsing switch_block file '/home/omer-ahin/Downloads/efinity/2025.2/arch/./routing/sb_connectivity_subset.xdb'.
INFO     : BuildGraph process took 0.437352184 seconds [FlowMsg::StageDuration]
INFO     :     BuildGraph process took 0.42 seconds (approximately) in total CPU time [FlowMsg::StageDuration::CPUTime]
INFO     : BuildGraph process virtual memory usage: begin = 250.724 MB, end = 291.092 MB, delta = 40.368 MB [FlowMsg::VMUsage]
INFO     : BuildGraph process resident set memory usage: begin = 134.38 MB, end = 176.948 MB, delta = 42.568 MB [FlowMsg::RSSUsage]
INFO     :     BuildGraph process peak resident set memory usage = 294.284 MB [FlowMsg::RSSUsage::Peak]
INFO     : check rr_graph process took 0.028178047 seconds [FlowMsg::StageDuration]
INFO     :     check rr_graph process took 0.03 seconds (approximately) in total CPU time [FlowMsg::StageDuration::CPUTime]
INFO     : check rr_graph process virtual memory usage: begin = 291.092 MB, end = 291.092 MB, delta = 0 MB [FlowMsg::VMUsage]
INFO     : check rr_graph process resident set memory usage: begin = 176.948 MB, end = 177.088 MB, delta = 0.14 MB [FlowMsg::RSSUsage]
INFO     :     check rr_graph process peak resident set memory usage = 294.284 MB [FlowMsg::RSSUsage::Peak]
INFO     : Generated 397419 RR nodes and 1461991 RR edges [DBMsg::DatabaseRoutingGraphStats]
INFO     : This design has 0 global control net(s). See /home/omer-ahin/STAJ/Uart_Echo/outflow/Uart_Echo.route.rpt for details.
INFO     : Routing graph took 0.484111718 seconds [FlowMsg::StageDuration]
INFO     :     Routing graph took 0.47 seconds (approximately) in total CPU time [FlowMsg::StageDuration::CPUTime]
INFO     : Routing graph virtual memory usage: begin = 250.724 MB, end = 291.092 MB, delta = 40.368 MB [FlowMsg::VMUsage]
INFO     : Routing graph resident set memory usage: begin = 133.888 MB, end = 177.216 MB, delta = 43.328 MB [FlowMsg::RSSUsage]
INFO     :     Routing graph peak resident set memory usage = 294.284 MB [FlowMsg::RSSUsage::Peak]
           ***** Ending stage Routing graph generation *****
           
           ***** Beginning stage routing ... *****
INFO     : SDC file '/home/omer-ahin/STAJ/Uart_Echo/Uart_Echo.pt.sdc' is missing or does not contain any valid constraint
INFO     : Using default timing constraint of 1 ns
INFO     : SDC file '/home/omer-ahin/STAJ/Uart_Echo/Uart_Echo.pt.sdc' parsed successfully.
INFO     :  ---------      -------     --------------      -------------
INFO     :  Iteration      Overuse     Crit Path (ns)      Calc Time (s)
INFO     :  ---------      -------     --------------      -------------
INFO     :          1          243              12.61             0.0192
INFO     :          2           77              12.61             0.0118
INFO     :          3           37              12.45             0.0108
INFO     :          4           16              12.45            0.00878
INFO     :          5            7              12.45            0.00783
INFO     :          6            2              12.45            0.00727
INFO     :          7            2              12.45            0.00686
INFO     :          8            1              12.62            0.00719
INFO     :          9            0              12.62            0.00722
           
INFO     : Successfully routed netlist after 9 routing iterations and 213200 heapops
INFO     : Completed net delay value cross check successfully.
           ***** Beginning stage routing check ... *****
           ***** Ending stage routing check *****
           
INFO     : Serial number (magic cookie) for the routing is: 16467440
INFO     : Netlist fully routed.
INFO     : Successfully created FPGA route file '/home/omer-ahin/STAJ/Uart_Echo/outflow/Uart_Echo.route'
INFO     : Routing took 0.154862697 seconds [FlowMsg::StageDuration]
INFO     :     Routing took 0.17 seconds (approximately) in total CPU time [FlowMsg::StageDuration::CPUTime]
INFO     : Routing virtual memory usage: begin = 291.092 MB, end = 302.996 MB, delta = 11.904 MB [FlowMsg::VMUsage]
INFO     : Routing resident set memory usage: begin = 177.216 MB, end = 187.26 MB, delta = 10.044 MB [FlowMsg::RSSUsage]
INFO     :     Routing peak resident set memory usage = 294.284 MB [FlowMsg::RSSUsage::Peak]
           ***** Ending stage routing *****
           
           ***** Beginning stage final timing analysis ... *****
INFO     : SDC file '/home/omer-ahin/STAJ/Uart_Echo/Uart_Echo.pt.sdc' is missing or does not contain any valid constraint
INFO     : Using default timing constraint of 1 ns
INFO     : SDC file '/home/omer-ahin/STAJ/Uart_Echo/Uart_Echo.pt.sdc' parsed successfully.
Maximum possible analyzed clocks frequency
 Clock Name  Period (ns)  Frequency (MHz)     Edge
   clk_c        12.764        78.345         (R-R)

Geomean max period: 12.764

Setup (Max) Clock Relationship
  Launch Clock    Capture Clock   Constraint (ns)     Slack (ns)          Edge
     clk_c            clk_c            1.000           -11.764           (R-R)

Hold (Min) Clock Relationship
  Launch Clock    Capture Clock   Constraint (ns)     Slack (ns)          Edge
     clk_c            clk_c            0.000            0.642            (R-R)

WARNING  : Clock domain between clk_c (rising) and clk_c (rising) may not meet (slack: -11.764 ns) the setup (max) timing requirement
INFO     : Write Timing Report to "/home/omer-ahin/STAJ/Uart_Echo/outflow/Uart_Echo.timing.rpt" ...
INFO     : final timing analysis took 0.038566871 seconds [FlowMsg::StageDuration]
INFO     :     final timing analysis took 0.04 seconds (approximately) in total CPU time [FlowMsg::StageDuration::CPUTime]
INFO     : final timing analysis virtual memory usage: begin = 302.996 MB, end = 302.996 MB, delta = 0 MB [FlowMsg::VMUsage]
INFO     : final timing analysis resident set memory usage: begin = 187.428 MB, end = 187.848 MB, delta = 0.42 MB [FlowMsg::RSSUsage]
INFO     :     final timing analysis peak resident set memory usage = 294.284 MB [FlowMsg::RSSUsage::Peak]
           ***** Ending stage final timing analysis *****
           
           ***** Beginning stage bitstream generation ... *****
INFO     : Reading core interface constraints file "/home/omer-ahin/STAJ/Uart_Echo/outflow/Uart_Echo.interface.csv" [DBMsg::CoreInterfaceConstraintsFileReading]
INFO     : Successfully read core interface constraints file "/home/omer-ahin/STAJ/Uart_Echo/outflow/Uart_Echo.interface.csv" [DBMsg::CoreInterfaceConstraintsFileLoadSuccess]
INFO     : Finished writing bitstream file /home/omer-ahin/STAJ/Uart_Echo/work_pnr/Uart_Echo.lbf.
INFO     : Bitstream generation took 0.108469549 seconds [FlowMsg::StageDuration]
INFO     :     Bitstream generation took 0.1 seconds (approximately) in total CPU time [FlowMsg::StageDuration::CPUTime]
INFO     : Bitstream generation virtual memory usage: begin = 302.996 MB, end = 302.996 MB, delta = 0 MB [FlowMsg::VMUsage]
INFO     : Bitstream generation resident set memory usage: begin = 187.848 MB, end = 188.784 MB, delta = 0.936 MB [FlowMsg::RSSUsage]
INFO     :     Bitstream generation peak resident set memory usage = 294.284 MB [FlowMsg::RSSUsage::Peak]
INFO     : The entire flow of EFX_PNR took 2.845873159 seconds [FlowMsg::StageDuration]
INFO     :     The entire flow of EFX_PNR took 3.07 seconds (approximately) in total CPU time [FlowMsg::StageDuration::CPUTime]
INFO     : The entire flow of EFX_PNR virtual memory usage: begin = 127.78 MB, end = 302.996 MB, delta = 175.216 MB [FlowMsg::VMUsage]
INFO     : The entire flow of EFX_PNR resident set memory usage: begin = 39.776 MB, end = 188.784 MB, delta = 149.008 MB [FlowMsg::RSSUsage]
INFO     :     The entire flow of EFX_PNR peak resident set memory usage = 294.284 MB [FlowMsg::RSSUsage::Peak]
