Efinity Synthesis report for project Uart_Echo
Version: 2025.2.288.2.10
Generated at: Jul 22, 2026 09:40:32
Copyright (C) 2013 - 2025  All rights reserved.

Top-level Entity Name : uart_echo

family : Trion
device : T8F81
project : Uart_Echo
root : uart_echo
I,include : /home/omer-ahin/STAJ/Uart_Echo
binary-db : /home/omer-ahin/STAJ/Uart_Echo/outflow/Uart_Echo.vdb
insert-ios : 0
max-carry-cascade : 160
max_mult : -1
max_ram : -1
mode : speed
output-dir : /home/omer-ahin/STAJ/Uart_Echo/outflow
project : Uart_Echo
project-xml : /home/omer-ahin/STAJ/Uart_Echo/Uart_Echo.xml
root : uart_echo
work-dir : /home/omer-ahin/STAJ/Uart_Echo/work_syn
write-efx-verilog : /home/omer-ahin/STAJ/Uart_Echo/outflow/Uart_Echo.map.v
write-premap-module : /home/omer-ahin/STAJ/Uart_Echo/outflow/Uart_Echo.elab.vdb

File List:

/home/omer-ahin/STAJ/Uart_Echo/uart_rx.vhd
/home/omer-ahin/STAJ/Uart_Echo/uart_tx.vhdl
/home/omer-ahin/STAJ/Uart_Echo/uart_echo.vhdl

### ### Report Section Start ### ###


### ### EFX_FF CE enables (begin) ### ### ###
Total number of enable signals: 20
Total number of FFs with enable signals: 48
CE signal <ceg_net1>, number of controlling flip flops: 1
CE signal <ceg_net39>, number of controlling flip flops: 1
CE signal <ceg_net41>, number of controlling flip flops: 3
CE signal <ceg_net66>, number of controlling flip flops: 2
CE signal <uart_rx_i/n495>, number of controlling flip flops: 8
CE signal <ceg_net45>, number of controlling flip flops: 1
CE signal <uart_rx_i/n522>, number of controlling flip flops: 1
CE signal <uart_rx_i/n542>, number of controlling flip flops: 1
CE signal <uart_rx_i/n530>, number of controlling flip flops: 1
CE signal <uart_rx_i/n532>, number of controlling flip flops: 1
CE signal <uart_rx_i/n534>, number of controlling flip flops: 1
CE signal <uart_rx_i/n536>, number of controlling flip flops: 1
CE signal <uart_rx_i/n547>, number of controlling flip flops: 1
CE signal <uart_rx_i/n548>, number of controlling flip flops: 1
CE signal <uart_tx_i/n404>, number of controlling flip flops: 8
CE signal <ceg_net67>, number of controlling flip flops: 2
CE signal <ceg_net15>, number of controlling flip flops: 9
CE signal <ceg_net51>, number of controlling flip flops: 3
CE signal <ceg_net48>, number of controlling flip flops: 1
CE signal <ceg_net49>, number of controlling flip flops: 1
### ### EFX_FF CE enables (end) ### ### ###

### ### EFX_FF SR set/reset (begin) ### ### ###
Total number of set/reset signals: 1
Total number of FFs with set/reset signals: 59
SR signal <rst_n>, number of controlling flip flops: 59
### ### EFX_FF SR set/reset (end) ### ### ###

### ### Module Resource Usage Distribution Estimates (begin) ### ###

**Note: some resources maybe grouped under different hierarchy due to optimization and LUT mapping

Module                                        FFs      ADDs      LUTs      RAMs DSP/MULTs
---------------------------------------       ---      ----      ----      ---- ---------
uart_echo:uart_echo                         59(2)      0(0)     86(2)      0(0)      0(0)
 +uart_rx_i:uart_rx                        33(33)      0(0)    50(50)      0(0)      0(0)
 +uart_tx_i:uart_tx(clk_freq=33333333)     24(24)      0(0)    34(34)      0(0)      0(0)

### ### Module Resource Usage Distribution Estimates (end) ### ###


### ### Clock Load Distribution Report (begin) ### ###

 Clock      Flip-Flops    Memory PortsMultipliers/DSPs
 -----      ----------    ----------------------------
 clk_c              59               0               0

### ### Clock Load Distribution Report (end) ### ###

### ### Resource Summary (begin) ### ### ### 
INPUT  PORTS    : 	3
OUTPUT PORTS    : 	1

EFX_LUT4        : 	86
   1-2  Inputs  : 	18
   3    Inputs  : 	27
   4    Inputs  : 	41
EFX_FF          : 	59
EFX_GBUFCE      : 	1
### ### Resource Summary (end) ### ### ###

Plain synthesis (without verilog dump and post-map checks) time : 1s
Elapsed synthesis time : 1s
