
///////////////////////////////////
// Efinity Synthesis Started 
// Jul 13, 2026 14:28:49
///////////////////////////////////

[EFX-0012 VERI-INFO] default VHDL library search path is now "/home/omer-ahin/Downloads/efinity/2025.2/sim_models/vhdl/packages/vhdl_2008" (VHDL-1504) 
[EFX-0012 VERI-INFO] analyzing entity 'uart_rx' (VHDL-1012) (/home/omer-ahin/STAJ/Uart_Echo/uart_rx.vhd:7)
[EFX-0010 VERI-ERROR] syntax error near '50000000' (VHDL-1261) (/home/omer-ahin/STAJ/Uart_Echo/uart_rx.vhd:9)
[EFX-0010 VERI-ERROR] 'datawidth' is not declared (VHDL-1241) (/home/omer-ahin/STAJ/Uart_Echo/uart_rx.vhd:17)
[EFX-0010 VERI-ERROR] semicolon after last interface declaration is only supported in VHDL 1076-2019 (VHDL-1854) (/home/omer-ahin/STAJ/Uart_Echo/uart_rx.vhd:19)
[EFX-0010 VERI-ERROR] constant 'tx' can only be of mode 'in' (VHDL-1330) (/home/omer-ahin/STAJ/Uart_Echo/uart_rx.vhd:18)
[EFX-0010 VERI-ERROR] constant 'tx_busy' can only be of mode 'in' (VHDL-1330) (/home/omer-ahin/STAJ/Uart_Echo/uart_rx.vhd:19)
[EFX-0010 VERI-ERROR] syntax error near 'architecture' (VHDL-1261) (/home/omer-ahin/STAJ/Uart_Echo/uart_rx.vhd:21)
[EFX-0010 VERI-ERROR] 'clk_freq' is not declared (VHDL-1241) (/home/omer-ahin/STAJ/Uart_Echo/uart_rx.vhd:22)
[EFX-0010 VERI-ERROR] 'data_width' is not declared (VHDL-1241) (/home/omer-ahin/STAJ/Uart_Echo/uart_rx.vhd:24)
[EFX-0010 VERI-ERROR] type conversion expression type for 'real' cannot be uniquely determined (VHDL-1155) (/home/omer-ahin/STAJ/Uart_Echo/uart_rx.vhd:24)
[EFX-0010 VERI-ERROR] 'data_width' is not declared (VHDL-1241) (/home/omer-ahin/STAJ/Uart_Echo/uart_rx.vhd:28)
[EFX-0010 VERI-ERROR] syntax error near 'begin' (VHDL-1261) (/home/omer-ahin/STAJ/Uart_Echo/uart_rx.vhd:32)
[EFX-0010 VERI-ERROR] 'rst_n' is already declared in this region (VHDL-1223) (/home/omer-ahin/STAJ/Uart_Echo/uart_rx.vhd:33)

///////////////////////////////////
// Efinity Synthesis Started 
// Jul 13, 2026 14:29:31
///////////////////////////////////

[EFX-0012 VERI-INFO] default VHDL library search path is now "/home/omer-ahin/Downloads/efinity/2025.2/sim_models/vhdl/packages/vhdl_2008" (VHDL-1504) 
[EFX-0012 VERI-INFO] analyzing entity 'uart_rx' (VHDL-1012) (/home/omer-ahin/STAJ/Uart_Echo/uart_rx.vhd:7)
[EFX-0010 VERI-ERROR] syntax error near '50000000' (VHDL-1261) (/home/omer-ahin/STAJ/Uart_Echo/uart_rx.vhd:9)
[EFX-0010 VERI-ERROR] 'datawidth' is not declared (VHDL-1241) (/home/omer-ahin/STAJ/Uart_Echo/uart_rx.vhd:17)
[EFX-0010 VERI-ERROR] semicolon after last interface declaration is only supported in VHDL 1076-2019 (VHDL-1854) (/home/omer-ahin/STAJ/Uart_Echo/uart_rx.vhd:19)
[EFX-0010 VERI-ERROR] constant 'tx' can only be of mode 'in' (VHDL-1330) (/home/omer-ahin/STAJ/Uart_Echo/uart_rx.vhd:18)
[EFX-0010 VERI-ERROR] constant 'tx_busy' can only be of mode 'in' (VHDL-1330) (/home/omer-ahin/STAJ/Uart_Echo/uart_rx.vhd:19)
[EFX-0010 VERI-ERROR] syntax error near 'architecture' (VHDL-1261) (/home/omer-ahin/STAJ/Uart_Echo/uart_rx.vhd:21)
[EFX-0010 VERI-ERROR] 'clk_freq' is not declared (VHDL-1241) (/home/omer-ahin/STAJ/Uart_Echo/uart_rx.vhd:22)
[EFX-0010 VERI-ERROR] 'data_width' is not declared (VHDL-1241) (/home/omer-ahin/STAJ/Uart_Echo/uart_rx.vhd:24)
[EFX-0010 VERI-ERROR] type conversion expression type for 'real' cannot be uniquely determined (VHDL-1155) (/home/omer-ahin/STAJ/Uart_Echo/uart_rx.vhd:24)
[EFX-0010 VERI-ERROR] 'data_width' is not declared (VHDL-1241) (/home/omer-ahin/STAJ/Uart_Echo/uart_rx.vhd:28)
[EFX-0010 VERI-ERROR] syntax error near 'begin' (VHDL-1261) (/home/omer-ahin/STAJ/Uart_Echo/uart_rx.vhd:32)
[EFX-0010 VERI-ERROR] 'rst_n' is already declared in this region (VHDL-1223) (/home/omer-ahin/STAJ/Uart_Echo/uart_rx.vhd:33)

///////////////////////////////////
// Efinity Synthesis Started 
// Jul 13, 2026 14:30:28
///////////////////////////////////

[EFX-0012 VERI-INFO] default VHDL library search path is now "/home/omer-ahin/Downloads/efinity/2025.2/sim_models/vhdl/packages/vhdl_2008" (VHDL-1504) 
[EFX-0012 VERI-INFO] analyzing entity 'uart_tx' (VHDL-1012) (/home/omer-ahin/STAJ/Uart_Echo/uart_rx.vhd:6)
[EFX-0012 VERI-INFO] analyzing architecture 'my_top_arc' (VHDL-1010) (/home/omer-ahin/STAJ/Uart_Echo/uart_rx.vhd:22)
[EFX-0012 VERI-INFO] analyzing entity 'uart_rx' (VHDL-1012) (/home/omer-ahin/STAJ/Uart_Echo/uart_tx.vhdl:6)
[EFX-0012 VERI-INFO] analyzing architecture 'rtl' (VHDL-1010) (/home/omer-ahin/STAJ/Uart_Echo/uart_tx.vhdl:21)
[EFX-0012 VERI-INFO] analyzing entity 'uart_echo' (VHDL-1012) (/home/omer-ahin/STAJ/Uart_Echo/uart_echo.vhdl:6)
[EFX-0012 VERI-INFO] analyzing architecture 'rtl' (VHDL-1010) (/home/omer-ahin/STAJ/Uart_Echo/uart_echo.vhdl:21)
[EFX-0012 VERI-INFO] processing 'uart_echo(rtl)' (VHDL-1067) (/home/omer-ahin/STAJ/Uart_Echo/uart_echo.vhdl:6)
[EFX-0012 VERI-INFO] processing 'uart_rx(clk_freq=50000000,baud_rate=5)(rtl)' (VHDL-1067) (/home/omer-ahin/STAJ/Uart_Echo/uart_tx.vhdl:6)
[EFX-0012 VERI-INFO] 'others' clause is never selected (VHDL-1172) (/home/omer-ahin/STAJ/Uart_Echo/uart_tx.vhdl:101)
[EFX-0012 VERI-INFO] processing 'uart_tx(baud_rate=5)(my_top_arc)' (VHDL-1067) (/home/omer-ahin/STAJ/Uart_Echo/uart_rx.vhd:6)
[EFX-0000 INFO] ... Setting Synthesis Option: mode=speed
[EFX-0012 VERI-INFO] compiling module 'EFX_ADD' (VERI-1018) (/home/omer-ahin/Downloads/efinity/2025.2/sim_models/maplib/efinix_maplib.v:8)
[EFX-0012 VERI-INFO] compiling module 'EFX_FF' (VERI-1018) (/home/omer-ahin/Downloads/efinity/2025.2/sim_models/maplib/efinix_maplib.v:21)
[EFX-0012 VERI-INFO] compiling module 'EFX_COMB4' (VERI-1018) (/home/omer-ahin/Downloads/efinity/2025.2/sim_models/maplib/efinix_maplib.v:38)
[EFX-0012 VERI-INFO] compiling module 'EFX_GBUFCE' (VERI-1018) (/home/omer-ahin/Downloads/efinity/2025.2/sim_models/maplib/efinix_maplib.v:48)
[EFX-0012 VERI-INFO] compiling module 'EFX_LUT4' (VERI-1018) (/home/omer-ahin/Downloads/efinity/2025.2/sim_models/maplib/efinix_maplib.v:57)
[EFX-0012 VERI-INFO] compiling module 'EFX_MULT' (VERI-1018) (/home/omer-ahin/Downloads/efinity/2025.2/sim_models/maplib/efinix_maplib.v:65)
[EFX-0012 VERI-INFO] compiling module 'EFX_DSP48' (VERI-1018) (/home/omer-ahin/Downloads/efinity/2025.2/sim_models/maplib/efinix_maplib.v:100)
[EFX-0012 VERI-INFO] compiling module 'EFX_DSP24' (VERI-1018) (/home/omer-ahin/Downloads/efinity/2025.2/sim_models/maplib/efinix_maplib.v:156)
[EFX-0012 VERI-INFO] compiling module 'EFX_DSP12' (VERI-1018) (/home/omer-ahin/Downloads/efinity/2025.2/sim_models/maplib/efinix_maplib.v:209)
[EFX-0012 VERI-INFO] compiling module 'EFX_RAM_4K' (VERI-1018) (/home/omer-ahin/Downloads/efinity/2025.2/sim_models/maplib/efinix_maplib.v:262)
[EFX-0012 VERI-INFO] compiling module 'EFX_RAM_5K' (VERI-1018) (/home/omer-ahin/Downloads/efinity/2025.2/sim_models/maplib/efinix_maplib.v:322)
[EFX-0012 VERI-INFO] compiling module 'EFX_DPRAM_5K' (VERI-1018) (/home/omer-ahin/Downloads/efinity/2025.2/sim_models/maplib/efinix_maplib.v:394)
[EFX-0012 VERI-INFO] compiling module 'RAMB5' (VERI-1018) (/home/omer-ahin/Downloads/efinity/2025.2/sim_models/maplib/efinix_maplib.v:499)
[EFX-0012 VERI-INFO] compiling module 'EFX_RAM_10K' (VERI-1018) (/home/omer-ahin/Downloads/efinity/2025.2/sim_models/maplib/efinix_maplib.v:561)
[EFX-0012 VERI-INFO] compiling module 'EFX_RAM10' (VERI-1018) (/home/omer-ahin/Downloads/efinity/2025.2/sim_models/maplib/efinix_maplib.v:653)
[EFX-0012 VERI-INFO] compiling module 'EFX_DPRAM10' (VERI-1018) (/home/omer-ahin/Downloads/efinity/2025.2/sim_models/maplib/efinix_maplib.v:754)
[EFX-0012 VERI-INFO] compiling module 'EFX_SRL8' (VERI-1018) (/home/omer-ahin/Downloads/efinity/2025.2/sim_models/maplib/efinix_maplib.v:884)
[EFX-0000 INFO] ... Pre-synthesis checks begin
[EFX-0000 INFO] ... Pre-synthesis checks end (Real time : 0s CPU user time : 1s CPU sys time : 0s MEM : 315508KB)
[EFX-0000 INFO] ... NameSpace init begin
[EFX-0000 INFO] ... NameSpace init end (Real time : 0s CPU user time : 1s CPU sys time : 0s MEM : 315508KB)
[EFX-0000 INFO] ... Mapping design "uart_echo"
[EFX-0000 INFO] ... Hierarchical pre-synthesis "uart_rx(clk_freq=50000000,baud_rate=5)" begin
[EFX-0000 INFO] ... Hierarchical pre-synthesis "uart_rx(clk_freq=50000000,baud_rate=5)" end (Real time : 0s CPU user time : 1s CPU sys time : 0s MEM : 315508KB)
[EFX-0000 INFO] ... Hierarchical pre-synthesis "uart_tx(baud_rate=5)" begin
[EFX-0000 INFO] ... Hierarchical pre-synthesis "uart_tx(baud_rate=5)" end (Real time : 0s CPU user time : 1s CPU sys time : 0s MEM : 315508KB)
[EFX-0000 INFO] ... Hierarchical pre-synthesis "uart_echo" begin
[EFX-0000 INFO] ... Clock Enable Synthesis Performed on 82 flops.
[EFX-0000 INFO] ... Hierarchical pre-synthesis "uart_echo" end (Real time : 0s CPU user time : 1s CPU sys time : 0s MEM : 315508KB)
[EFX-0000 INFO] ... Flat optimizations begin
[EFX-0000 INFO] ... Flat optimizations end (Real time : 0s CPU user time : 1s CPU sys time : 0s MEM : 315508KB)
[EFX-0000 INFO] ... Flat synthesis begin
[EFX-0000 INFO] ... Flat synthesis end (Real time : 0s CPU user time : 1s CPU sys time : 0s MEM : 315508KB)
[EFX-0000 INFO] ... Flat optimizations begin
[EFX-0000 INFO] ... Flat optimizations end (Real time : 0s CPU user time : 1s CPU sys time : 0s MEM : 315508KB)
[EFX-0000 INFO] ... Check and break combinational loops begin
[EFX-0000 INFO] ... Check and break combinational loops end (Real time : 0s CPU user time : 1s CPU sys time : 0s MEM : 315508KB)
[EFX-0000 INFO] ... Sequential Optimization begin
[EFX-0000 INFO] ... Clock Network 'clk_c' with 84 loads will be considered for sequential optimization.
[EFX-0000 INFO] ... Sequential Optimization deduced 5 equivalent points.
[EFX-0000 INFO] ... Sequential Optimization end (Real time : 0s CPU user time : 1s CPU sys time : 0s MEM : 315508KB)
[EFX-0000 INFO] ... Setup for logic synthesis begin
[EFX-0000 INFO] ... Setup for logic synthesis end (Real time : 0s CPU user time : 1s CPU sys time : 0s MEM : 315508KB)
[EFX-0000 INFO] ... LUT mapping begin
[EFX-0000 INFO] ... LS, strategy: 3, nd: 152, ed: 497, lv: 4, pw: 250.79
[EFX-0000 INFO] ... LUT mapping end (Real time : 2s CPU user time : 3s CPU sys time : 0s MEM : 315508KB)
[EFX-0000 INFO] ... Post-synthesis Verific netlist creation begin
[EFX-0000 INFO] ... Post-synthesis Verific netlist creation end (Real time : 0s CPU user time : 3s CPU sys time : 0s MEM : 315508KB)
[EFX-0000 INFO] ... Postmap Retiming Optimization begin
[EFX-0000 INFO] ... Clock Network 'clk_c~clk_c' with 84 loads will be considered for retiming optimization.
[EFX-0000 INFO] ... Performed 0 retime moves.
[EFX-0000 INFO] ... Postmap Retiming Optimization end (Real time : 0s CPU user time : 3s CPU sys time : 0s MEM : 315508KB)
[EFX-0000 INFO] Resource Summary 
[EFX-0000 INFO] =============================== 
[EFX-0000 INFO] EFX_LUT4        : 	152
[EFX-0000 INFO] EFX_FF          : 	84
[EFX-0000 INFO] EFX_GBUFCE      : 	1
[EFX-0000 INFO] =============================== 
[EFX-0000 INFO] ... Post-Map Verilog Writer begin
[EFX-0000 INFO] ... Post-Map Verilog Writer end (Real time : 0s CPU user time : 3s CPU sys time : 0s MEM : 315508KB)

///////////////////////////////////
// Efinity Synthesis Started 
// Jul 13, 2026 14:38:05
///////////////////////////////////

[EFX-0012 VERI-INFO] default VHDL library search path is now "/home/omer-ahin/Downloads/efinity/2025.2/sim_models/vhdl/packages/vhdl_2008" (VHDL-1504) 
[EFX-0012 VERI-INFO] analyzing entity 'uart_tx' (VHDL-1012) (/home/omer-ahin/STAJ/Uart_Echo/uart_rx.vhd:6)
[EFX-0012 VERI-INFO] analyzing architecture 'my_top_arc' (VHDL-1010) (/home/omer-ahin/STAJ/Uart_Echo/uart_rx.vhd:22)
[EFX-0012 VERI-INFO] analyzing entity 'uart_rx' (VHDL-1012) (/home/omer-ahin/STAJ/Uart_Echo/uart_tx.vhdl:6)
[EFX-0012 VERI-INFO] analyzing architecture 'rtl' (VHDL-1010) (/home/omer-ahin/STAJ/Uart_Echo/uart_tx.vhdl:21)
[EFX-0012 VERI-INFO] analyzing entity 'uart_echo' (VHDL-1012) (/home/omer-ahin/STAJ/Uart_Echo/uart_echo.vhdl:5)
[EFX-0012 VERI-INFO] analyzing architecture 'rtl' (VHDL-1010) (/home/omer-ahin/STAJ/Uart_Echo/uart_echo.vhdl:20)
[EFX-0012 VERI-INFO] processing 'uart_echo(rtl)' (VHDL-1067) (/home/omer-ahin/STAJ/Uart_Echo/uart_echo.vhdl:5)
[EFX-0012 VERI-INFO] processing 'uart_rx(clk_freq=50000000)(rtl)' (VHDL-1067) (/home/omer-ahin/STAJ/Uart_Echo/uart_tx.vhdl:6)
[EFX-0012 VERI-INFO] 'others' clause is never selected (VHDL-1172) (/home/omer-ahin/STAJ/Uart_Echo/uart_tx.vhdl:101)
[EFX-0012 VERI-INFO] processing 'uart_tx(my_top_arc)' (VHDL-1067) (/home/omer-ahin/STAJ/Uart_Echo/uart_rx.vhd:6)
[EFX-0000 INFO] ... Setting Synthesis Option: mode=speed
[EFX-0012 VERI-INFO] compiling module 'EFX_ADD' (VERI-1018) (/home/omer-ahin/Downloads/efinity/2025.2/sim_models/maplib/efinix_maplib.v:8)
[EFX-0012 VERI-INFO] compiling module 'EFX_FF' (VERI-1018) (/home/omer-ahin/Downloads/efinity/2025.2/sim_models/maplib/efinix_maplib.v:21)
[EFX-0012 VERI-INFO] compiling module 'EFX_COMB4' (VERI-1018) (/home/omer-ahin/Downloads/efinity/2025.2/sim_models/maplib/efinix_maplib.v:38)
[EFX-0012 VERI-INFO] compiling module 'EFX_GBUFCE' (VERI-1018) (/home/omer-ahin/Downloads/efinity/2025.2/sim_models/maplib/efinix_maplib.v:48)
[EFX-0012 VERI-INFO] compiling module 'EFX_LUT4' (VERI-1018) (/home/omer-ahin/Downloads/efinity/2025.2/sim_models/maplib/efinix_maplib.v:57)
[EFX-0012 VERI-INFO] compiling module 'EFX_MULT' (VERI-1018) (/home/omer-ahin/Downloads/efinity/2025.2/sim_models/maplib/efinix_maplib.v:65)
[EFX-0012 VERI-INFO] compiling module 'EFX_DSP48' (VERI-1018) (/home/omer-ahin/Downloads/efinity/2025.2/sim_models/maplib/efinix_maplib.v:100)
[EFX-0012 VERI-INFO] compiling module 'EFX_DSP24' (VERI-1018) (/home/omer-ahin/Downloads/efinity/2025.2/sim_models/maplib/efinix_maplib.v:156)
[EFX-0012 VERI-INFO] compiling module 'EFX_DSP12' (VERI-1018) (/home/omer-ahin/Downloads/efinity/2025.2/sim_models/maplib/efinix_maplib.v:209)
[EFX-0012 VERI-INFO] compiling module 'EFX_RAM_4K' (VERI-1018) (/home/omer-ahin/Downloads/efinity/2025.2/sim_models/maplib/efinix_maplib.v:262)
[EFX-0012 VERI-INFO] compiling module 'EFX_RAM_5K' (VERI-1018) (/home/omer-ahin/Downloads/efinity/2025.2/sim_models/maplib/efinix_maplib.v:322)
[EFX-0012 VERI-INFO] compiling module 'EFX_DPRAM_5K' (VERI-1018) (/home/omer-ahin/Downloads/efinity/2025.2/sim_models/maplib/efinix_maplib.v:394)
[EFX-0012 VERI-INFO] compiling module 'RAMB5' (VERI-1018) (/home/omer-ahin/Downloads/efinity/2025.2/sim_models/maplib/efinix_maplib.v:499)
[EFX-0012 VERI-INFO] compiling module 'EFX_RAM_10K' (VERI-1018) (/home/omer-ahin/Downloads/efinity/2025.2/sim_models/maplib/efinix_maplib.v:561)
[EFX-0012 VERI-INFO] compiling module 'EFX_RAM10' (VERI-1018) (/home/omer-ahin/Downloads/efinity/2025.2/sim_models/maplib/efinix_maplib.v:653)
[EFX-0012 VERI-INFO] compiling module 'EFX_DPRAM10' (VERI-1018) (/home/omer-ahin/Downloads/efinity/2025.2/sim_models/maplib/efinix_maplib.v:754)
[EFX-0012 VERI-INFO] compiling module 'EFX_SRL8' (VERI-1018) (/home/omer-ahin/Downloads/efinity/2025.2/sim_models/maplib/efinix_maplib.v:884)
[EFX-0000 INFO] ... Pre-synthesis checks begin
[EFX-0000 INFO] ... Pre-synthesis checks end (Real time : 0s CPU user time : 0s CPU sys time : 0s MEM : 392068KB)
[EFX-0000 INFO] ... NameSpace init begin
[EFX-0000 INFO] ... NameSpace init end (Real time : 0s CPU user time : 0s CPU sys time : 0s MEM : 392068KB)
[EFX-0000 INFO] ... Mapping design "uart_echo"
[EFX-0000 INFO] ... Hierarchical pre-synthesis "uart_rx(clk_freq=50000000)" begin
[EFX-0000 INFO] ... Hierarchical pre-synthesis "uart_rx(clk_freq=50000000)" end (Real time : 0s CPU user time : 0s CPU sys time : 0s MEM : 392068KB)
[EFX-0000 INFO] ... Hierarchical pre-synthesis "uart_tx" begin
[EFX-0000 INFO] ... Hierarchical pre-synthesis "uart_tx" end (Real time : 0s CPU user time : 0s CPU sys time : 0s MEM : 392068KB)
[EFX-0000 INFO] ... Hierarchical pre-synthesis "uart_echo" begin
[EFX-0000 INFO] ... Clock Enable Synthesis Performed on 52 flops.
[EFX-0000 INFO] ... Hierarchical pre-synthesis "uart_echo" end (Real time : 0s CPU user time : 0s CPU sys time : 0s MEM : 392068KB)
[EFX-0000 INFO] ... Flat optimizations begin
[EFX-0000 INFO] ... Flat optimizations end (Real time : 0s CPU user time : 0s CPU sys time : 0s MEM : 392068KB)
[EFX-0000 INFO] ... Flat synthesis begin
[EFX-0000 INFO] ... Flat synthesis end (Real time : 0s CPU user time : 0s CPU sys time : 0s MEM : 392068KB)
[EFX-0000 INFO] ... Flat optimizations begin
[EFX-0000 INFO] ... Flat optimizations end (Real time : 0s CPU user time : 0s CPU sys time : 0s MEM : 392068KB)
[EFX-0000 INFO] ... Check and break combinational loops begin
[EFX-0000 INFO] ... Check and break combinational loops end (Real time : 0s CPU user time : 0s CPU sys time : 0s MEM : 392068KB)
[EFX-0000 INFO] ... Sequential Optimization begin
[EFX-0000 INFO] ... Clock Network 'clk_c' with 54 loads will be considered for sequential optimization.
[EFX-0000 INFO] ... Sequential Optimization deduced 6 equivalent points.
[EFX-0000 INFO] ... Sequential Optimization end (Real time : 1s CPU user time : 0s CPU sys time : 0s MEM : 392068KB)
[EFX-0000 INFO] ... Setup for logic synthesis begin
[EFX-0000 INFO] ... Setup for logic synthesis end (Real time : 0s CPU user time : 0s CPU sys time : 0s MEM : 392068KB)
[EFX-0000 INFO] ... LUT mapping begin
[EFX-0000 INFO] ... LS, strategy: 3, nd: 85, ed: 277, lv: 3, pw: 155.92
[EFX-0000 INFO] ... LUT mapping end (Real time : 0s CPU user time : 1s CPU sys time : 0s MEM : 392068KB)
[EFX-0000 INFO] ... Post-synthesis Verific netlist creation begin
[EFX-0000 INFO] ... Post-synthesis Verific netlist creation end (Real time : 1s CPU user time : 1s CPU sys time : 0s MEM : 392068KB)
[EFX-0000 INFO] ... Postmap Retiming Optimization begin
[EFX-0000 INFO] ... Clock Network 'clk_c~clk_c' with 54 loads will be considered for retiming optimization.
[EFX-0000 INFO] ... Performed 0 retime moves.
[EFX-0000 INFO] ... Postmap Retiming Optimization end (Real time : 0s CPU user time : 1s CPU sys time : 0s MEM : 392068KB)
[EFX-0000 INFO] Resource Summary 
[EFX-0000 INFO] =============================== 
[EFX-0000 INFO] EFX_LUT4        : 	85
[EFX-0000 INFO] EFX_FF          : 	54
[EFX-0000 INFO] EFX_GBUFCE      : 	1
[EFX-0000 INFO] =============================== 
[EFX-0000 INFO] ... Post-Map Verilog Writer begin
[EFX-0000 INFO] ... Post-Map Verilog Writer end (Real time : 0s CPU user time : 1s CPU sys time : 0s MEM : 392068KB)

///////////////////////////////////
// Efinity Synthesis Started 
// Jul 13, 2026 14:52:21
///////////////////////////////////

[EFX-0012 VERI-INFO] default VHDL library search path is now "/home/omer-ahin/Downloads/efinity/2025.2/sim_models/vhdl/packages/vhdl_2008" (VHDL-1504) 
[EFX-0012 VERI-INFO] analyzing entity 'uart_tx' (VHDL-1012) (/home/omer-ahin/STAJ/Uart_Echo/uart_rx.vhd:6)
[EFX-0012 VERI-INFO] analyzing architecture 'my_top_arc' (VHDL-1010) (/home/omer-ahin/STAJ/Uart_Echo/uart_rx.vhd:22)
[EFX-0012 VERI-INFO] analyzing entity 'uart_rx' (VHDL-1012) (/home/omer-ahin/STAJ/Uart_Echo/uart_tx.vhdl:6)
[EFX-0012 VERI-INFO] analyzing architecture 'rtl' (VHDL-1010) (/home/omer-ahin/STAJ/Uart_Echo/uart_tx.vhdl:21)
[EFX-0012 VERI-INFO] analyzing entity 'uart_echo' (VHDL-1012) (/home/omer-ahin/STAJ/Uart_Echo/uart_echo.vhdl:5)
[EFX-0012 VERI-INFO] analyzing architecture 'rtl' (VHDL-1010) (/home/omer-ahin/STAJ/Uart_Echo/uart_echo.vhdl:20)
[EFX-0012 VERI-INFO] processing 'uart_echo(rtl)' (VHDL-1067) (/home/omer-ahin/STAJ/Uart_Echo/uart_echo.vhdl:5)
[EFX-0012 VERI-INFO] processing 'uart_rx(rtl)' (VHDL-1067) (/home/omer-ahin/STAJ/Uart_Echo/uart_tx.vhdl:6)
[EFX-0012 VERI-INFO] 'others' clause is never selected (VHDL-1172) (/home/omer-ahin/STAJ/Uart_Echo/uart_tx.vhdl:96)
[EFX-0012 VERI-INFO] processing 'uart_tx(my_top_arc)' (VHDL-1067) (/home/omer-ahin/STAJ/Uart_Echo/uart_rx.vhd:6)
[EFX-0000 INFO] ... Setting Synthesis Option: mode=speed
[EFX-0012 VERI-INFO] compiling module 'EFX_ADD' (VERI-1018) (/home/omer-ahin/Downloads/efinity/2025.2/sim_models/maplib/efinix_maplib.v:8)
[EFX-0012 VERI-INFO] compiling module 'EFX_FF' (VERI-1018) (/home/omer-ahin/Downloads/efinity/2025.2/sim_models/maplib/efinix_maplib.v:21)
[EFX-0012 VERI-INFO] compiling module 'EFX_COMB4' (VERI-1018) (/home/omer-ahin/Downloads/efinity/2025.2/sim_models/maplib/efinix_maplib.v:38)
[EFX-0012 VERI-INFO] compiling module 'EFX_GBUFCE' (VERI-1018) (/home/omer-ahin/Downloads/efinity/2025.2/sim_models/maplib/efinix_maplib.v:48)
[EFX-0012 VERI-INFO] compiling module 'EFX_LUT4' (VERI-1018) (/home/omer-ahin/Downloads/efinity/2025.2/sim_models/maplib/efinix_maplib.v:57)
[EFX-0012 VERI-INFO] compiling module 'EFX_MULT' (VERI-1018) (/home/omer-ahin/Downloads/efinity/2025.2/sim_models/maplib/efinix_maplib.v:65)
[EFX-0012 VERI-INFO] compiling module 'EFX_DSP48' (VERI-1018) (/home/omer-ahin/Downloads/efinity/2025.2/sim_models/maplib/efinix_maplib.v:100)
[EFX-0012 VERI-INFO] compiling module 'EFX_DSP24' (VERI-1018) (/home/omer-ahin/Downloads/efinity/2025.2/sim_models/maplib/efinix_maplib.v:156)
[EFX-0012 VERI-INFO] compiling module 'EFX_DSP12' (VERI-1018) (/home/omer-ahin/Downloads/efinity/2025.2/sim_models/maplib/efinix_maplib.v:209)
[EFX-0012 VERI-INFO] compiling module 'EFX_RAM_4K' (VERI-1018) (/home/omer-ahin/Downloads/efinity/2025.2/sim_models/maplib/efinix_maplib.v:262)
[EFX-0012 VERI-INFO] compiling module 'EFX_RAM_5K' (VERI-1018) (/home/omer-ahin/Downloads/efinity/2025.2/sim_models/maplib/efinix_maplib.v:322)
[EFX-0012 VERI-INFO] compiling module 'EFX_DPRAM_5K' (VERI-1018) (/home/omer-ahin/Downloads/efinity/2025.2/sim_models/maplib/efinix_maplib.v:394)
[EFX-0012 VERI-INFO] compiling module 'RAMB5' (VERI-1018) (/home/omer-ahin/Downloads/efinity/2025.2/sim_models/maplib/efinix_maplib.v:499)
[EFX-0012 VERI-INFO] compiling module 'EFX_RAM_10K' (VERI-1018) (/home/omer-ahin/Downloads/efinity/2025.2/sim_models/maplib/efinix_maplib.v:561)
[EFX-0012 VERI-INFO] compiling module 'EFX_RAM10' (VERI-1018) (/home/omer-ahin/Downloads/efinity/2025.2/sim_models/maplib/efinix_maplib.v:653)
[EFX-0012 VERI-INFO] compiling module 'EFX_DPRAM10' (VERI-1018) (/home/omer-ahin/Downloads/efinity/2025.2/sim_models/maplib/efinix_maplib.v:754)
[EFX-0012 VERI-INFO] compiling module 'EFX_SRL8' (VERI-1018) (/home/omer-ahin/Downloads/efinity/2025.2/sim_models/maplib/efinix_maplib.v:884)
[EFX-0000 INFO] ... Pre-synthesis checks begin
[EFX-0000 INFO] ... Pre-synthesis checks end (Real time : 0s CPU user time : 1s CPU sys time : 0s MEM : 392068KB)
[EFX-0000 INFO] ... NameSpace init begin
[EFX-0000 INFO] ... NameSpace init end (Real time : 0s CPU user time : 1s CPU sys time : 0s MEM : 392068KB)
[EFX-0000 INFO] ... Mapping design "uart_echo"
[EFX-0000 INFO] ... Hierarchical pre-synthesis "uart_rx" begin
[EFX-0000 INFO] ... Hierarchical pre-synthesis "uart_rx" end (Real time : 0s CPU user time : 1s CPU sys time : 0s MEM : 392068KB)
[EFX-0000 INFO] ... Hierarchical pre-synthesis "uart_tx" begin
[EFX-0000 INFO] ... Hierarchical pre-synthesis "uart_tx" end (Real time : 0s CPU user time : 1s CPU sys time : 0s MEM : 392068KB)
[EFX-0000 INFO] ... Hierarchical pre-synthesis "uart_echo" begin
[EFX-0000 INFO] ... Clock Enable Synthesis Performed on 52 flops.
[EFX-0000 INFO] ... Hierarchical pre-synthesis "uart_echo" end (Real time : 0s CPU user time : 1s CPU sys time : 0s MEM : 392068KB)
[EFX-0000 INFO] ... Flat optimizations begin
[EFX-0000 INFO] ... Flat optimizations end (Real time : 0s CPU user time : 1s CPU sys time : 0s MEM : 392068KB)
[EFX-0000 INFO] ... Flat synthesis begin
[EFX-0000 INFO] ... Flat synthesis end (Real time : 0s CPU user time : 1s CPU sys time : 0s MEM : 392068KB)
[EFX-0000 INFO] ... Flat optimizations begin
[EFX-0000 INFO] ... Flat optimizations end (Real time : 0s CPU user time : 1s CPU sys time : 0s MEM : 392068KB)
[EFX-0000 INFO] ... Check and break combinational loops begin
[EFX-0000 INFO] ... Check and break combinational loops end (Real time : 0s CPU user time : 1s CPU sys time : 0s MEM : 392068KB)
[EFX-0000 INFO] ... Sequential Optimization begin
[EFX-0000 INFO] ... Clock Network 'clk_c' with 54 loads will be considered for sequential optimization.
[EFX-0000 INFO] ... Sequential Optimization deduced 6 equivalent points.
[EFX-0000 INFO] ... Sequential Optimization end (Real time : 0s CPU user time : 1s CPU sys time : 0s MEM : 392068KB)
[EFX-0000 INFO] ... Setup for logic synthesis begin
[EFX-0000 INFO] ... Setup for logic synthesis end (Real time : 0s CPU user time : 1s CPU sys time : 0s MEM : 392068KB)
[EFX-0000 INFO] ... LUT mapping begin
[EFX-0000 INFO] ... LS, strategy: 3, nd: 85, ed: 277, lv: 3, pw: 155.92
[EFX-0000 INFO] ... LUT mapping end (Real time : 1s CPU user time : 2s CPU sys time : 0s MEM : 392068KB)
[EFX-0000 INFO] ... Post-synthesis Verific netlist creation begin
[EFX-0000 INFO] ... Post-synthesis Verific netlist creation end (Real time : 0s CPU user time : 2s CPU sys time : 0s MEM : 392068KB)
[EFX-0000 INFO] ... Postmap Retiming Optimization begin
[EFX-0000 INFO] ... Clock Network 'clk_c~clk_c' with 54 loads will be considered for retiming optimization.
[EFX-0000 INFO] ... Performed 0 retime moves.
[EFX-0000 INFO] ... Postmap Retiming Optimization end (Real time : 0s CPU user time : 2s CPU sys time : 0s MEM : 392068KB)
[EFX-0000 INFO] Resource Summary 
[EFX-0000 INFO] =============================== 
[EFX-0000 INFO] EFX_LUT4        : 	85
[EFX-0000 INFO] EFX_FF          : 	54
[EFX-0000 INFO] EFX_GBUFCE      : 	1
[EFX-0000 INFO] =============================== 
[EFX-0000 INFO] ... Post-Map Verilog Writer begin
[EFX-0000 INFO] ... Post-Map Verilog Writer end (Real time : 0s CPU user time : 2s CPU sys time : 0s MEM : 392068KB)

///////////////////////////////////
// Efinity Synthesis Started 
// Jul 13, 2026 15:30:42
///////////////////////////////////

[EFX-0012 VERI-INFO] default VHDL library search path is now "/home/omer-ahin/Downloads/efinity/2025.2/sim_models/vhdl/packages/vhdl_2008" (VHDL-1504) 
[EFX-0012 VERI-INFO] analyzing entity 'uart_tx' (VHDL-1012) (/home/omer-ahin/STAJ/Uart_Echo/uart_rx.vhd:6)
[EFX-0012 VERI-INFO] analyzing architecture 'my_top_arc' (VHDL-1010) (/home/omer-ahin/STAJ/Uart_Echo/uart_rx.vhd:22)
[EFX-0010 VERI-ERROR] character ''0'' is not in type 'std_logic_vector' (VHDL-1040) (/home/omer-ahin/STAJ/Uart_Echo/uart_rx.vhd:43)
[EFX-0010 VERI-ERROR] unit 'my_top_arc' is ignored due to previous errors (VHDL-1284) (/home/omer-ahin/STAJ/Uart_Echo/uart_rx.vhd:95)

///////////////////////////////////
// Efinity Synthesis Started 
// Jul 13, 2026 15:31:04
///////////////////////////////////

[EFX-0012 VERI-INFO] default VHDL library search path is now "/home/omer-ahin/Downloads/efinity/2025.2/sim_models/vhdl/packages/vhdl_2008" (VHDL-1504) 
[EFX-0012 VERI-INFO] analyzing entity 'uart_tx' (VHDL-1012) (/home/omer-ahin/STAJ/Uart_Echo/uart_rx.vhd:6)
[EFX-0012 VERI-INFO] analyzing architecture 'my_top_arc' (VHDL-1010) (/home/omer-ahin/STAJ/Uart_Echo/uart_rx.vhd:22)
[EFX-0010 VERI-ERROR] character ''0'' is not in type 'std_logic_vector' (VHDL-1040) (/home/omer-ahin/STAJ/Uart_Echo/uart_rx.vhd:43)
[EFX-0010 VERI-ERROR] unit 'my_top_arc' is ignored due to previous errors (VHDL-1284) (/home/omer-ahin/STAJ/Uart_Echo/uart_rx.vhd:95)

///////////////////////////////////
// Efinity Synthesis Started 
// Jul 13, 2026 15:31:23
///////////////////////////////////

[EFX-0012 VERI-INFO] default VHDL library search path is now "/home/omer-ahin/Downloads/efinity/2025.2/sim_models/vhdl/packages/vhdl_2008" (VHDL-1504) 
[EFX-0012 VERI-INFO] analyzing entity 'uart_tx' (VHDL-1012) (/home/omer-ahin/STAJ/Uart_Echo/uart_rx.vhd:6)
[EFX-0012 VERI-INFO] analyzing architecture 'my_top_arc' (VHDL-1010) (/home/omer-ahin/STAJ/Uart_Echo/uart_rx.vhd:22)
[EFX-0010 VERI-ERROR] character ''0'' is not in type 'std_logic_vector' (VHDL-1040) (/home/omer-ahin/STAJ/Uart_Echo/uart_rx.vhd:43)
[EFX-0010 VERI-ERROR] unit 'my_top_arc' is ignored due to previous errors (VHDL-1284) (/home/omer-ahin/STAJ/Uart_Echo/uart_rx.vhd:95)

///////////////////////////////////
// Efinity Synthesis Started 
// Jul 13, 2026 15:32:10
///////////////////////////////////

[EFX-0012 VERI-INFO] default VHDL library search path is now "/home/omer-ahin/Downloads/efinity/2025.2/sim_models/vhdl/packages/vhdl_2008" (VHDL-1504) 
[EFX-0012 VERI-INFO] analyzing entity 'uart_tx' (VHDL-1012) (/home/omer-ahin/STAJ/Uart_Echo/uart_rx.vhd:6)
[EFX-0012 VERI-INFO] analyzing architecture 'my_top_arc' (VHDL-1010) (/home/omer-ahin/STAJ/Uart_Echo/uart_rx.vhd:22)
[EFX-0012 VERI-INFO] analyzing entity 'uart_rx' (VHDL-1012) (/home/omer-ahin/STAJ/Uart_Echo/uart_tx.vhdl:6)
[EFX-0012 VERI-INFO] analyzing architecture 'rtl' (VHDL-1010) (/home/omer-ahin/STAJ/Uart_Echo/uart_tx.vhdl:21)
[EFX-0012 VERI-INFO] analyzing entity 'uart_echo' (VHDL-1012) (/home/omer-ahin/STAJ/Uart_Echo/uart_echo.vhdl:5)
[EFX-0012 VERI-INFO] analyzing architecture 'rtl' (VHDL-1010) (/home/omer-ahin/STAJ/Uart_Echo/uart_echo.vhdl:20)
[EFX-0012 VERI-INFO] processing 'uart_echo(rtl)' (VHDL-1067) (/home/omer-ahin/STAJ/Uart_Echo/uart_echo.vhdl:5)
[EFX-0012 VERI-INFO] processing 'uart_rx(rtl)' (VHDL-1067) (/home/omer-ahin/STAJ/Uart_Echo/uart_tx.vhdl:6)
[EFX-0012 VERI-INFO] 'others' clause is never selected (VHDL-1172) (/home/omer-ahin/STAJ/Uart_Echo/uart_tx.vhdl:96)
[EFX-0012 VERI-INFO] processing 'uart_tx(my_top_arc)' (VHDL-1067) (/home/omer-ahin/STAJ/Uart_Echo/uart_rx.vhd:6)
[EFX-0000 INFO] ... Setting Synthesis Option: mode=speed
[EFX-0012 VERI-INFO] compiling module 'EFX_ADD' (VERI-1018) (/home/omer-ahin/Downloads/efinity/2025.2/sim_models/maplib/efinix_maplib.v:8)
[EFX-0012 VERI-INFO] compiling module 'EFX_FF' (VERI-1018) (/home/omer-ahin/Downloads/efinity/2025.2/sim_models/maplib/efinix_maplib.v:21)
[EFX-0012 VERI-INFO] compiling module 'EFX_COMB4' (VERI-1018) (/home/omer-ahin/Downloads/efinity/2025.2/sim_models/maplib/efinix_maplib.v:38)
[EFX-0012 VERI-INFO] compiling module 'EFX_GBUFCE' (VERI-1018) (/home/omer-ahin/Downloads/efinity/2025.2/sim_models/maplib/efinix_maplib.v:48)
[EFX-0012 VERI-INFO] compiling module 'EFX_LUT4' (VERI-1018) (/home/omer-ahin/Downloads/efinity/2025.2/sim_models/maplib/efinix_maplib.v:57)
[EFX-0012 VERI-INFO] compiling module 'EFX_MULT' (VERI-1018) (/home/omer-ahin/Downloads/efinity/2025.2/sim_models/maplib/efinix_maplib.v:65)
[EFX-0012 VERI-INFO] compiling module 'EFX_DSP48' (VERI-1018) (/home/omer-ahin/Downloads/efinity/2025.2/sim_models/maplib/efinix_maplib.v:100)
[EFX-0012 VERI-INFO] compiling module 'EFX_DSP24' (VERI-1018) (/home/omer-ahin/Downloads/efinity/2025.2/sim_models/maplib/efinix_maplib.v:156)
[EFX-0012 VERI-INFO] compiling module 'EFX_DSP12' (VERI-1018) (/home/omer-ahin/Downloads/efinity/2025.2/sim_models/maplib/efinix_maplib.v:209)
[EFX-0012 VERI-INFO] compiling module 'EFX_RAM_4K' (VERI-1018) (/home/omer-ahin/Downloads/efinity/2025.2/sim_models/maplib/efinix_maplib.v:262)
[EFX-0012 VERI-INFO] compiling module 'EFX_RAM_5K' (VERI-1018) (/home/omer-ahin/Downloads/efinity/2025.2/sim_models/maplib/efinix_maplib.v:322)
[EFX-0012 VERI-INFO] compiling module 'EFX_DPRAM_5K' (VERI-1018) (/home/omer-ahin/Downloads/efinity/2025.2/sim_models/maplib/efinix_maplib.v:394)
[EFX-0012 VERI-INFO] compiling module 'RAMB5' (VERI-1018) (/home/omer-ahin/Downloads/efinity/2025.2/sim_models/maplib/efinix_maplib.v:499)
[EFX-0012 VERI-INFO] compiling module 'EFX_RAM_10K' (VERI-1018) (/home/omer-ahin/Downloads/efinity/2025.2/sim_models/maplib/efinix_maplib.v:561)
[EFX-0012 VERI-INFO] compiling module 'EFX_RAM10' (VERI-1018) (/home/omer-ahin/Downloads/efinity/2025.2/sim_models/maplib/efinix_maplib.v:653)
[EFX-0012 VERI-INFO] compiling module 'EFX_DPRAM10' (VERI-1018) (/home/omer-ahin/Downloads/efinity/2025.2/sim_models/maplib/efinix_maplib.v:754)
[EFX-0012 VERI-INFO] compiling module 'EFX_SRL8' (VERI-1018) (/home/omer-ahin/Downloads/efinity/2025.2/sim_models/maplib/efinix_maplib.v:884)
[EFX-0000 INFO] ... Pre-synthesis checks begin
[EFX-0000 INFO] ... Pre-synthesis checks end (Real time : 0s CPU user time : 1s CPU sys time : 0s MEM : 392068KB)
[EFX-0000 INFO] ... NameSpace init begin
[EFX-0000 INFO] ... NameSpace init end (Real time : 0s CPU user time : 1s CPU sys time : 0s MEM : 392068KB)
[EFX-0000 INFO] ... Mapping design "uart_echo"
[EFX-0000 INFO] ... Hierarchical pre-synthesis "uart_rx" begin
[EFX-0000 INFO] ... Hierarchical pre-synthesis "uart_rx" end (Real time : 0s CPU user time : 1s CPU sys time : 0s MEM : 392068KB)
[EFX-0000 INFO] ... Hierarchical pre-synthesis "uart_tx" begin
[EFX-0000 INFO] ... Hierarchical pre-synthesis "uart_tx" end (Real time : 0s CPU user time : 1s CPU sys time : 0s MEM : 392068KB)
[EFX-0000 INFO] ... Hierarchical pre-synthesis "uart_echo" begin
[EFX-0000 INFO] ... Clock Enable Synthesis Performed on 52 flops.
[EFX-0000 INFO] ... Hierarchical pre-synthesis "uart_echo" end (Real time : 0s CPU user time : 1s CPU sys time : 0s MEM : 392068KB)
[EFX-0000 INFO] ... Flat optimizations begin
[EFX-0000 INFO] ... Flat optimizations end (Real time : 0s CPU user time : 1s CPU sys time : 0s MEM : 392068KB)
[EFX-0000 INFO] ... Flat synthesis begin
[EFX-0000 INFO] ... Flat synthesis end (Real time : 0s CPU user time : 1s CPU sys time : 0s MEM : 392068KB)
[EFX-0000 INFO] ... Flat optimizations begin
[EFX-0000 INFO] ... Flat optimizations end (Real time : 0s CPU user time : 1s CPU sys time : 0s MEM : 392068KB)
[EFX-0000 INFO] ... Check and break combinational loops begin
[EFX-0000 INFO] ... Check and break combinational loops end (Real time : 0s CPU user time : 1s CPU sys time : 0s MEM : 392068KB)
[EFX-0000 INFO] ... Sequential Optimization begin
[EFX-0000 INFO] ... Clock Network 'clk_c' with 54 loads will be considered for sequential optimization.
[EFX-0000 INFO] ... Sequential Optimization deduced 10 equivalent points.
[EFX-0000 INFO] ... Sequential Optimization end (Real time : 1s CPU user time : 1s CPU sys time : 0s MEM : 392068KB)
[EFX-0000 INFO] ... Setup for logic synthesis begin
[EFX-0000 INFO] ... Setup for logic synthesis end (Real time : 0s CPU user time : 1s CPU sys time : 0s MEM : 392068KB)
[EFX-0000 INFO] ... LUT mapping begin
[EFX-0000 INFO] ... LS, strategy: 3, nd: 82, ed: 265, lv: 3, pw: 151.76
[EFX-0000 INFO] ... LUT mapping end (Real time : 0s CPU user time : 2s CPU sys time : 0s MEM : 392068KB)
[EFX-0000 INFO] ... Post-synthesis Verific netlist creation begin
[EFX-0000 INFO] ... Post-synthesis Verific netlist creation end (Real time : 1s CPU user time : 2s CPU sys time : 0s MEM : 392068KB)
[EFX-0000 INFO] ... Postmap Retiming Optimization begin
[EFX-0000 INFO] ... Clock Network 'clk_c~clk_c' with 54 loads will be considered for retiming optimization.
[EFX-0000 INFO] ... Performed 0 retime moves.
[EFX-0000 INFO] ... Postmap Retiming Optimization end (Real time : 0s CPU user time : 2s CPU sys time : 0s MEM : 392068KB)
[EFX-0000 INFO] Resource Summary 
[EFX-0000 INFO] =============================== 
[EFX-0000 INFO] EFX_LUT4        : 	82
[EFX-0000 INFO] EFX_FF          : 	54
[EFX-0000 INFO] EFX_GBUFCE      : 	1
[EFX-0000 INFO] =============================== 
[EFX-0000 INFO] ... Post-Map Verilog Writer begin
[EFX-0000 INFO] ... Post-Map Verilog Writer end (Real time : 0s CPU user time : 2s CPU sys time : 0s MEM : 392068KB)

///////////////////////////////////
// Efinity Synthesis Started 
// Jul 14, 2026 10:22:11
///////////////////////////////////

[EFX-0012 VERI-INFO] default VHDL library search path is now "/home/omer-ahin/Downloads/efinity/2025.2/sim_models/vhdl/packages/vhdl_2008" (VHDL-1504) 
[EFX-0012 VERI-INFO] analyzing entity 'uart_tx' (VHDL-1012) (/home/omer-ahin/STAJ/Uart_Echo/uart_rx.vhd:6)
[EFX-0012 VERI-INFO] analyzing architecture 'my_top_arc' (VHDL-1010) (/home/omer-ahin/STAJ/Uart_Echo/uart_rx.vhd:22)
[EFX-0012 VERI-INFO] analyzing entity 'uart_rx' (VHDL-1012) (/home/omer-ahin/STAJ/Uart_Echo/uart_tx.vhdl:6)
[EFX-0012 VERI-INFO] analyzing architecture 'rtl' (VHDL-1010) (/home/omer-ahin/STAJ/Uart_Echo/uart_tx.vhdl:21)
[EFX-0012 VERI-INFO] analyzing entity 'uart_echo' (VHDL-1012) (/home/omer-ahin/STAJ/Uart_Echo/uart_echo.vhdl:5)
[EFX-0012 VERI-INFO] analyzing architecture 'rtl' (VHDL-1010) (/home/omer-ahin/STAJ/Uart_Echo/uart_echo.vhdl:20)
[EFX-0012 VERI-INFO] processing 'uart_echo(rtl)' (VHDL-1067) (/home/omer-ahin/STAJ/Uart_Echo/uart_echo.vhdl:5)
[EFX-0012 VERI-INFO] processing 'uart_rx(rtl)' (VHDL-1067) (/home/omer-ahin/STAJ/Uart_Echo/uart_tx.vhdl:6)
[EFX-0012 VERI-INFO] 'others' clause is never selected (VHDL-1172) (/home/omer-ahin/STAJ/Uart_Echo/uart_tx.vhdl:96)
[EFX-0012 VERI-INFO] processing 'uart_tx(my_top_arc)' (VHDL-1067) (/home/omer-ahin/STAJ/Uart_Echo/uart_rx.vhd:6)
[EFX-0000 INFO] ... Setting Synthesis Option: mode=speed
[EFX-0012 VERI-INFO] compiling module 'EFX_ADD' (VERI-1018) (/home/omer-ahin/Downloads/efinity/2025.2/sim_models/maplib/efinix_maplib.v:8)
[EFX-0012 VERI-INFO] compiling module 'EFX_FF' (VERI-1018) (/home/omer-ahin/Downloads/efinity/2025.2/sim_models/maplib/efinix_maplib.v:21)
[EFX-0012 VERI-INFO] compiling module 'EFX_COMB4' (VERI-1018) (/home/omer-ahin/Downloads/efinity/2025.2/sim_models/maplib/efinix_maplib.v:38)
[EFX-0012 VERI-INFO] compiling module 'EFX_GBUFCE' (VERI-1018) (/home/omer-ahin/Downloads/efinity/2025.2/sim_models/maplib/efinix_maplib.v:48)
[EFX-0012 VERI-INFO] compiling module 'EFX_LUT4' (VERI-1018) (/home/omer-ahin/Downloads/efinity/2025.2/sim_models/maplib/efinix_maplib.v:57)
[EFX-0012 VERI-INFO] compiling module 'EFX_MULT' (VERI-1018) (/home/omer-ahin/Downloads/efinity/2025.2/sim_models/maplib/efinix_maplib.v:65)
[EFX-0012 VERI-INFO] compiling module 'EFX_DSP48' (VERI-1018) (/home/omer-ahin/Downloads/efinity/2025.2/sim_models/maplib/efinix_maplib.v:100)
[EFX-0012 VERI-INFO] compiling module 'EFX_DSP24' (VERI-1018) (/home/omer-ahin/Downloads/efinity/2025.2/sim_models/maplib/efinix_maplib.v:156)
[EFX-0012 VERI-INFO] compiling module 'EFX_DSP12' (VERI-1018) (/home/omer-ahin/Downloads/efinity/2025.2/sim_models/maplib/efinix_maplib.v:209)
[EFX-0012 VERI-INFO] compiling module 'EFX_RAM_4K' (VERI-1018) (/home/omer-ahin/Downloads/efinity/2025.2/sim_models/maplib/efinix_maplib.v:262)
[EFX-0012 VERI-INFO] compiling module 'EFX_RAM_5K' (VERI-1018) (/home/omer-ahin/Downloads/efinity/2025.2/sim_models/maplib/efinix_maplib.v:322)
[EFX-0012 VERI-INFO] compiling module 'EFX_DPRAM_5K' (VERI-1018) (/home/omer-ahin/Downloads/efinity/2025.2/sim_models/maplib/efinix_maplib.v:394)
[EFX-0012 VERI-INFO] compiling module 'RAMB5' (VERI-1018) (/home/omer-ahin/Downloads/efinity/2025.2/sim_models/maplib/efinix_maplib.v:499)
[EFX-0012 VERI-INFO] compiling module 'EFX_RAM_10K' (VERI-1018) (/home/omer-ahin/Downloads/efinity/2025.2/sim_models/maplib/efinix_maplib.v:561)
[EFX-0012 VERI-INFO] compiling module 'EFX_RAM10' (VERI-1018) (/home/omer-ahin/Downloads/efinity/2025.2/sim_models/maplib/efinix_maplib.v:653)
[EFX-0012 VERI-INFO] compiling module 'EFX_DPRAM10' (VERI-1018) (/home/omer-ahin/Downloads/efinity/2025.2/sim_models/maplib/efinix_maplib.v:754)
[EFX-0012 VERI-INFO] compiling module 'EFX_SRL8' (VERI-1018) (/home/omer-ahin/Downloads/efinity/2025.2/sim_models/maplib/efinix_maplib.v:884)
[EFX-0000 INFO] ... Pre-synthesis checks begin
[EFX-0000 INFO] ... Pre-synthesis checks end (Real time : 0s CPU user time : 0s CPU sys time : 0s MEM : 293296KB)
[EFX-0000 INFO] ... NameSpace init begin
[EFX-0000 INFO] ... NameSpace init end (Real time : 0s CPU user time : 0s CPU sys time : 0s MEM : 293296KB)
[EFX-0000 INFO] ... Mapping design "uart_echo"
[EFX-0000 INFO] ... Hierarchical pre-synthesis "uart_rx" begin
[EFX-0000 INFO] ... Hierarchical pre-synthesis "uart_rx" end (Real time : 0s CPU user time : 0s CPU sys time : 0s MEM : 293296KB)
[EFX-0000 INFO] ... Hierarchical pre-synthesis "uart_tx" begin
[EFX-0000 INFO] ... Hierarchical pre-synthesis "uart_tx" end (Real time : 0s CPU user time : 0s CPU sys time : 0s MEM : 293296KB)
[EFX-0000 INFO] ... Hierarchical pre-synthesis "uart_echo" begin
[EFX-0000 INFO] ... Clock Enable Synthesis Performed on 52 flops.
[EFX-0000 INFO] ... Hierarchical pre-synthesis "uart_echo" end (Real time : 0s CPU user time : 0s CPU sys time : 0s MEM : 293296KB)
[EFX-0000 INFO] ... Flat optimizations begin
[EFX-0000 INFO] ... Flat optimizations end (Real time : 0s CPU user time : 0s CPU sys time : 0s MEM : 293296KB)
[EFX-0000 INFO] ... Flat synthesis begin
[EFX-0000 INFO] ... Flat synthesis end (Real time : 0s CPU user time : 0s CPU sys time : 0s MEM : 293296KB)
[EFX-0000 INFO] ... Flat optimizations begin
[EFX-0000 INFO] ... Flat optimizations end (Real time : 0s CPU user time : 0s CPU sys time : 0s MEM : 293296KB)
[EFX-0000 INFO] ... Check and break combinational loops begin
[EFX-0000 INFO] ... Check and break combinational loops end (Real time : 0s CPU user time : 0s CPU sys time : 0s MEM : 293296KB)
[EFX-0000 INFO] ... Sequential Optimization begin
[EFX-0000 INFO] ... Clock Network 'clk_c' with 54 loads will be considered for sequential optimization.
[EFX-0000 INFO] ... Sequential Optimization deduced 10 equivalent points.
[EFX-0000 INFO] ... Sequential Optimization end (Real time : 0s CPU user time : 0s CPU sys time : 0s MEM : 293296KB)
[EFX-0000 INFO] ... Setup for logic synthesis begin
[EFX-0000 INFO] ... Setup for logic synthesis end (Real time : 0s CPU user time : 0s CPU sys time : 0s MEM : 293296KB)
[EFX-0000 INFO] ... LUT mapping begin
[EFX-0000 INFO] ... LS, strategy: 3, nd: 82, ed: 265, lv: 3, pw: 151.76
[EFX-0000 INFO] ... LUT mapping end (Real time : 0s CPU user time : 1s CPU sys time : 0s MEM : 293296KB)
[EFX-0000 INFO] ... Post-synthesis Verific netlist creation begin
[EFX-0000 INFO] ... Post-synthesis Verific netlist creation end (Real time : 0s CPU user time : 1s CPU sys time : 0s MEM : 293296KB)
[EFX-0000 INFO] ... Postmap Retiming Optimization begin
[EFX-0000 INFO] ... Clock Network 'clk_c~clk_c' with 54 loads will be considered for retiming optimization.
[EFX-0000 INFO] ... Performed 0 retime moves.
[EFX-0000 INFO] ... Postmap Retiming Optimization end (Real time : 1s CPU user time : 1s CPU sys time : 0s MEM : 293296KB)
[EFX-0000 INFO] Resource Summary 
[EFX-0000 INFO] =============================== 
[EFX-0000 INFO] EFX_LUT4        : 	82
[EFX-0000 INFO] EFX_FF          : 	54
[EFX-0000 INFO] EFX_GBUFCE      : 	1
[EFX-0000 INFO] =============================== 
[EFX-0000 INFO] ... Post-Map Verilog Writer begin
[EFX-0000 INFO] ... Post-Map Verilog Writer end (Real time : 0s CPU user time : 1s CPU sys time : 0s MEM : 293296KB)

///////////////////////////////////
// Efinity Synthesis Started 
// Jul 14, 2026 10:23:29
///////////////////////////////////

[EFX-0012 VERI-INFO] default VHDL library search path is now "/home/omer-ahin/Downloads/efinity/2025.2/sim_models/vhdl/packages/vhdl_2008" (VHDL-1504) 
[EFX-0012 VERI-INFO] analyzing entity 'uart_tx' (VHDL-1012) (/home/omer-ahin/STAJ/Uart_Echo/uart_rx.vhd:6)
[EFX-0012 VERI-INFO] analyzing architecture 'my_top_arc' (VHDL-1010) (/home/omer-ahin/STAJ/Uart_Echo/uart_rx.vhd:22)
[EFX-0012 VERI-INFO] analyzing entity 'uart_rx' (VHDL-1012) (/home/omer-ahin/STAJ/Uart_Echo/uart_tx.vhdl:6)
[EFX-0012 VERI-INFO] analyzing architecture 'rtl' (VHDL-1010) (/home/omer-ahin/STAJ/Uart_Echo/uart_tx.vhdl:21)
[EFX-0012 VERI-INFO] analyzing entity 'uart_echo' (VHDL-1012) (/home/omer-ahin/STAJ/Uart_Echo/uart_echo.vhdl:5)
[EFX-0012 VERI-INFO] analyzing architecture 'rtl' (VHDL-1010) (/home/omer-ahin/STAJ/Uart_Echo/uart_echo.vhdl:20)
[EFX-0012 VERI-INFO] processing 'uart_echo(rtl)' (VHDL-1067) (/home/omer-ahin/STAJ/Uart_Echo/uart_echo.vhdl:5)
[EFX-0012 VERI-INFO] processing 'uart_rx(clk_freq=33333333)(rtl)' (VHDL-1067) (/home/omer-ahin/STAJ/Uart_Echo/uart_tx.vhdl:6)
[EFX-0012 VERI-INFO] 'others' clause is never selected (VHDL-1172) (/home/omer-ahin/STAJ/Uart_Echo/uart_tx.vhdl:96)
[EFX-0012 VERI-INFO] processing 'uart_tx(clk_freq=33333333)(my_top_arc)' (VHDL-1067) (/home/omer-ahin/STAJ/Uart_Echo/uart_rx.vhd:6)
[EFX-0000 INFO] ... Setting Synthesis Option: mode=speed
[EFX-0012 VERI-INFO] compiling module 'EFX_ADD' (VERI-1018) (/home/omer-ahin/Downloads/efinity/2025.2/sim_models/maplib/efinix_maplib.v:8)
[EFX-0012 VERI-INFO] compiling module 'EFX_FF' (VERI-1018) (/home/omer-ahin/Downloads/efinity/2025.2/sim_models/maplib/efinix_maplib.v:21)
[EFX-0012 VERI-INFO] compiling module 'EFX_COMB4' (VERI-1018) (/home/omer-ahin/Downloads/efinity/2025.2/sim_models/maplib/efinix_maplib.v:38)
[EFX-0012 VERI-INFO] compiling module 'EFX_GBUFCE' (VERI-1018) (/home/omer-ahin/Downloads/efinity/2025.2/sim_models/maplib/efinix_maplib.v:48)
[EFX-0012 VERI-INFO] compiling module 'EFX_LUT4' (VERI-1018) (/home/omer-ahin/Downloads/efinity/2025.2/sim_models/maplib/efinix_maplib.v:57)
[EFX-0012 VERI-INFO] compiling module 'EFX_MULT' (VERI-1018) (/home/omer-ahin/Downloads/efinity/2025.2/sim_models/maplib/efinix_maplib.v:65)
[EFX-0012 VERI-INFO] compiling module 'EFX_DSP48' (VERI-1018) (/home/omer-ahin/Downloads/efinity/2025.2/sim_models/maplib/efinix_maplib.v:100)
[EFX-0012 VERI-INFO] compiling module 'EFX_DSP24' (VERI-1018) (/home/omer-ahin/Downloads/efinity/2025.2/sim_models/maplib/efinix_maplib.v:156)
[EFX-0012 VERI-INFO] compiling module 'EFX_DSP12' (VERI-1018) (/home/omer-ahin/Downloads/efinity/2025.2/sim_models/maplib/efinix_maplib.v:209)
[EFX-0012 VERI-INFO] compiling module 'EFX_RAM_4K' (VERI-1018) (/home/omer-ahin/Downloads/efinity/2025.2/sim_models/maplib/efinix_maplib.v:262)
[EFX-0012 VERI-INFO] compiling module 'EFX_RAM_5K' (VERI-1018) (/home/omer-ahin/Downloads/efinity/2025.2/sim_models/maplib/efinix_maplib.v:322)
[EFX-0012 VERI-INFO] compiling module 'EFX_DPRAM_5K' (VERI-1018) (/home/omer-ahin/Downloads/efinity/2025.2/sim_models/maplib/efinix_maplib.v:394)
[EFX-0012 VERI-INFO] compiling module 'RAMB5' (VERI-1018) (/home/omer-ahin/Downloads/efinity/2025.2/sim_models/maplib/efinix_maplib.v:499)
[EFX-0012 VERI-INFO] compiling module 'EFX_RAM_10K' (VERI-1018) (/home/omer-ahin/Downloads/efinity/2025.2/sim_models/maplib/efinix_maplib.v:561)
[EFX-0012 VERI-INFO] compiling module 'EFX_RAM10' (VERI-1018) (/home/omer-ahin/Downloads/efinity/2025.2/sim_models/maplib/efinix_maplib.v:653)
[EFX-0012 VERI-INFO] compiling module 'EFX_DPRAM10' (VERI-1018) (/home/omer-ahin/Downloads/efinity/2025.2/sim_models/maplib/efinix_maplib.v:754)
[EFX-0012 VERI-INFO] compiling module 'EFX_SRL8' (VERI-1018) (/home/omer-ahin/Downloads/efinity/2025.2/sim_models/maplib/efinix_maplib.v:884)
[EFX-0000 INFO] ... Pre-synthesis checks begin
[EFX-0000 INFO] ... Pre-synthesis checks end (Real time : 0s CPU user time : 0s CPU sys time : 0s MEM : 293296KB)
[EFX-0000 INFO] ... NameSpace init begin
[EFX-0000 INFO] ... NameSpace init end (Real time : 0s CPU user time : 0s CPU sys time : 0s MEM : 293296KB)
[EFX-0000 INFO] ... Mapping design "uart_echo"
[EFX-0000 INFO] ... Hierarchical pre-synthesis "uart_rx(clk_freq=33333333)" begin
[EFX-0000 INFO] ... Hierarchical pre-synthesis "uart_rx(clk_freq=33333333)" end (Real time : 0s CPU user time : 0s CPU sys time : 0s MEM : 293296KB)
[EFX-0000 INFO] ... Hierarchical pre-synthesis "uart_tx(clk_freq=33333333)" begin
[EFX-0000 INFO] ... Hierarchical pre-synthesis "uart_tx(clk_freq=33333333)" end (Real time : 0s CPU user time : 0s CPU sys time : 0s MEM : 293296KB)
[EFX-0000 INFO] ... Hierarchical pre-synthesis "uart_echo" begin
[EFX-0000 INFO] ... Clock Enable Synthesis Performed on 52 flops.
[EFX-0000 INFO] ... Hierarchical pre-synthesis "uart_echo" end (Real time : 0s CPU user time : 0s CPU sys time : 0s MEM : 293296KB)
[EFX-0000 INFO] ... Flat optimizations begin
[EFX-0000 INFO] ... Flat optimizations end (Real time : 0s CPU user time : 0s CPU sys time : 0s MEM : 293296KB)
[EFX-0000 INFO] ... Flat synthesis begin
[EFX-0000 INFO] ... Flat synthesis end (Real time : 0s CPU user time : 0s CPU sys time : 0s MEM : 293296KB)
[EFX-0000 INFO] ... Flat optimizations begin
[EFX-0000 INFO] ... Flat optimizations end (Real time : 0s CPU user time : 0s CPU sys time : 0s MEM : 293296KB)
[EFX-0000 INFO] ... Check and break combinational loops begin
[EFX-0000 INFO] ... Check and break combinational loops end (Real time : 0s CPU user time : 0s CPU sys time : 0s MEM : 293296KB)
[EFX-0000 INFO] ... Sequential Optimization begin
[EFX-0000 INFO] ... Clock Network 'clk_c' with 54 loads will be considered for sequential optimization.
[EFX-0000 INFO] ... Sequential Optimization deduced 4 equivalent points.
[EFX-0000 INFO] ... Sequential Optimization end (Real time : 0s CPU user time : 0s CPU sys time : 0s MEM : 293296KB)
[EFX-0000 INFO] ... Setup for logic synthesis begin
[EFX-0000 INFO] ... Setup for logic synthesis end (Real time : 0s CPU user time : 0s CPU sys time : 0s MEM : 293296KB)
[EFX-0000 INFO] ... LUT mapping begin
[EFX-0000 INFO] ... LS, strategy: 3, nd: 71, ed: 238, lv: 3, pw: 140.74
[EFX-0000 INFO] ... LUT mapping end (Real time : 1s CPU user time : 1s CPU sys time : 0s MEM : 293296KB)
[EFX-0000 INFO] ... Post-synthesis Verific netlist creation begin
[EFX-0000 INFO] ... Post-synthesis Verific netlist creation end (Real time : 0s CPU user time : 1s CPU sys time : 0s MEM : 293296KB)
[EFX-0000 INFO] ... Postmap Retiming Optimization begin
[EFX-0000 INFO] ... Clock Network 'clk_c~clk_c' with 54 loads will be considered for retiming optimization.
[EFX-0000 INFO] ... Performed 0 retime moves.
[EFX-0000 INFO] ... Postmap Retiming Optimization end (Real time : 0s CPU user time : 1s CPU sys time : 0s MEM : 293296KB)
[EFX-0000 INFO] Resource Summary 
[EFX-0000 INFO] =============================== 
[EFX-0000 INFO] EFX_LUT4        : 	71
[EFX-0000 INFO] EFX_FF          : 	54
[EFX-0000 INFO] EFX_GBUFCE      : 	1
[EFX-0000 INFO] =============================== 
[EFX-0000 INFO] ... Post-Map Verilog Writer begin
[EFX-0000 INFO] ... Post-Map Verilog Writer end (Real time : 0s CPU user time : 1s CPU sys time : 0s MEM : 293296KB)

///////////////////////////////////
// Efinity Synthesis Started 
// Jul 14, 2026 10:27:18
///////////////////////////////////

[EFX-0012 VERI-INFO] default VHDL library search path is now "/home/omer-ahin/Downloads/efinity/2025.2/sim_models/vhdl/packages/vhdl_2008" (VHDL-1504) 
[EFX-0012 VERI-INFO] analyzing entity 'uart_tx' (VHDL-1012) (/home/omer-ahin/STAJ/Uart_Echo/uart_rx.vhd:6)
[EFX-0012 VERI-INFO] analyzing architecture 'my_top_arc' (VHDL-1010) (/home/omer-ahin/STAJ/Uart_Echo/uart_rx.vhd:22)
[EFX-0012 VERI-INFO] analyzing entity 'uart_rx' (VHDL-1012) (/home/omer-ahin/STAJ/Uart_Echo/uart_tx.vhdl:6)
[EFX-0012 VERI-INFO] analyzing architecture 'rtl' (VHDL-1010) (/home/omer-ahin/STAJ/Uart_Echo/uart_tx.vhdl:21)
[EFX-0012 VERI-INFO] analyzing entity 'uart_echo' (VHDL-1012) (/home/omer-ahin/STAJ/Uart_Echo/uart_echo.vhdl:5)
[EFX-0012 VERI-INFO] analyzing architecture 'rtl' (VHDL-1010) (/home/omer-ahin/STAJ/Uart_Echo/uart_echo.vhdl:20)
[EFX-0012 VERI-INFO] processing 'uart_echo(rtl)' (VHDL-1067) (/home/omer-ahin/STAJ/Uart_Echo/uart_echo.vhdl:5)
[EFX-0012 VERI-INFO] processing 'uart_rx(clk_freq=33333333)(rtl)' (VHDL-1067) (/home/omer-ahin/STAJ/Uart_Echo/uart_tx.vhdl:6)
[EFX-0012 VERI-INFO] 'others' clause is never selected (VHDL-1172) (/home/omer-ahin/STAJ/Uart_Echo/uart_tx.vhdl:96)
[EFX-0012 VERI-INFO] processing 'uart_tx(clk_freq=33333333)(my_top_arc)' (VHDL-1067) (/home/omer-ahin/STAJ/Uart_Echo/uart_rx.vhd:6)
[EFX-0000 INFO] ... Setting Synthesis Option: mode=speed
[EFX-0012 VERI-INFO] compiling module 'EFX_ADD' (VERI-1018) (/home/omer-ahin/Downloads/efinity/2025.2/sim_models/maplib/efinix_maplib.v:8)
[EFX-0012 VERI-INFO] compiling module 'EFX_FF' (VERI-1018) (/home/omer-ahin/Downloads/efinity/2025.2/sim_models/maplib/efinix_maplib.v:21)
[EFX-0012 VERI-INFO] compiling module 'EFX_COMB4' (VERI-1018) (/home/omer-ahin/Downloads/efinity/2025.2/sim_models/maplib/efinix_maplib.v:38)
[EFX-0012 VERI-INFO] compiling module 'EFX_GBUFCE' (VERI-1018) (/home/omer-ahin/Downloads/efinity/2025.2/sim_models/maplib/efinix_maplib.v:48)
[EFX-0012 VERI-INFO] compiling module 'EFX_LUT4' (VERI-1018) (/home/omer-ahin/Downloads/efinity/2025.2/sim_models/maplib/efinix_maplib.v:57)
[EFX-0012 VERI-INFO] compiling module 'EFX_MULT' (VERI-1018) (/home/omer-ahin/Downloads/efinity/2025.2/sim_models/maplib/efinix_maplib.v:65)
[EFX-0012 VERI-INFO] compiling module 'EFX_DSP48' (VERI-1018) (/home/omer-ahin/Downloads/efinity/2025.2/sim_models/maplib/efinix_maplib.v:100)
[EFX-0012 VERI-INFO] compiling module 'EFX_DSP24' (VERI-1018) (/home/omer-ahin/Downloads/efinity/2025.2/sim_models/maplib/efinix_maplib.v:156)
[EFX-0012 VERI-INFO] compiling module 'EFX_DSP12' (VERI-1018) (/home/omer-ahin/Downloads/efinity/2025.2/sim_models/maplib/efinix_maplib.v:209)
[EFX-0012 VERI-INFO] compiling module 'EFX_RAM_4K' (VERI-1018) (/home/omer-ahin/Downloads/efinity/2025.2/sim_models/maplib/efinix_maplib.v:262)
[EFX-0012 VERI-INFO] compiling module 'EFX_RAM_5K' (VERI-1018) (/home/omer-ahin/Downloads/efinity/2025.2/sim_models/maplib/efinix_maplib.v:322)
[EFX-0012 VERI-INFO] compiling module 'EFX_DPRAM_5K' (VERI-1018) (/home/omer-ahin/Downloads/efinity/2025.2/sim_models/maplib/efinix_maplib.v:394)
[EFX-0012 VERI-INFO] compiling module 'RAMB5' (VERI-1018) (/home/omer-ahin/Downloads/efinity/2025.2/sim_models/maplib/efinix_maplib.v:499)
[EFX-0012 VERI-INFO] compiling module 'EFX_RAM_10K' (VERI-1018) (/home/omer-ahin/Downloads/efinity/2025.2/sim_models/maplib/efinix_maplib.v:561)
[EFX-0012 VERI-INFO] compiling module 'EFX_RAM10' (VERI-1018) (/home/omer-ahin/Downloads/efinity/2025.2/sim_models/maplib/efinix_maplib.v:653)
[EFX-0012 VERI-INFO] compiling module 'EFX_DPRAM10' (VERI-1018) (/home/omer-ahin/Downloads/efinity/2025.2/sim_models/maplib/efinix_maplib.v:754)
[EFX-0012 VERI-INFO] compiling module 'EFX_SRL8' (VERI-1018) (/home/omer-ahin/Downloads/efinity/2025.2/sim_models/maplib/efinix_maplib.v:884)
[EFX-0000 INFO] ... Pre-synthesis checks begin
[EFX-0000 INFO] ... Pre-synthesis checks end (Real time : 0s CPU user time : 0s CPU sys time : 0s MEM : 297500KB)
[EFX-0000 INFO] ... NameSpace init begin
[EFX-0000 INFO] ... NameSpace init end (Real time : 0s CPU user time : 0s CPU sys time : 0s MEM : 297500KB)
[EFX-0000 INFO] ... Mapping design "uart_echo"
[EFX-0000 INFO] ... Hierarchical pre-synthesis "uart_rx(clk_freq=33333333)" begin
[EFX-0000 INFO] ... Hierarchical pre-synthesis "uart_rx(clk_freq=33333333)" end (Real time : 0s CPU user time : 0s CPU sys time : 0s MEM : 297500KB)
[EFX-0000 INFO] ... Hierarchical pre-synthesis "uart_tx(clk_freq=33333333)" begin
[EFX-0000 INFO] ... Hierarchical pre-synthesis "uart_tx(clk_freq=33333333)" end (Real time : 0s CPU user time : 0s CPU sys time : 0s MEM : 297500KB)
[EFX-0000 INFO] ... Hierarchical pre-synthesis "uart_echo" begin
[EFX-0000 INFO] ... Clock Enable Synthesis Performed on 52 flops.
[EFX-0000 INFO] ... Hierarchical pre-synthesis "uart_echo" end (Real time : 0s CPU user time : 0s CPU sys time : 0s MEM : 297500KB)
[EFX-0000 INFO] ... Flat optimizations begin
[EFX-0000 INFO] ... Flat optimizations end (Real time : 0s CPU user time : 0s CPU sys time : 0s MEM : 297500KB)
[EFX-0000 INFO] ... Flat synthesis begin
[EFX-0000 INFO] ... Flat synthesis end (Real time : 0s CPU user time : 0s CPU sys time : 0s MEM : 297500KB)
[EFX-0000 INFO] ... Flat optimizations begin
[EFX-0000 INFO] ... Flat optimizations end (Real time : 0s CPU user time : 0s CPU sys time : 0s MEM : 297500KB)
[EFX-0000 INFO] ... Check and break combinational loops begin
[EFX-0000 INFO] ... Check and break combinational loops end (Real time : 0s CPU user time : 0s CPU sys time : 0s MEM : 297500KB)
[EFX-0000 INFO] ... Sequential Optimization begin
[EFX-0000 INFO] ... Clock Network 'clk_c' with 55 loads will be considered for sequential optimization.
[EFX-0000 INFO] ... Sequential Optimization deduced 4 equivalent points.
[EFX-0000 INFO] ... Sequential Optimization end (Real time : 0s CPU user time : 0s CPU sys time : 0s MEM : 297500KB)
[EFX-0000 INFO] ... Setup for logic synthesis begin
[EFX-0000 INFO] ... Setup for logic synthesis end (Real time : 0s CPU user time : 0s CPU sys time : 0s MEM : 297500KB)
[EFX-0000 INFO] ... LUT mapping begin
[EFX-0000 INFO] ... LS, strategy: 3, nd: 73, ed: 240, lv: 3, pw: 142.15
[EFX-0000 INFO] ... LUT mapping end (Real time : 1s CPU user time : 1s CPU sys time : 0s MEM : 297500KB)
[EFX-0000 INFO] ... Post-synthesis Verific netlist creation begin
[EFX-0000 INFO] ... Post-synthesis Verific netlist creation end (Real time : 0s CPU user time : 1s CPU sys time : 0s MEM : 297500KB)
[EFX-0000 INFO] ... Postmap Retiming Optimization begin
[EFX-0000 INFO] ... Clock Network 'clk_c~clk_c' with 55 loads will be considered for retiming optimization.
[EFX-0000 INFO] ... Performed 0 retime moves.
[EFX-0000 INFO] ... Postmap Retiming Optimization end (Real time : 0s CPU user time : 1s CPU sys time : 0s MEM : 297500KB)
[EFX-0000 INFO] Resource Summary 
[EFX-0000 INFO] =============================== 
[EFX-0000 INFO] EFX_LUT4        : 	73
[EFX-0000 INFO] EFX_FF          : 	55
[EFX-0000 INFO] EFX_GBUFCE      : 	1
[EFX-0000 INFO] =============================== 
[EFX-0000 INFO] ... Post-Map Verilog Writer begin
[EFX-0000 INFO] ... Post-Map Verilog Writer end (Real time : 0s CPU user time : 1s CPU sys time : 0s MEM : 297500KB)

///////////////////////////////////
// Efinity Synthesis Started 
// Jul 14, 2026 10:29:11
///////////////////////////////////

[EFX-0012 VERI-INFO] default VHDL library search path is now "/home/omer-ahin/Downloads/efinity/2025.2/sim_models/vhdl/packages/vhdl_2008" (VHDL-1504) 
[EFX-0012 VERI-INFO] analyzing entity 'uart_tx' (VHDL-1012) (/home/omer-ahin/STAJ/Uart_Echo/uart_rx.vhd:6)
[EFX-0012 VERI-INFO] analyzing architecture 'my_top_arc' (VHDL-1010) (/home/omer-ahin/STAJ/Uart_Echo/uart_rx.vhd:22)
[EFX-0012 VERI-INFO] analyzing entity 'uart_rx' (VHDL-1012) (/home/omer-ahin/STAJ/Uart_Echo/uart_tx.vhdl:6)
[EFX-0012 VERI-INFO] analyzing architecture 'rtl' (VHDL-1010) (/home/omer-ahin/STAJ/Uart_Echo/uart_tx.vhdl:21)
[EFX-0012 VERI-INFO] analyzing entity 'uart_echo' (VHDL-1012) (/home/omer-ahin/STAJ/Uart_Echo/uart_echo.vhdl:5)
[EFX-0012 VERI-INFO] analyzing architecture 'rtl' (VHDL-1010) (/home/omer-ahin/STAJ/Uart_Echo/uart_echo.vhdl:20)
[EFX-0012 VERI-INFO] processing 'uart_echo(rtl)' (VHDL-1067) (/home/omer-ahin/STAJ/Uart_Echo/uart_echo.vhdl:5)
[EFX-0012 VERI-INFO] processing 'uart_rx(clk_freq=33333333)(rtl)' (VHDL-1067) (/home/omer-ahin/STAJ/Uart_Echo/uart_tx.vhdl:6)
[EFX-0012 VERI-INFO] 'others' clause is never selected (VHDL-1172) (/home/omer-ahin/STAJ/Uart_Echo/uart_tx.vhdl:96)
[EFX-0012 VERI-INFO] processing 'uart_tx(clk_freq=33333333)(my_top_arc)' (VHDL-1067) (/home/omer-ahin/STAJ/Uart_Echo/uart_rx.vhd:6)
[EFX-0000 INFO] ... Setting Synthesis Option: mode=speed
[EFX-0012 VERI-INFO] compiling module 'EFX_ADD' (VERI-1018) (/home/omer-ahin/Downloads/efinity/2025.2/sim_models/maplib/efinix_maplib.v:8)
[EFX-0012 VERI-INFO] compiling module 'EFX_FF' (VERI-1018) (/home/omer-ahin/Downloads/efinity/2025.2/sim_models/maplib/efinix_maplib.v:21)
[EFX-0012 VERI-INFO] compiling module 'EFX_COMB4' (VERI-1018) (/home/omer-ahin/Downloads/efinity/2025.2/sim_models/maplib/efinix_maplib.v:38)
[EFX-0012 VERI-INFO] compiling module 'EFX_GBUFCE' (VERI-1018) (/home/omer-ahin/Downloads/efinity/2025.2/sim_models/maplib/efinix_maplib.v:48)
[EFX-0012 VERI-INFO] compiling module 'EFX_LUT4' (VERI-1018) (/home/omer-ahin/Downloads/efinity/2025.2/sim_models/maplib/efinix_maplib.v:57)
[EFX-0012 VERI-INFO] compiling module 'EFX_MULT' (VERI-1018) (/home/omer-ahin/Downloads/efinity/2025.2/sim_models/maplib/efinix_maplib.v:65)
[EFX-0012 VERI-INFO] compiling module 'EFX_DSP48' (VERI-1018) (/home/omer-ahin/Downloads/efinity/2025.2/sim_models/maplib/efinix_maplib.v:100)
[EFX-0012 VERI-INFO] compiling module 'EFX_DSP24' (VERI-1018) (/home/omer-ahin/Downloads/efinity/2025.2/sim_models/maplib/efinix_maplib.v:156)
[EFX-0012 VERI-INFO] compiling module 'EFX_DSP12' (VERI-1018) (/home/omer-ahin/Downloads/efinity/2025.2/sim_models/maplib/efinix_maplib.v:209)
[EFX-0012 VERI-INFO] compiling module 'EFX_RAM_4K' (VERI-1018) (/home/omer-ahin/Downloads/efinity/2025.2/sim_models/maplib/efinix_maplib.v:262)
[EFX-0012 VERI-INFO] compiling module 'EFX_RAM_5K' (VERI-1018) (/home/omer-ahin/Downloads/efinity/2025.2/sim_models/maplib/efinix_maplib.v:322)
[EFX-0012 VERI-INFO] compiling module 'EFX_DPRAM_5K' (VERI-1018) (/home/omer-ahin/Downloads/efinity/2025.2/sim_models/maplib/efinix_maplib.v:394)
[EFX-0012 VERI-INFO] compiling module 'RAMB5' (VERI-1018) (/home/omer-ahin/Downloads/efinity/2025.2/sim_models/maplib/efinix_maplib.v:499)
[EFX-0012 VERI-INFO] compiling module 'EFX_RAM_10K' (VERI-1018) (/home/omer-ahin/Downloads/efinity/2025.2/sim_models/maplib/efinix_maplib.v:561)
[EFX-0012 VERI-INFO] compiling module 'EFX_RAM10' (VERI-1018) (/home/omer-ahin/Downloads/efinity/2025.2/sim_models/maplib/efinix_maplib.v:653)
[EFX-0012 VERI-INFO] compiling module 'EFX_DPRAM10' (VERI-1018) (/home/omer-ahin/Downloads/efinity/2025.2/sim_models/maplib/efinix_maplib.v:754)
[EFX-0012 VERI-INFO] compiling module 'EFX_SRL8' (VERI-1018) (/home/omer-ahin/Downloads/efinity/2025.2/sim_models/maplib/efinix_maplib.v:884)
[EFX-0000 INFO] ... Pre-synthesis checks begin
[EFX-0000 INFO] ... Pre-synthesis checks end (Real time : 0s CPU user time : 0s CPU sys time : 0s MEM : 297500KB)
[EFX-0000 INFO] ... NameSpace init begin
[EFX-0000 INFO] ... NameSpace init end (Real time : 0s CPU user time : 0s CPU sys time : 0s MEM : 297500KB)
[EFX-0000 INFO] ... Mapping design "uart_echo"
[EFX-0000 INFO] ... Hierarchical pre-synthesis "uart_rx(clk_freq=33333333)" begin
[EFX-0000 INFO] ... Hierarchical pre-synthesis "uart_rx(clk_freq=33333333)" end (Real time : 0s CPU user time : 0s CPU sys time : 0s MEM : 297500KB)
[EFX-0000 INFO] ... Hierarchical pre-synthesis "uart_tx(clk_freq=33333333)" begin
[EFX-0000 INFO] ... Hierarchical pre-synthesis "uart_tx(clk_freq=33333333)" end (Real time : 0s CPU user time : 0s CPU sys time : 0s MEM : 297500KB)
[EFX-0000 INFO] ... Hierarchical pre-synthesis "uart_echo" begin
[EFX-0000 INFO] ... Clock Enable Synthesis Performed on 55 flops.
[EFX-0000 INFO] ... Hierarchical pre-synthesis "uart_echo" end (Real time : 0s CPU user time : 0s CPU sys time : 0s MEM : 297500KB)
[EFX-0000 INFO] ... Flat optimizations begin
[EFX-0000 INFO] ... Flat optimizations end (Real time : 0s CPU user time : 0s CPU sys time : 0s MEM : 297500KB)
[EFX-0000 INFO] ... Flat synthesis begin
[EFX-0000 INFO] ... Flat synthesis end (Real time : 0s CPU user time : 0s CPU sys time : 0s MEM : 297500KB)
[EFX-0000 INFO] ... Flat optimizations begin
[EFX-0000 INFO] ... Flat optimizations end (Real time : 0s CPU user time : 0s CPU sys time : 0s MEM : 297500KB)
[EFX-0000 INFO] ... Check and break combinational loops begin
[EFX-0000 INFO] ... Check and break combinational loops end (Real time : 0s CPU user time : 0s CPU sys time : 0s MEM : 297500KB)
[EFX-0000 INFO] ... Sequential Optimization begin
[EFX-0000 INFO] ... Clock Network 'clk_c' with 57 loads will be considered for sequential optimization.
[EFX-0000 INFO] ... Sequential Optimization deduced 4 equivalent points.
[EFX-0000 INFO] ... Sequential Optimization end (Real time : 0s CPU user time : 0s CPU sys time : 0s MEM : 297500KB)
[EFX-0000 INFO] ... Setup for logic synthesis begin
[EFX-0000 INFO] ... Setup for logic synthesis end (Real time : 0s CPU user time : 0s CPU sys time : 0s MEM : 297500KB)
[EFX-0000 INFO] ... LUT mapping begin
[EFX-0000 INFO] ... LS, strategy: 3, nd: 75, ed: 246, lv: 3, pw: 147.57
[EFX-0000 INFO] ... LUT mapping end (Real time : 0s CPU user time : 1s CPU sys time : 0s MEM : 297500KB)
[EFX-0000 INFO] ... Post-synthesis Verific netlist creation begin
[EFX-0000 INFO] ... Post-synthesis Verific netlist creation end (Real time : 1s CPU user time : 1s CPU sys time : 0s MEM : 297500KB)
[EFX-0000 INFO] ... Postmap Retiming Optimization begin
[EFX-0000 INFO] ... Clock Network 'clk_c~clk_c' with 57 loads will be considered for retiming optimization.
[EFX-0000 INFO] ... Performed 0 retime moves.
[EFX-0000 INFO] ... Postmap Retiming Optimization end (Real time : 0s CPU user time : 1s CPU sys time : 0s MEM : 297500KB)
[EFX-0000 INFO] Resource Summary 
[EFX-0000 INFO] =============================== 
[EFX-0000 INFO] EFX_LUT4        : 	75
[EFX-0000 INFO] EFX_FF          : 	57
[EFX-0000 INFO] EFX_GBUFCE      : 	1
[EFX-0000 INFO] =============================== 
[EFX-0000 INFO] ... Post-Map Verilog Writer begin
[EFX-0000 INFO] ... Post-Map Verilog Writer end (Real time : 0s CPU user time : 1s CPU sys time : 0s MEM : 297500KB)

///////////////////////////////////
// Efinity Synthesis Started 
// Jul 14, 2026 15:48:35
///////////////////////////////////

[EFX-0012 VERI-INFO] default VHDL library search path is now "/home/omer-ahin/Downloads/efinity/2025.2/sim_models/vhdl/packages/vhdl_2008" (VHDL-1504) 
[EFX-0012 VERI-INFO] analyzing entity 'uart_tx' (VHDL-1012) (/home/omer-ahin/STAJ/Uart_Echo/uart_rx.vhd:6)
[EFX-0012 VERI-INFO] analyzing architecture 'rtl' (VHDL-1010) (/home/omer-ahin/STAJ/Uart_Echo/uart_rx.vhd:22)
[EFX-0012 VERI-INFO] analyzing entity 'uart_rx' (VHDL-1012) (/home/omer-ahin/STAJ/Uart_Echo/uart_tx.vhdl:6)
[EFX-0012 VERI-INFO] analyzing architecture 'rtl' (VHDL-1010) (/home/omer-ahin/STAJ/Uart_Echo/uart_tx.vhdl:21)
[EFX-0012 VERI-INFO] analyzing entity 'uart_echo' (VHDL-1012) (/home/omer-ahin/STAJ/Uart_Echo/uart_echo.vhdl:5)
[EFX-0012 VERI-INFO] analyzing architecture 'rtl' (VHDL-1010) (/home/omer-ahin/STAJ/Uart_Echo/uart_echo.vhdl:20)
[EFX-0012 VERI-INFO] processing 'uart_echo(rtl)' (VHDL-1067) (/home/omer-ahin/STAJ/Uart_Echo/uart_echo.vhdl:5)
[EFX-0012 VERI-INFO] processing 'uart_rx(clk_freq=33333333)(rtl)' (VHDL-1067) (/home/omer-ahin/STAJ/Uart_Echo/uart_tx.vhdl:6)
[EFX-0012 VERI-INFO] 'others' clause is never selected (VHDL-1172) (/home/omer-ahin/STAJ/Uart_Echo/uart_tx.vhdl:96)
[EFX-0012 VERI-INFO] processing 'uart_tx(clk_freq=33333333)(rtl)' (VHDL-1067) (/home/omer-ahin/STAJ/Uart_Echo/uart_rx.vhd:6)
[EFX-0012 VERI-INFO] 'others' clause is never selected (VHDL-1172) (/home/omer-ahin/STAJ/Uart_Echo/uart_rx.vhd:95)
[EFX-0000 INFO] ... Setting Synthesis Option: mode=speed
[EFX-0012 VERI-INFO] compiling module 'EFX_ADD' (VERI-1018) (/home/omer-ahin/Downloads/efinity/2025.2/sim_models/maplib/efinix_maplib.v:8)
[EFX-0012 VERI-INFO] compiling module 'EFX_FF' (VERI-1018) (/home/omer-ahin/Downloads/efinity/2025.2/sim_models/maplib/efinix_maplib.v:21)
[EFX-0012 VERI-INFO] compiling module 'EFX_COMB4' (VERI-1018) (/home/omer-ahin/Downloads/efinity/2025.2/sim_models/maplib/efinix_maplib.v:38)
[EFX-0012 VERI-INFO] compiling module 'EFX_GBUFCE' (VERI-1018) (/home/omer-ahin/Downloads/efinity/2025.2/sim_models/maplib/efinix_maplib.v:48)
[EFX-0012 VERI-INFO] compiling module 'EFX_LUT4' (VERI-1018) (/home/omer-ahin/Downloads/efinity/2025.2/sim_models/maplib/efinix_maplib.v:57)
[EFX-0012 VERI-INFO] compiling module 'EFX_MULT' (VERI-1018) (/home/omer-ahin/Downloads/efinity/2025.2/sim_models/maplib/efinix_maplib.v:65)
[EFX-0012 VERI-INFO] compiling module 'EFX_DSP48' (VERI-1018) (/home/omer-ahin/Downloads/efinity/2025.2/sim_models/maplib/efinix_maplib.v:100)
[EFX-0012 VERI-INFO] compiling module 'EFX_DSP24' (VERI-1018) (/home/omer-ahin/Downloads/efinity/2025.2/sim_models/maplib/efinix_maplib.v:156)
[EFX-0012 VERI-INFO] compiling module 'EFX_DSP12' (VERI-1018) (/home/omer-ahin/Downloads/efinity/2025.2/sim_models/maplib/efinix_maplib.v:209)
[EFX-0012 VERI-INFO] compiling module 'EFX_RAM_4K' (VERI-1018) (/home/omer-ahin/Downloads/efinity/2025.2/sim_models/maplib/efinix_maplib.v:262)
[EFX-0012 VERI-INFO] compiling module 'EFX_RAM_5K' (VERI-1018) (/home/omer-ahin/Downloads/efinity/2025.2/sim_models/maplib/efinix_maplib.v:322)
[EFX-0012 VERI-INFO] compiling module 'EFX_DPRAM_5K' (VERI-1018) (/home/omer-ahin/Downloads/efinity/2025.2/sim_models/maplib/efinix_maplib.v:394)
[EFX-0012 VERI-INFO] compiling module 'RAMB5' (VERI-1018) (/home/omer-ahin/Downloads/efinity/2025.2/sim_models/maplib/efinix_maplib.v:499)
[EFX-0012 VERI-INFO] compiling module 'EFX_RAM_10K' (VERI-1018) (/home/omer-ahin/Downloads/efinity/2025.2/sim_models/maplib/efinix_maplib.v:561)
[EFX-0012 VERI-INFO] compiling module 'EFX_RAM10' (VERI-1018) (/home/omer-ahin/Downloads/efinity/2025.2/sim_models/maplib/efinix_maplib.v:653)
[EFX-0012 VERI-INFO] compiling module 'EFX_DPRAM10' (VERI-1018) (/home/omer-ahin/Downloads/efinity/2025.2/sim_models/maplib/efinix_maplib.v:754)
[EFX-0012 VERI-INFO] compiling module 'EFX_SRL8' (VERI-1018) (/home/omer-ahin/Downloads/efinity/2025.2/sim_models/maplib/efinix_maplib.v:884)
[EFX-0000 INFO] ... Pre-synthesis checks begin
[EFX-0000 INFO] ... Pre-synthesis checks end (Real time : 0s CPU user time : 0s CPU sys time : 0s MEM : 370048KB)
[EFX-0000 INFO] ... NameSpace init begin
[EFX-0000 INFO] ... NameSpace init end (Real time : 0s CPU user time : 0s CPU sys time : 0s MEM : 370048KB)
[EFX-0000 INFO] ... Mapping design "uart_echo"
[EFX-0000 INFO] ... Hierarchical pre-synthesis "uart_rx(clk_freq=33333333)" begin
[EFX-0000 INFO] ... Hierarchical pre-synthesis "uart_rx(clk_freq=33333333)" end (Real time : 0s CPU user time : 0s CPU sys time : 0s MEM : 370048KB)
[EFX-0000 INFO] ... Hierarchical pre-synthesis "uart_tx(clk_freq=33333333)" begin
[EFX-0000 INFO] ... Hierarchical pre-synthesis "uart_tx(clk_freq=33333333)" end (Real time : 0s CPU user time : 0s CPU sys time : 0s MEM : 370048KB)
[EFX-0000 INFO] ... Hierarchical pre-synthesis "uart_echo" begin
[EFX-0000 INFO] ... Clock Enable Synthesis Performed on 55 flops.
[EFX-0000 INFO] ... Hierarchical pre-synthesis "uart_echo" end (Real time : 0s CPU user time : 0s CPU sys time : 0s MEM : 370048KB)
[EFX-0000 INFO] ... Flat optimizations begin
[EFX-0000 INFO] ... Flat optimizations end (Real time : 0s CPU user time : 0s CPU sys time : 0s MEM : 370048KB)
[EFX-0000 INFO] ... Flat synthesis begin
[EFX-0000 INFO] ... Flat synthesis end (Real time : 0s CPU user time : 0s CPU sys time : 0s MEM : 370048KB)
[EFX-0000 INFO] ... Flat optimizations begin
[EFX-0000 INFO] ... Flat optimizations end (Real time : 0s CPU user time : 0s CPU sys time : 0s MEM : 370048KB)
[EFX-0000 INFO] ... Check and break combinational loops begin
[EFX-0000 INFO] ... Check and break combinational loops end (Real time : 0s CPU user time : 0s CPU sys time : 0s MEM : 370048KB)
[EFX-0000 INFO] ... Sequential Optimization begin
[EFX-0000 INFO] ... Clock Network 'clk_c' with 57 loads will be considered for sequential optimization.
[EFX-0000 INFO] ... Sequential Optimization deduced 4 equivalent points.
[EFX-0000 INFO] ... Sequential Optimization end (Real time : 0s CPU user time : 1s CPU sys time : 0s MEM : 370048KB)
[EFX-0000 INFO] ... Setup for logic synthesis begin
[EFX-0000 INFO] ... Setup for logic synthesis end (Real time : 0s CPU user time : 1s CPU sys time : 0s MEM : 370048KB)
[EFX-0000 INFO] ... LUT mapping begin
[EFX-0000 INFO] ... LS, strategy: 3, nd: 75, ed: 246, lv: 3, pw: 147.57
[EFX-0000 INFO] ... LUT mapping end (Real time : 1s CPU user time : 1s CPU sys time : 0s MEM : 370048KB)
[EFX-0000 INFO] ... Post-synthesis Verific netlist creation begin
[EFX-0000 INFO] ... Post-synthesis Verific netlist creation end (Real time : 0s CPU user time : 1s CPU sys time : 0s MEM : 370048KB)
[EFX-0000 INFO] ... Postmap Retiming Optimization begin
[EFX-0000 INFO] ... Clock Network 'clk_c~clk_c' with 57 loads will be considered for retiming optimization.
[EFX-0000 INFO] ... Performed 0 retime moves.
[EFX-0000 INFO] ... Postmap Retiming Optimization end (Real time : 0s CPU user time : 1s CPU sys time : 0s MEM : 370048KB)
[EFX-0000 INFO] Resource Summary 
[EFX-0000 INFO] =============================== 
[EFX-0000 INFO] EFX_LUT4        : 	75
[EFX-0000 INFO] EFX_FF          : 	57
[EFX-0000 INFO] EFX_GBUFCE      : 	1
[EFX-0000 INFO] =============================== 
[EFX-0000 INFO] ... Post-Map Verilog Writer begin
[EFX-0000 INFO] ... Post-Map Verilog Writer end (Real time : 0s CPU user time : 1s CPU sys time : 0s MEM : 370048KB)

///////////////////////////////////
// Efinity Synthesis Started 
// Jul 14, 2026 15:50:01
///////////////////////////////////

[EFX-0012 VERI-INFO] default VHDL library search path is now "/home/omer-ahin/Downloads/efinity/2025.2/sim_models/vhdl/packages/vhdl_2008" (VHDL-1504) 
[EFX-0012 VERI-INFO] analyzing entity 'uart_tx' (VHDL-1012) (/home/omer-ahin/STAJ/Uart_Echo/uart_rx.vhd:6)
[EFX-0012 VERI-INFO] analyzing architecture 'rtl' (VHDL-1010) (/home/omer-ahin/STAJ/Uart_Echo/uart_rx.vhd:22)
[EFX-0012 VERI-INFO] analyzing entity 'uart_rx' (VHDL-1012) (/home/omer-ahin/STAJ/Uart_Echo/uart_tx.vhdl:6)
[EFX-0012 VERI-INFO] analyzing architecture 'rtl' (VHDL-1010) (/home/omer-ahin/STAJ/Uart_Echo/uart_tx.vhdl:21)
[EFX-0012 VERI-INFO] analyzing entity 'uart_echo' (VHDL-1012) (/home/omer-ahin/STAJ/Uart_Echo/uart_echo.vhdl:5)
[EFX-0012 VERI-INFO] analyzing architecture 'rtl' (VHDL-1010) (/home/omer-ahin/STAJ/Uart_Echo/uart_echo.vhdl:20)
[EFX-0012 VERI-INFO] processing 'uart_echo(rtl)' (VHDL-1067) (/home/omer-ahin/STAJ/Uart_Echo/uart_echo.vhdl:5)
[EFX-0012 VERI-INFO] processing 'uart_rx(clk_freq=33333333)(rtl)' (VHDL-1067) (/home/omer-ahin/STAJ/Uart_Echo/uart_tx.vhdl:6)
[EFX-0012 VERI-INFO] 'others' clause is never selected (VHDL-1172) (/home/omer-ahin/STAJ/Uart_Echo/uart_tx.vhdl:96)
[EFX-0012 VERI-INFO] processing 'uart_tx(clk_freq=33333333)(rtl)' (VHDL-1067) (/home/omer-ahin/STAJ/Uart_Echo/uart_rx.vhd:6)
[EFX-0012 VERI-INFO] 'others' clause is never selected (VHDL-1172) (/home/omer-ahin/STAJ/Uart_Echo/uart_rx.vhd:95)
[EFX-0000 INFO] ... Setting Synthesis Option: mode=speed
[EFX-0012 VERI-INFO] compiling module 'EFX_ADD' (VERI-1018) (/home/omer-ahin/Downloads/efinity/2025.2/sim_models/maplib/efinix_maplib.v:8)
[EFX-0012 VERI-INFO] compiling module 'EFX_FF' (VERI-1018) (/home/omer-ahin/Downloads/efinity/2025.2/sim_models/maplib/efinix_maplib.v:21)
[EFX-0012 VERI-INFO] compiling module 'EFX_COMB4' (VERI-1018) (/home/omer-ahin/Downloads/efinity/2025.2/sim_models/maplib/efinix_maplib.v:38)
[EFX-0012 VERI-INFO] compiling module 'EFX_GBUFCE' (VERI-1018) (/home/omer-ahin/Downloads/efinity/2025.2/sim_models/maplib/efinix_maplib.v:48)
[EFX-0012 VERI-INFO] compiling module 'EFX_LUT4' (VERI-1018) (/home/omer-ahin/Downloads/efinity/2025.2/sim_models/maplib/efinix_maplib.v:57)
[EFX-0012 VERI-INFO] compiling module 'EFX_MULT' (VERI-1018) (/home/omer-ahin/Downloads/efinity/2025.2/sim_models/maplib/efinix_maplib.v:65)
[EFX-0012 VERI-INFO] compiling module 'EFX_DSP48' (VERI-1018) (/home/omer-ahin/Downloads/efinity/2025.2/sim_models/maplib/efinix_maplib.v:100)
[EFX-0012 VERI-INFO] compiling module 'EFX_DSP24' (VERI-1018) (/home/omer-ahin/Downloads/efinity/2025.2/sim_models/maplib/efinix_maplib.v:156)
[EFX-0012 VERI-INFO] compiling module 'EFX_DSP12' (VERI-1018) (/home/omer-ahin/Downloads/efinity/2025.2/sim_models/maplib/efinix_maplib.v:209)
[EFX-0012 VERI-INFO] compiling module 'EFX_RAM_4K' (VERI-1018) (/home/omer-ahin/Downloads/efinity/2025.2/sim_models/maplib/efinix_maplib.v:262)
[EFX-0012 VERI-INFO] compiling module 'EFX_RAM_5K' (VERI-1018) (/home/omer-ahin/Downloads/efinity/2025.2/sim_models/maplib/efinix_maplib.v:322)
[EFX-0012 VERI-INFO] compiling module 'EFX_DPRAM_5K' (VERI-1018) (/home/omer-ahin/Downloads/efinity/2025.2/sim_models/maplib/efinix_maplib.v:394)
[EFX-0012 VERI-INFO] compiling module 'RAMB5' (VERI-1018) (/home/omer-ahin/Downloads/efinity/2025.2/sim_models/maplib/efinix_maplib.v:499)
[EFX-0012 VERI-INFO] compiling module 'EFX_RAM_10K' (VERI-1018) (/home/omer-ahin/Downloads/efinity/2025.2/sim_models/maplib/efinix_maplib.v:561)
[EFX-0012 VERI-INFO] compiling module 'EFX_RAM10' (VERI-1018) (/home/omer-ahin/Downloads/efinity/2025.2/sim_models/maplib/efinix_maplib.v:653)
[EFX-0012 VERI-INFO] compiling module 'EFX_DPRAM10' (VERI-1018) (/home/omer-ahin/Downloads/efinity/2025.2/sim_models/maplib/efinix_maplib.v:754)
[EFX-0012 VERI-INFO] compiling module 'EFX_SRL8' (VERI-1018) (/home/omer-ahin/Downloads/efinity/2025.2/sim_models/maplib/efinix_maplib.v:884)
[EFX-0000 INFO] ... Pre-synthesis checks begin
[EFX-0000 INFO] ... Pre-synthesis checks end (Real time : 0s CPU user time : 0s CPU sys time : 0s MEM : 370048KB)
[EFX-0000 INFO] ... NameSpace init begin
[EFX-0000 INFO] ... NameSpace init end (Real time : 0s CPU user time : 0s CPU sys time : 0s MEM : 370048KB)
[EFX-0000 INFO] ... Mapping design "uart_echo"
[EFX-0000 INFO] ... Hierarchical pre-synthesis "uart_rx(clk_freq=33333333)" begin
[EFX-0000 INFO] ... Hierarchical pre-synthesis "uart_rx(clk_freq=33333333)" end (Real time : 0s CPU user time : 0s CPU sys time : 0s MEM : 370048KB)
[EFX-0000 INFO] ... Hierarchical pre-synthesis "uart_tx(clk_freq=33333333)" begin
[EFX-0000 INFO] ... Hierarchical pre-synthesis "uart_tx(clk_freq=33333333)" end (Real time : 0s CPU user time : 0s CPU sys time : 0s MEM : 370048KB)
[EFX-0000 INFO] ... Hierarchical pre-synthesis "uart_echo" begin
[EFX-0000 INFO] ... Clock Enable Synthesis Performed on 55 flops.
[EFX-0000 INFO] ... Hierarchical pre-synthesis "uart_echo" end (Real time : 0s CPU user time : 0s CPU sys time : 0s MEM : 370048KB)
[EFX-0000 INFO] ... Flat optimizations begin
[EFX-0000 INFO] ... Flat optimizations end (Real time : 0s CPU user time : 0s CPU sys time : 0s MEM : 370048KB)
[EFX-0000 INFO] ... Flat synthesis begin
[EFX-0000 INFO] ... Flat synthesis end (Real time : 0s CPU user time : 0s CPU sys time : 0s MEM : 370048KB)
[EFX-0000 INFO] ... Flat optimizations begin
[EFX-0000 INFO] ... Flat optimizations end (Real time : 0s CPU user time : 0s CPU sys time : 0s MEM : 370048KB)
[EFX-0000 INFO] ... Check and break combinational loops begin
[EFX-0000 INFO] ... Check and break combinational loops end (Real time : 0s CPU user time : 0s CPU sys time : 0s MEM : 370048KB)
[EFX-0000 INFO] ... Sequential Optimization begin
[EFX-0000 INFO] ... Clock Network 'clk_c' with 57 loads will be considered for sequential optimization.
[EFX-0000 INFO] ... Sequential Optimization deduced 4 equivalent points.
[EFX-0000 INFO] ... Sequential Optimization end (Real time : 0s CPU user time : 0s CPU sys time : 0s MEM : 370048KB)
[EFX-0000 INFO] ... Setup for logic synthesis begin
[EFX-0000 INFO] ... Setup for logic synthesis end (Real time : 0s CPU user time : 0s CPU sys time : 0s MEM : 370048KB)
[EFX-0000 INFO] ... LUT mapping begin
[EFX-0000 INFO] ... LS, strategy: 3, nd: 75, ed: 246, lv: 3, pw: 147.57
[EFX-0000 INFO] ... LUT mapping end (Real time : 1s CPU user time : 0s CPU sys time : 0s MEM : 370048KB)
[EFX-0000 INFO] ... Post-synthesis Verific netlist creation begin
[EFX-0000 INFO] ... Post-synthesis Verific netlist creation end (Real time : 0s CPU user time : 0s CPU sys time : 0s MEM : 370048KB)
[EFX-0000 INFO] ... Postmap Retiming Optimization begin
[EFX-0000 INFO] ... Clock Network 'clk_c~clk_c' with 57 loads will be considered for retiming optimization.
[EFX-0000 INFO] ... Performed 0 retime moves.
[EFX-0000 INFO] ... Postmap Retiming Optimization end (Real time : 0s CPU user time : 0s CPU sys time : 0s MEM : 370048KB)
[EFX-0000 INFO] Resource Summary 
[EFX-0000 INFO] =============================== 
[EFX-0000 INFO] EFX_LUT4        : 	75
[EFX-0000 INFO] EFX_FF          : 	57
[EFX-0000 INFO] EFX_GBUFCE      : 	1
[EFX-0000 INFO] =============================== 
[EFX-0000 INFO] ... Post-Map Verilog Writer begin
[EFX-0000 INFO] ... Post-Map Verilog Writer end (Real time : 0s CPU user time : 0s CPU sys time : 0s MEM : 370048KB)

///////////////////////////////////
// Efinity Synthesis Started 
// Jul 22, 2026 09:40:32
///////////////////////////////////

[EFX-0012 VERI-INFO] default VHDL library search path is now "/home/omer-ahin/Downloads/efinity/2025.2/sim_models/vhdl/packages/vhdl_2008" (VHDL-1504) 
[EFX-0012 VERI-INFO] analyzing entity 'uart_tx' (VHDL-1012) (/home/omer-ahin/STAJ/Uart_Echo/uart_rx.vhd:6)
[EFX-0012 VERI-INFO] analyzing architecture 'rtl' (VHDL-1010) (/home/omer-ahin/STAJ/Uart_Echo/uart_rx.vhd:22)
[EFX-0012 VERI-INFO] analyzing entity 'uart_rx' (VHDL-1012) (/home/omer-ahin/STAJ/Uart_Echo/uart_tx.vhdl:26)
[EFX-0012 VERI-INFO] analyzing architecture 'rtl' (VHDL-1010) (/home/omer-ahin/STAJ/Uart_Echo/uart_tx.vhdl:41)
[EFX-0012 VERI-INFO] analyzing entity 'uart_echo' (VHDL-1012) (/home/omer-ahin/STAJ/Uart_Echo/uart_echo.vhdl:5)
[EFX-0012 VERI-INFO] analyzing architecture 'rtl' (VHDL-1010) (/home/omer-ahin/STAJ/Uart_Echo/uart_echo.vhdl:20)
[EFX-0012 VERI-INFO] processing 'uart_echo(rtl)' (VHDL-1067) (/home/omer-ahin/STAJ/Uart_Echo/uart_echo.vhdl:5)
[EFX-0012 VERI-INFO] processing 'uart_rx(rtl)' (VHDL-1067) (/home/omer-ahin/STAJ/Uart_Echo/uart_tx.vhdl:26)
[EFX-0012 VERI-INFO] 'others' clause is never selected (VHDL-1172) (/home/omer-ahin/STAJ/Uart_Echo/uart_tx.vhdl:116)
[EFX-0012 VERI-INFO] processing 'uart_tx(clk_freq=33333333)(rtl)' (VHDL-1067) (/home/omer-ahin/STAJ/Uart_Echo/uart_rx.vhd:6)
[EFX-0012 VERI-INFO] 'others' clause is never selected (VHDL-1172) (/home/omer-ahin/STAJ/Uart_Echo/uart_rx.vhd:95)
[EFX-0000 INFO] ... Setting Synthesis Option: mode=speed
[EFX-0012 VERI-INFO] compiling module 'EFX_ADD' (VERI-1018) (/home/omer-ahin/Downloads/efinity/2025.2/sim_models/maplib/efinix_maplib.v:8)
[EFX-0012 VERI-INFO] compiling module 'EFX_FF' (VERI-1018) (/home/omer-ahin/Downloads/efinity/2025.2/sim_models/maplib/efinix_maplib.v:21)
[EFX-0012 VERI-INFO] compiling module 'EFX_COMB4' (VERI-1018) (/home/omer-ahin/Downloads/efinity/2025.2/sim_models/maplib/efinix_maplib.v:38)
[EFX-0012 VERI-INFO] compiling module 'EFX_GBUFCE' (VERI-1018) (/home/omer-ahin/Downloads/efinity/2025.2/sim_models/maplib/efinix_maplib.v:48)
[EFX-0012 VERI-INFO] compiling module 'EFX_LUT4' (VERI-1018) (/home/omer-ahin/Downloads/efinity/2025.2/sim_models/maplib/efinix_maplib.v:57)
[EFX-0012 VERI-INFO] compiling module 'EFX_MULT' (VERI-1018) (/home/omer-ahin/Downloads/efinity/2025.2/sim_models/maplib/efinix_maplib.v:65)
[EFX-0012 VERI-INFO] compiling module 'EFX_DSP48' (VERI-1018) (/home/omer-ahin/Downloads/efinity/2025.2/sim_models/maplib/efinix_maplib.v:100)
[EFX-0012 VERI-INFO] compiling module 'EFX_DSP24' (VERI-1018) (/home/omer-ahin/Downloads/efinity/2025.2/sim_models/maplib/efinix_maplib.v:156)
[EFX-0012 VERI-INFO] compiling module 'EFX_DSP12' (VERI-1018) (/home/omer-ahin/Downloads/efinity/2025.2/sim_models/maplib/efinix_maplib.v:209)
[EFX-0012 VERI-INFO] compiling module 'EFX_RAM_4K' (VERI-1018) (/home/omer-ahin/Downloads/efinity/2025.2/sim_models/maplib/efinix_maplib.v:262)
[EFX-0012 VERI-INFO] compiling module 'EFX_RAM_5K' (VERI-1018) (/home/omer-ahin/Downloads/efinity/2025.2/sim_models/maplib/efinix_maplib.v:322)
[EFX-0012 VERI-INFO] compiling module 'EFX_DPRAM_5K' (VERI-1018) (/home/omer-ahin/Downloads/efinity/2025.2/sim_models/maplib/efinix_maplib.v:394)
[EFX-0012 VERI-INFO] compiling module 'RAMB5' (VERI-1018) (/home/omer-ahin/Downloads/efinity/2025.2/sim_models/maplib/efinix_maplib.v:499)
[EFX-0012 VERI-INFO] compiling module 'EFX_RAM_10K' (VERI-1018) (/home/omer-ahin/Downloads/efinity/2025.2/sim_models/maplib/efinix_maplib.v:561)
[EFX-0012 VERI-INFO] compiling module 'EFX_RAM10' (VERI-1018) (/home/omer-ahin/Downloads/efinity/2025.2/sim_models/maplib/efinix_maplib.v:653)
[EFX-0012 VERI-INFO] compiling module 'EFX_DPRAM10' (VERI-1018) (/home/omer-ahin/Downloads/efinity/2025.2/sim_models/maplib/efinix_maplib.v:754)
[EFX-0012 VERI-INFO] compiling module 'EFX_SRL8' (VERI-1018) (/home/omer-ahin/Downloads/efinity/2025.2/sim_models/maplib/efinix_maplib.v:884)
[EFX-0000 INFO] ... Pre-synthesis checks begin
[EFX-0000 INFO] ... Pre-synthesis checks end (Real time : 0s CPU user time : 0s CPU sys time : 0s MEM : 294284KB)
[EFX-0000 INFO] ... NameSpace init begin
[EFX-0000 INFO] ... NameSpace init end (Real time : 0s CPU user time : 0s CPU sys time : 0s MEM : 294284KB)
[EFX-0000 INFO] ... Mapping design "uart_echo"
[EFX-0000 INFO] ... Hierarchical pre-synthesis "uart_rx" begin
[EFX-0000 INFO] ... Hierarchical pre-synthesis "uart_rx" end (Real time : 0s CPU user time : 0s CPU sys time : 0s MEM : 294284KB)
[EFX-0000 INFO] ... Hierarchical pre-synthesis "uart_tx(clk_freq=33333333)" begin
[EFX-0000 INFO] ... Hierarchical pre-synthesis "uart_tx(clk_freq=33333333)" end (Real time : 0s CPU user time : 0s CPU sys time : 0s MEM : 294284KB)
[EFX-0000 INFO] ... Hierarchical pre-synthesis "uart_echo" begin
[EFX-0000 INFO] ... Clock Enable Synthesis Performed on 48 flops.
[EFX-0000 INFO] ... Hierarchical pre-synthesis "uart_echo" end (Real time : 0s CPU user time : 0s CPU sys time : 0s MEM : 294284KB)
[EFX-0000 INFO] ... Flat optimizations begin
[EFX-0000 INFO] ... Flat optimizations end (Real time : 0s CPU user time : 0s CPU sys time : 0s MEM : 294284KB)
[EFX-0000 INFO] ... Flat synthesis begin
[EFX-0000 INFO] ... Flat synthesis end (Real time : 0s CPU user time : 0s CPU sys time : 0s MEM : 294284KB)
[EFX-0000 INFO] ... Flat optimizations begin
[EFX-0000 INFO] ... Flat optimizations end (Real time : 0s CPU user time : 0s CPU sys time : 0s MEM : 294284KB)
[EFX-0000 INFO] ... Check and break combinational loops begin
[EFX-0000 INFO] ... Check and break combinational loops end (Real time : 0s CPU user time : 0s CPU sys time : 0s MEM : 294284KB)
[EFX-0000 INFO] ... Sequential Optimization begin
[EFX-0000 INFO] ... Clock Network 'clk_c' with 60 loads will be considered for sequential optimization.
[EFX-0000 INFO] ... Sequential Optimization deduced 21 equivalent points.
[EFX-0000 INFO] ... Sequential Optimization end (Real time : 0s CPU user time : 0s CPU sys time : 0s MEM : 294284KB)
[EFX-0000 INFO] ... Setup for logic synthesis begin
[EFX-0000 INFO] ... Setup for logic synthesis end (Real time : 0s CPU user time : 0s CPU sys time : 0s MEM : 294284KB)
[EFX-0000 INFO] ... LUT mapping begin
[EFX-0000 INFO] ... LS, strategy: 3, nd: 86, ed: 281, lv: 3, pw: 157.22
[EFX-0000 INFO] ... LUT mapping end (Real time : 1s CPU user time : 1s CPU sys time : 0s MEM : 294284KB)
[EFX-0000 INFO] ... Post-synthesis Verific netlist creation begin
[EFX-0000 INFO] ... Post-synthesis Verific netlist creation end (Real time : 0s CPU user time : 1s CPU sys time : 0s MEM : 294284KB)
[EFX-0000 INFO] ... Postmap Retiming Optimization begin
[EFX-0000 INFO] ... Clock Network 'clk_c~clk_c' with 59 loads will be considered for retiming optimization.
[EFX-0000 INFO] ... Performed 0 retime moves.
[EFX-0000 INFO] ... Postmap Retiming Optimization end (Real time : 0s CPU user time : 1s CPU sys time : 0s MEM : 294284KB)
[EFX-0000 INFO] Resource Summary 
[EFX-0000 INFO] =============================== 
[EFX-0000 INFO] EFX_LUT4        : 	86
[EFX-0000 INFO] EFX_FF          : 	59
[EFX-0000 INFO] EFX_GBUFCE      : 	1
[EFX-0000 INFO] =============================== 
[EFX-0000 INFO] ... Post-Map Verilog Writer begin
[EFX-0000 INFO] ... Post-Map Verilog Writer end (Real time : 0s CPU user time : 1s CPU sys time : 0s MEM : 294284KB)
