Vivado Simulator v2026.1
Copyright 1986-2022 Xilinx, Inc. All Rights Reserved.
Copyright 2022-2026 Advanced Micro Devices, Inc. All Rights Reserved.
Running: /tools/Xilinx/2026.1/Vivado/bin/unwrapped/lnx64.o/xelab --incr --debug typical --relax --mt 8 -L xil_defaultlib -L uvm -L unisims_ver -L unimacro_ver -L secureip --snapshot tb_mpu_system_behav xil_defaultlib.tb_mpu_system xil_defaultlib.glbl -log elaborate.log 
INFO: [XSIM 43-3493] Using 8 slave threads.
WARNING: [XSIM 43-3431] One or more environment variables have been detected which affect the operation of the C compiler. These are typically not set in standard installations and are not tested by AMD, however they may be appropriate for your system, so the flow will attempt to continue.  If errors occur, try running xelab with the "-mt off -v 1" switches to see more information from the C compiler. The following environment variables have been detected:
Starting static elaboration
Pass Through NonSizing Optimizer
Completed static elaboration
Starting simulation data flow analysis
Completed simulation data flow analysis
Time Resolution for simulation is 1ps
Compiling package std.standard
Compiling package std.textio
Compiling package ieee.std_logic_1164
Compiling package ieee.numeric_std
Compiling package ieee.math_real
Compiling architecture behavioral of entity xil_defaultlib.pwm_servo [pwm_servo_default]
Compiling architecture rtl of entity xil_defaultlib.uart_tx [uart_tx_default]
Compiling architecture rtl of entity xil_defaultlib.uart_rx [uart_rx_default]
Compiling architecture behavioral of entity xil_defaultlib.Spi_Mode_3 [\Spi_Mode_3(clk_freq=33333333)\]
Compiling architecture behavioral of entity xil_defaultlib.MPU6500_Controller [mpu6500_controller_default]
Compiling architecture behavioral of entity xil_defaultlib.top [top_default]
Compiling module xil_defaultlib.tb_mpu_system
Compiling module xil_defaultlib.glbl
Built simulation snapshot tb_mpu_system_behav
